Archive member included       because of file (symbol)

/usr/lib/gcc-lib/ntox86/2.95.2/exceptions/libgcc.a(_cmpdi2.o)
                              escalator.o (__cmpdi2)
/x86/lib/libc.a(slog.o)       system.o (vslogf)

Allocating common symbols
Common symbol       size              file

String type_info node
                    0x8               string.o
Type type_info node
                    0x8               esc_types.o
LogFilter type_info node
                    0x8               filter.o
Log type_info node  0x8               log.o
Net type_info node  0x8               router.o
metro_escalator::images
                    0x48              escalator.o
List<AlertRecord> type_info node
                    0x8               abmain.o
Sound type_info node
                    0x8               sound.o
Map<DictEntry> type_info node
                    0x8               abmain.o
Signal type_info node
                    0x8               esc_types.o
Block type_info node
                    0x8               esc_types.o
Router type_info node
                    0x8               router.o
AlertQueue type_info node
                    0x8               alert.o
Cbuffer_c type_info node
                    0x8               cbuffer.o
List<LogRecord> type_info node
                    0x8               abmain.o

Memory Configuration

Name             Origin             Length             Attributes
*default*        0x00000000         0xffffffff

Linker script and memory map

TARGET(elf32-i386)
LOAD /x86/lib/crt1.o
LOAD /x86/lib/crti.o
LOAD /usr/lib/gcc-lib/ntox86/2.95.2/crtbeginC++.o
LOAD abmain.o
LOAD alert.o
LOAD archive.o
LOAD ctrl_widget.o
LOAD draw.o
LOAD escalator.o
LOAD filter.o
LOAD main.o
LOAD cbuffer.o
LOAD system.o
LOAD line.o
LOAD station.o
LOAD log.o
LOAD goodies.o
LOAD esc_types.o
LOAD string.o
LOAD dictionary.o
LOAD sound.o
LOAD router.o
LOAD /x86/usr/lib/libphexlib.so
LOAD /x86/lib/libsocket.so
LOAD /x86/lib/libasound.so
LOAD /x86/lib/libsnmp.so
LOAD /x86/usr/lib/libAp.so
LOAD /x86/usr/lib/libph.so
LOAD /x86/usr/lib/libphrender.so
LOAD /x86/lib/libm.so
LOAD /x86/lib/libcpp.so
LOAD /x86/lib/libm.so
LOAD /usr/lib/gcc-lib/ntox86/2.95.2/exceptions/libgcc.a
LOAD /x86/lib/libc.so
LOAD /x86/lib/libc.a
LOAD /usr/lib/gcc-lib/ntox86/2.95.2/exceptions/libgcc.a
LOAD /usr/lib/gcc-lib/ntox86/2.95.2/crtendC++.o
LOAD /x86/lib/crtn.o
                0x080480f4                .=(0x8048000+SIZEOF_HEADERS)

.interp         0x080480f4       0x14
 *(.interp)
 .interp        0x080480f4       0x14 /usr/lib/gcc-lib/ntox86/2.95.2/crtbeginC++.o

.note0          0x08048108        0x0

.hash           0x08048108      0x508
 *(.hash)
 .hash          0x08048108      0x508 /usr/lib/gcc-lib/ntox86/2.95.2/crtbeginC++.o

.dynsym         0x08048610      0xbd0
 *(.dynsym)
 .dynsym        0x08048610      0xbd0 /usr/lib/gcc-lib/ntox86/2.95.2/crtbeginC++.o

.dynstr         0x080491e0      0x936
 *(.dynstr)
 .dynstr        0x080491e0      0x936 /usr/lib/gcc-lib/ntox86/2.95.2/crtbeginC++.o

.gnu.version    0x08049b16        0x0
 *(.gnu.version)

.gnu.version_d  0x08049b18        0x0
 *(.gnu.version_d)

.gnu.version_r  0x08049b18        0x0
 *(.gnu.version_r)

.rel.init
 *(.rel.init)

.rela.init
 *(.rela.init)

.rel.text
 *(.rel.text)
 *(.rel.text.*)
 *(.rel.gnu.linkonce.t*)

.rela.text
 *(.rela.text)
 *(.rela.text.*)
 *(.rela.gnu.linkonce.t*)

.rel.fini
 *(.rel.fini)

.rela.fini
 *(.rela.fini)

.rel.rodata
 *(.rel.rodata)
 *(.rel.rodata.*)
 *(.rel.gnu.linkonce.r*)

.rela.rodata
 *(.rela.rodata)
 *(.rela.rodata.*)
 *(.rela.gnu.linkonce.r*)

.rel.data
 *(.rel.data)
 *(.rel.data.*)
 *(.rel.gnu.linkonce.d*)

.rela.data
 *(.rela.data)
 *(.rela.data.*)
 *(.rela.gnu.linkonce.d*)

.rel.ctors
 *(.rel.ctors)

.rela.ctors
 *(.rela.ctors)

.rel.dtors
 *(.rel.dtors)

.rela.dtors
 *(.rela.dtors)

.rel.got        0x08049b18       0x10
 *(.rel.got)
 .rel.got       0x08049b18       0x10 /usr/lib/gcc-lib/ntox86/2.95.2/crtbeginC++.o

.rela.got
 *(.rela.got)

.rel.sdata
 *(.rel.sdata)
 *(.rel.sdata.*)
 *(.rel.gnu.linkonce.s*)

.rela.sdata
 *(.rela.sdata)
 *(.rela.sdata.*)
 *(.rela.gnu.linkonce.s*)

.rel.sbss
 *(.rel.sbss)

.rela.sbss
 *(.rela.sbss)

.rel.bss        0x08049b28       0xc0
 *(.rel.bss)
 .rel.bss       0x08049b28       0xc0 /usr/lib/gcc-lib/ntox86/2.95.2/crtbeginC++.o

.rela.bss
 *(.rela.bss)

.rel.plt        0x08049be8      0x4c8
 *(.rel.plt)
 .rel.plt       0x08049be8      0x4c8 /usr/lib/gcc-lib/ntox86/2.95.2/crtbeginC++.o

.rela.plt
 *(.rela.plt)

.init           0x0804a0b0        0xd
 *(.init)
 .init          0x0804a0b0        0x5 /usr/lib/gcc-lib/ntox86/2.95.2/crtbeginC++.o
 .init          0x0804a0b5        0x5 /usr/lib/gcc-lib/ntox86/2.95.2/crtendC++.o
 .init          0x0804a0ba        0x3 /x86/lib/crtn.o

.plt            0x0804a0c0      0x9a0
 *(.plt)
 .plt           0x0804a0c0      0x9a0 /usr/lib/gcc-lib/ntox86/2.95.2/crtbeginC++.o
                0x0804a0d0                strcpy
                0x0804a0e0                ioctl
                0x0804a0f0                printf
                0x0804a100                recv
                0x0804a110                connect
                0x0804a120                pthread_create
                0x0804a130                snd_pcm_close
                0x0804a140                strerror
                0x0804a150                PtFlush
                0x0804a160                memmove
                0x0804a170                ApLinkWindow
                0x0804a180                timer_create
                0x0804a190                PtSetResources
                0x0804a1a0                PtGenListRemoveItems
                0x0804a1b0                PhChannelAttach
                0x0804a1c0                usleep
                0x0804a1d0                fscanf
                0x0804a1e0                fgets
                0x0804a1f0                snd_pcm_plugin_status
                0x0804a200                memcpy
                0x0804a210                pthread_cancel
                0x0804a220                perror
                0x0804a230                snd_pcm_open_preferred
                0x0804a240                ApCloseDBase
                0x0804a250                ApInitialize
                0x0804a260                malloc
                0x0804a270                snmp_send
                0x0804a280                sleep
                0x0804a290                vsnprintf
                0x0804a2a0                strtoul
                0x0804a2b0                itoa
                0x0804a2c0                socket
                0x0804a2d0                select
                0x0804a2e0                PgSetTextColor
                0x0804a2f0                __rtti_user
                0x0804a300                _PtSetResource
                0x0804a310                snmp_timeout
                0x0804a320                PtGetResources
                0x0804a330                snd_mixer_close
                0x0804a340                send
                0x0804a350                PfExtentText
                0x0804a360                PtGenListGetCurrent
                0x0804a370                read_objid
                0x0804a380                MsgSendPulse
                0x0804a390                strrchr
                0x0804a3a0                snd_pcm_plugin_params
                0x0804a3b0                __throw
                0x0804a3c0                write
                0x0804a3d0                PtExit
                0x0804a3e0                ConnectDetach
                0x0804a3f0                strcat
                0x0804a400                PtWindowToFront
                0x0804a410                inet_addr
                0x0804a420                ntohl
                0x0804a430                __deregister_frame_info
                0x0804a440                PtSetParentWidget
                0x0804a450                setsockopt
                0x0804a460                fseek
                0x0804a470                PtGenListLastItem
                0x0804a480                PxTranslateToUTF
                0x0804a490                PgDrawText
                0x0804a4a0                __get_errno_ptr
                0x0804a4b0                snd_pcm_plugin_set_disable
                0x0804a4c0                PgExtentText
                0x0804a4d0                ApCreateModule
                0x0804a4e0                read
                0x0804a4f0                snd_pcm_plugin_setup
                0x0804a500                strncmp
                0x0804a510                ApGetTextRes
                0x0804a520                init_snmp
                0x0804a530                ApCreateWidget
                0x0804a540                strtok
                0x0804a550                PtAppAddInput
                0x0804a560                ConnectAttach
                0x0804a570                PtAlert
                0x0804a580                fread
                0x0804a590                snd_mixer_file_descriptor
                0x0804a5a0                ChannelDestroy
                0x0804a5b0                std::terminate(void)
                0x0804a5c0                _init_libc
                0x0804a5d0                fopen
                0x0804a5e0                localtime
                0x0804a5f0                memset
                0x0804a600                snmp_open
                0x0804a610                ftell
                0x0804a620                fclose
                0x0804a630                ntohs
                0x0804a640                inet_ntoa
                0x0804a650                ChannelCreate
                0x0804a660                time
                0x0804a670                MsgSendv
                0x0804a680                snmp_select_info
                0x0804a690                strcmp
                0x0804a6a0                pthread_mutex_unlock
                0x0804a6b0                ApGetWidgetPtr
                0x0804a6c0                ApOpenDBase
                0x0804a6d0                snmp_close
                0x0804a6e0                __builtin_vec_new
                0x0804a6f0                PtNotice
                0x0804a700                sprintf
                0x0804a710                snmp_free_pdu
                0x0804a720                atexit
                0x0804a730                MsgReceive
                0x0804a740                ApGetImageRes
                0x0804a750                ltoa
                0x0804a760                snd_pcm_plugin_write
                0x0804a770                PtRealizeWidget
                0x0804a780                pthread_self
                0x0804a790                getsockopt
                0x0804a7a0                localtime_r
                0x0804a7b0                strftime
                0x0804a7c0                __builtin_vec_delete
                0x0804a7d0                stat
                0x0804a7e0                PtGenListDrawBackground
                0x0804a7f0                PtCreateWidget
                0x0804a800                fwrite
                0x0804a810                init_mib
                0x0804a820                snmp_pdu_create
                0x0804a830                htons
                0x0804a840                pthread_mutex_destroy
                0x0804a850                PtMainLoop
                0x0804a860                pthread_mutex_lock
                0x0804a870                exit
                0x0804a880                pthread_mutex_trylock
                0x0804a890                atoi
                0x0804a8a0                PtGenListAddItems
                0x0804a8b0                __builtin_delete
                0x0804a8c0                PtMultiTextModifyText
                0x0804a8d0                _PtGetResource
                0x0804a8e0                snmp_add_null_var
                0x0804a8f0                __builtin_new
                0x0804a900                PgSetFont
                0x0804a910                pthread_mutex_init
                0x0804a920                strlen
                0x0804a930                open
                0x0804a940                snd_mixer_open
                0x0804a950                snmp_read
                0x0804a960                __assert
                0x0804a970                abs
                0x0804a980                snd_pcm_plugin_prepare
                0x0804a990                strchr
                0x0804a9a0                PtListReplaceItemPos
                0x0804a9b0                snd_pcm_plugin_info
                0x0804a9c0                fcntl
                0x0804a9d0                snd_mixer_read
                0x0804a9e0                timer_settime
                0x0804a9f0                __register_frame_info
                0x0804aa00                snd_pcm_plugin_flush
                0x0804aa10                snd_pcm_file_descriptor
                0x0804aa20                close
                0x0804aa30                PfGenerateFontName
                0x0804aa40                PtListAddItems
                0x0804aa50                free

.text           0x0804aa60     0xaf06
                0x0804aa60                _btext=.
 *(.text)
 .text          0x0804aa60       0x5f /x86/lib/crt1.o
                0x0804aa68                _start
 *fill*         0x0804aabf        0x1 37008
 .text          0x0804aac0       0xf4 /usr/lib/gcc-lib/ntox86/2.95.2/crtbeginC++.o
 .text          0x0804abb4       0x5e abmain.o
                0x0804abb4                main
 *fill*         0x0804ac12        0x2 37008
 .text          0x0804ac14      0x4aa alert.o
                0x0804ade0                NextAlert(Pt_widget *, ApInfo_t *, Pt_callback_info *)
                0x0804afd4                AlertQueue::AlertQueue(void)
                0x0804ac14                AlertQueue::AddAlert(char const *)
                0x0804b000                AlertQueue::~AlertQueue(void)
                0x0804b074                ActivateAlertBtn(Pt_widget *, ApInfo_t *, Pt_callback_info *)
 *fill*         0x0804b0be        0x2 37008
 .text          0x0804b0c0       0x7a archive.o
                0x0804b0e0                UnrealizeArchiveWnd(Pt_widget *, ApInfo_t *, Pt_callback_info *)
                0x0804b0f0                LoadArchive(Pt_widget *, ApInfo_t *, Pt_callback_info *)
                0x0804b0c0                RealizeArchiveWnd(Pt_widget *, ApInfo_t *, Pt_callback_info *)
 *fill*         0x0804b13a        0x2 37008
 .text          0x0804b13c       0x23 ctrl_widget.o
                0x0804b13c                realize_log_wnd(Pt_widget *, ApInfo_t *, Pt_callback_info *)
                0x0804b15c                select_escalator(Pt_widget *, ApInfo_t *, Pt_callback_info *)
 *fill*         0x0804b15f        0x1 37008
 .text          0x0804b160      0x46d draw.o
                0x0804b160                draw_log_item(Pt_widget *, Pt_genlist_item *, unsigned int, unsigned int, Ph_rect *)
 *fill*         0x0804b5cd        0x3 37008
 .text          0x0804b5d0     0x2e65 escalator.o
                0x0804da10                ConfirmDirection(void)
                0x0804cb94                metro_escalator::UpdateLeds(void)
                0x0804dabc                metro_escalator::~metro_escalator(void)
                0x0804d750                SetupPanel(Pt_widget *, ApInfo_t *, Pt_callback_info *)
                0x0804c350                SelectEscalatorDirection(Pt_widget *, ApInfo_t *, Pt_callback_info *)
                0x0804c78c                ConnectToServer(unsigned int)
                0x0804d4d4                RelizeEscalatorPanel(Pt_widget *, ApInfo_t *, Pt_callback_info *)
                0x0804cd7c                MoveUp(Pt_widget *, ApInfo_t *, Pt_callback_info *)
                0x0804e3a8                UnrealizeEscalatorPanel(Pt_widget *, ApInfo_t *, Pt_callback_info *)
                0x0804c9a4                SendBuffer(int, unsigned char *, int, unsigned char *)
                0x0804dc00                metro_escalator::SetParam(int, int)
                0x0804d8b0                SetReverseEscalator(Pt_widget *, ApInfo_t *, Pt_callback_info *)
                0x0804de28                IsConnected(int, fd_set *, fd_set *, fd_set *)
                0x0804e29c                MoveStop(Pt_widget *, ApInfo_t *, Pt_callback_info *)
                0x0804e044                metro_escalator::GetData(void)
                0x0804bea4                metro_escalator::SetState(unsigned long)
                0x0804de08                InflateBalloon(Pt_widget *, Pt_widget *, int, char *, char *, unsigned long, unsigned long)
                0x0804b5d0                metro_escalator::metro_escalator(void)
                0x0804e1d0                PopupControlMenu(Pt_widget *, ApInfo_t *, Pt_callback_info *)
                0x0804df84                metro_escalator::CheckStatus(void)
                0x0804c1f0                SetDownDirection(Pt_widget *, ApInfo_t *, Pt_callback_info *)
                0x0804e188                metro_escalator::Start(void)
                0x0804e114                metro_escalator::ConnectToChannel(int)
                0x0804bb7c                metro_escalator::SetData(void)
                0x0804deb0                metro_escalator::SendCommand(unsigned char)
                0x0804e38c                OnSaveDirections(Pt_widget *, ApInfo_t *, Pt_callback_info *)
                0x0804e41c                OnChancelDirections(Pt_widget *, ApInfo_t *, Pt_callback_info *)
                0x0804d128                MoveDown(Pt_widget *, ApInfo_t *, Pt_callback_info *)
                0x0804dc64                SetIndicator(Pt_widget *, char const *, int)
                0x0804dd58                enable_header(Pt_widget *, int)
                0x0804e16c                metro_escalator::DisconnectToChannel(void)
                0x0804ba00                metro_escalator::UpdateEscalator(void)
                0x0804c090                SetUpDirection(Pt_widget *, ApInfo_t *, Pt_callback_info *)
                0x0804b734                metro_escalator::CreateWnd(AB_DBASE *, Pt_widget *, int, int)
                0x0804c540                Run(void *)
                0x0804e3c0                DiscardBlocking(Pt_widget *, ApInfo_t *, Pt_callback_info *)
                0x0804db60                metro_escalator::UpdatePanel(int)
 *fill*         0x0804e435        0x3 37008
 .text          0x0804e438     0x13e4 filter.o
                0x0804f690                SelectRangeEscalator(Pt_widget *, ApInfo_t *, Pt_callback_info *)
                0x0804f774                ResetFilter(Pt_widget *, ApInfo_t *, Pt_callback_info *)
                0x0804e438                SetLogFilter(Pt_widget *, ApInfo_t *, Pt_callback_info *)
                0x0804f00c                DisableAllTimeRange(Pt_widget *, ApInfo_t *, Pt_callback_info *)
                0x0804f434                ActivateRangeEscalator(Pt_widget *, ApInfo_t *, Pt_callback_info *)
                0x0804f128                SelectFilterStation(Pt_widget *, ApInfo_t *, Pt_callback_info *)
                0x0804f69c                CreateFilterDlg(Pt_widget *, ApInfo_t *, Pt_callback_info *)
                0x0804f770                ShowFilter(Pt_widget *, ApInfo_t *, Pt_callback_info *)
                0x0804e914                RealizeFilterDlg(Pt_widget *, ApInfo_t *, Pt_callback_info *)
                0x0804f5f8                FillStationList(void)
                0x0804eef0                EnableAllTimeRange(Pt_widget *, ApInfo_t *, Pt_callback_info *)
                0x0804f6d0                SelectAllRange(Pt_widget *, ApInfo_t *, Pt_callback_info *)
                0x0804f5d0                LogFilter::~LogFilter(void)
                0x0804f684                SelectOneEscalator(Pt_widget *, ApInfo_t *, Pt_callback_info *)
                0x0804f2b8                ActivateOneEscalator(Pt_widget *, ApInfo_t *, Pt_callback_info *)
                0x0804f5b0                LogFilter::LogFilter(void)
 .text          0x0804f81c     0x1b55 main.o
                0x08050900                Initialize(int, char **)
                0x0805044c                CreateScheme(void)
                0x0804f8ac                TimerThread(void *)
                0x08051204                PulseReceiver(void *, int, void *, unsigned int)
                0x080512e8                CloseMainWnd(Pt_widget *, ApInfo_t *, Pt_callback_info *)
                0x0804f81c                PingThread(void *)
                0x0804f9f4                LoadMap(char const *)
                0x08050e14                Uninitialize(Pt_widget *, ApInfo_t *, Pt_callback_info *)
                0x08050698                ResizeScheme(Pt_widget *, ApInfo_t *, Pt_callback_info *)
                0x08051310                OpenArchive(Pt_widget *, ApInfo_t *, Pt_callback_info *)
                0x08051338                ResizeEscConfig(Pt_widget *, ApInfo_t *, Pt_callback_info *)
                0x0805128c                RealizeMainWnd(Pt_widget *, ApInfo_t *, Pt_callback_info *)
                0x08050f18                FillEscConfList(Pt_widget *, ApInfo_t *, Pt_callback_info *)
 *fill*         0x08051371        0x3 37008
 .text          0x08051374      0x24a cbuffer.o
                0x08051374                Cbuffer_c::Cbuffer_c(int)
                0x08051424                Cbuffer_c::Create(int)
                0x080513c8                Cbuffer_c::~Cbuffer_c(void)
                0x08051528                Cbuffer_c::Get(unsigned char *)
                0x08051488                Cbuffer_c::Add(unsigned char *, int)
 *fill*         0x080515be        0x2 37008
 .text          0x080515c0      0x47d system.o
                0x080517ac                file_size(_Filet *)
                0x080515c0                SysMessage(int, char const *,...)
                0x08051868                translate_string(char const *, char *, PxTransCtrl *)
                0x08051900                get_widget_scalar(Pt_widget *, long)
                0x08051994                SaveDirections(char const *)
                0x0805175c                error_msg(char *, int, char const *)
                0x0805193c                CRC(unsigned char const *, int)
                0x080517f4                extract_string(char const *, char *, char, char)
                0x0805168c                LoadDirections(char const *)
 *fill*         0x08051a3d        0x3 37008
 .text          0x08051a40       0x99 line.o
                0x08051a40                metro_line::metro_line(void)
                0x08051aa4                metro_line::~metro_line(void)
 *fill*         0x08051ad9        0x3 37008
 .text          0x08051adc      0x257 station.o
                0x08051c9c                metro_station::metro_station(void)
                0x08051adc                metro_station::create_wnd(AB_DBASE *, Pt_widget *, int, int, int, int)
                0x08051cf8                metro_station::~metro_station(void)
 *fill*         0x08051d33        0x1 37008
 .text          0x08051d34      0xa81 log.o
                0x080526d0                RealizeLogWnd(Pt_widget *, ApInfo_t *, Pt_callback_info *)
                0x0805252c                Log::~Log(void)
                0x080522a4                CheckFilter(LogRecord const *)
                0x08052680                Log::ScrollDown(void)
                0x080526f0                Log::Clear(void)
                0x0805273c                Log::AttachWnd(Pt_widget *)
                0x080524bc                Log::DetachWnd(void)
                0x08051e58                Log::Load(char const *)
                0x08052588                Log::AddMessage(int, int, int, unsigned int *, unsigned long)
                0x080521d4                Log::FilterLogWnd(void)
                0x08051d34                Log::Save(char const *)
                0x080524c8                Log::Log(void)
                0x080523bc                Log::Rotate(void)
                0x080524b4                Log::GetWindow(void)
 *fill*         0x080527b5        0x3 37008
 .text          0x080527b8      0x14e goodies.o
                0x080527b8                ErrorMsg(char const *)
                0x08052808                StripSpaces(char *)
                0x080528a4                CRC16(unsigned char *, int)
 *fill*         0x08052906        0x2 37008
 .text          0x08052908      0xbff esc_types.o
                0x080531b8                Type::~Type(void)
                0x08053458                Signal::~Signal(void)
                0x08053368                Signal::CreateLed(Pt_widget *, int, int)
                0x08053188                Type::Type(void)
                0x08052908                Block::CreatePanel(Pt_widget *)
                0x080532fc                Signal::Signal(void)
                0x080534b0                FreeEscalatorTypes(void)
                0x080529ec                LoadEscalatorLibrary(char const *)
                0x08053278                Block::~Block(void)
                0x08053240                Block::Block(void)
 *fill*         0x08053507        0x1 37008
 .text          0x08053508      0x1da string.o
                0x08053578                String::~String(void)
                0x080535bc                String::Set(char const *)
                0x0805352c                String::String(char const *)
                0x08053654                String::Archive(_Filet *)
                0x08053510                String::String(void)
                0x08053688                String::Load(_Filet *)
                0x08053620                String::Get(char *, int)
                0x08053508                String::Length(void)
 *fill*         0x080536e2        0x2 37008
 .text          0x080536e4      0x266 dictionary.o
                0x080536e4                LoadDictionary(char const *)
 *fill*         0x0805394a        0x2 37008
 .text          0x0805394c      0x80f sound.o
                0x08053fa8                Sound::Sound(void)
                0x0805394c                Sound::Init(void)
                0x08053fcc                Sound::~Sound(void)
                0x080540c8                CheckHdr(_Filet *)
                0x08054054                FindTag(_Filet *, char const *)
                0x08053aec                Player(void *)
                0x08054048                Sound::Play(char *)
 *fill*         0x0805415b        0x1 37008
 .text          0x0805415c      0xc41 router.o
                0x08054c34                Router::~Router(void)
                0x0805453c                Router::Loop(void)
                0x080543f8                Router::LoadRight(char const *)
                0x0805423c                Router::CreateTable(int)
                0x08054bc4                Net::~Net(void)
                0x08054c10                Router::AddRightLeafGate(char *)
                0x0805415c                Router::Router(void)
                0x08054d40                AsynchResponse(int, snmp_session *, int, snmp_pdu *, void *)
                0x08054b9c                Net::Net(void)
                0x08054d10                Routing(void *)
                0x080542b4                Router::LoadLeft(char const *)
                0x08054cd0                Router::Start(void)
                0x08054a5c                ChangeRoute(in_addr *, in_addr *, int, int)
                0x08054d94                SendRouteMsg(in_addr *, in_addr *)
                0x08054bec                Router::AddLeftLeafGate(char *)
 *fill*         0x08054d9d        0x3 37008
 .text          0x08054da0       0x35 /usr/lib/gcc-lib/ntox86/2.95.2/exceptions/libgcc.a(_cmpdi2.o)
                0x08054da0                __cmpdi2
 *fill*         0x08054dd5        0x3 37008
 .text          0x08054dd8      0x27a /x86/lib/libc.a(slog.o)
                0x08054f90                vslogf
                0x08054ee8                slogi
                0x08054ea4                slogb
                0x08055038                slogf
 *fill*         0x08055052        0x2 37008
 .text          0x08055054       0x5c /usr/lib/gcc-lib/ntox86/2.95.2/crtendC++.o
 *(.text.*)
 *(.stub)
 *(.gnu.warning)
 *(.gnu.linkonce.t*)
 .gnu.linkonce.t.__tf10AlertQueue
                0x080550b0       0x2a alert.o
                0x080550b0                AlertQueue type_info function
 *fill*         0x080550da        0x2 37008
 .gnu.linkonce.t.Push__t4List1Z11AlertRecordP11AlertRecord
                0x080550dc       0xdd alert.o
                0x080550dc                List<AlertRecord>::Push(AlertRecord *)
 *fill*         0x080551b9        0x3 37008
 .gnu.linkonce.t.Pop__t4List1Z11AlertRecord
                0x080551bc       0x4c alert.o
                0x080551bc                List<AlertRecord>::Pop(void)
 .gnu.linkonce.t.__t4List1Z11AlertRecord
                0x08055208       0x6f alert.o
                0x08055208                List<AlertRecord>::List(void)
 *fill*         0x08055277        0x1 37008
 .gnu.linkonce.t._._t4List1Z11AlertRecord
                0x08055278       0x68 alert.o
                0x08055278                List<AlertRecord>::~List(void)
 .gnu.linkonce.t.next__t4List1Z11AlertRecord
                0x080552e0       0x1b alert.o
                0x080552e0                List<AlertRecord>::next(void)
 *fill*         0x080552fb        0x1 37008
 .gnu.linkonce.t.__tft4List1Z11AlertRecord
                0x080552fc       0x2a alert.o
                0x080552fc                List<AlertRecord> type_info function
 *fill*         0x08055326        0x2 37008
 .gnu.linkonce.t.GetByKey__t3Map1Z9DictEntryUl
                0x08055328       0x3c draw.o
                0x08055328                Map<DictEntry>::GetByKey(unsigned long)
 .gnu.linkonce.t.__tf9LogFilter
                0x08055364       0x2a filter.o
                0x08055364                LogFilter type_info function
 *fill*         0x0805538e        0x2 37008
 .gnu.linkonce.t.__tft3Map1Z9DictEntry
                0x08055390       0x2a main.o
                0x08055390                Map<DictEntry> type_info function
 *fill*         0x080553ba        0x2 37008
 .gnu.linkonce.t._._t3Map1Z9DictEntry
                0x080553bc       0x7b main.o
                0x080553bc                Map<DictEntry>::~Map(void)
 *fill*         0x08055437        0x1 37008
 .gnu.linkonce.t.__tf9Cbuffer_c
                0x08055438       0x2a cbuffer.o
                0x08055438                Cbuffer_c type_info function
 *fill*         0x08055462        0x2 37008
 .gnu.linkonce.t.__tf3Log
                0x08055464       0x2a log.o
                0x08055464                Log type_info function
 *fill*         0x0805548e        0x2 37008
 .gnu.linkonce.t.Pop__t4List1Z9LogRecord
                0x08055490       0x4c log.o
                0x08055490                List<LogRecord>::Pop(void)
 .gnu.linkonce.t.Push__t4List1Z9LogRecordP9LogRecord
                0x080554dc       0xdd log.o
                0x080554dc                List<LogRecord>::Push(LogRecord *)
 *fill*         0x080555b9        0x3 37008
 .gnu.linkonce.t.next__t4List1Z9LogRecord
                0x080555bc       0x1b log.o
                0x080555bc                List<LogRecord>::next(void)
 *fill*         0x080555d7        0x1 37008
 .gnu.linkonce.t.__t4List1Z9LogRecord
                0x080555d8       0x6f log.o
                0x080555d8                List<LogRecord>::List(void)
 *fill*         0x08055647        0x1 37008
 .gnu.linkonce.t._._t4List1Z9LogRecord
                0x08055648       0x68 log.o
                0x08055648                List<LogRecord>::~List(void)
 .gnu.linkonce.t.__tft4List1Z9LogRecord
                0x080556b0       0x2a log.o
                0x080556b0                List<LogRecord> type_info function
 *fill*         0x080556da        0x2 37008
 .gnu.linkonce.t.__tf6Signal
                0x080556dc       0x2a esc_types.o
                0x080556dc                Signal type_info function
 *fill*         0x08055706        0x2 37008
 .gnu.linkonce.t.__tf5Block
                0x08055708       0x2a esc_types.o
                0x08055708                Block type_info function
 *fill*         0x08055732        0x2 37008
 .gnu.linkonce.t.__tf4Type
                0x08055734       0x2a esc_types.o
                0x08055734                Type type_info function
 *fill*         0x0805575e        0x2 37008
 .gnu.linkonce.t.__tf6String
                0x08055760       0x2a string.o
                0x08055760                String type_info function
 *fill*         0x0805578a        0x2 37008
 .gnu.linkonce.t.Push__t3Map1Z9DictEntryP9DictEntryUl
                0x0805578c      0x156 dictionary.o
                0x0805578c                Map<DictEntry>::Push(DictEntry *, unsigned long)
 *fill*         0x080558e2        0x2 37008
 .gnu.linkonce.t.__tf5Sound
                0x080558e4       0x2a sound.o
                0x080558e4                Sound type_info function
 *fill*         0x0805590e        0x2 37008
 .gnu.linkonce.t.__tf3Net
                0x08055910       0x2a router.o
                0x08055910                Net type_info function
 *fill*         0x0805593a        0x2 37008
 .gnu.linkonce.t.__tf6Router
                0x0805593c       0x2a router.o
                0x0805593c                Router type_info function
                0x08055966                _etext=.
                0x08055966                PROVIDE (etext, .)

.fini           0x08055966        0x8
 *(.fini)
 .fini          0x08055966        0x5 /usr/lib/gcc-lib/ntox86/2.95.2/crtbeginC++.o
 .fini          0x0805596b        0x3 /x86/lib/crtn.o

.rodata         0x08055980     0x2b4b
 *(.rodata)
 .rodata        0x08055980     0x1488 abmain.o
                0x08055b08                ABN_mask_stop
                0x08055b24                ABN_stopMsg
                0x08055a98                ABN_Scheme
                0x08055ac0                ABN_grey_stop
                0x08055b64                ABN_yellow_s_up
                0x08055abc                ABN_green_up
                0x08055b48                ABN_blue_cont_down
                0x08055a90                ABN_AlertTime
                0x08055aa8                ABN_escalator_num
                0x08055bac                ABN_OneEscalatorLabel
                0x08055c00                ABN_SignalPanel
                0x08055b3c                ABN_block_yellow_led
                0x08055bec                ABN_SetEscDownBtn
                0x08055b5c                ABN_red_s_down
                0x08055c34                ABN_ArchiveLogCancelBtn
                0x08055be4                ABN_EscDirectionList
                0x08055c04                ABN_mode_header
                0x08055afc                ABN_yellow_led
                0x08055aa4                ABN_Arrow
                0x08055b78                ABN_LedBalloon
                0x08055adc                ABN_led_tu
                0x08055c44                ABN_MoveDown
                0x08055be8                ABN_SetEscReverseBtn
                0x08055be0                ABN_EscConfig
                0x08055bf4                ABN_EscConfCancel
                0x08055bf8                ABN_EscConfDone
                0x08055ac4                ABN_grey_down
                0x08055b8c                ABN_AllTimeRangeBtn1
                0x08055ae8                ABN_red_down
                0x08055c14                ABN_PanelTitle
                0x08055c10                ABN_ReadyIndicator
                0x08055aec                ABN_yellow_up
                0x08055c30                ABN_ArchiveLogOpenBtn
                0x08055ab0                ABN_left_scroll_disable
                0x08055b4c                ABN_blue_red_up
                0x08055bdc                ABN_LogFilterOK
                0x08055bc0                ABN_RangeEndNumeric
                0x08055a9c                ABN_interface
                0x08055a60                ABN_main_wnd
                0x08055ad4                ABN_blue_up
                0x08055a64                ABN_os_container
                0x08055bc8                ABN_SysMsgBtn
                0x08055b80                ABN_StartMinNumeric
                0x08055bb8                ABN_RangeStartNumeric
                0x08055ba0                ABN_StationList
                0x08055b30                ABN_block_blue_led
                0x08055c40                ABN_MoveStop
                0x08055b90                ABN_EndMinNumeric
                0x08055b18                ABN_log_ok_image
                0x08055c0c                ABN_ready_header
                0x08055aac                ABN_blocking
                0x08055ab8                ABN_station_wnd
                0x08055bc4                ABN_AllRangeBtn
                0x08055b28                ABN_warnMsg
                0x08055ab4                ABN_right_scroll_disable
                0x08055b1c                ABN_log_net_image
                0x08055b6c                ABN_green_down
                0x08055ad0                ABN_green_stop
                0x08055c28                ABN_ArchiveLog
                0x08055b68                ABN_yellow_s_down
                0x08055ba4                ABN_OneEscalatorBtn
                0x08055ae0                ABN_red_up
                0x08055c08                ABN_ModeIndicator
                0x08055b7c                ABN_LogFilterDlg
                0x08055b40                ABN_grey_off
                0x08055b74                ABN_green_s_down
                0x08055aa0                ABN_escalator_wnd
                0x08055a6c                ABN_log_wnd
                0x08055a70                ABN_toolBar
                0x08055b00                ABN_blue_led
                0x08055b88                ABN_CalendarStart
                0x08055ae4                ABN_red_stop
                0x08055bd4                ABN_LocalMsgBtn
                0x08055ac8                ABN_led_b
                0x08055a54                ABI_interface
                0x08055acc                ABN_blue_down
                0x08055bcc                ABN_AlertMsgBtn
                0x08055b54                ABN_blue_yellow_up
                0x08055c38                ABN_EscalatorMenu
                0x08055a8c                ABN_AlertOK
                0x08055b9c                ABN_AllTimeRangeBtn2
                0x08055b44                ABN_blue_cont_up
                0x08055c2c                ABN_ArchiveLogWnd
                0x08055b50                ABN_blue_red_down
                0x08055b94                ABN_EndHourNumeric
                0x08055b84                ABN_StartHourNumeric
                0x08055ba8                ABN_RangeEscalatorBtn
                0x08055af0                ABN_yellow_stop
                0x08055bb0                ABN_OneEscalatorNumeric
                0x08055af4                ABN_yellow_down
                0x08055b04                ABN_mask_up
                0x08055ad8                ABN_green_led
                0x08055c3c                ABN_MoveUp
                0x08055b58                ABN_blue_yellow_down
                0x08055b2c                ABN_block_green_led
                0x08055a7c                ABN_ResetFilter
                0x08055af8                ABN_red_led
                0x08055b10                ABN_cursor
                0x08055a58                ABI_LogFilterDlg
                0x08055a68                ABN_log_status
                0x08055bb4                ABN_RangeStartLabel
                0x08055bf0                ABN_SetEscUpBtn
                0x08055b38                ABN_block_red_led
                0x08055bd0                ABN_BlockMsgBtn
                0x08055b98                ABN_CalendarEnd
                0x08055c1c                ABN_ArchiveFiles
                0x08055a80                ABN_ArchiveBtn
                0x08055bd8                ABN_LogFIlterCancel
                0x08055b70                ABN_green_s_up
                0x08055c18                ABN_ArchiveDlg
                0x08055b20                ABN_infoMsg
                0x08055b14                ABN_log_alert_image
                0x08055b34                ABN_block_grey_led
                0x08055c24                ABN_ArchiveCancelBtn
                0x08055b60                ABN_red_s_up
                0x08055a74                ABN_EscConfigBtn
                0x08055a94                ABN_AlertCounter
                0x08055bbc                ABN_RangeEndLabel
                0x08055a88                ABN_AlertMsg
                0x08055c20                ABN_LoadArchiveBtn
                0x08055a78                ABN_FilterBtn
                0x08055bfc                ABN_SignalDlg
                0x08055b0c                ABN_mask_down
                0x08055a84                ABN_AlertWnd
                0x08055a5c                ABI_EscalatorMenu
 .rodata        0x08056e08       0x93 alert.o
 .rodata        0x08056e9b       0x3b archive.o
 .rodata        0x08056ed6       0x3b ctrl_widget.o
 .rodata        0x08056f11      0x2d4 draw.o
 *fill*         0x080571e5       0x1b
 .rodata        0x08057200      0x588 escalator.o
 *fill*         0x08057788       0x18
 .rodata        0x080577a0       0xf7 filter.o
 *fill*         0x08057897        0x9
 .rodata        0x080578a0      0x5f9 main.o
                0x080578a0                ApOptions
 .rodata        0x08057e99        0xb cbuffer.o
 .rodata        0x08057ea4       0x74 system.o
 .rodata        0x08057f18       0x52 station.o
 *fill*         0x08057f6a       0x16
 .rodata        0x08057f80      0x217 log.o
 .rodata        0x08058197       0x1e goodies.o
 *fill*         0x080581b5        0xb
 .rodata        0x080581c0      0x10c esc_types.o
 .rodata        0x080582cc        0x8 string.o
 *fill*         0x080582d4        0xc
 .rodata        0x080582e0       0xd0 dictionary.o
 .rodata        0x080583b0       0x33 sound.o
 .rodata        0x080583e3       0xdc router.o
 .rodata        0x080584bf        0xc /x86/lib/libc.a(slog.o)
 *(.rodata.*)
 *(.gnu.linkonce.r*)

.rodata1
 *(.rodata1)
                0x080594cb                .=(ALIGN(0x1000)+(.&0xfff))

.data           0x080594e0      0x820
 *(.data)
 .data          0x080594e0        0x8 /usr/lib/gcc-lib/ntox86/2.95.2/crtbeginC++.o
 *fill*         0x080594e8       0x18
 .data          0x08059500      0x280 abmain.o
                0x08059678                ArchiveLog
                0x08059500                AbInternalLinks
                0x08059720                EscalatorMenu
                0x08059630                EscConfig
                0x08059604                interface
                0x08059618                LogFilterDlg
                0x08059648                SignalDlg
                0x08059760                AbContext
                0x080595f0                main_wnd
                0x08059660                ArchiveDlg
 .data          0x08059780      0x130 draw.o
                0x08059780                blockingNames
 *fill*         0x080598b0       0x10
 .data          0x080598c0       0x70 escalator.o
                0x08059924                control
                0x080598d0                g_selectDirection
                0x08059920                curEscalator
                0x080598c4                sendMutex
                0x080598e4                mode_text
                0x080598d8                metro_escalator::paneled
                0x080598dc                metro_escalator::reference
                0x08059900                ready_text
                0x080598e0                metro_escalator::init_images
                0x080598cc                g_selectedEscalator
                0x080598d4                g_paneledEsc
                0x080598c0                metro_escalator::panel
 .data          0x08059930       0x48 main.o
                0x08059950                g_msgDialogFont
                0x08059934                g_stations
                0x08059938                g_escalators
                0x0805996c                g_rightGate
                0x0805993c                g_lineNum
                0x08059960                g_leftGate
                0x0805994c                g_escTypeNum
                0x08059944                g_escalatorNum
                0x08059958                g_debugFile
                0x0805995c                escal_count
                0x08059948                g_escTypes
                0x08059930                g_lines
                0x08059954                g_chanID
                0x08059940                g_stationNum
 *fill*         0x08059978        0x8
 .data          0x08059980      0x200 system.o
                0x08059980                g_CRCHi
                0x08059a80                g_CRCLo
 .data          0x08059b80        0x4 station.o
                0x08059b80                metro_station::reference
 .data          0x08059b84        0x8 sound.o
                0x08059b84                RiffId
                0x08059b88                WaveId
 .data          0x08059b8c       0x1f router.o
                0x08059b94                lineStatusRID
                0x08059b8c                activeHost
                0x08059b90                breakLine
 *fill*         0x08059bab        0x1
 .data          0x08059bac        0x4 /x86/lib/libc.a(slog.o)
                0x08059bac                _slogfd
 *(.data.*)
 *(.gnu.linkonce.d*)
 .gnu.linkonce.d._vt.10AlertQueue
                0x08059bb0       0x18 alert.o
                0x08059bb0                AlertQueue virtual table
 .gnu.linkonce.d._vt.t4List1Z11AlertRecord
                0x08059bc8       0x18 alert.o
                0x08059bc8                List<AlertRecord> virtual table
 .gnu.linkonce.d._vt.9LogFilter
                0x08059be0       0x18 filter.o
                0x08059be0                LogFilter virtual table
 .gnu.linkonce.d._vt.t3Map1Z9DictEntry
                0x08059bf8       0x18 main.o
                0x08059bf8                Map<DictEntry> virtual table
 .gnu.linkonce.d._vt.9Cbuffer_c
                0x08059c10       0x18 cbuffer.o
                0x08059c10                Cbuffer_c virtual table
 .gnu.linkonce.d._vt.3Log
                0x08059c28       0x18 log.o
                0x08059c28                Log virtual table
 .gnu.linkonce.d._vt.t4List1Z9LogRecord
                0x08059c40       0x18 log.o
                0x08059c40                List<LogRecord> virtual table
 .gnu.linkonce.d._vt.4Type
                0x08059c58       0x18 esc_types.o
                0x08059c58                Type virtual table
 .gnu.linkonce.d._vt.5Block
                0x08059c70       0x18 esc_types.o
                0x08059c70                Block virtual table
 .gnu.linkonce.d._vt.6Signal
                0x08059c88       0x18 esc_types.o
                0x08059c88                Signal virtual table
 .gnu.linkonce.d._vt.6String
                0x08059ca0       0x18 string.o
                0x08059ca0                String virtual table
 .gnu.linkonce.d._vt.5Sound
                0x08059cb8       0x18 sound.o
                0x08059cb8                Sound virtual table
 .gnu.linkonce.d._vt.6Router
                0x08059cd0       0x18 router.o
                0x08059cd0                Router virtual table
 .gnu.linkonce.d._vt.3Net
                0x08059ce8       0x18 router.o
                0x08059ce8                Net virtual table

.data1
 *(.data1)

.eh_frame       0x08059d00     0x76d4
 *(.eh_frame)
 .eh_frame      0x08059d00       0x88 abmain.o
 .eh_frame      0x08059d88      0x5d8 alert.o
 .eh_frame      0x0805a360       0x9c archive.o
 .eh_frame      0x0805a3fc       0x54 ctrl_widget.o
 .eh_frame      0x0805a450       0x74 draw.o
 .eh_frame      0x0805a4c4     0x1e54 escalator.o
 .eh_frame      0x0805c318      0xc50 filter.o
 .eh_frame      0x0805cf68     0x129c main.o
 .eh_frame      0x0805e204      0x1d8 cbuffer.o
 .eh_frame      0x0805e3dc      0x490 system.o
 .eh_frame      0x0805e86c       0x84 line.o
 .eh_frame      0x0805e8f0      0x178 station.o
 .eh_frame      0x0805ea68      0xb58 log.o
 .eh_frame      0x0805f5c0       0xec goodies.o
 .eh_frame      0x0805f6ac      0x7b8 esc_types.o
 .eh_frame      0x0805fe64      0x230 string.o
 .eh_frame      0x08060094      0x32c dictionary.o
 .eh_frame      0x080603c0      0x6cc sound.o
 .eh_frame      0x08060a8c      0x910 router.o
 .eh_frame      0x0806139c       0x34 /usr/lib/gcc-lib/ntox86/2.95.2/exceptions/libgcc.a(_cmpdi2.o)
 .eh_frame      0x080613d0        0x4 /usr/lib/gcc-lib/ntox86/2.95.2/crtendC++.o

.gcc_except_table
                0x080613d4      0x134
 *(.gcc_except_table)
 .gcc_except_table
                0x080613d4       0x2c escalator.o
 .gcc_except_table
                0x08061400       0x5c main.o
 .gcc_except_table
                0x0806145c       0x20 log.o
 .gcc_except_table
                0x0806147c       0x8c esc_types.o

.ctors          0x08061508        0xc
 *crtbegin.o(.ctors)
 EXCLUDE_FILE ( *crtend.o)*(.ctors)
 .ctors         0x08061508        0x4 /usr/lib/gcc-lib/ntox86/2.95.2/crtbeginC++.o
 .ctors         0x0806150c        0x4 main.o
 .ctors         0x08061510        0x4 /usr/lib/gcc-lib/ntox86/2.95.2/crtendC++.o
 *(SORT(.ctors.*))
 *(.ctors)

.dtors          0x08061514        0xc
 *crtbegin.o(.dtors)
 EXCLUDE_FILE ( *crtend.o)*(.dtors)
 .dtors         0x08061514        0x4 /usr/lib/gcc-lib/ntox86/2.95.2/crtbeginC++.o
 .dtors         0x08061518        0x4 main.o
 .dtors         0x0806151c        0x4 /usr/lib/gcc-lib/ntox86/2.95.2/crtendC++.o
 *(SORT(.dtors.*))
 *(.dtors)

.got            0x08061520      0x278
 *(.got.plt)
 .got.plt       0x08061520      0x270 /usr/lib/gcc-lib/ntox86/2.95.2/crtbeginC++.o
                0x08061520                _GLOBAL_OFFSET_TABLE_
 *(.got)
 .got           0x08061790        0x8 /usr/lib/gcc-lib/ntox86/2.95.2/crtbeginC++.o

.dynamic        0x08061798       0xd0
 *(.dynamic)
 .dynamic       0x08061798       0xd0 /usr/lib/gcc-lib/ntox86/2.95.2/crtbeginC++.o
                0x08061798                _DYNAMIC

.sdata
 *(.sdata)
 *(.sdata.*)
 *(.gnu.linkonce.s.*)
                0x08061868                _edata=.
                0x08061868                PROVIDE (edata, .)
                0x08061868                __bss_start=.

.sbss
 *(.dynsbss)
 *(.sbss)
 *(.sbss.*)
 *(.scommon)

.bss            0x08061880     0x1558
 *(.dynbss)
 .dynbss        0x08061880       0xa4 /usr/lib/gcc-lib/ntox86/2.95.2/crtbeginC++.o
                0x08061880                PtFileSel
                0x08061884                errno
                0x08061888                PtButton
                0x0806188c                _syspage_ptr
                0x08061890                PtDivider
                0x08061894                PtMenu
                0x08061898                PtPolygon
                0x0806189c                PtGroup
                0x080618a0                PtNumericInteger
                0x080618a4                PtSeparator
                0x080618a8                PtRect
                0x080618ac                PtToggleButton
                0x080618b0                PtClock
                0x080618b4                PtRawList
                0x080618b8                PtPane
                0x080618bc                PtCalendar
                0x080618c0                PtList
                0x080618c4                PtLabel
                0x080618c8                PtMultiText
                0x080618cc                PtComboBox
                0x080618d0                PtOSContainer
                0x080618d4                PtWindow
                0x080618d8                _Ap_
                0x08061920                PtPanelGroup
 *(.bss)
 .bss           0x08061924       0x18 /usr/lib/gcc-lib/ntox86/2.95.2/crtbeginC++.o
 *fill*         0x0806193c        0x4
 .bss           0x08061940      0x1d8 abmain.o
                0x08061940                AbWidgets
 .bss           0x08061b18        0x8 escalator.o
                0x08061b1c                ledRowCount
                0x08061b18                led_count
 .bss           0x08061b20     0x11ec main.o
                0x08062900                escal
                0x08061b20                mainLog
                0x08061c00                g_sound
                0x08062760                g_router
                0x080628c0                g_alertQueue
                0x08062d04                pingTID
                0x08061be0                g_msgDictionary
                0x08061b80                g_archiveLog
                0x080628a0                g_logFilter
                0x08062d08                timerTID
                0x08062d00                test_led
                0x080628e4                widget_dbase
                0x080628e8                translate_set
                0x080628ec                cfg_file
 *(.bss.*)
 *(COMMON)
 COMMON         0x08062d0c       0x18 abmain.o
                                  0x0 (size before relaxing)
                0x08062d0c                List<AlertRecord> type_info node
                0x08062d14                Map<DictEntry> type_info node
                0x08062d1c                List<LogRecord> type_info node
 COMMON         0x08062d24        0x8 alert.o
                                  0x0 (size before relaxing)
                0x08062d24                AlertQueue type_info node
 *fill*         0x08062d2c       0x14
 COMMON         0x08062d40       0x48 escalator.o
                                  0x0 (size before relaxing)
                0x08062d40                metro_escalator::images
 COMMON         0x08062d88        0x8 filter.o
                                  0x0 (size before relaxing)
                0x08062d88                LogFilter type_info node
 COMMON         0x08062d90        0x8 cbuffer.o
                                  0x0 (size before relaxing)
                0x08062d90                Cbuffer_c type_info node
 COMMON         0x08062d98        0x8 log.o
                                  0x0 (size before relaxing)
                0x08062d98                Log type_info node
 COMMON         0x08062da0       0x18 esc_types.o
                                  0x0 (size before relaxing)
                0x08062da0                Type type_info node
                0x08062da8                Signal type_info node
                0x08062db0                Block type_info node
 COMMON         0x08062db8        0x8 string.o
                                  0x0 (size before relaxing)
                0x08062db8                String type_info node
 COMMON         0x08062dc0        0x8 sound.o
                                  0x0 (size before relaxing)
                0x08062dc0                Sound type_info node
 COMMON         0x08062dc8       0x10 router.o
                                  0x0 (size before relaxing)
                0x08062dc8                Net type_info node
                0x08062dd0                Router type_info node
                0x08062dd8                .=ALIGN(0x4)
                0x08062dd8                .=ALIGN(0x4)
                0x08062dd8                _end=.
                0x08062dd8                PROVIDE (end, .)

.stab
 *(.stab)

.stabstr
 *(.stabstr)

.stab.excl
 *(.stab.excl)

.stab.exclstr
 *(.stab.exclstr)

.stab.index
 *(.stab.index)

.stab.indexstr
 *(.stab.indexstr)

.comment        0x00000000      0x36a
 *(.comment)
 .comment       0x00000000       0x26 /usr/lib/gcc-lib/ntox86/2.95.2/crtbeginC++.o
 .comment       0x00000026       0x26 abmain.o
 .comment       0x0000004c       0x26 alert.o
 .comment       0x00000072       0x26 archive.o
 .comment       0x00000098       0x26 ctrl_widget.o
 .comment       0x000000be       0x26 draw.o
 .comment       0x000000e4       0x26 escalator.o
 .comment       0x0000010a       0x26 filter.o
 .comment       0x00000130       0x26 main.o
 .comment       0x00000156       0x26 cbuffer.o
 .comment       0x0000017c       0x26 system.o
 .comment       0x000001a2       0x26 line.o
 .comment       0x000001c8       0x26 station.o
 .comment       0x000001ee       0x26 log.o
 .comment       0x00000214       0x26 goodies.o
 .comment       0x0000023a       0x26 esc_types.o
 .comment       0x00000260       0x26 string.o
 .comment       0x00000286       0x26 dictionary.o
 .comment       0x000002ac       0x26 sound.o
 .comment       0x000002d2       0x26 router.o
 .comment       0x000002f8       0x26 /usr/lib/gcc-lib/ntox86/2.95.2/exceptions/libgcc.a(_cmpdi2.o)
 .comment       0x0000031e       0x26 /x86/lib/libc.a(slog.o)
 .comment       0x00000344       0x26 /usr/lib/gcc-lib/ntox86/2.95.2/crtendC++.o

.debug          0x00000000      0x168
 *(.debug)
 .debug         0x00000000      0x168 /usr/lib/gcc-lib/ntox86/2.95.2/exceptions/libgcc.a(_cmpdi2.o)

.line
 *(.line)

.debug_srcinfo
 *(.debug_srcinfo)

.debug_sfnames
 *(.debug_sfnames)

.debug_aranges
 *(.debug_aranges)

.debug_pubnames
                0x00000000        0xd
 *(.debug_pubnames)
 .debug_pubnames
                0x00000000        0xd /usr/lib/gcc-lib/ntox86/2.95.2/exceptions/libgcc.a(_cmpdi2.o)

.debug_info
 *(.debug_info)

.debug_abbrev
 *(.debug_abbrev)

.debug_line
 *(.debug_line)

.debug_frame
 *(.debug_frame)

.debug_str
 *(.debug_str)

.debug_loc
 *(.debug_loc)

.debug_macinfo
 *(.debug_macinfo)

.debug_weaknames
 *(.debug_weaknames)

.debug_funcnames
 *(.debug_funcnames)

.debug_typenames
 *(.debug_typenames)

.debug_varnames
 *(.debug_varnames)
OUTPUT(spider elf32-i386)

.note           0x00000000      0x1cc
 .note          0x00000000       0x14 /usr/lib/gcc-lib/ntox86/2.95.2/crtbeginC++.o
 .note          0x00000014       0x14 abmain.o
 .note          0x00000028       0x14 alert.o
 .note          0x0000003c       0x14 archive.o
 .note          0x00000050       0x14 ctrl_widget.o
 .note          0x00000064       0x14 draw.o
 .note          0x00000078       0x14 escalator.o
 .note          0x0000008c       0x14 filter.o
 .note          0x000000a0       0x14 main.o
 .note          0x000000b4       0x14 cbuffer.o
 .note          0x000000c8       0x14 system.o
 .note          0x000000dc       0x14 line.o
 .note          0x000000f0       0x14 station.o
 .note          0x00000104       0x14 log.o
 .note          0x00000118       0x14 goodies.o
 .note          0x0000012c       0x14 esc_types.o
 .note          0x00000140       0x14 string.o
 .note          0x00000154       0x14 dictionary.o
 .note          0x00000168       0x14 sound.o
 .note          0x0000017c       0x14 router.o
 .note          0x00000190       0x14 /usr/lib/gcc-lib/ntox86/2.95.2/exceptions/libgcc.a(_cmpdi2.o)
 .note          0x000001a4       0x14 /x86/lib/libc.a(slog.o)
 .note          0x000001b8       0x14 /usr/lib/gcc-lib/ntox86/2.95.2/crtendC++.o
