Archive member included       because of file (symbol)

/x86/lib/libm.a(sqrt.o)       mock_generator.o (sqrt)
/x86/lib/libcpp.a(delaop.o)   mock_generator.o (__builtin_vec_delete)
/x86/lib/libcpp.a(delop.o)    generator_logger.o (__builtin_delete)
/x86/lib/libcpp.a(delop3.o)   mock_generator.o (operator delete(void *, void *))
/x86/lib/libcpp.a(exceptio.o)
                              generator_logger.o (std::terminate(void))
/x86/lib/libcpp.a(gccex.o)    mock_generator.o (std::exception::exception(void))
/x86/lib/libcpp.a(ios.o)      mock_generator.o (std::_BADOFF)
/x86/lib/libcpp.a(iostream.o)
                              mock_generator.o (std::ios_base::Init::Init(void))
/x86/lib/libcpp.a(locale.o)   mock_generator.o (std::ctype<char>::id)
/x86/lib/libcpp.a(locale0.o)  /x86/lib/libcpp.a(locale.o) (std::locale::_Locimp::_Clocptr)
/x86/lib/libcpp.a(newaop.o)   mock_generator.o (__builtin_vec_new)
/x86/lib/libcpp.a(newop.o)    generator_logger.o (__builtin_new)
/x86/lib/libcpp.a(nomemory.o)
                              mock_generator.o (std::_Nomemory(void))
/x86/lib/libcpp.a(raisehan.o)
                              /x86/lib/libcpp.a(gccex.o) (std::_Raise_handler)
/x86/lib/libcpp.a(string.o)   generator_logger.o (std::_String_base::_Xlen(void) const)
/x86/lib/libcpp.a(uncaught.o)
                              mock_generator.o (std::uncaught_exception(void))
/x86/lib/libcpp.a(wlocale.o)  /x86/lib/libcpp.a(locale.o) (std::locale::_Locimp::_Makewloc(std::_Locinfo const &, int, std::locale::_Locimp *, std::locale const *))
/x86/lib/libcpp.a(xlocale.o)  /x86/lib/libcpp.a(locale.o) (std::locale::_Locimp::_Makexloc(std::_Locinfo const &, int, std::locale::_Locimp *, std::locale const *))
/x86/lib/libcpp.a(xlock.o)    generator_logger.o (std::_Lockit::_Lockit(int))
/x86/lib/libcpp.a(xmtx.o)     /x86/lib/libcpp.a(xlock.o) (_Mtxinit)
/x86/lib/libcpp.a(xmutex.o)   mock_generator.o (std::_Mutex::_Mutex(void))
/x86/lib/libcpp.a(new.o)      /x86/lib/libcpp.a(newop.o) (std::_New_hand)
/usr/lib/gcc-lib/ntox86/2.95.3/exceptions/libgcc.a(_cmpdi2.o)
                              mock_generator.o (__cmpdi2)
/usr/lib/gcc-lib/ntox86/2.95.3/exceptions/libgcc.a(_eh.o)
                              mock_generator.o (__eh_rtime_match)
/usr/lib/gcc-lib/ntox86/2.95.3/exceptions/libgcc.a(_udivdi3.o)
                              mock_generator.o (__udivdi3)
/usr/lib/gcc-lib/ntox86/2.95.3/exceptions/libgcc.a(exception.o)
                              generator_logger.o (__start_cp_handler)
/usr/lib/gcc-lib/ntox86/2.95.3/exceptions/libgcc.a(frame.o)
                              /usr/lib/gcc-lib/ntox86/2.95.3/exceptions/libgcc.a(_eh.o) (__frame_state_for)
/usr/lib/gcc-lib/ntox86/2.95.3/exceptions/libgcc.a(tinfo.o)
                              mock_generator.o (__rtti_class)
/usr/lib/gcc-lib/ntox86/2.95.3/exceptions/libgcc.a(tinfo2.o)
                              /usr/lib/gcc-lib/ntox86/2.95.3/exceptions/libgcc.a(exception.o) (__throw_type_match_rtti)
/x86/lib/libc.a(getpid.o)     main.o (getpid)
/x86/lib/libc.a(pthread_mutex_lock.o)
                              /x86/lib/libcpp.a(xlock.o) (pthread_mutex_lock)
/x86/lib/libc.a(pthread_mutex_init.o)
                              /x86/lib/libcpp.a(xmtx.o) (pthread_mutex_init)
/x86/lib/libc.a(pthread_mutex_destroy.o)
                              /x86/lib/libcpp.a(xlock.o) (pthread_mutex_destroy)
/x86/lib/libc.a(pthread_mutex_unlock.o)
                              /x86/lib/libcpp.a(xlock.o) (pthread_mutex_unlock)
/x86/lib/libc.a(pthread_mutexattr_destroy.o)
                              /x86/lib/libcpp.a(xmtx.o) (pthread_mutexattr_destroy)
/x86/lib/libc.a(pthread_mutexattr_init.o)
                              /x86/lib/libcpp.a(xmtx.o) (pthread_mutexattr_init)
/x86/lib/libc.a(pthread_mutexattr_settype.o)
                              /x86/lib/libcpp.a(xmtx.o) (pthread_mutexattr_settype)
/x86/lib/libc.a(pthread_once.o)
                              /x86/lib/libcpp.a(xlock.o) (pthread_once)
/x86/lib/libc.a(malloc.o)     mock_generator.o (free)
/x86/lib/libc.a(util.o)       /x86/lib/libc.a(malloc.o) (malloc_abort)
/x86/lib/libc.a(_exit.o)      /x86/lib/libc.a(util.o) (_exit)
/x86/lib/libc.a(abort.o)      /x86/lib/libcpp.a(exceptio.o) (abort)
/x86/lib/libc.a(atexit.o)     /x86/lib/crt1.o (atexit)
/x86/lib/libc.a(exit.o)       /x86/lib/crt1.o (exit)
/x86/lib/libc.a(localeco.o)   mock_generator.o (_Locale)
/x86/lib/libc.a(mbrtowc.o)    /x86/lib/libcpp.a(wlocale.o) (mbrtowc)
/x86/lib/libc.a(raise.o)      /x86/lib/libc.a(abort.o) (raise)
/x86/lib/libc.a(setlocal.o)   /x86/lib/libcpp.a(locale.o) (setlocale)
/x86/lib/libc.a(wcrtomb.o)    /x86/lib/libcpp.a(wlocale.o) (wcrtomb)
/x86/lib/libc.a(xbtowc.o)     /x86/lib/libcpp.a(wlocale.o) (_Btowc)
/x86/lib/libc.a(xctype.o)     mock_generator.o (_Ctype)
/x86/lib/libc.a(xdefloc.o)    /x86/lib/libc.a(setlocal.o) (_Defloc)
/x86/lib/libc.a(xdscale.o)    /x86/lib/libm.a(sqrt.o) (_Dscale)
/x86/lib/libc.a(xdunscal.o)   /x86/lib/libm.a(sqrt.o) (_Dunscale)
[...]
Memory Configuration

Name             Origin             Length             Attributes
*default*        0x00000000         0xffffffff

Linker script and memory map

TARGET(elf32-i386)
LOAD /x86/lib/crt1.o
LOAD /x86/lib/crti.o
LOAD /usr/lib/gcc-lib/ntox86/2.95.3/crtbeginC++.o
LOAD generator_logger.o
LOAD mock_generator.o
LOAD main.o
LOAD /x86/lib/libm.a
LOAD /x86/lib/libcpp.a
LOAD /x86/lib/libcpp.a
LOAD /x86/lib/libm.a
LOAD /usr/lib/gcc-lib/ntox86/2.95.3/exceptions/libgcc.a
LOAD /x86/lib/libc.a
LOAD /x86/lib/libc.a
LOAD /usr/lib/gcc-lib/ntox86/2.95.3/exceptions/libgcc.a
LOAD /usr/lib/gcc-lib/ntox86/2.95.3/crtendC++.o
LOAD /x86/lib/crtn.o
                0x08048094                .=(0x8048000+SIZEOF_HEADERS)

.interp
 *(.interp)

.note0          0x08048094        0x0

.hash
 *(.hash)

.dynsym
 *(.dynsym)

.dynstr
 *(.dynstr)

.gnu.version
 *(.gnu.version)

.gnu.version_d
 *(.gnu.version_d)

.gnu.version_r
 *(.gnu.version_r)

.rel.init
 *(.rel.init)

.rela.init
 *(.rela.init)

.rel.text
 *(.rel.text)
 *(.rel.text.*)
 *(.rel.gnu.linkonce.t*)

.rela.text
 *(.rela.text)
 *(.rela.text.*)
 *(.rela.gnu.linkonce.t*)

.rel.fini
 *(.rel.fini)

.rela.fini
 *(.rela.fini)

.rel.rodata
 *(.rel.rodata)
 *(.rel.rodata.*)
 *(.rel.gnu.linkonce.r*)

.rela.rodata
 *(.rela.rodata)
 *(.rela.rodata.*)
 *(.rela.gnu.linkonce.r*)

.rel.data
 *(.rel.data)
 *(.rel.data.*)
 *(.rel.gnu.linkonce.d*)

.rela.data
 *(.rela.data)
 *(.rela.data.*)
 *(.rela.gnu.linkonce.d*)

.rel.ctors
 *(.rel.ctors)

.rela.ctors
 *(.rela.ctors)

.rel.dtors
 *(.rel.dtors)

.rela.dtors
 *(.rela.dtors)

.rel.got        0x08048094        0x0
 *(.rel.got)

.rela.got
 *(.rela.got)

.rel.sdata
 *(.rel.sdata)
 *(.rel.sdata.*)
 *(.rel.gnu.linkonce.s*)

.rela.sdata
 *(.rela.sdata)
 *(.rela.sdata.*)
 *(.rela.gnu.linkonce.s*)

.rel.sbss
 *(.rel.sbss)

.rela.sbss
 *(.rela.sbss)

.rel.bss
 *(.rel.bss)

.rela.bss
 *(.rela.bss)

.rel.plt
 *(.rel.plt)

.rela.plt
 *(.rela.plt)

.init           0x08048094        0xd
 *(.init)
 .init          0x08048094        0x5 /usr/lib/gcc-lib/ntox86/2.95.3/crtbeginC++.o
 .init          0x08048099        0x5 /usr/lib/gcc-lib/ntox86/2.95.3/crtendC++.o
 .init          0x0804809e        0x3 /x86/lib/crtn.o

.plt
 *(.plt)

.text           0x080480a4    0x46463
                0x080480a4                _btext=.
 *(.text)
 .text          0x080480a4       0x5f /x86/lib/crt1.o
                0x080480ac                _start
 *fill*         0x08048103        0x1 37008
 .text          0x08048104       0xce /usr/lib/gcc-lib/ntox86/2.95.3/crtbeginC++.o
 *fill*         0x080481d2        0x2 37008
 .text          0x080481d4      0x2a7 generator_logger.o
                0x080481d4                generator_logger::log_message(generator_logger::message_type, std::basic_string<char, std::char_traits<char>, std::allocator<char> >)
                0x080483e4                generator_logger::get_instance(void)
 *fill*         0x0804847b        0x1 37008
 .text          0x0804847c     0x5266 mock_generator.o
                0x0804885c                mock_generator::get_instance(void)
                0x0804908c                mock_generator::html_format_results_outputter(void)
                0x0804d37c                mock_generator::generate_pri_command_request_to_free(mock_generator::call_parameters)
                0x0804d0a4                mock_generator::generate_pri_command_request_to_occupate(int, bool)
                0x0804b198                mock_generator::run(int)
                0x0804847c                mock_generator::mock_generator(void)
                0x08048c98                mock_generator::calculate_standart_deviation(std::vector<unsigned long long, std::allocator<unsigned long long> >)
                0x08048aa4                mock_generator::calculate_sample_mean(std::vector<unsigned long long, std::allocator<unsigned long long> >)
 *fill*         0x0804d6e2        0x2 37008
 .text          0x0804d6e4      0xa4e main.o
                0x0804d7f0                main
                0x0804d6e4                usage(std::basic_string<char, std::char_traits<char>, std::allocator<char> >)
 *fill*         0x0804e132        0x2 37008
 .text          0x0804e134       0xd6 /x86/lib/libm.a(sqrt.o)
                0x0804e134                sqrt
 *fill*         0x0804e20a        0x2 37008
 .text          0x0804e20c       0x59 /x86/lib/libcpp.a(delaop.o)
                0x0804e20c                __builtin_vec_delete
 *fill*         0x0804e265        0x3 37008
 .text          0x0804e268       0x61 /x86/lib/libcpp.a(delop.o)
                0x0804e268                __builtin_delete
 *fill*         0x0804e2c9        0x3 37008
 .text          0x0804e2cc        0x5 /x86/lib/libcpp.a(delop3.o)
                0x0804e2cc                operator delete(void *, void *)
 *fill*         0x0804e2d1        0x3 37008
 .text          0x0804e2d4       0x6a /x86/lib/libcpp.a(exceptio.o)
                0x0804e310                std::set_unexpected(void (*)(void))
                0x0804e328                std::unexpected(void)
                0x0804e2e0                std::set_terminate(void (*)(void))
                0x0804e2f8                std::terminate(void)
                0x0804e2d4                std::do_abort(void)
 *fill*         0x0804e33e        0x2 37008
 .text          0x0804e340       0xbd /x86/lib/libcpp.a(gccex.o)
                0x0804e340                std::exception::_Set_raise_handler(void (*)(std::exception const &))
                0x0804e368                std::exception::~exception(void)
                0x0804e358                std::exception::exception(void)
                0x0804e398                std::exception::_Raise(void) const
                0x0804e3f8                std::exception::_Doraise(void) const
                0x0804e38c                std::exception::what(void) const
 *fill*         0x0804e3fd        0x3 37008
 .text          0x0804e400      0x832 /x86/lib/libcpp.a(ios.o)
                0x0804eb28                std::ios_base::_Init(void)
                0x0804e920                std::ios_base::~ios_base(void)
                0x0804e400                std::ios_base::clear(std::_Iosb<int>::_Iostate, bool)
                0x0804e988                std::ios_base::_Callfns(std::ios_base::event)
                0x0804e74c                std::ios_base::copyfmt(std::ios_base const &)
                0x0804ebcc                std::ios_base::_Tidy(void)
                0x0804e820                std::ios_base::imbue(std::locale const &)
                0x0804e8a8                std::ios_base::register_callback(void (*)(std::ios_base::event, std::ios_base &, int), int)
                0x0804e9c0                std::ios_base::_Findarr(int)
                0x0804eabc                std::ios_base::_Addstd(void)
 *fill*         0x0804ec32        0x2 37008
 .text          0x0804ec34      0x5eb /x86/lib/libcpp.a(iostream.o)
                0x0804ec34                std::ios_base::Init::Init(void)
                0x0804f048                std::ios_base::Init::~Init(void)
 *fill*         0x0804f21f        0x1 37008
 .text          0x0804f220     0x11c7 /x86/lib/libcpp.a(locale.o)
                0x0804f890                std::locale::global(std::locale const &)
                0x0804f220                std::locale::locale(std::locale const &, std::locale const &, int)
                0x0805005c                std::locale::_Locimp::_Addfac(std::locale::facet *, unsigned int)
                0x0804fec4                std::locale::_Locimp::_Locimp(std::locale::_Locimp const &)
                0x08050164                std::_Locinfo::_Locinfo(int, char const *)
                0x0804f9ec                std::locale::_Locimp::_Makeloc(std::_Locinfo const &, int, std::locale::_Locimp *, std::locale const *)
                0x0805023c                std::_Locinfo::_Addcats(int, char const *)
                0x0804f344                std::locale::locale(char const *, int)
                0x0804f5ac                std::locale::locale(std::locale const &, char const *, int)
 *fill*         0x080503e7        0x1 37008
 .text          0x080503e8      0x76f /x86/lib/libcpp.a(locale0.o)
                0x080503e8                std::locale::classic(void)
                0x08050628                std::locale::_Init(void)
                0x080507a8                std::locale::_Tidy(void)
                0x0805083c                std::locale::_Locimp::_Locimp(bool)
                0x0805097c                std::_Locinfo::_Locinfo(char const *)
                0x080504b4                std::locale::operator==(std::locale const &) const
                0x080503fc                std::locale::empty(void)
                0x080508b4                std::locale::_Locimp::~_Locimp(void)
                0x08050468                std::locale::_Getfacet(unsigned int) const
                0x08050a70                std::_Locinfo::~_Locinfo(void)
 *fill*         0x08050b57        0x1 37008
 .text          0x08050b58       0x65 /x86/lib/libcpp.a(newaop.o)
                0x08050b58                __builtin_vec_new
 *fill*         0x08050bbd        0x3 37008
 .text          0x08050bc0       0x81 /x86/lib/libcpp.a(newop.o)
                0x08050bc0                __builtin_new
 *fill*         0x08050c41        0x3 37008
 .text          0x08050c44       0x8f /x86/lib/libcpp.a(nomemory.o)
                0x08050c5c                std::_Nomemory(void)
 *fill*         0x08050cd3        0x1 37008
 .text          0x08050cd4      0x205 /x86/lib/libcpp.a(string.o)
                0x08050cd4                std::_String_base::_Xlen(void) const
                0x08050dd8                std::_String_base::_Xran(void) const
 *fill*         0x08050ed9        0x3 37008
 .text          0x08050edc        0x7 /x86/lib/libcpp.a(uncaught.o)
                0x08050edc                std::uncaught_exception(void)
 *fill*         0x08050ee3        0x1 37008
 .text          0x08050ee4     0x10aa /x86/lib/libcpp.a(wlocale.o)
                0x08050ee4                std::locale::_Locimp::_Makewloc(std::_Locinfo const &, int, std::locale::_Locimp *, std::locale const *)
 *fill*         0x08051f8e        0x2 37008
 .text          0x08051f90      0xa0e /x86/lib/libcpp.a(xlocale.o)
                0x08051f90                std::locale::_Locimp::_Makexloc(std::_Locinfo const &, int, std::locale::_Locimp *, std::locale const *)
 *fill*         0x0805299e        0x2 37008
 .text          0x080529a0       0xe5 /x86/lib/libcpp.a(xlock.o)
                0x08052a0c                std::_Lockit::_Lockit(int)
                0x08052a4c                std::_Lockit::~_Lockit(void)
 *fill*         0x08052a85        0x3 37008
 .text          0x08052a88       0x3f /x86/lib/libcpp.a(xmtx.o)
                0x08052a88                _Mtxinit
 *fill*         0x08052ac7        0x1 37008
 .text          0x08052ac8       0x95 /x86/lib/libcpp.a(xmutex.o)
                0x08052af4                std::_Mutex::~_Mutex(void)
                0x08052b48                std::_Mutex::_Unlock(void)
                0x08052b30                std::_Mutex::_Lock(void)
                0x08052ac8                std::_Mutex::_Mutex(void)
 *fill*         0x08052b5d        0x3 37008
 .text          0x08052b60       0x15 /x86/lib/libcpp.a(new.o)
                0x08052b60                std::set_new_handler(void (*)(void))
 *fill*         0x08052b75        0x3 37008
 .text          0x08052b78       0x35 /usr/lib/gcc-lib/ntox86/2.95.3/exceptions/libgcc.a(_cmpdi2.o)
                0x08052b78                __cmpdi2
 *fill*         0x08052bad        0x3 37008
 .text          0x08052bb0      0xcbb /usr/lib/gcc-lib/ntox86/2.95.3/exceptions/libgcc.a(_eh.o)
                0x08052be8                __throw_type_match
                0x08052cd0                __get_eh_info
                0x080537ac                __rethrow
                0x08052cb0                __get_eh_context
                0x08052e7c                __sjthrow
                0x080536f4                __throw
                0x08052c1c                __empty
                0x08053380                __unwinding_cleanup
                0x080530e0                __get_eh_table_language
                0x08052f9c                __sjpopnthrow
                0x08053094                __eh_rtime_match
                0x08052e58                __get_dynamic_handler_chain
                0x08052bb0                __default_terminate
                0x08052bc8                __terminate
                0x080530d4                __get_eh_table_version
 *fill*         0x0805386b        0x1 37008
 .text          0x0805386c      0x112 /usr/lib/gcc-lib/ntox86/2.95.3/exceptions/libgcc.a(_udivdi3.o)
                0x0805386c                __udivdi3
 *fill*         0x0805397e        0x2 37008
 .text          0x08053980      0x67c /usr/lib/gcc-lib/ntox86/2.95.3/exceptions/libgcc.a(exception.o)
                0x08053fcc                exception::what(void) const
                0x08053b34                __cp_push_exception
                0x08053a00                unexpected(void)
                0x08053a1c                __cp_exception_info
                0x080539b8                set_terminate(void (*)(void))
                0x08053c50                __uncatch_exception
                0x080539a0                __default_unexpected(void)
                0x08053c80                __check_eh_spec
                0x08053e54                __throw_bad_cast
                0x08053980                terminate(void)
                0x080539dc                set_unexpected(void (*)(void))
                0x08053a5c                __start_cp_handler
                0x08053adc                __cplus_type_matcher
                0x08053ab8                __eh_free
                0x08053ba8                __cp_pop_exception
                0x08053ef8                __throw_bad_typeid
                0x08053a3c                __cp_eh_info
                0x08053f9c                uncaught_exception(void)
                0x08053a84                __eh_alloc
 .text          0x08053ffc      0xf0b /usr/lib/gcc-lib/ntox86/2.95.3/exceptions/libgcc.a(frame.o)
                0x08054adc                __register_frame
                0x08054c98                __frame_state_for
                0x08054b8c                __register_frame_table
                0x08054bc0                __deregister_frame_info
                0x08054c6c                __deregister_frame
                0x08054b10                __register_frame_info_table
                0x08054a5c                __register_frame_info
 *fill*         0x08054f07        0x1 37008
 .text          0x08054f08      0x31d /usr/lib/gcc-lib/ntox86/2.95.3/exceptions/libgcc.a(tinfo.o)
                0x080550d0                __class_type_info::dcast(type_info const &, int, void *, type_info const *, void *) const
                0x08054f08                type_info::~type_info(void)
                0x08055008                __rtti_user
                0x08054fc8                __rtti_si
                0x0805503c                __user_type_info::dcast(type_info const &, int, void *, type_info const *, void *) const
                0x08055070                __si_type_info::dcast(type_info const &, int, void *, type_info const *, void *) const
                0x08054f40                type_info::operator==(type_info const &) const
                0x08054f80                __rtti_class
 *fill*         0x08055225        0x3 37008
 .text          0x08055228      0xaec /usr/lib/gcc-lib/ntox86/2.95.3/exceptions/libgcc.a(tinfo2.o)
                0x08055b94                unsigned int type_info function
                0x08055914                long long type_info function
                0x08055228                type_info::before(type_info const &) const
                0x08055814                __rtti_ptmd
                0x08055848                __rtti_array
                0x08055cd4                signed char type_info function
                0x0805576c                __rtti_attr
                0x08055a54                char type_info function
                0x080559d4                short type_info function
                0x080558d4                void type_info function
                0x08055994                int type_info function
                0x08055a14                bool type_info function
                0x08055258                __throw_type_match_rtti
                0x080556e0                __is_pointer(void *)
                0x08055c94                unsigned char type_info function
                0x08055c14                unsigned long long type_info function
                0x08055b14                double type_info function
                0x08055a94                wchar_t type_info function
                0x080557ac                __rtti_func
                0x08055734                __rtti_ptr
                0x08055ad4                long double type_info function
                0x08055b54                float type_info function
                0x08055bd4                unsigned long type_info function
                0x080557e0                __rtti_ptmf
                0x08055c54                unsigned short type_info function
                0x08055954                long type_info function
                0x0805587c                __dynamic_cast
 .text          0x08055d14        0xe /x86/lib/libc.a(getpid.o)
                0x08055d14                getpid
 *fill*         0x08055d22        0x2 37008
 .text          0x08055d24       0x7e /x86/lib/libc.a(pthread_mutex_lock.o)
                0x08055d24                pthread_mutex_lock
 *fill*         0x08055da2        0x2 37008
 .text          0x08055da4       0x18 /x86/lib/libc.a(pthread_mutex_init.o)
                0x08055da4                pthread_mutex_init
 .text          0x08055dbc       0x13 /x86/lib/libc.a(pthread_mutex_destroy.o)
                0x08055dbc                pthread_mutex_destroy
 *fill*         0x08055dcf        0x1 37008
 .text          0x08055dd0       0x53 /x86/lib/libc.a(pthread_mutex_unlock.o)
                0x08055dd0                pthread_mutex_unlock
 *fill*         0x08055e23        0x1 37008
 .text          0x08055e24        0x7 /x86/lib/libc.a(pthread_mutexattr_destroy.o)
                0x08055e24                pthread_mutexattr_destroy
 *fill*         0x08055e2b        0x1 37008
 .text          0x08055e2c       0x1e /x86/lib/libc.a(pthread_mutexattr_init.o)
                0x08055e2c                pthread_mutexattr_init
 *fill*         0x08055e4a        0x2 37008
 .text          0x08055e4c       0x6d /x86/lib/libc.a(pthread_mutexattr_settype.o)
                0x08055e4c                pthread_mutexattr_settype
 *fill*         0x08055eb9        0x3 37008
 .text          0x08055ebc       0xba /x86/lib/libc.a(pthread_once.o)
                0x08055ed0                __pthread_once
                0x08055f54                pthread_once
 *fill*         0x08055f76        0x2 37008
 .text          0x08055f78      0x58a /x86/lib/libc.a(malloc.o)
                0x0805602c                malloc
                0x080564cc                calloc
                0x08056250                _posix_memalign
                0x08056318                realloc
                0x08056188                memalign
                0x080562d0                valloc
                0x08056250                posix_memalign
                0x08055f78                free
 *fill*         0x08056502        0x2 37008
 .text          0x08056504       0xfa /x86/lib/libc.a(util.o)
                0x08056504                _malloc_log
                0x080565c0                malloc_abort
                0x08056590                _malloc_error
 *fill*         0x080565fe        0x2 37008
 .text          0x08056600       0x11 /x86/lib/libc.a(_exit.o)
                0x08056600                _exit
 *fill*         0x08056611        0x3 37008
 .text          0x08056614       0xc4 /x86/lib/libc.a(abort.o)
                0x08056614                abort
 .text          0x080566d8       0x37 /x86/lib/libc.a(atexit.o)
                0x080566d8                atexit
 *fill*         0x0805670f        0x1 37008
 .text          0x08056710       0x18 /x86/lib/libc.a(exit.o)
                0x08056710                exit
 .text          0x08056728        0xa /x86/lib/libc.a(localeco.o)
                0x08056728                localeconv
 *fill*         0x08056732        0x2 37008
 .text          0x08056734       0x45 /x86/lib/libc.a(mbrtowc.o)
                0x08056734                mbrtowc
 *fill*         0x08056779        0x3 37008
 .text          0x0805677c       0x25 /x86/lib/libc.a(raise.o)
                0x0805677c                raise
 *fill*         0x080567a1        0x3 37008
 .text          0x080567a4      0x48b /x86/lib/libc.a(setlocal.o)
                0x080567a4                _Getcloc
                0x080569d0                _Getlname
                0x08056b8c                setlocale
                0x0805691c                _Getnloc
 *fill*         0x08056c2f        0x1 37008
 .text          0x08056c30       0x42 /x86/lib/libc.a(wcrtomb.o)
                0x08056c30                wcrtomb
 *fill*         0x08056c72        0x2 37008
 .text          0x08056c74       0x42 /x86/lib/libc.a(xbtowc.o)
                0x08056c74                _Btowc
 *fill*         0x08056cb6        0x2 37008
 .text          0x08056cb8      0x210 /x86/lib/libc.a(xdefloc.o)
                0x08056cb8                _Defloc
 .text          0x08056ec8      0x199 /x86/lib/libc.a(xdscale.o)
                0x08056ec8                _Dscale
 *fill*         0x08057061        0x3 37008
 .text          0x08057064       0x9a /x86/lib/libc.a(xdunscal.o)
                0x08057064                _Dunscale
 *fill*         0x080570fe        0x2 37008
 .text          0x08057100       0x2d /x86/lib/libc.a(xferaise.o)
                0x08057100                _Feraise
 *fill*         0x0805712d        0x3 37008
 .text          0x08057130      0x398 /x86/lib/libc.a(xgetloc.o)
                0x08057130                _Skip
                0x0805715c                _Getloc
 .text          0x080574c8      0x42f /x86/lib/libc.a(xmakeloc.o)
                0x0805754c                _Makeloc
                0x080574f4                _Locsum
 *fill*         0x080578f7        0x1 37008
 .text          0x080578f8      0x248 /x86/lib/libc.a(xmakesta.o)
                0x080578f8                _Makestab
 .text          0x08057b40      0x2ea /x86/lib/libc.a(xmakewct.o)
                0x08057b40                _Makewct
 *fill*         0x08057e2a        0x2 37008
 .text          0x08057e2c      0x1eb /x86/lib/libc.a(xmbtowc.o)
                0x08057e2c                _Mbtowc
 *fill*         0x08058017        0x1 37008
 .text          0x08058018      0x102 /x86/lib/libc.a(xreadloc.o)
                0x08058018                _Readloc
 *fill*         0x0805811a        0x2 37008
 .text          0x0805811c      0x1f8 /x86/lib/libc.a(xsetloc.o)
                0x0805811c                _Setloc
 .text          0x08058314      0x189 /x86/lib/libc.a(xstod.o)
                0x08058314                _Stod
 *fill*         0x0805849d        0x3 37008
 .text          0x080584a0      0x106 /x86/lib/libc.a(xstof.o)
                0x080584a0                _Stof
 *fill*         0x080585a6        0x2 37008
 .text          0x080585a8      0x256 /x86/lib/libc.a(xstoflt.o)
                0x080585a8                _Stoflt
 *fill*         0x080587fe        0x2 37008
 .text          0x08058800      0x1b4 /x86/lib/libc.a(xstold.o)
                0x08058800                _Stold
 .text          0x080589b4      0x11b /x86/lib/libc.a(xstopfx.o)
                0x080589b4                _Stopfx
 *fill*         0x08058acf        0x1 37008
 .text          0x08058ad0      0x28b /x86/lib/libc.a(xstoxflt.o)
                0x08058ad0                _Stoxflt
 *fill*         0x08058d5b        0x1 37008
 .text          0x08058d5c      0x1f7 /x86/lib/libc.a(xwctomb.o)
                0x08058d5c                _Wctomb
 *fill*         0x08058f53        0x1 37008
 .text          0x08058f54       0x28 /x86/lib/libc.a(ChannelCreate.o)
                0x08058f54                ChannelCreate
 .text          0x08058f7c       0x28 /x86/lib/libc.a(ConnectAttach.o)
                0x08058f7c                ConnectAttach
 .text          0x08058fa4       0x2c /x86/lib/libc.a(MsgReceive.o)
                0x08058fa4                MsgReceive
 .text          0x08058fd0       0x2c /x86/lib/libc.a(MsgReply.o)
                0x08058fd0                MsgReply
 .text          0x08058ffc       0x28 /x86/lib/libc.a(SignalKill.o)
                0x08058ffc                SignalKill
 .text          0x08059024       0x20 /x86/lib/libc.a(SyncDestroy_r.o)
                0x08059024                SyncDestroy_r
 .text          0x08059044       0x20 /x86/lib/libc.a(SyncMutexUnlock_r.o)
                0x08059044                SyncMutexUnlock_r
 .text          0x08059064       0x20 /x86/lib/libc.a(SyncMutexLock_r.o)
                0x08059064                SyncMutexLock_r
 .text          0x08059084       0x20 /x86/lib/libc.a(SyncTypeCreate_r.o)
                0x08059084                SyncTypeCreate_r
 .text          0x080590a4       0x18 /x86/lib/libc.a(__ker_err.o)
                0x080590a4                __ker_err
 .text          0x080590bc        0xe /x86/lib/libc.a(gettid.o)
                0x080590bc                gettid
 *fill*         0x080590ca        0x2 37008
 .text          0x080590cc       0x19 /x86/lib/libc.a(spawnl.o)
                0x080590cc                spawnl
 *fill*         0x080590e5        0x3 37008
 .text          0x080590e8       0xb8 /x86/lib/libc.a(spawnve.o)
                0x08059188                spawnv
                0x080590e8                spawnve
 .text          0x080591a0      0x2d2 /x86/lib/libc.a(slog.o)
                0x08059358                vslogf
                0x080592b0                slogi
                0x0805926c                slogb
                0x08059458                slogf
 *fill*         0x08059472        0x2 37008
 .text          0x08059474      0x186 /x86/lib/libc.a(fclose.o)
                0x08059474                fclose
 *fill*         0x080595fa        0x2 37008
 .text          0x080595fc       0xbc /x86/lib/libc.a(fflush.o)
                0x08059610                fflush
                0x080595fc                flushall
 .text          0x080596b8       0x9e /x86/lib/libc.a(fgetc.o)
                0x080596b8                fgetc
 *fill*         0x08059756        0x2 37008
 .text          0x08059758       0x16 /x86/lib/libc.a(fgetpos.o)
                0x08059758                fgetpos
 *fill*         0x0805976e        0x2 37008
 .text          0x08059770      0x154 /x86/lib/libc.a(fgets.o)
                0x08059770                fgets
 .text          0x080598c4        0xb /x86/lib/libc.a(fileno.o)
                0x080598c4                fileno
 *fill*         0x080598cf        0x1 37008
 .text          0x080598d0       0x86 /x86/lib/libc.a(flockfile.o)
                0x080598d0                flockfile
 *fill*         0x08059956        0x2 37008
 .text          0x08059958       0x18 /x86/lib/libc.a(fopen.o)
                0x08059958                fopen
 .text          0x08059970       0xa3 /x86/lib/libc.a(fputc.o)
                0x08059970                fputc
 *fill*         0x08059a13        0x1 37008
 .text          0x08059a14      0x11c /x86/lib/libc.a(fputs.o)
                0x08059a14                fputs
 .text          0x08059b30       0x1e /x86/lib/libc.a(fseek.o)
                0x08059b30                fseek
 *fill*         0x08059b4e        0x2 37008
 .text          0x08059b50       0x1c /x86/lib/libc.a(fsetpos.o)
                0x08059b50                fsetpos
 .text          0x08059b6c       0x65 /x86/lib/libc.a(funlockfile.o)
                0x08059b6c                funlockfile
 *fill*         0x08059bd1        0x3 37008
 .text          0x08059bd4      0x126 /x86/lib/libc.a(fwrite.o)
                0x08059bd4                fwrite
 *fill*         0x08059cfa        0x2 37008
 .text          0x08059cfc       0xcf /x86/lib/libc.a(setvbuf.o)
                0x08059cfc                setvbuf
 *fill*         0x08059dcb        0x1 37008
 .text          0x08059dcc       0x29 /x86/lib/libc.a(sprintf.o)
                0x08059dcc                sprintf
 *fill*         0x08059df5        0x3 37008
 .text          0x08059df8       0x23 /x86/lib/libc.a(strerror.o)
                0x08059df8                strerror
 *fill*         0x08059e1b        0x1 37008
 .text          0x08059e1c       0x93 /x86/lib/libc.a(ungetc.o)
                0x08059e1c                ungetc
 *fill*         0x08059eaf        0x1 37008
 .text          0x08059eb0       0x49 /x86/lib/libc.a(vsnprintf.o)
                0x08059eb0                vsnprintf
 *fill*         0x08059ef9        0x3 37008
 .text          0x08059efc       0x28 /x86/lib/libc.a(vsprintf.o)
                0x08059efc                vsprintf
 .text          0x08059f24      0x12a /x86/lib/libc.a(xfgpos.o)
                0x08059f24                _Fgpos
 *fill*         0x0805a04e        0x2 37008
 .text          0x0805a050      0x10f /x86/lib/libc.a(xfrprep.o)
                0x0805a050                _Frprep
 *fill*         0x0805a15f        0x1 37008
 .text          0x0805a160      0x170 /x86/lib/libc.a(xfspos.o)
                0x0805a160                _Fspos
 .text          0x0805a2d0       0xa2 /x86/lib/libc.a(xfwprep.o)
                0x0805a2d0                _Fwprep
 *fill*         0x0805a372        0x2 37008
 .text          0x0805a374      0x297 /x86/lib/libc.a(xprintf.o)
                0x0805a374                _Printf
 *fill*         0x0805a60b        0x1 37008
 .text          0x0805a60c      0x391 /x86/lib/libc.a(xputfld.o)
                0x0805a60c                _Putfld
 *fill*         0x0805a99d        0x3 37008
 .text          0x0805a9a0      0x173 /x86/lib/libc.a(xputstr.o)
                0x0805a9a0                _Putstr
 *fill*         0x0805ab13        0x1 37008
 .text          0x0805ab14      0x20a /x86/lib/libc.a(xputtxt.o)
                0x0805ab14                _Puttxt
 *fill*         0x0805ad1e        0x2 37008
 .text          0x0805ad20       0x52 /x86/lib/libc.a(xsnprout.o)
                0x0805ad20                _Snprout
 *fill*         0x0805ad72        0x2 37008
 .text          0x0805ad74       0x20 /x86/lib/libc.a(xsprout.o)
                0x0805ad74                _Sprout
 .text          0x0805ad94       0x16 /x86/lib/libc.a(atoi.o)
                0x0805ad94                atoi
 *fill*         0x0805adaa        0x2 37008
 .text          0x0805adac       0x19 /x86/lib/libc.a(itoa.o)
                0x0805adac                itoa
 *fill*         0x0805adc5        0x3 37008
 .text          0x0805adc8       0x3d /x86/lib/libc.a(ltoa.o)
                0x0805adc8                ltoa
 *fill*         0x0805ae05        0x3 37008
 .text          0x0805ae08       0x1c /x86/lib/libc.a(memchr.o)
                0x0805ae08                memchr
 .text          0x0805ae24       0x37 /x86/lib/libc.a(memcmp.o)
                0x0805ae24                memcmp
 *fill*         0x0805ae5b        0x1 37008
 .text          0x0805ae5c       0x29 /x86/lib/libc.a(memcpy.o)
                0x0805ae5c                memcpy
 *fill*         0x0805ae85        0x3 37008
 .text          0x0805ae88       0x43 /x86/lib/libc.a(memmove.o)
                0x0805ae88                memmove
 *fill*         0x0805aecb        0x1 37008
 .text          0x0805aecc       0x77 /x86/lib/libc.a(memset.o)
                0x0805aecc                memset
 *fill*         0x0805af43        0x1 37008
 .text          0x0805af44       0x2b /x86/lib/libc.a(strcat.o)
                0x0805af44                strcat
 *fill*         0x0805af6f        0x1 37008
 .text          0x0805af70       0x23 /x86/lib/libc.a(strchr.o)
                0x0805af70                strchr
 *fill*         0x0805af93        0x1 37008
 .text          0x0805af94       0x30 /x86/lib/libc.a(strcmp.o)
                0x0805af94                strcmp
 .text          0x0805afc4      0x117 /x86/lib/libc.a(strcoll.o)
                0x0805afe4                strcoll
 *fill*         0x0805b0db        0x1 37008
 .text          0x0805b0dc       0x27 /x86/lib/libc.a(strcpy.o)
                0x0805b0dc                strcpy
 *fill*         0x0805b103        0x1 37008
 .text          0x0805b104       0x3d /x86/lib/libc.a(strcspn.o)
                0x0805b104                strcspn
 *fill*         0x0805b141        0x3 37008
 .text          0x0805b144       0x57 /x86/lib/libc.a(strdup.o)
                0x0805b144                _strdup
                0x0805b158                strdup
 *fill*         0x0805b19b        0x1 37008
 .text          0x0805b19c       0x1a /x86/lib/libc.a(strlen.o)
                0x0805b19c                strlen
 *fill*         0x0805b1b6        0x2 37008
 .text          0x0805b1b8       0x3b /x86/lib/libc.a(strncmp.o)
                0x0805b1b8                strncmp
 *fill*         0x0805b1f3        0x1 37008
 .text          0x0805b1f4       0x21 /x86/lib/libc.a(strrchr.o)
                0x0805b1f4                strrchr
 *fill*         0x0805b215        0x3 37008
 .text          0x0805b218       0x36 /x86/lib/libc.a(strspn.o)
                0x0805b218                strspn
 *fill*         0x0805b24e        0x2 37008
 .text          0x0805b250       0x18 /x86/lib/libc.a(strtol.o)
                0x0805b250                strtol
 .text          0x0805b268       0x18 /x86/lib/libc.a(strtoll.o)
                0x0805b268                strtoll
 .text          0x0805b280       0x18 /x86/lib/libc.a(strtoul.o)
                0x0805b280                strtoul
 .text          0x0805b298       0x18 /x86/lib/libc.a(strtoull.o)
                0x0805b298                strtoull
 .text          0x0805b2b0       0x7b /x86/lib/libc.a(strxfrm.o)
                0x0805b2b0                strxfrm
 *fill*         0x0805b32b        0x1 37008
 .text          0x0805b32c       0x1a /x86/lib/libc.a(ultoa.o)
                0x0805b32c                ultoa
 *fill*         0x0805b346        0x2 37008
 .text          0x0805b348      0x147 /x86/lib/libc.a(wcscoll.o)
                0x0805b3a4                wcscoll
 *fill*         0x0805b48f        0x1 37008
 .text          0x0805b490       0x1f /x86/lib/libc.a(wcslen.o)
                0x0805b490                wcslen
 *fill*         0x0805b4af        0x1 37008
 .text          0x0805b4b0       0xc2 /x86/lib/libc.a(wcsxfrm.o)
                0x0805b4b0                wcsxfrm
 *fill*         0x0805b572        0x2 37008
 .text          0x0805b574       0x3b /x86/lib/libc.a(wmemcmp.o)
                0x0805b574                wmemcmp
 *fill*         0x0805b5af        0x1 37008
 .text          0x0805b5b0       0x27 /x86/lib/libc.a(wmemcpy.o)
                0x0805b5b0                wmemcpy
 *fill*         0x0805b5d7        0x1 37008
 .text          0x0805b5d8       0x54 /x86/lib/libc.a(wmemmove.o)
                0x0805b5d8                wmemmove
 .text          0x0805b62c       0x21 /x86/lib/libc.a(wmemset.o)
                0x0805b62c                wmemset
 *fill*         0x0805b64d        0x3 37008
 .text          0x0805b650      0x3c6 /x86/lib/libc.a(xstrxfrm.o)
                0x0805b650                _CStrxfrm
 *fill*         0x0805ba16        0x2 37008
 .text          0x0805ba18      0x180 /x86/lib/libc.a(xwcsxfrm.o)
                0x0805ba18                _CWcsxfrm
 .text          0x0805bb98       0x52 /x86/lib/libc.a(__cleanup.o)
                0x0805bb98                __cleanup_push
                0x0805bbbc                __cleanup_pop
 *fill*         0x0805bbea        0x2 37008
 .text          0x0805bbec        0xe /x86/lib/libc.a(__get_errno_ptr.o)
                0x0805bbec                __get_errno_ptr
 *fill*         0x0805bbfa        0x2 37008
 .text          0x0805bbfc       0x12 /x86/lib/libc.a(__stackavail.o)
                0x0805bbfc                __stackavail
 *fill*         0x0805bc0e        0x2 37008
 .text          0x0805bc10        0xb /x86/lib/libc.a(__tls.o)
                0x0805bc10                __tls
 *fill*         0x0805bc1b        0x1 37008
 .text          0x0805bc1c       0xd3 /x86/lib/libc.a(_init_libc.o)
                0x0805bc1c                _init_libc
 *fill*         0x0805bcef        0x1 37008
 .text          0x0805bcf0       0x1b /x86/lib/libc.a(_math_emu_stub.o)
                0x0805bcf0                _math_emu_stub
 *fill*         0x0805bd0b        0x1 37008
 .text          0x0805bd0c       0x55 /x86/lib/libc.a(asctime.o)
                0x0805bd0c                asctime
                0x0805bd38                asctime_r
 *fill*         0x0805bd61        0x3 37008
 .text          0x0805bd64       0xbd /x86/lib/libc.a(time.o)
                0x0805bd64                time
 *fill*         0x0805be21        0x3 37008
 .text          0x0805be24      0x18a /x86/lib/libc.a(xstrftim.o)
                0x0805be24                _CStrftime
 *fill*         0x0805bfae        0x2 37008
 .text          0x0805bfb0      0x5b3 /x86/lib/libc.a(xtzset.o)
                0x0805c41c                _Tzset
 *fill*         0x0805c563        0x1 37008
 .text          0x0805c564      0x37f /x86/lib/libc.a(random.o)
                0x0805c850                random
                0x0805c764                setstate
                0x0805c5f0                initstate
                0x0805c564                srandom
 *fill*         0x0805c8e3        0x1 37008
 .text          0x0805c8e4       0x74 /x86/lib/libc.a(close.o)
                0x0805c8e4                close
 .text          0x0805c958       0xa6 /x86/lib/libc.a(lseek.o)
                0x0805c9cc                lseek
                0x0805c9e8                tell
                0x0805c9b4                tell64
                0x0805c958                lseek64
 *fill*         0x0805c9fe        0x2 37008
 .text          0x0805ca00       0x19 /x86/lib/libc.a(open.o)
                0x0805ca00                open
 *fill*         0x0805ca19        0x3 37008
 .text          0x0805ca1c       0x3d /x86/lib/libc.a(read.o)
                0x0805ca1c                read
 *fill*         0x0805ca59        0x3 37008
 .text          0x0805ca5c       0x20 /x86/lib/libc.a(sigaction.o)
                0x0805ca5c                sigaction
 .text          0x0805ca7c       0x3f /x86/lib/libc.a(sigdelset.o)
                0x0805ca7c                sigdelset
 *fill*         0x0805cabb        0x1 37008
 .text          0x0805cabc       0x17 /x86/lib/libc.a(sigfillset.o)
                0x0805cabc                sigfillset
 *fill*         0x0805cad3        0x1 37008
 .text          0x0805cad4       0x43 /x86/lib/libc.a(sigstub.o)
                0x0805cad4                __signalstub
 *fill*         0x0805cb17        0x1 37008
 .text          0x0805cb18       0x9b /x86/lib/libc.a(sysconf.o)
                0x0805cba0                sysconf
                0x0805cb78                _sysconf
 *fill*         0x0805cbb3        0x1 37008
 .text          0x0805cbb4       0x2f /x86/lib/libc.a(waitpid.o)
                0x0805cbb4                waitpid
 *fill*         0x0805cbe3        0x1 37008
 .text          0x0805cbe4       0x53 /x86/lib/libc.a(write.o)
                0x0805cbe4                write
 *fill*         0x0805cc37        0x1 37008
 .text          0x0805cc38       0xf4 /x86/lib/libc.a(confstr.o)
                0x0805ccac                confstr
 .text          0x0805cd2c       0x11 /x86/lib/libc.a(__my_thread_exit.o)
                0x0805cd2c                __my_thread_exit
 *fill*         0x0805cd3d        0x3 37008
 .text          0x0805cd40       0x15 /x86/lib/libc.a(pthread_cond_broadcast.o)
                0x0805cd40                pthread_cond_broadcast
 *fill*         0x0805cd55        0x3 37008
 .text          0x0805cd58       0x39 /x86/lib/libc.a(pthread_cond_wait.o)
                0x0805cd58                pthread_cond_wait
 *fill*         0x0805cd91        0x3 37008
 .text          0x0805cd94       0xbb /x86/lib/libc.a(pthread_exit.o)
                0x0805cd94                pthread_exit
 *fill*         0x0805ce4f        0x1 37008
 .text          0x0805ce50        0xe /x86/lib/libc.a(pthread_self.o)
                0x0805ce50                pthread_self
 *fill*         0x0805ce5e        0x2 37008
 .text          0x0805ce60       0x2b /x86/lib/libc.a(pthread_sigmask.o)
                0x0805ce60                pthread_sigmask
 *fill*         0x0805ce8b        0x1 37008
 .text          0x0805ce8c      0x476 /x86/lib/libc.a(band.o)
                0x0805cf0c                _check_bands
                0x0805d0e8                _band_get_aligned
                0x0805d1d4                _band_rlse
                0x0805d1bc                _band_get
 *fill*         0x0805d302        0x2 37008
 .text          0x0805d304      0x1a6 /x86/lib/libc.a(compat.o)
                0x0805d3ec                mprobe
                0x0805d45c                mallopt
                0x0805d304                mallinfo
                0x0805d394                mcheck
 *fill*         0x0805d4aa        0x2 37008
 .text          0x0805d4ac      0xa9a /x86/lib/libc.a(dlist.o)
                0x0805dea0                malloc_opts
                0x0805d838                _list_memalign
                0x0805dd4c                _list_resize
                0x0805db68                _list_alloc
                0x0805d4ac                _check_arena
                0x0805d5f4                _check_list
                0x0805db80                _list_release
                0x0805de98                _list_gc
 *fill*         0x0805df46        0x2 37008
 .text          0x0805df48       0x1a /x86/lib/libc.a(__exit.o)
                0x0805df48                __exit
 *fill*         0x0805df62        0x2 37008
 .text          0x0805df64       0x81 /x86/lib/libc.a(_cleanup.o)
                0x0805df64                _cleanup
 *fill*         0x0805dfe5        0x3 37008
 .text          0x0805dfe8       0x3f /x86/lib/libc.a(getenv.o)
                0x0805dfe8                getenv
 *fill*         0x0805e027        0x1 37008
 .text          0x0805e028      0x137 /x86/lib/libc.a(xdnorm.o)
                0x0805e028                _Dnorm
 *fill*         0x0805e15f        0x1 37008
 .text          0x0805e160      0x1c0 /x86/lib/libc.a(xdtento.o)
                0x0805e1c8                _Dtento
 .text          0x0805e320      0x126 /x86/lib/libc.a(xfdscale.o)
                0x0805e320                _FDscale
 *fill*         0x0805e446        0x2 37008
 .text          0x0805e448      0x190 /x86/lib/libc.a(xfdtento.o)
                0x0805e47c                _FDtento
 .text          0x0805e5d8       0x86 /x86/lib/libc.a(xfdunsca.o)
                0x0805e5d8                _FDunscale
 *fill*         0x0805e65e        0x2 37008
 .text          0x0805e660      0x12e /x86/lib/libc.a(xfreeloc.o)
                0x0805e660                _Freeloc
 *fill*         0x0805e78e        0x2 37008
 .text          0x0805e790      0x195 /x86/lib/libc.a(xldscale.o)
                0x0805e790                _LDscale
 *fill*         0x0805e925        0x3 37008
 .text          0x0805e928      0x190 /x86/lib/libc.a(xldtento.o)
                0x0805e95c                _LDtento
 .text          0x0805eab8       0xab /x86/lib/libc.a(xldunsca.o)
                0x0805eab8                _LDunscale
 *fill*         0x0805eb63        0x1 37008
 .text          0x0805eb64      0x162 /x86/lib/libc.a(xlocterm.o)
                0x0805eb64                _Locvar
                0x0805eba0                _Locterm
 *fill*         0x0805ecc6        0x2 37008
 .text          0x0805ecc8      0x3dd /x86/lib/libc.a(xstoint.o)
                0x0805ecc8                _Stoint
 *fill*         0x0805f0a5        0x3 37008
 .text          0x0805f0a8       0x20 /x86/lib/libc.a(ClockTime_r.o)
                0x0805f0a8                ClockTime_r
 .text          0x0805f0c8       0x20 /x86/lib/libc.a(ConnectDetach_r.o)
                0x0805f0c8                ConnectDetach_r
 .text          0x0805f0e8       0x30 /x86/lib/libc.a(MsgSend.o)
                0x0805f0e8                MsgSend
 .text          0x0805f118       0x2c /x86/lib/libc.a(MsgSendnc_r.o)
                0x0805f118                MsgSendnc_r
 .text          0x0805f144       0x28 /x86/lib/libc.a(MsgSendv.o)
                0x0805f144                MsgSendv
 .text          0x0805f16c       0x24 /x86/lib/libc.a(MsgSendvnc_r.o)
                0x0805f16c                MsgSendvnc_r
 .text          0x0805f190       0x28 /x86/lib/libc.a(SignalAction.o)
                0x0805f190                SignalAction
 .text          0x0805f1b8       0x20 /x86/lib/libc.a(SignalProcmask_r.o)
                0x0805f1b8                SignalProcmask_r
 .text          0x0805f1d8       0x20 /x86/lib/libc.a(SyncCondvarSignal_r.o)
                0x0805f1d8                SyncCondvarSignal_r
 .text          0x0805f1f8       0x20 /x86/lib/libc.a(SyncCondvarWait_r.o)
                0x0805f1f8                SyncCondvarWait_r
 .text          0x0805f218       0x28 /x86/lib/libc.a(ThreadDestroy.o)
                0x0805f218                ThreadDestroy
 .text          0x0805f240       0x20 /x86/lib/libc.a(ThreadDestroy_r.o)
                0x0805f240                ThreadDestroy_r
 .text          0x0805f260       0x28 /x86/lib/libc.a(__SysCpupageGet.o)
                0x0805f260                __SysCpupageGet
 .text          0x0805f288       0x28 /x86/lib/libc.a(__SysCpupageSet.o)
                0x0805f288                __SysCpupageSet
 .text          0x0805f2b0      0x407 /x86/lib/libc.a(spawn.o)
                0x0805f2b0                spawn
 *fill*         0x0805f6b7        0x1 37008
 .text          0x0805f6b8       0x84 /x86/lib/libc.a(sysmgr_confstr_set.o)
                0x0805f6b8                sysmgr_confstr_set
 .text          0x0805f73c       0x6a /x86/lib/libc.a(_fsopen.o)
                0x0805f73c                _fsopen
 *fill*         0x0805f7a6        0x2 37008
 .text          0x0805f7a8      0x112 /x86/lib/libc.a(fdopen.o)
                0x0805f7a8                fdopen
 *fill*         0x0805f8ba        0x2 37008
 .text          0x0805f8bc       0x50 /x86/lib/libc.a(fprintf.o)
                0x0805f8bc                fprintf
 .text          0x0805f90c       0x81 /x86/lib/libc.a(xfbuf.o)
                0x0805f90c                _Fbuf
 *fill*         0x0805f98d        0x3 37008
 .text          0x0805f990       0x2b /x86/lib/libc.a(xfprout.o)
                0x0805f990                _Fprout
 *fill*         0x0805f9bb        0x1 37008
 .text          0x0805f9bc      0x532 /x86/lib/libc.a(xldtob.o)
                0x0805f9bc                _Ldtob
 *fill*         0x0805feee        0x2 37008
 .text          0x0805fef0      0x1dd /x86/lib/libc.a(xlitob.o)
                0x0805fef0                _Litob
 *fill*         0x080600cd        0x3 37008
 .text          0x080600d0       0x94 /x86/lib/libc.a(ulltoa.o)
                0x080600d0                ulltoa
 .text          0x08060164      0x279 /x86/lib/libc.a(_conf_get.o)
                0x08060164                _conf_get
 *fill*         0x080603dd        0x3 37008
 .text          0x080603e0        0x8 /x86/lib/libc.a(_math_emu_load.o)
                0x080603e0                _math_emulator
 .text          0x080603e8       0x40 /x86/lib/libc.a(_vopen.o)
                0x080603e8                _vopen
 .text          0x08060428      0x122 /x86/lib/libc.a(localtim.o)
                0x08060428                _Tzoff
                0x08060520                localtime
                0x080604a4                _Tzoff_dst
 *fill*         0x0806054a        0x2 37008
 .text          0x0806054c      0xb57 /x86/lib/libc.a(xgentime.o)
                0x08060904                _Gentime
 *fill*         0x080610a3        0x1 37008
 .text          0x080610a4      0x259 /x86/lib/libc.a(xgetdst.o)
                0x08061188                _Getdst
                0x080610f8                __getsecs
 *fill*         0x080612fd        0x3 37008
 .text          0x08061300       0x98 /x86/lib/libc.a(xgetrules.o)
                0x08061300                _Getrules
 .text          0x08061398       0x75 /x86/lib/libc.a(xgettime.o)
                0x08061398                _Gettime
 *fill*         0x0806140d        0x3 37008
 .text          0x08061410        0xd /x86/lib/libc.a(xgetzone.o)
                0x08061410                _Getzone
 *fill*         0x0806141d        0x3 37008
 .text          0x08061420      0x41a /x86/lib/libc.a(xttotm.o)
                0x0806168c                _Ttotm
                0x08061420                _Daysto
 *fill*         0x0806183a        0x2 37008
 .text          0x0806183c      0x121 /x86/lib/libc.a(wait4.o)
                0x0806186c                wait4
 *fill*         0x0806195d        0x3 37008
 .text          0x08061960       0x61 /x86/lib/libc.a(waitid.o)
                0x08061960                waitid
 *fill*         0x080619c1        0x3 37008
 .text          0x080619c4      0x112 /x86/lib/libc.a(fork.o)
                0x08061aa4                fork
                0x080619c4                _fork
 *fill*         0x08061ad6        0x2 37008
 .text          0x08061ad8       0x39 /x86/lib/libc.a(getpgrp.o)
                0x08061ad8                getpgrp
 *fill*         0x08061b11        0x3 37008
 .text          0x08061b14       0x2c /x86/lib/libc.a(isatty.o)
                0x08061b14                isatty
 .text          0x08061b40      0x1c2 /x86/lib/libc.a(core.o)
                0x08061cec                core_enable
                0x08061cb0                donecore
                0x08061c54                morecore
 *fill*         0x08061d02        0x2 37008
 .text          0x08061d04      0x14c /x86/lib/libc.a(_findenv.o)
                0x08061d04                _findenv
 .text          0x08061e50       0x38 /x86/lib/libc.a(ldiv.o)
                0x08061e50                ldiv
 .text          0x08061e88       0xae /x86/lib/libc.a(xfdnorm.o)
                0x08061e88                _FDnorm
 *fill*         0x08061f36        0x2 37008
 .text          0x08061f38      0x13d /x86/lib/libc.a(xldnorm.o)
                0x08061f38                _LDnorm
 *fill*         0x08062075        0x3 37008
 .text          0x08062078       0x28 /x86/lib/libc.a(ConnectDetach.o)
                0x08062078                ConnectDetach
 .text          0x080620a0       0x30 /x86/lib/libc.a(MsgSendnc.o)
                0x080620a0                MsgSendnc
 .text          0x080620d0       0x28 /x86/lib/libc.a(MsgSendvnc.o)
                0x080620d0                MsgSendvnc
 .text          0x080620f8       0x1a /x86/lib/libc.a(sopen.o)
                0x080620f8                sopen
 *fill*         0x08062112        0x2 37008
 .text          0x08062114       0x5d /x86/lib/libc.a(__fpinit.o)
                0x08062114                __fpinit
 *fill*         0x08062171        0x3 37008
 .text          0x08062174       0x9e /x86/lib/libc.a(__parse_oflag.o)
                0x08062174                __parse_oflag
 *fill*         0x08062212        0x2 37008
 .text          0x08062214      0x3ab /x86/lib/libc.a(xgenld.o)
                0x08062214                _Genld
 *fill*         0x080625bf        0x1 37008
 .text          0x080625c0       0x39 /x86/lib/libc.a(strncpy.o)
                0x080625c0                strncpy
 *fill*         0x080625f9        0x3 37008
 .text          0x080625fc       0x41 /x86/lib/libc.a(_connect.o)
                0x080625fc                _connect
 *fill*         0x0806263d        0x3 37008
 .text          0x08062640       0xb6 /x86/lib/libc.a(_connect_entry.o)
                0x08062640                _connect_entry
 *fill*         0x080626f6        0x2 37008
 .text          0x080626f8      0xe3e /x86/lib/libc.a(_connect_ctrl.o)
                0x0806324c                _connect_ctrl
 *fill*         0x08063536        0x2 37008
 .text          0x08063538       0xcd /x86/lib/libc.a(_devctl.o)
                0x08063538                _devctl
 *fill*         0x08063605        0x3 37008
 .text          0x08063608      0x3c7 /x86/lib/libc.a(xisdst.o)
                0x08063608                _Isdst
 *fill*         0x080639cf        0x1 37008
 .text          0x080639d0       0xfe /x86/lib/libc.a(mmap.o)
                0x08063aa8                mmap
                0x08063a78                mmap64
                0x080639d0                _mmap
 *fill*         0x08063ace        0x2 37008
 .text          0x08063ad0       0x4c /x86/lib/libc.a(munmap.o)
                0x08063ad0                munmap
 .text          0x08063b1c       0x38 /x86/lib/libc.a(div.o)
                0x08063b1c                div
 .text          0x08063b54       0x24 /x86/lib/libc.a(ConnectFlags_r.o)
                0x08063b54                ConnectFlags_r
 .text          0x08063b78       0x56 /x86/lib/libc.a(procmgr_session.o)
                0x08063b78                procmgr_session
 *fill*         0x08063bce        0x2 37008
 .text          0x08063bd0       0x69 /x86/lib/libc.a(__fpbufinit.o)
                0x08063bd0                __fpbufinit
 *fill*         0x08063c39        0x3 37008
 .text          0x08063c3c      0x19e /usr/lib/gcc-lib/ntox86/2.95.3/exceptions/libgcc.a(_divdi3.o)
                0x08063c3c                __divdi3
 *fill*         0x08063dda        0x2 37008
 .text          0x08063ddc      0x216 /usr/lib/gcc-lib/ntox86/2.95.3/exceptions/libgcc.a(_moddi3.o)
                0x08063ddc                __moddi3
 *fill*         0x08063ff2        0x2 37008
 .text          0x08063ff4      0x17e /usr/lib/gcc-lib/ntox86/2.95.3/exceptions/libgcc.a(_umoddi3.o)
                0x08063ff4                __umoddi3
 *fill*         0x08064172        0x2 37008
 .text          0x08064174       0x4a /usr/lib/gcc-lib/ntox86/2.95.3/crtendC++.o
 *fill*         0x080641be        0x2 37008
 *(.text.*)
 *(.stub)
 *(.gnu.warning)
 *(.gnu.linkonce.t*)
 .gnu.linkonce.t.__Q23stdt9allocator1ZcRCQ23stdt9allocator1Zc
                0x080641c0        0xa generator_logger.o
                0x080641c0                std::allocator<char>::allocator(std::allocator<char> const &)
 *fill*         0x080641ca        0x2 37008
 .gnu.linkonce.t.__Q23stdt11_String_val2ZcZQ23stdt9allocator1ZcGQ23stdt9allocator1Zc
                0x080641cc       0x29 generator_logger.o
                0x080641cc                std::_String_val<char, std::allocator<char> >::_String_val(std::allocator<char>)
 *fill*         0x080641f5        0x3 37008
 .gnu.linkonce.t._Myptr__Q23stdt12basic_string3ZcZQ23stdt11char_traits1ZcZQ23stdt9allocator1Zc
                0x080641f8       0x1d generator_logger.o
                0x080641f8                std::basic_string<char, std::char_traits<char>, std::allocator<char> >::_Myptr(void)
 *fill*         0x08064215        0x3 37008
 .gnu.linkonce.t.deallocate__Q23stdt9allocator1ZcPcUi
                0x08064218       0x1e generator_logger.o
                0x08064218                std::allocator<char>::deallocate(char *, unsigned int)
 *fill*         0x08064236        0x2 37008
 .gnu.linkonce.t._Eos__Q23stdt12basic_string3ZcZQ23stdt11char_traits1ZcZQ23stdt9allocator1ZcUi
                0x08064238       0x39 generator_logger.o
                0x08064238                std::basic_string<char, std::char_traits<char>, std::allocator<char> >::_Eos(unsigned int)
 *fill*         0x08064271        0x3 37008
 .gnu.linkonce.t._Tidy__Q23stdt12basic_string3ZcZQ23stdt11char_traits1ZcZQ23stdt9allocator1Zcb
                0x08064274       0x57 generator_logger.o
                0x08064274                std::basic_string<char, std::char_traits<char>, std::allocator<char> >::_Tidy(bool)
 *fill*         0x080642cb        0x1 37008
 .gnu.linkonce.t.size__CQ23stdt12basic_string3ZcZQ23stdt11char_traits1ZcZQ23stdt9allocator1Zc
                0x080642cc        0xf generator_logger.o
                0x080642cc                std::basic_string<char, std::char_traits<char>, std::allocator<char> >::size(void) const
 *fill*         0x080642db        0x1 37008
 .gnu.linkonce.t.max_size__CQ23stdt9allocator1Zc
                0x080642dc       0x24 generator_logger.o
                0x080642dc                std::allocator<char>::max_size(void) const
 .gnu.linkonce.t.max_size__CQ23stdt12basic_string3ZcZQ23stdt11char_traits1ZcZQ23stdt9allocator1Zc
                0x08064300       0x3a generator_logger.o
                0x08064300                std::basic_string<char, std::char_traits<char>, std::allocator<char> >::max_size(void) const
 *fill*         0x0806433a        0x2 37008
 .gnu.linkonce.t._Allocate__H1Zc_3stdUiPX01_PX01
                0x0806433c       0x29 generator_logger.o
                0x0806433c                char * std::_Allocate<char>(unsigned int, char *)
 *fill*         0x08064365        0x3 37008
 .gnu.linkonce.t.allocate__Q23stdt9allocator1ZcUi
                0x08064368       0x26 generator_logger.o
                0x08064368                std::allocator<char>::allocate(unsigned int)
 *fill*         0x0806438e        0x2 37008
 .gnu.linkonce.t.allocate__H1Zv_Q23stdt9allocator1ZcUiPCX00_Pc
                0x08064390       0x25 generator_logger.o
                0x08064390                char * std::allocator<char>::allocate<void>(unsigned int, void const *)
 *fill*         0x080643b5        0x3 37008
 .gnu.linkonce.t._Copy__Q23stdt12basic_string3ZcZQ23stdt11char_traits1ZcZQ23stdt9allocator1ZcUiUi
                0x080643b8      0x12d generator_logger.o
                0x080643b8                std::basic_string<char, std::char_traits<char>, std::allocator<char> >::_Copy(unsigned int, unsigned int)
 *fill*         0x080644e5        0x3 37008
 .gnu.linkonce.t._Grow__Q23stdt12basic_string3ZcZQ23stdt11char_traits1ZcZQ23stdt9allocator1ZcUib
                0x080644e8       0x97 generator_logger.o
                0x080644e8                std::basic_string<char, std::char_traits<char>, std::allocator<char> >::_Grow(unsigned int, bool)
 *fill*         0x0806457f        0x1 37008
 .gnu.linkonce.t.erase__Q23stdt12basic_string3ZcZQ23stdt11char_traits1ZcZQ23stdt9allocator1ZcUiUi
                0x08064580       0xc2 generator_logger.o
                0x08064580                std::basic_string<char, std::char_traits<char>, std::allocator<char> >::erase(unsigned int, unsigned int)
 *fill*         0x08064642        0x2 37008
 .gnu.linkonce.t._Myptr__CQ23stdt12basic_string3ZcZQ23stdt11char_traits1ZcZQ23stdt9allocator1Zc
                0x08064644       0x1d generator_logger.o
                0x08064644                std::basic_string<char, std::char_traits<char>, std::allocator<char> >::_Myptr(void) const
 *fill*         0x08064661        0x3 37008
 .gnu.linkonce.t.assign__Q23stdt12basic_string3ZcZQ23stdt11char_traits1ZcZQ23stdt9allocator1ZcRCQ23stdt12basic_string3ZcZQ23stdt11char_traits1ZcZQ23stdt9allocator1ZcUiUi
                0x08064664       0xee generator_logger.o
                0x08064664                std::basic_string<char, std::char_traits<char>, std::allocator<char> >::assign(std::basic_string<char, std::char_traits<char>, std::allocator<char> > const &, unsigned int, unsigned int)
 *fill*         0x08064752        0x2 37008
 .gnu.linkonce.t.__Q23stdt12basic_string3ZcZQ23stdt11char_traits1ZcZQ23stdt9allocator1ZcRCQ23stdt12basic_string3ZcZQ23stdt11char_traits1ZcZQ23stdt9allocator1Zc
                0x08064754       0x5a generator_logger.o
                0x08064754                std::basic_string<char, std::char_traits<char>, std::allocator<char> >::basic_string(std::basic_string<char, std::char_traits<char>, std::allocator<char> > const &)
 *fill*         0x080647ae        0x2 37008
 .gnu.linkonce.t._._Q23stdt12basic_string3ZcZQ23stdt11char_traits1ZcZQ23stdt9allocator1Zc
                0x080647b0       0x35 generator_logger.o
                0x080647b0                std::basic_string<char, std::char_traits<char>, std::allocator<char> >::~basic_string(void)
 *fill*         0x080647e5        0x3 37008
 .gnu.linkonce.t.c_str__CQ23stdt12basic_string3ZcZQ23stdt11char_traits1ZcZQ23stdt9allocator1Zc
                0x080647e8       0x21 generator_logger.o
                0x080647e8                std::basic_string<char, std::char_traits<char>, std::allocator<char> >::c_str(void) const
 *fill*         0x08064809        0x3 37008
 .gnu.linkonce.t.__Q23stdt9allocator1Zc
                0x0806480c        0xa generator_logger.o
                0x0806480c                std::allocator<char>::allocator(void)
 *fill*         0x08064816        0x2 37008
 .gnu.linkonce.t.__Q23stdt12basic_string3ZcZQ23stdt11char_traits1ZcZQ23stdt9allocator1Zc
                0x08064818       0x42 generator_logger.o
                0x08064818                std::basic_string<char, std::char_traits<char>, std::allocator<char> >::basic_string(void)
 *fill*         0x0806485a        0x2 37008
 .gnu.linkonce.t.__Q23stdt6_Ptrit6ZcZiZPcZRcZPcZRcPc
                0x0806485c       0x12 generator_logger.o
                0x0806485c                std::_Ptrit<char, int, char *, char &, char *, char &>::_Ptrit(char *)
 *fill*         0x0806486e        0x2 37008
 .gnu.linkonce.t.base__CQ23stdt6_Ptrit6ZcZiZPcZRcZPcZRc
                0x08064870        0xf generator_logger.o
                0x08064870                std::_Ptrit<char, int, char *, char &, char *, char &>::base(void) const
 *fill*         0x0806487f        0x1 37008
 .gnu.linkonce.t.__Q23stdt6_Ptrit6ZcZiZPcZRcZPcZRcRCQ23stdt6_Ptrit6ZcZiZPcZRcZPcZRc
                0x08064880       0x25 generator_logger.o
                0x08064880                std::_Ptrit<char, int, char *, char &, char *, char &>::_Ptrit(std::_Ptrit<char, int, char *, char &, char *, char &> const &)
 *fill*         0x080648a5        0x3 37008
 .gnu.linkonce.t.begin__Q23stdt12basic_string3ZcZQ23stdt11char_traits1ZcZQ23stdt9allocator1Zc
                0x080648a8       0x38 generator_logger.o
                0x080648a8                std::basic_string<char, std::char_traits<char>, std::allocator<char> >::begin(void)
 .gnu.linkonce.t.end__Q23stdt12basic_string3ZcZQ23stdt11char_traits1ZcZQ23stdt9allocator1Zc
                0x080648e0       0x3d generator_logger.o
                0x080648e0                std::basic_string<char, std::char_traits<char>, std::allocator<char> >::end(void)
 *fill*         0x0806491d        0x3 37008
 .gnu.linkonce.t.__mi__CQ23stdt6_Ptrit6ZcZiZPCcZRCcZPcZRcRCQ23stdt6_Ptrit6ZcZiZPCcZRCcZPcZRc
                0x08064920       0x17 generator_logger.o
                0x08064920                std::_Ptrit<char, int, char const *, char const &, char *, char &>::operator-(std::_Ptrit<char, int, char const *, char const &, char *, char &> const &) const
 *fill*         0x08064937        0x1 37008
 .gnu.linkonce.t.base__CQ23stdt6_Ptrit6ZcZiZPCcZRCcZPcZRc
                0x08064938        0xf generator_logger.o
                0x08064938                std::_Ptrit<char, int, char const *, char const &, char *, char &>::base(void) const
 *fill*         0x08064947        0x1 37008
 .gnu.linkonce.t._Pdif__Q23stdt12basic_string3ZcZQ23stdt11char_traits1ZcZQ23stdt9allocator1ZcGQ23stdt6_Ptrit6ZcZiZPCcZRCcZPcZRcT1
                0x08064948       0x3e generator_logger.o
                0x08064948                std::basic_string<char, std::char_traits<char>, std::allocator<char> >::_Pdif(std::_Ptrit<char, int, char const *, char const &, char *, char &>, std::_Ptrit<char, int, char const *, char const &, char *, char &>)
 *fill*         0x08064986        0x2 37008
 .gnu.linkonce.t.__Q23stdt6_Ptrit6ZcZiZPCcZRCcZPcZRcRCQ23stdt6_Ptrit6ZcZiZPcZRcZPcZRc
                0x08064988       0x25 generator_logger.o
                0x08064988                std::_Ptrit<char, int, char const *, char const &, char *, char &>::_Ptrit(std::_Ptrit<char, int, char *, char &, char *, char &> const &)
 *fill*         0x080649ad        0x3 37008
 .gnu.linkonce.t._Inside__Q23stdt12basic_string3ZcZQ23stdt11char_traits1ZcZQ23stdt9allocator1ZcPCc
                0x080649b0       0x48 generator_logger.o
                0x080649b0                std::basic_string<char, std::char_traits<char>, std::allocator<char> >::_Inside(char const *)
 .gnu.linkonce.t.replace__Q23stdt12basic_string3ZcZQ23stdt11char_traits1ZcZQ23stdt9allocator1ZcUiUiRCQ23stdt12basic_string3ZcZQ23stdt11char_traits1ZcZQ23stdt9allocator1ZcUiUi
                0x080649f8      0x409 generator_logger.o
                0x080649f8                std::basic_string<char, std::char_traits<char>, std::allocator<char> >::replace(unsigned int, unsigned int, std::basic_string<char, std::char_traits<char>, std::allocator<char> > const &, unsigned int, unsigned int)
 *fill*         0x08064e01        0x3 37008
 .gnu.linkonce.t.replace__Q23stdt12basic_string3ZcZQ23stdt11char_traits1ZcZQ23stdt9allocator1ZcUiUiPCcUi
                0x08064e04      0x1c8 generator_logger.o
                0x08064e04                std::basic_string<char, std::char_traits<char>, std::allocator<char> >::replace(unsigned int, unsigned int, char const *, unsigned int)
 .gnu.linkonce.t.replace__Q23stdt12basic_string3ZcZQ23stdt11char_traits1ZcZQ23stdt9allocator1ZcGQ23stdt6_Ptrit6ZcZiZPcZRcZPcZRcT1PCcT3
                0x08064fcc      0x176 generator_logger.o
                0x08064fcc                std::basic_string<char, std::char_traits<char>, std::allocator<char> >::replace(std::_Ptrit<char, int, char *, char &, char *, char &>, std::_Ptrit<char, int, char *, char &, char *, char &>, char const *, char const *)
 *fill*         0x08065142        0x2 37008
 .gnu.linkonce.t.assign__Q23stdt12basic_string3ZcZQ23stdt11char_traits1ZcZQ23stdt9allocator1ZcPCcT1
                0x08065144       0x51 generator_logger.o
                0x08065144                std::basic_string<char, std::char_traits<char>, std::allocator<char> >::assign(char const *, char const *)
 *fill*         0x08065195        0x3 37008
 .gnu.linkonce.t._Myptr__Q23stdt12basic_string3ZwZQ23stdt11char_traits1ZwZQ23stdt9allocator1Zw
                0x08065198       0x1d generator_logger.o
                0x08065198                std::basic_string<wchar_t, std::char_traits<wchar_t>, std::allocator<wchar_t> >::_Myptr(void)
 *fill*         0x080651b5        0x3 37008
 .gnu.linkonce.t.deallocate__Q23stdt9allocator1ZwPwUi
                0x080651b8       0x1e generator_logger.o
                0x080651b8                std::allocator<wchar_t>::deallocate(wchar_t *, unsigned int)
 *fill*         0x080651d6        0x2 37008
 .gnu.linkonce.t._Eos__Q23stdt12basic_string3ZwZQ23stdt11char_traits1ZwZQ23stdt9allocator1ZwUi
                0x080651d8       0x43 generator_logger.o
                0x080651d8                std::basic_string<wchar_t, std::char_traits<wchar_t>, std::allocator<wchar_t> >::_Eos(unsigned int)
 *fill*         0x0806521b        0x1 37008
 .gnu.linkonce.t._Tidy__Q23stdt12basic_string3ZwZQ23stdt11char_traits1ZwZQ23stdt9allocator1Zwb
                0x0806521c       0x57 generator_logger.o
                0x0806521c                std::basic_string<wchar_t, std::char_traits<wchar_t>, std::allocator<wchar_t> >::_Tidy(bool)
 *fill*         0x08065273        0x1 37008
 .gnu.linkonce.t._._Q23stdt12basic_string3ZwZQ23stdt11char_traits1ZwZQ23stdt9allocator1Zw
                0x08065274       0x35 generator_logger.o
                0x08065274                std::basic_string<wchar_t, std::char_traits<wchar_t>, std::allocator<wchar_t> >::~basic_string(void)
 *fill*         0x080652a9        0x3 37008
 .gnu.linkonce.t.__Q23stdt9allocator1Zw
                0x080652ac        0xa generator_logger.o
                0x080652ac                std::allocator<wchar_t>::allocator(void)
 *fill*         0x080652b6        0x2 37008
 .gnu.linkonce.t.__Q23stdt9allocator1ZwRCQ23stdt9allocator1Zw
                0x080652b8        0xa generator_logger.o
                0x080652b8                std::allocator<wchar_t>::allocator(std::allocator<wchar_t> const &)
 *fill*         0x080652c2        0x2 37008
 .gnu.linkonce.t.__Q23stdt11_String_val2ZwZQ23stdt9allocator1ZwGQ23stdt9allocator1Zw
                0x080652c4       0x29 generator_logger.o
                0x080652c4                std::_String_val<wchar_t, std::allocator<wchar_t> >::_String_val(std::allocator<wchar_t>)
 *fill*         0x080652ed        0x3 37008
 .gnu.linkonce.t.__Q23stdt12basic_string3ZwZQ23stdt11char_traits1ZwZQ23stdt9allocator1Zw
                0x080652f0       0x42 generator_logger.o
                0x080652f0                std::basic_string<wchar_t, std::char_traits<wchar_t>, std::allocator<wchar_t> >::basic_string(void)
 *fill*         0x08065332        0x2 37008
 .gnu.linkonce.t.__Q23stdt6_Ptrit6ZwZiZPwZRwZPwZRwPw
                0x08065334       0x12 generator_logger.o
                0x08065334                std::_Ptrit<wchar_t, int, wchar_t *, wchar_t &, wchar_t *, wchar_t &>::_Ptrit(wchar_t *)
 *fill*         0x08065346        0x2 37008
 .gnu.linkonce.t.base__CQ23stdt6_Ptrit6ZwZiZPwZRwZPwZRw
                0x08065348        0xf generator_logger.o
                0x08065348                std::_Ptrit<wchar_t, int, wchar_t *, wchar_t &, wchar_t *, wchar_t &>::base(void) const
 *fill*         0x08065357        0x1 37008
 .gnu.linkonce.t.__Q23stdt6_Ptrit6ZwZiZPwZRwZPwZRwRCQ23stdt6_Ptrit6ZwZiZPwZRwZPwZRw
                0x08065358       0x25 generator_logger.o
                0x08065358                std::_Ptrit<wchar_t, int, wchar_t *, wchar_t &, wchar_t *, wchar_t &>::_Ptrit(std::_Ptrit<wchar_t, int, wchar_t *, wchar_t &, wchar_t *, wchar_t &> const &)
 *fill*         0x0806537d        0x3 37008
 .gnu.linkonce.t.begin__Q23stdt12basic_string3ZwZQ23stdt11char_traits1ZwZQ23stdt9allocator1Zw
                0x08065380       0x38 generator_logger.o
                0x08065380                std::basic_string<wchar_t, std::char_traits<wchar_t>, std::allocator<wchar_t> >::begin(void)
 .gnu.linkonce.t.end__Q23stdt12basic_string3ZwZQ23stdt11char_traits1ZwZQ23stdt9allocator1Zw
                0x080653b8       0x46 generator_logger.o
                0x080653b8                std::basic_string<wchar_t, std::char_traits<wchar_t>, std::allocator<wchar_t> >::end(void)
 *fill*         0x080653fe        0x2 37008
 .gnu.linkonce.t.__mi__CQ23stdt6_Ptrit6ZwZiZPCwZRCwZPwZRwRCQ23stdt6_Ptrit6ZwZiZPCwZRCwZPwZRw
                0x08065400       0x24 generator_logger.o
                0x08065400                std::_Ptrit<wchar_t, int, wchar_t const *, wchar_t const &, wchar_t *, wchar_t &>::operator-(std::_Ptrit<wchar_t, int, wchar_t const *, wchar_t const &, wchar_t *, wchar_t &> const &) const
 .gnu.linkonce.t.base__CQ23stdt6_Ptrit6ZwZiZPCwZRCwZPwZRw
                0x08065424        0xf generator_logger.o
                0x08065424                std::_Ptrit<wchar_t, int, wchar_t const *, wchar_t const &, wchar_t *, wchar_t &>::base(void) const
 *fill*         0x08065433        0x1 37008
 .gnu.linkonce.t._Pdif__Q23stdt12basic_string3ZwZQ23stdt11char_traits1ZwZQ23stdt9allocator1ZwGQ23stdt6_Ptrit6ZwZiZPCwZRCwZPwZRwT1
                0x08065434       0x3e generator_logger.o
                0x08065434                std::basic_string<wchar_t, std::char_traits<wchar_t>, std::allocator<wchar_t> >::_Pdif(std::_Ptrit<wchar_t, int, wchar_t const *, wchar_t const &, wchar_t *, wchar_t &>, std::_Ptrit<wchar_t, int, wchar_t const *, wchar_t const &, wchar_t *, wchar_t &>)
 *fill*         0x08065472        0x2 37008
 .gnu.linkonce.t.__Q23stdt6_Ptrit6ZwZiZPCwZRCwZPwZRwRCQ23stdt6_Ptrit6ZwZiZPwZRwZPwZRw
                0x08065474       0x25 generator_logger.o
                0x08065474                std::_Ptrit<wchar_t, int, wchar_t const *, wchar_t const &, wchar_t *, wchar_t &>::_Ptrit(std::_Ptrit<wchar_t, int, wchar_t *, wchar_t &, wchar_t *, wchar_t &> const &)
 *fill*         0x08065499        0x3 37008
 .gnu.linkonce.t.max_size__CQ23stdt9allocator1Zw
                0x0806549c       0x24 generator_logger.o
                0x0806549c                std::allocator<wchar_t>::max_size(void) const
 .gnu.linkonce.t.max_size__CQ23stdt12basic_string3ZwZQ23stdt11char_traits1ZwZQ23stdt9allocator1Zw
                0x080654c0       0x3a generator_logger.o
                0x080654c0                std::basic_string<wchar_t, std::char_traits<wchar_t>, std::allocator<wchar_t> >::max_size(void) const
 *fill*         0x080654fa        0x2 37008
 .gnu.linkonce.t._Allocate__H1Zw_3stdUiPX01_PX01
                0x080654fc       0x30 generator_logger.o
                0x080654fc                wchar_t * std::_Allocate<wchar_t>(unsigned int, wchar_t *)
 .gnu.linkonce.t.allocate__Q23stdt9allocator1ZwUi
                0x0806552c       0x26 generator_logger.o
                0x0806552c                std::allocator<wchar_t>::allocate(unsigned int)
 *fill*         0x08065552        0x2 37008
 .gnu.linkonce.t.allocate__H1Zv_Q23stdt9allocator1ZwUiPCX00_Pw
                0x08065554       0x25 generator_logger.o
                0x08065554                wchar_t * std::allocator<wchar_t>::allocate<void>(unsigned int, void const *)
 *fill*         0x08065579        0x3 37008
 .gnu.linkonce.t._Copy__Q23stdt12basic_string3ZwZQ23stdt11char_traits1ZwZQ23stdt9allocator1ZwUiUi
                0x0806557c      0x12d generator_logger.o
                0x0806557c                std::basic_string<wchar_t, std::char_traits<wchar_t>, std::allocator<wchar_t> >::_Copy(unsigned int, unsigned int)
 *fill*         0x080656a9        0x3 37008
 .gnu.linkonce.t._Grow__Q23stdt12basic_string3ZwZQ23stdt11char_traits1ZwZQ23stdt9allocator1ZwUib
                0x080656ac       0x97 generator_logger.o
                0x080656ac                std::basic_string<wchar_t, std::char_traits<wchar_t>, std::allocator<wchar_t> >::_Grow(unsigned int, bool)
 *fill*         0x08065743        0x1 37008
 .gnu.linkonce.t.erase__Q23stdt12basic_string3ZwZQ23stdt11char_traits1ZwZQ23stdt9allocator1ZwUiUi
                0x08065744       0xe1 generator_logger.o
                0x08065744                std::basic_string<wchar_t, std::char_traits<wchar_t>, std::allocator<wchar_t> >::erase(unsigned int, unsigned int)
 *fill*         0x08065825        0x3 37008
 .gnu.linkonce.t._Inside__Q23stdt12basic_string3ZwZQ23stdt11char_traits1ZwZQ23stdt9allocator1ZwPCw
                0x08065828       0x51 generator_logger.o
                0x08065828                std::basic_string<wchar_t, std::char_traits<wchar_t>, std::allocator<wchar_t> >::_Inside(wchar_t const *)
 *fill*         0x08065879        0x3 37008
 .gnu.linkonce.t.size__CQ23stdt12basic_string3ZwZQ23stdt11char_traits1ZwZQ23stdt9allocator1Zw
                0x0806587c        0xf generator_logger.o
                0x0806587c                std::basic_string<wchar_t, std::char_traits<wchar_t>, std::allocator<wchar_t> >::size(void) const
 *fill*         0x0806588b        0x1 37008
 .gnu.linkonce.t._Myptr__CQ23stdt12basic_string3ZwZQ23stdt11char_traits1ZwZQ23stdt9allocator1Zw
                0x0806588c       0x1d generator_logger.o
                0x0806588c                std::basic_string<wchar_t, std::char_traits<wchar_t>, std::allocator<wchar_t> >::_Myptr(void) const
 *fill*         0x080658a9        0x3 37008
 .gnu.linkonce.t.replace__Q23stdt12basic_string3ZwZQ23stdt11char_traits1ZwZQ23stdt9allocator1ZwUiUiRCQ23stdt12basic_string3ZwZQ23stdt11char_traits1ZwZQ23stdt9allocator1ZwUiUi
                0x080658ac      0x535 generator_logger.o
                0x080658ac                std::basic_string<wchar_t, std::char_traits<wchar_t>, std::allocator<wchar_t> >::replace(unsigned int, unsigned int, std::basic_string<wchar_t, std::char_traits<wchar_t>, std::allocator<wchar_t> > const &, unsigned int, unsigned int)
 *fill*         0x08065de1        0x3 37008
 .gnu.linkonce.t.replace__Q23stdt12basic_string3ZwZQ23stdt11char_traits1ZwZQ23stdt9allocator1ZwUiUiPCwUi
                0x08065de4      0x221 generator_logger.o
                0x08065de4                std::basic_string<wchar_t, std::char_traits<wchar_t>, std::allocator<wchar_t> >::replace(unsigned int, unsigned int, wchar_t const *, unsigned int)
 *fill*         0x08066005        0x3 37008
 .gnu.linkonce.t.replace__Q23stdt12basic_string3ZwZQ23stdt11char_traits1ZwZQ23stdt9allocator1ZwGQ23stdt6_Ptrit6ZwZiZPwZRwZPwZRwT1PCwT3
                0x08066008      0x17d generator_logger.o
                0x08066008                std::basic_string<wchar_t, std::char_traits<wchar_t>, std::allocator<wchar_t> >::replace(std::_Ptrit<wchar_t, int, wchar_t *, wchar_t &, wchar_t *, wchar_t &>, std::_Ptrit<wchar_t, int, wchar_t *, wchar_t &, wchar_t *, wchar_t &>, wchar_t const *, wchar_t const *)
 *fill*         0x08066185        0x3 37008
 .gnu.linkonce.t.assign__Q23stdt12basic_string3ZwZQ23stdt11char_traits1ZwZQ23stdt9allocator1ZwPCwT1
                0x08066188       0x51 generator_logger.o
                0x08066188                std::basic_string<wchar_t, std::char_traits<wchar_t>, std::allocator<wchar_t> >::assign(wchar_t const *, wchar_t const *)
 *fill*         0x080661d9        0x3 37008
 .gnu.linkonce.t.c_str__CQ23stdt12basic_string3ZwZQ23stdt11char_traits1ZwZQ23stdt9allocator1Zw
                0x080661dc       0x21 generator_logger.o
                0x080661dc                std::basic_string<wchar_t, std::char_traits<wchar_t>, std::allocator<wchar_t> >::c_str(void) const
 *fill*         0x080661fd        0x3 37008
 .gnu.linkonce.t._Tidy__Q23stdt8_Tidyfac1ZQ23stdt5ctype1Zc
                0x08066200       0xb0 generator_logger.o
                0x08066200                std::_Tidyfac<std::ctype<char> >::_Tidy(void)
 .gnu.linkonce.t._Save__Q23stdt8_Tidyfac1ZQ23stdt5ctype1ZcPQ23stdt5ctype1Zc
                0x080662b0       0x3a generator_logger.o
                0x080662b0                std::_Tidyfac<std::ctype<char> >::_Save(std::ctype<char> *)
 *fill*         0x080662ea        0x2 37008
 .gnu.linkonce.t.reserve__Q23stdt12basic_string3ZcZQ23stdt11char_traits1ZcZQ23stdt9allocator1ZcUi
                0x080662ec       0x29 generator_logger.o
                0x080662ec                std::basic_string<char, std::char_traits<char>, std::allocator<char> >::reserve(unsigned int)
 *fill*         0x08066315        0x3 37008
 .gnu.linkonce.t.assign__Q23stdt12basic_string3ZcZQ23stdt11char_traits1ZcZQ23stdt9allocator1ZcPCcUi
                0x08066318       0x9b generator_logger.o
                0x08066318                std::basic_string<char, std::char_traits<char>, std::allocator<char> >::assign(char const *, unsigned int)
 *fill*         0x080663b3        0x1 37008
 .gnu.linkonce.t.assign__Q23stdt12basic_string3ZcZQ23stdt11char_traits1ZcZQ23stdt9allocator1ZcPCc
                0x080663b4       0x37 generator_logger.o
                0x080663b4                std::basic_string<char, std::char_traits<char>, std::allocator<char> >::assign(char const *)
 *fill*         0x080663eb        0x1 37008
 .gnu.linkonce.t.__as__Q23stdt12basic_string3ZcZQ23stdt11char_traits1ZcZQ23stdt9allocator1ZcPCc
                0x080663ec       0x25 generator_logger.o
                0x080663ec                std::basic_string<char, std::char_traits<char>, std::allocator<char> >::operator=(char const *)
 *fill*         0x08066411        0x3 37008
 .gnu.linkonce.t.append__Q23stdt12basic_string3ZcZQ23stdt11char_traits1ZcZQ23stdt9allocator1ZcRCQ23stdt12basic_string3ZcZQ23stdt11char_traits1ZcZQ23stdt9allocator1ZcUiUi
                0x08066414       0xe9 generator_logger.o
                0x08066414                std::basic_string<char, std::char_traits<char>, std::allocator<char> >::append(std::basic_string<char, std::char_traits<char>, std::allocator<char> > const &, unsigned int, unsigned int)
 *fill*         0x080664fd        0x3 37008
 .gnu.linkonce.t.append__Q23stdt12basic_string3ZcZQ23stdt11char_traits1ZcZQ23stdt9allocator1ZcRCQ23stdt12basic_string3ZcZQ23stdt11char_traits1ZcZQ23stdt9allocator1Zc
                0x08066500       0x26 generator_logger.o
                0x08066500                std::basic_string<char, std::char_traits<char>, std::allocator<char> >::append(std::basic_string<char, std::char_traits<char>, std::allocator<char> > const &)
 *fill*         0x08066526        0x2 37008
 .gnu.linkonce.t.__apl__Q23stdt12basic_string3ZcZQ23stdt11char_traits1ZcZQ23stdt9allocator1ZcRCQ23stdt12basic_string3ZcZQ23stdt11char_traits1ZcZQ23stdt9allocator1Zc
                0x08066528       0x25 generator_logger.o
                0x08066528                std::basic_string<char, std::char_traits<char>, std::allocator<char> >::operator+=(std::basic_string<char, std::char_traits<char>, std::allocator<char> > const &)
 *fill*         0x0806654d        0x3 37008
 .gnu.linkonce.t.assign__Q23stdt11char_traits1ZwRwRCw
                0x08066550        0xf generator_logger.o
                0x08066550                std::char_traits<wchar_t>::assign(wchar_t &, wchar_t const &)
 *fill*         0x0806655f        0x1 37008
 .gnu.linkonce.t.copy__Q23stdt11char_traits1ZwPwPCwUi
                0x08066560       0x26 generator_logger.o
                0x08066560                std::char_traits<wchar_t>::copy(wchar_t *, wchar_t const *, unsigned int)
 *fill*         0x08066586        0x2 37008
 .gnu.linkonce.t.move__Q23stdt11char_traits1ZwPwPCwUi
                0x08066588       0x26 generator_logger.o
                0x08066588                std::char_traits<wchar_t>::move(wchar_t *, wchar_t const *, unsigned int)
 *fill*         0x080665ae        0x2 37008
 .gnu.linkonce.t.assign__Q23stdt11char_traits1ZcRcRCc
                0x080665b0        0xf generator_logger.o
                0x080665b0                std::char_traits<char>::assign(char &, char const &)
 *fill*         0x080665bf        0x1 37008
 .gnu.linkonce.t.length__Q23stdt11char_traits1ZcPCc
                0x080665c0       0x1e generator_logger.o
                0x080665c0                std::char_traits<char>::length(char const *)
 *fill*         0x080665de        0x2 37008
 .gnu.linkonce.t.copy__Q23stdt11char_traits1ZcPcPCcUi
                0x080665e0       0x26 generator_logger.o
                0x080665e0                std::char_traits<char>::copy(char *, char const *, unsigned int)
 *fill*         0x08066606        0x2 37008
 .gnu.linkonce.t.move__Q23stdt11char_traits1ZcPcPCcUi
                0x08066608       0x26 generator_logger.o
                0x08066608                std::char_traits<char>::move(char *, char const *, unsigned int)
 *fill*         0x0806662e        0x2 37008
 .gnu.linkonce.t._Incref__Q33std6locale5facet
                0x08066630       0x6d generator_logger.o
                0x08066630                std::locale::facet::_Incref(void)
 *fill*         0x0806669d        0x3 37008
 .gnu.linkonce.t._Decref__Q33std6locale5facet
                0x080666a0       0x8b generator_logger.o
                0x080666a0                std::locale::facet::_Decref(void)
 *fill*         0x0806672b        0x1 37008
 .gnu.linkonce.t.__16generator_logger
                0x0806672c        0xa generator_logger.o
                0x0806672c                generator_logger::generator_logger(void)
 *fill*         0x08066736        0x2 37008
 .gnu.linkonce.t.__Q23stdt9allocator1ZUx
                0x08066738        0xa mock_generator.o
                0x08066738                std::allocator<unsigned long long>::allocator(void)
 *fill*         0x08066742        0x2 37008
 .gnu.linkonce.t.__Q23stdt9allocator1ZUxRCQ23stdt9allocator1ZUx
                0x08066744        0xa mock_generator.o
                0x08066744                std::allocator<unsigned long long>::allocator(std::allocator<unsigned long long> const &)
 *fill*         0x0806674e        0x2 37008
 .gnu.linkonce.t.__Q23stdt11_Vector_val2ZUxZQ23stdt9allocator1ZUxGQ23stdt9allocator1ZUx
                0x08066750       0x26 mock_generator.o
                0x08066750                std::_Vector_val<unsigned long long, std::allocator<unsigned long long> >::_Vector_val(std::allocator<unsigned long long>)
 *fill*         0x08066776        0x2 37008
 .gnu.linkonce.t.max_size__CQ23stdt9allocator1ZUx
                0x08066778       0x24 mock_generator.o
                0x08066778                std::allocator<unsigned long long>::max_size(void) const
 .gnu.linkonce.t.max_size__CQ23stdt6vector2ZUxZQ23stdt9allocator1ZUx
                0x0806679c       0x21 mock_generator.o
                0x0806679c                std::vector<unsigned long long, std::allocator<unsigned long long> >::max_size(void) const
 *fill*         0x080667bd        0x3 37008
 .gnu.linkonce.t.__Q23stdt12basic_string3ZcZQ23stdt11char_traits1ZcZQ23stdt9allocator1ZcPCc
                0x080667c0       0x54 mock_generator.o
                0x080667c0                std::basic_string<char, std::char_traits<char>, std::allocator<char> >::basic_string(char const *)
 .gnu.linkonce.t._Xlen__CQ23stdt6vector2ZUxZQ23stdt9allocator1ZUx
                0x08066814      0x110 mock_generator.o
                0x08066814                std::vector<unsigned long long, std::allocator<unsigned long long> >::_Xlen(void) const
 .gnu.linkonce.t._Allocate__H1ZUx_3stdUiPX01_PX01
                0x08066924       0x30 mock_generator.o
                0x08066924                unsigned long long * std::_Allocate<unsigned long long>(unsigned int, unsigned long long *)
 .gnu.linkonce.t.allocate__Q23stdt9allocator1ZUxUi
                0x08066954       0x26 mock_generator.o
                0x08066954                std::allocator<unsigned long long>::allocate(unsigned int)
 *fill*         0x0806697a        0x2 37008
 .gnu.linkonce.t.allocate__H1Zv_Q23stdt9allocator1ZUxUiPCX00_PUx
                0x0806697c       0x25 mock_generator.o
                0x0806697c                unsigned long long * std::allocator<unsigned long long>::allocate<void>(unsigned int, void const *)
 *fill*         0x080669a1        0x3 37008
 .gnu.linkonce.t._Buy__Q23stdt6vector2ZUxZQ23stdt9allocator1ZUxUi
                0x080669a4       0x8d mock_generator.o
                0x080669a4                std::vector<unsigned long long, std::allocator<unsigned long long> >::_Buy(unsigned int)
 *fill*         0x08066a31        0x3 37008
 .gnu.linkonce.t.__Q23stdt6vector2ZUxZQ23stdt9allocator1ZUx
                0x08066a34       0x42 mock_generator.o
                0x08066a34                std::vector<unsigned long long, std::allocator<unsigned long long> >::vector(void)
 *fill*         0x08066a76        0x2 37008
 .gnu.linkonce.t._Ptr_cat__H2ZPUxZPUx_3stdRCX01RX11_Q23std27_Nonscalar_ptr_iterator_tag
                0x08066a78       0x20 mock_generator.o
                0x08066a78                std::_Nonscalar_ptr_iterator_tag std::_Ptr_cat<unsigned long long *, unsigned long long *>(unsigned long long * const &, unsigned long long * &)
 .gnu.linkonce.t._Destroy__H1ZUx_3stdPX01_v
                0x08066a98        0x8 mock_generator.o
                0x08066a98                void std::_Destroy<unsigned long long>(unsigned long long *)
 .gnu.linkonce.t.destroy__Q23stdt9allocator1ZUxPUx
                0x08066aa0       0x1e mock_generator.o
                0x08066aa0                std::allocator<unsigned long long>::destroy(unsigned long long *)
 *fill*         0x08066abe        0x2 37008
 .gnu.linkonce.t._Destroy_range__H2ZUxZQ23stdt9allocator1ZUx_3stdPX01T1RX11GQ23std27_Nonscalar_ptr_iterator_tag_v
                0x08066ac0       0x3c mock_generator.o
                0x08066ac0                void std::_Destroy_range<unsigned long long, std::allocator<unsigned long long> >(unsigned long long *, unsigned long long *, std::allocator<unsigned long long> &, std::_Nonscalar_ptr_iterator_tag)
 .gnu.linkonce.t._Destroy_range__H2ZUxZQ23stdt9allocator1ZUx_3stdPX01T1RX11_v
                0x08066afc       0x46 mock_generator.o
                0x08066afc                void std::_Destroy_range<unsigned long long, std::allocator<unsigned long long> >(unsigned long long *, unsigned long long *, std::allocator<unsigned long long> &)
 *fill*         0x08066b42        0x2 37008
 .gnu.linkonce.t._Destroy__Q23stdt6vector2ZUxZQ23stdt9allocator1ZUxPUxT1
                0x08066b44       0x23 mock_generator.o
                0x08066b44                std::vector<unsigned long long, std::allocator<unsigned long long> >::_Destroy(unsigned long long *, unsigned long long *)
 *fill*         0x08066b67        0x1 37008
 .gnu.linkonce.t.deallocate__Q23stdt9allocator1ZUxPUxUi
                0x08066b68       0x1e mock_generator.o
                0x08066b68                std::allocator<unsigned long long>::deallocate(unsigned long long *, unsigned int)
 *fill*         0x08066b86        0x2 37008
 .gnu.linkonce.t._._Q23stdt6vector2ZUxZQ23stdt9allocator1ZUx
                0x08066b88       0x79 mock_generator.o
                0x08066b88                std::vector<unsigned long long, std::allocator<unsigned long long> >::~vector(void)
 *fill*         0x08066c01        0x3 37008
 .gnu.linkonce.t.__Q23stdt12hash_compare2ZiZQ23stdt4less1Zi
                0x08066c04        0xf mock_generator.o
                0x08066c04                std::hash_compare<int, std::less<int> >::hash_compare(void)
 *fill*         0x08066c13        0x1 37008
 .gnu.linkonce.t.__Q23stdt9allocator1ZQ23stdt4pair2ZCiZQ214mock_generator15call_parameters
                0x08066c14        0xa mock_generator.o
                0x08066c14                std::allocator<std::pair<int const, mock_generator::call_parameters> >::allocator(void)
 *fill*         0x08066c1e        0x2 37008
 .gnu.linkonce.t.__Q33stdt4list2ZQ23stdt4pair2ZCiZQ214mock_generator15call_parametersZQ23stdt9allocator1ZQ23stdt4pair2ZCiZQ214mock_generator15call_parameters14const_iteratorPQ33stdt9_List_nod2ZQ23stdt4pair2ZCiZQ214mock_generator15call_parametersZQ23stdt9allocator1ZQ23stdt4pair2ZCiZQ214mock_generator15call_parameters5_Node
                0x08066c20       0x12 mock_generator.o
                0x08066c20                std::list<std::pair<int const, mock_generator::call_parameters>, std::allocator<std::pair<int const, mock_generator::call_parameters> > >::const_iterator::const_iterator(std::_List_nod<std::pair<int const, mock_generator::call_parameters>, std::allocator<std::pair<int const, mock_generator::call_parameters> > >::_Node *)
 *fill*         0x08066c32        0x2 37008
 .gnu.linkonce.t.__Q33stdt4list2ZQ23stdt4pair2ZCiZQ214mock_generator15call_parametersZQ23stdt9allocator1ZQ23stdt4pair2ZCiZQ214mock_generator15call_parameters8iteratorPQ33stdt9_List_nod2ZQ23stdt4pair2ZCiZQ214mock_generator15call_parametersZQ23stdt9allocator1ZQ23stdt4pair2ZCiZQ214mock_generator15call_parameters5_Node
                0x08066c34       0x23 mock_generator.o
                0x08066c34                std::list<std::pair<int const, mock_generator::call_parameters>, std::allocator<std::pair<int const, mock_generator::call_parameters> > >::iterator::iterator(std::_List_nod<std::pair<int const, mock_generator::call_parameters>, std::allocator<std::pair<int const, mock_generator::call_parameters> > >::_Node *)
 *fill*         0x08066c57        0x1 37008
 .gnu.linkonce.t.end__Q23stdt4list2ZQ23stdt4pair2ZCiZQ214mock_generator15call_parametersZQ23stdt9allocator1ZQ23stdt4pair2ZCiZQ214mock_generator15call_parameters
                0x08066c58       0x2d mock_generator.o
                0x08066c58                std::list<std::pair<int const, mock_generator::call_parameters>, std::allocator<std::pair<int const, mock_generator::call_parameters> > >::end(void)
 *fill*         0x08066c85        0x3 37008
 .gnu.linkonce.t.end__Q23stdt5_Hash1ZQ23stdt12_Hmap_traits5ZiZQ214mock_generator15call_parametersZQ23stdt12hash_compare2ZiZQ23stdt4less1ZiZQ23stdt9allocator1ZQ23stdt4pair2ZCiZQ214mock_generator15call_parametersb0
                0x08066c88       0x2b mock_generator.o
                0x08066c88                std::_Hash<std::_Hmap_traits<int, mock_generator::call_parameters, std::hash_compare<int, std::less<int> >, std::allocator<std::pair<int const, mock_generator::call_parameters> >, false> >::end(void)
 *fill*         0x08066cb3        0x1 37008
 .gnu.linkonce.t.__Q23stdt12_Hmap_traits5ZiZQ214mock_generator15call_parametersZQ23stdt12hash_compare2ZiZQ23stdt4less1ZiZQ23stdt9allocator1ZQ23stdt4pair2ZCiZQ214mock_generator15call_parametersb0RCQ23stdt12hash_compare2ZiZQ23stdt4less1Zi
                0x08066cb4       0x13 mock_generator.o
                0x08066cb4                std::_Hmap_traits<int, mock_generator::call_parameters, std::hash_compare<int, std::less<int> >, std::allocator<std::pair<int const, mock_generator::call_parameters> >, false>::_Hmap_traits(std::hash_compare<int, std::less<int> > const &)
 *fill*         0x08066cc7        0x1 37008
 .gnu.linkonce.t._Allocate__H1ZQ33stdt9_List_nod2ZQ23stdt4pair2ZCiZQ214mock_generator15call_parametersZQ23stdt9allocator1ZQ23stdt4pair2ZCiZQ214mock_generator15call_parameters5_Node_3stdUiPX01_PX01
                0x08066cc8       0x36 mock_generator.o
                0x08066cc8                std::_List_nod<std::pair<int const, mock_generator::call_parameters>, std::allocator<std::pair<int const, mock_generator::call_parameters> > >::_Node * std::_Allocate<std::_List_nod<std::pair<int const, mock_generator::call_parameters>, std::allocator<std::pair<int const, mock_generator::call_parameters> > >::_Node>(unsigned int, std::_List_nod<std::pair<int const, mock_generator::call_parameters>, std::allocator<std::pair<int const, mock_generator::call_parameters> > >::_Node *)
 *fill*         0x08066cfe        0x2 37008
 .gnu.linkonce.t.allocate__Q23stdt9allocator1ZQ33stdt9_List_nod2ZQ23stdt4pair2ZCiZQ214mock_generator15call_parametersZQ23stdt9allocator1ZQ23stdt4pair2ZCiZQ214mock_generator15call_parameters5_NodeUi
                0x08066d00       0x26 mock_generator.o
                0x08066d00                std::allocator<std::_List_nod<std::pair<int const, mock_generator::call_parameters>, std::allocator<std::pair<int const, mock_generator::call_parameters> > >::_Node>::allocate(unsigned int)
 *fill*         0x08066d26        0x2 37008
 .gnu.linkonce.t.allocate__H1Zv_Q23stdt9allocator1ZQ33stdt9_List_nod2ZQ23stdt4pair2ZCiZQ214mock_generator15call_parametersZQ23stdt9allocator1ZQ23stdt4pair2ZCiZQ214mock_generator15call_parameters5_NodeUiPCX00_PQ33stdt9_List_nod2ZQ23stdt4pair2ZCiZQ214mock_generator15call_parametersZQ23stdt9allocator1ZQ23stdt4pair2ZCiZQ214mock_generator15call_parameters5_Node