Archive member included       because of file (symbol)

/x86/lib/libcpp.a(delaop.o)   manager_of_data_storage.o (__builtin_vec_delete)
/x86/lib/libcpp.a(delop.o)    objects_storage_logger.o (__builtin_delete)
/x86/lib/libcpp.a(delop3.o)   manager_of_data_storage.o (operator delete(void *, void *))
/x86/lib/libcpp.a(exceptio.o)
                              objects_storage_logger.o (std::terminate(void))
/x86/lib/libcpp.a(gccex.o)    manager_of_data_storage.o (std::exception::exception(void))
/x86/lib/libcpp.a(ios.o)      manager_of_data_storage.o (std::_BADOFF)
/x86/lib/libcpp.a(iostream.o)
                              manager_of_data_storage.o (std::ios_base::Init::Init(void))
/x86/lib/libcpp.a(locale.o)   main.o (std::ctype<char>::id)
/x86/lib/libcpp.a(locale0.o)  /x86/lib/libcpp.a(locale.o) (std::locale::_Locimp::_Clocptr)
/x86/lib/libcpp.a(newaop.o)   manager_of_data_storage.o (__builtin_vec_new)
/x86/lib/libcpp.a(newop.o)    objects_storage_logger.o (__builtin_new)
/x86/lib/libcpp.a(nomemory.o)
                              manager_of_data_storage.o (std::_Nomemory(void))
/x86/lib/libcpp.a(raisehan.o)
                              /x86/lib/libcpp.a(gccex.o) (std::_Raise_handler)
/x86/lib/libcpp.a(string.o)   objects_storage_logger.o (std::_String_base::_Xlen(void) const)
/x86/lib/libcpp.a(uncaught.o)
                              manager_of_data_storage.o (std::uncaught_exception(void))
/x86/lib/libcpp.a(wlocale.o)  /x86/lib/libcpp.a(locale.o) (std::locale::_Locimp::_Makewloc(std::_Locinfo const &, int, std::locale::_Locimp *, std::locale const *))
/x86/lib/libcpp.a(xlocale.o)  /x86/lib/libcpp.a(locale.o) (std::locale::_Locimp::_Makexloc(std::_Locinfo const &, int, std::locale::_Locimp *, std::locale const *))
/x86/lib/libcpp.a(xlock.o)    objects_storage_logger.o (std::_Lockit::_Lockit(int))
/x86/lib/libcpp.a(xmtx.o)     /x86/lib/libcpp.a(xlock.o) (_Mtxinit)
/x86/lib/libcpp.a(xmutex.o)   manager_of_data_storage.o (std::_Mutex::_Mutex(void))
/x86/lib/libcpp.a(new.o)      /x86/lib/libcpp.a(newop.o) (std::_New_hand)
/usr/lib/gcc-lib/ntox86/2.95.3/exceptions/libgcc.a(_eh.o)
                              manager_of_data_storage.o (__eh_rtime_match)
/usr/lib/gcc-lib/ntox86/2.95.3/exceptions/libgcc.a(exception.o)
                              objects_storage_logger.o (__start_cp_handler)
/usr/lib/gcc-lib/ntox86/2.95.3/exceptions/libgcc.a(frame.o)
                              /usr/lib/gcc-lib/ntox86/2.95.3/exceptions/libgcc.a(_eh.o) (__frame_state_for)
/usr/lib/gcc-lib/ntox86/2.95.3/exceptions/libgcc.a(tinfo.o)
                              manager_of_data_storage.o (__rtti_class)
/usr/lib/gcc-lib/ntox86/2.95.3/exceptions/libgcc.a(tinfo2.o)
                              /usr/lib/gcc-lib/ntox86/2.95.3/exceptions/libgcc.a(exception.o) (__throw_type_match_rtti)
/x86/lib/libc.a(getopt.o)     main.o (getopt)
/x86/lib/libc.a(pthread_mutex_lock.o)
                              /x86/lib/libcpp.a(xlock.o) (pthread_mutex_lock)
/x86/lib/libc.a(pthread_mutex_init.o)
                              /x86/lib/libcpp.a(xmtx.o) (pthread_mutex_init)
/x86/lib/libc.a(pthread_mutex_destroy.o)
                              /x86/lib/libcpp.a(xlock.o) (pthread_mutex_destroy)
/x86/lib/libc.a(pthread_mutex_unlock.o)
                              /x86/lib/libcpp.a(xlock.o) (pthread_mutex_unlock)
/x86/lib/libc.a(pthread_mutexattr_destroy.o)
                              /x86/lib/libcpp.a(xmtx.o) (pthread_mutexattr_destroy)
/x86/lib/libc.a(pthread_mutexattr_init.o)
                              /x86/lib/libcpp.a(xmtx.o) (pthread_mutexattr_init)
/x86/lib/libc.a(pthread_mutexattr_settype.o)
                              /x86/lib/libcpp.a(xmtx.o) (pthread_mutexattr_settype)
/x86/lib/libc.a(pthread_once.o)
                              /x86/lib/libcpp.a(xlock.o) (pthread_once)
/x86/lib/libc.a(malloc.o)     main.o (free)
/x86/lib/libc.a(util.o)       /x86/lib/libc.a(malloc.o) (malloc_abort)
/x86/lib/libc.a(_exit.o)      /x86/lib/libc.a(util.o) (_exit)
/x86/lib/libc.a(abort.o)      /x86/lib/libcpp.a(exceptio.o) (abort)
/x86/lib/libc.a(atexit.o)     /x86/lib/crt1.o (atexit)
/x86/lib/libc.a(exit.o)       /x86/lib/crt1.o (exit)
/x86/lib/libc.a(localeco.o)   manager_of_data_storage.o (_Locale)
/x86/lib/libc.a(mbrtowc.o)    /x86/lib/libcpp.a(wlocale.o) (mbrtowc)
/x86/lib/libc.a(raise.o)      /x86/lib/libc.a(abort.o) (raise)
/x86/lib/libc.a(setlocal.o)   /x86/lib/libcpp.a(locale.o) (setlocale)
/x86/lib/libc.a(wcrtomb.o)    /x86/lib/libcpp.a(wlocale.o) (wcrtomb)
/x86/lib/libc.a(xbtowc.o)     /x86/lib/libcpp.a(wlocale.o) (_Btowc)
/x86/lib/libc.a(xctype.o)     main.o (_Ctype)
/x86/lib/libc.a(xdefloc.o)    /x86/lib/libc.a(setlocal.o) (_Defloc)
/x86/lib/libc.a(xgetloc.o)    /x86/lib/libc.a(setlocal.o) (_Getloc)
/x86/lib/libc.a(xmakeloc.o)   /x86/lib/libc.a(xgetloc.o) (_Makeloc)
/x86/lib/libc.a(xmakesta.o)   /x86/lib/libc.a(xmakeloc.o) (_Makestab)
/x86/lib/libc.a(xmakewct.o)   /x86/lib/libc.a(xmakeloc.o) (_Makewct)
[...]
Memory Configuration

Name             Origin             Length             Attributes
*default*        0x00000000         0xffffffff

Linker script and memory map

TARGET(elf32-i386)
LOAD /x86/lib/crt1.o
LOAD /x86/lib/crti.o
LOAD /usr/lib/gcc-lib/ntox86/2.95.3/crtbeginC++.o
LOAD objects_storage_logger.o
LOAD manager_of_data_storage.o
LOAD pri_data_manager.o
LOAD mock_database_wrapper.o
LOAD main.o
LOAD /x86/lib/libm.a
LOAD /x86/lib/libcpp.a
LOAD /x86/lib/libcpp.a
LOAD /x86/lib/libm.a
LOAD /usr/lib/gcc-lib/ntox86/2.95.3/exceptions/libgcc.a
LOAD /x86/lib/libc.a
LOAD /x86/lib/libc.a
LOAD /usr/lib/gcc-lib/ntox86/2.95.3/exceptions/libgcc.a
LOAD /usr/lib/gcc-lib/ntox86/2.95.3/crtendC++.o
LOAD /x86/lib/crtn.o
                0x08048094                .=(0x8048000+SIZEOF_HEADERS)

.interp
 *(.interp)

.note0          0x08048094        0x0

.hash
 *(.hash)

.dynsym
 *(.dynsym)

.dynstr
 *(.dynstr)

.gnu.version
 *(.gnu.version)

.gnu.version_d
 *(.gnu.version_d)

.gnu.version_r
 *(.gnu.version_r)

.rel.init
 *(.rel.init)

.rela.init
 *(.rela.init)

.rel.text
 *(.rel.text)
 *(.rel.text.*)
 *(.rel.gnu.linkonce.t*)

.rela.text
 *(.rela.text)
 *(.rela.text.*)
 *(.rela.gnu.linkonce.t*)

.rel.fini
 *(.rel.fini)

.rela.fini
 *(.rela.fini)

.rel.rodata
 *(.rel.rodata)
 *(.rel.rodata.*)
 *(.rel.gnu.linkonce.r*)

.rela.rodata
 *(.rela.rodata)
 *(.rela.rodata.*)
 *(.rela.gnu.linkonce.r*)

.rel.data
 *(.rel.data)
 *(.rel.data.*)
 *(.rel.gnu.linkonce.d*)

.rela.data
 *(.rela.data)
 *(.rela.data.*)
 *(.rela.gnu.linkonce.d*)

.rel.ctors
 *(.rel.ctors)

.rela.ctors
 *(.rela.ctors)

.rel.dtors
 *(.rel.dtors)

.rela.dtors
 *(.rela.dtors)

.rel.got        0x08048094        0x0
 *(.rel.got)

.rela.got
 *(.rela.got)

.rel.sdata
 *(.rel.sdata)
 *(.rel.sdata.*)
 *(.rel.gnu.linkonce.s*)

.rela.sdata
 *(.rela.sdata)
 *(.rela.sdata.*)
 *(.rela.gnu.linkonce.s*)

.rel.sbss
 *(.rel.sbss)

.rela.sbss
 *(.rela.sbss)

.rel.bss
 *(.rel.bss)

.rela.bss
 *(.rela.bss)

.rel.plt
 *(.rel.plt)

.rela.plt
 *(.rela.plt)

.init           0x08048094        0xd
 *(.init)
 .init          0x08048094        0x5 /usr/lib/gcc-lib/ntox86/2.95.3/crtbeginC++.o
 .init          0x08048099        0x5 /usr/lib/gcc-lib/ntox86/2.95.3/crtendC++.o
 .init          0x0804809e        0x3 /x86/lib/crtn.o

.plt
 *(.plt)

.text           0x080480a4    0x3edbb
                0x080480a4                _btext=.
 *(.text)
 .text          0x080480a4       0x5f /x86/lib/crt1.o
                0x080480ac                _start
 *fill*         0x08048103        0x1 37008
 .text          0x08048104       0xce /usr/lib/gcc-lib/ntox86/2.95.3/crtbeginC++.o
 *fill*         0x080481d2        0x2 37008
 .text          0x080481d4      0x26f objects_storage_logger.o
                0x080481f0                objects_storage_logger::get_instance(void)
                0x08048234                objects_storage_logger::log_message(objects_storage_logger::message_type, std::basic_string<char, std::char_traits<char>, std::allocator<char> >)
 *fill*         0x08048443        0x1 37008
 .text          0x08048444     0x1102 manager_of_data_storage.o
                0x080484a4                manager_of_data_storage::run(void)
                0x08048460                manager_of_data_storage::get_instance(void)
 *fill*         0x08049546        0x2 37008
 .text          0x08049548     0x112c pri_data_manager.o
                0x080495a8                pri_data_manager::process_command_to_occupate(std::vector<unsigned char, std::allocator<unsigned char> >)
                0x08049d98                pri_data_manager::process_command_to_free(std::vector<unsigned char, std::allocator<unsigned char> >)
                0x08049564                pri_data_manager::get_instance(void)
                0x0804a45c                pri_data_manager::process_command(std::vector<unsigned char, std::allocator<unsigned char> >)
 .text          0x0804a674      0x761 mock_database_wrapper.o
                0x0804aa90                database_wrapper::pri_occupate_channel_any(unsigned char, unsigned char, unsigned char, unsigned char, unsigned short, int)
                0x0804a748                database_wrapper::database_wrapper(void)
                0x0804a7d4                database_wrapper::pri_occupate_channel_only(unsigned char, unsigned char, unsigned char, unsigned char, unsigned short, int)
                0x0804a690                database_wrapper::get_instance(void)
                0x0804ad78                database_wrapper::pri_free_channel(unsigned char, unsigned char, unsigned char, unsigned char, unsigned short, int)
 *fill*         0x0804add5        0x3 37008
 .text          0x0804add8      0x526 main.o
                0x0804aee4                main
                0x0804add8                usage(std::basic_string<char, std::char_traits<char>, std::allocator<char> >)
 *fill*         0x0804b2fe        0x2 37008
 .text          0x0804b300       0x59 /x86/lib/libcpp.a(delaop.o)
                0x0804b300                __builtin_vec_delete
 *fill*         0x0804b359        0x3 37008
 .text          0x0804b35c       0x61 /x86/lib/libcpp.a(delop.o)
                0x0804b35c                __builtin_delete
 *fill*         0x0804b3bd        0x3 37008
 .text          0x0804b3c0        0x5 /x86/lib/libcpp.a(delop3.o)
                0x0804b3c0                operator delete(void *, void *)
 *fill*         0x0804b3c5        0x3 37008
 .text          0x0804b3c8       0x6a /x86/lib/libcpp.a(exceptio.o)
                0x0804b404                std::set_unexpected(void (*)(void))
                0x0804b41c                std::unexpected(void)
                0x0804b3d4                std::set_terminate(void (*)(void))
                0x0804b3ec                std::terminate(void)
                0x0804b3c8                std::do_abort(void)
 *fill*         0x0804b432        0x2 37008
 .text          0x0804b434       0xbd /x86/lib/libcpp.a(gccex.o)
                0x0804b434                std::exception::_Set_raise_handler(void (*)(std::exception const &))
                0x0804b45c                std::exception::~exception(void)
                0x0804b44c                std::exception::exception(void)
                0x0804b48c                std::exception::_Raise(void) const
                0x0804b4ec                std::exception::_Doraise(void) const
                0x0804b480                std::exception::what(void) const
 *fill*         0x0804b4f1        0x3 37008
 .text          0x0804b4f4      0x832 /x86/lib/libcpp.a(ios.o)
                0x0804bc1c                std::ios_base::_Init(void)
                0x0804ba14                std::ios_base::~ios_base(void)
                0x0804b4f4                std::ios_base::clear(std::_Iosb<int>::_Iostate, bool)
                0x0804ba7c                std::ios_base::_Callfns(std::ios_base::event)
                0x0804b840                std::ios_base::copyfmt(std::ios_base const &)
                0x0804bcc0                std::ios_base::_Tidy(void)
                0x0804b914                std::ios_base::imbue(std::locale const &)
                0x0804b99c                std::ios_base::register_callback(void (*)(std::ios_base::event, std::ios_base &, int), int)
                0x0804bab4                std::ios_base::_Findarr(int)
                0x0804bbb0                std::ios_base::_Addstd(void)
 *fill*         0x0804bd26        0x2 37008
 .text          0x0804bd28      0x5eb /x86/lib/libcpp.a(iostream.o)
                0x0804bd28                std::ios_base::Init::Init(void)
                0x0804c13c                std::ios_base::Init::~Init(void)
 *fill*         0x0804c313        0x1 37008
 .text          0x0804c314     0x11c7 /x86/lib/libcpp.a(locale.o)
                0x0804c984                std::locale::global(std::locale const &)
                0x0804c314                std::locale::locale(std::locale const &, std::locale const &, int)
                0x0804d150                std::locale::_Locimp::_Addfac(std::locale::facet *, unsigned int)
                0x0804cfb8                std::locale::_Locimp::_Locimp(std::locale::_Locimp const &)
                0x0804d258                std::_Locinfo::_Locinfo(int, char const *)
                0x0804cae0                std::locale::_Locimp::_Makeloc(std::_Locinfo const &, int, std::locale::_Locimp *, std::locale const *)
                0x0804d330                std::_Locinfo::_Addcats(int, char const *)
                0x0804c438                std::locale::locale(char const *, int)
                0x0804c6a0                std::locale::locale(std::locale const &, char const *, int)
 *fill*         0x0804d4db        0x1 37008
 .text          0x0804d4dc      0x76f /x86/lib/libcpp.a(locale0.o)
                0x0804d4dc                std::locale::classic(void)
                0x0804d71c                std::locale::_Init(void)
                0x0804d89c                std::locale::_Tidy(void)
                0x0804d930                std::locale::_Locimp::_Locimp(bool)
                0x0804da70                std::_Locinfo::_Locinfo(char const *)
                0x0804d5a8                std::locale::operator==(std::locale const &) const
                0x0804d4f0                std::locale::empty(void)
                0x0804d9a8                std::locale::_Locimp::~_Locimp(void)
                0x0804d55c                std::locale::_Getfacet(unsigned int) const
                0x0804db64                std::_Locinfo::~_Locinfo(void)
 *fill*         0x0804dc4b        0x1 37008
 .text          0x0804dc4c       0x65 /x86/lib/libcpp.a(newaop.o)
                0x0804dc4c                __builtin_vec_new
 *fill*         0x0804dcb1        0x3 37008
 .text          0x0804dcb4       0x81 /x86/lib/libcpp.a(newop.o)
                0x0804dcb4                __builtin_new
 *fill*         0x0804dd35        0x3 37008
 .text          0x0804dd38       0x8f /x86/lib/libcpp.a(nomemory.o)
                0x0804dd50                std::_Nomemory(void)
 *fill*         0x0804ddc7        0x1 37008
 .text          0x0804ddc8      0x205 /x86/lib/libcpp.a(string.o)
                0x0804ddc8                std::_String_base::_Xlen(void) const
                0x0804decc                std::_String_base::_Xran(void) const
 *fill*         0x0804dfcd        0x3 37008
 .text          0x0804dfd0        0x7 /x86/lib/libcpp.a(uncaught.o)
                0x0804dfd0                std::uncaught_exception(void)
 *fill*         0x0804dfd7        0x1 37008
 .text          0x0804dfd8     0x10aa /x86/lib/libcpp.a(wlocale.o)
                0x0804dfd8                std::locale::_Locimp::_Makewloc(std::_Locinfo const &, int, std::locale::_Locimp *, std::locale const *)
 *fill*         0x0804f082        0x2 37008
 .text          0x0804f084      0xa0e /x86/lib/libcpp.a(xlocale.o)
                0x0804f084                std::locale::_Locimp::_Makexloc(std::_Locinfo const &, int, std::locale::_Locimp *, std::locale const *)
 *fill*         0x0804fa92        0x2 37008
 .text          0x0804fa94       0xe5 /x86/lib/libcpp.a(xlock.o)
                0x0804fb00                std::_Lockit::_Lockit(int)
                0x0804fb40                std::_Lockit::~_Lockit(void)
 *fill*         0x0804fb79        0x3 37008
 .text          0x0804fb7c       0x3f /x86/lib/libcpp.a(xmtx.o)
                0x0804fb7c                _Mtxinit
 *fill*         0x0804fbbb        0x1 37008
 .text          0x0804fbbc       0x95 /x86/lib/libcpp.a(xmutex.o)
                0x0804fbe8                std::_Mutex::~_Mutex(void)
                0x0804fc3c                std::_Mutex::_Unlock(void)
                0x0804fc24                std::_Mutex::_Lock(void)
                0x0804fbbc                std::_Mutex::_Mutex(void)
 *fill*         0x0804fc51        0x3 37008
 .text          0x0804fc54       0x15 /x86/lib/libcpp.a(new.o)
                0x0804fc54                std::set_new_handler(void (*)(void))
 *fill*         0x0804fc69        0x3 37008
 .text          0x0804fc6c      0xcbb /usr/lib/gcc-lib/ntox86/2.95.3/exceptions/libgcc.a(_eh.o)
                0x0804fca4                __throw_type_match
                0x0804fd8c                __get_eh_info
                0x08050868                __rethrow
                0x0804fd6c                __get_eh_context
                0x0804ff38                __sjthrow
                0x080507b0                __throw
                0x0804fcd8                __empty
                0x0805043c                __unwinding_cleanup
                0x0805019c                __get_eh_table_language
                0x08050058                __sjpopnthrow
                0x08050150                __eh_rtime_match
                0x0804ff14                __get_dynamic_handler_chain
                0x0804fc6c                __default_terminate
                0x0804fc84                __terminate
                0x08050190                __get_eh_table_version
 *fill*         0x08050927        0x1 37008
 .text          0x08050928      0x67c /usr/lib/gcc-lib/ntox86/2.95.3/exceptions/libgcc.a(exception.o)
                0x08050f74                exception::what(void) const
                0x08050adc                __cp_push_exception
                0x080509a8                unexpected(void)
                0x080509c4                __cp_exception_info
                0x08050960                set_terminate(void (*)(void))
                0x08050bf8                __uncatch_exception
                0x08050948                __default_unexpected(void)
                0x08050c28                __check_eh_spec
                0x08050dfc                __throw_bad_cast
                0x08050928                terminate(void)
                0x08050984                set_unexpected(void (*)(void))
                0x08050a04                __start_cp_handler
                0x08050a84                __cplus_type_matcher
                0x08050a60                __eh_free
                0x08050b50                __cp_pop_exception
                0x08050ea0                __throw_bad_typeid
                0x080509e4                __cp_eh_info
                0x08050f44                uncaught_exception(void)
                0x08050a2c                __eh_alloc
 .text          0x08050fa4      0xf0b /usr/lib/gcc-lib/ntox86/2.95.3/exceptions/libgcc.a(frame.o)
                0x08051a84                __register_frame
                0x08051c40                __frame_state_for
                0x08051b34                __register_frame_table
                0x08051b68                __deregister_frame_info
                0x08051c14                __deregister_frame
                0x08051ab8                __register_frame_info_table
                0x08051a04                __register_frame_info
 *fill*         0x08051eaf        0x1 37008
 .text          0x08051eb0      0x31d /usr/lib/gcc-lib/ntox86/2.95.3/exceptions/libgcc.a(tinfo.o)
                0x08052078                __class_type_info::dcast(type_info const &, int, void *, type_info const *, void *) const
                0x08051eb0                type_info::~type_info(void)
                0x08051fb0                __rtti_user
                0x08051f70                __rtti_si
                0x08051fe4                __user_type_info::dcast(type_info const &, int, void *, type_info const *, void *) const
                0x08052018                __si_type_info::dcast(type_info const &, int, void *, type_info const *, void *) const
                0x08051ee8                type_info::operator==(type_info const &) const
                0x08051f28                __rtti_class
 *fill*         0x080521cd        0x3 37008
 .text          0x080521d0      0xaec /usr/lib/gcc-lib/ntox86/2.95.3/exceptions/libgcc.a(tinfo2.o)
                0x08052b3c                unsigned int type_info function
                0x080528bc                long long type_info function
                0x080521d0                type_info::before(type_info const &) const
                0x080527bc                __rtti_ptmd
                0x080527f0                __rtti_array
                0x08052c7c                signed char type_info function
                0x08052714                __rtti_attr
                0x080529fc                char type_info function
                0x0805297c                short type_info function
                0x0805287c                void type_info function
                0x0805293c                int type_info function
                0x080529bc                bool type_info function
                0x08052200                __throw_type_match_rtti
                0x08052688                __is_pointer(void *)
                0x08052c3c                unsigned char type_info function
                0x08052bbc                unsigned long long type_info function
                0x08052abc                double type_info function
                0x08052a3c                wchar_t type_info function
                0x08052754                __rtti_func
                0x080526dc                __rtti_ptr
                0x08052a7c                long double type_info function
                0x08052afc                float type_info function
                0x08052b7c                unsigned long type_info function
                0x08052788                __rtti_ptmf
                0x08052bfc                unsigned short type_info function
                0x080528fc                long type_info function
                0x08052824                __dynamic_cast
 .text          0x08052cbc      0x277 /x86/lib/libc.a(getopt.o)
                0x08052cbc                getopt
 *fill*         0x08052f33        0x1 37008
 .text          0x08052f34       0x7e /x86/lib/libc.a(pthread_mutex_lock.o)
                0x08052f34                pthread_mutex_lock
 *fill*         0x08052fb2        0x2 37008
 .text          0x08052fb4       0x18 /x86/lib/libc.a(pthread_mutex_init.o)
                0x08052fb4                pthread_mutex_init
 .text          0x08052fcc       0x13 /x86/lib/libc.a(pthread_mutex_destroy.o)
                0x08052fcc                pthread_mutex_destroy
 *fill*         0x08052fdf        0x1 37008
 .text          0x08052fe0       0x53 /x86/lib/libc.a(pthread_mutex_unlock.o)
                0x08052fe0                pthread_mutex_unlock
 *fill*         0x08053033        0x1 37008
 .text          0x08053034        0x7 /x86/lib/libc.a(pthread_mutexattr_destroy.o)
                0x08053034                pthread_mutexattr_destroy
 *fill*         0x0805303b        0x1 37008
 .text          0x0805303c       0x1e /x86/lib/libc.a(pthread_mutexattr_init.o)
                0x0805303c                pthread_mutexattr_init
 *fill*         0x0805305a        0x2 37008
 .text          0x0805305c       0x6d /x86/lib/libc.a(pthread_mutexattr_settype.o)
                0x0805305c                pthread_mutexattr_settype
 *fill*         0x080530c9        0x3 37008
 .text          0x080530cc       0xba /x86/lib/libc.a(pthread_once.o)
                0x080530e0                __pthread_once
                0x08053164                pthread_once
 *fill*         0x08053186        0x2 37008
 .text          0x08053188      0x58a /x86/lib/libc.a(malloc.o)
                0x0805323c                malloc
                0x080536dc                calloc
                0x08053460                _posix_memalign
                0x08053528                realloc
                0x08053398                memalign
                0x080534e0                valloc
                0x08053460                posix_memalign
                0x08053188                free
 *fill*         0x08053712        0x2 37008
 .text          0x08053714       0xfa /x86/lib/libc.a(util.o)
                0x08053714                _malloc_log
                0x080537d0                malloc_abort
                0x080537a0                _malloc_error
 *fill*         0x0805380e        0x2 37008
 .text          0x08053810       0x11 /x86/lib/libc.a(_exit.o)
                0x08053810                _exit
 *fill*         0x08053821        0x3 37008
 .text          0x08053824       0xc4 /x86/lib/libc.a(abort.o)
                0x08053824                abort
 .text          0x080538e8       0x37 /x86/lib/libc.a(atexit.o)
                0x080538e8                atexit
 *fill*         0x0805391f        0x1 37008
 .text          0x08053920       0x18 /x86/lib/libc.a(exit.o)
                0x08053920                exit
 .text          0x08053938        0xa /x86/lib/libc.a(localeco.o)
                0x08053938                localeconv
 *fill*         0x08053942        0x2 37008
 .text          0x08053944       0x45 /x86/lib/libc.a(mbrtowc.o)
                0x08053944                mbrtowc
 *fill*         0x08053989        0x3 37008
 .text          0x0805398c       0x25 /x86/lib/libc.a(raise.o)
                0x0805398c                raise
 *fill*         0x080539b1        0x3 37008
 .text          0x080539b4      0x48b /x86/lib/libc.a(setlocal.o)
                0x080539b4                _Getcloc
                0x08053be0                _Getlname
                0x08053d9c                setlocale
                0x08053b2c                _Getnloc
 *fill*         0x08053e3f        0x1 37008
 .text          0x08053e40       0x42 /x86/lib/libc.a(wcrtomb.o)
                0x08053e40                wcrtomb
 *fill*         0x08053e82        0x2 37008
 .text          0x08053e84       0x42 /x86/lib/libc.a(xbtowc.o)
                0x08053e84                _Btowc
 *fill*         0x08053ec6        0x2 37008
 .text          0x08053ec8      0x210 /x86/lib/libc.a(xdefloc.o)
                0x08053ec8                _Defloc
 .text          0x080540d8      0x398 /x86/lib/libc.a(xgetloc.o)
                0x080540d8                _Skip
                0x08054104                _Getloc
 .text          0x08054470      0x42f /x86/lib/libc.a(xmakeloc.o)
                0x080544f4                _Makeloc
                0x0805449c                _Locsum
 *fill*         0x0805489f        0x1 37008
 .text          0x080548a0      0x248 /x86/lib/libc.a(xmakesta.o)
                0x080548a0                _Makestab
 .text          0x08054ae8      0x2ea /x86/lib/libc.a(xmakewct.o)
                0x08054ae8                _Makewct
 *fill*         0x08054dd2        0x2 37008
 .text          0x08054dd4      0x1eb /x86/lib/libc.a(xmbtowc.o)
                0x08054dd4                _Mbtowc
 *fill*         0x08054fbf        0x1 37008
 .text          0x08054fc0      0x102 /x86/lib/libc.a(xreadloc.o)
                0x08054fc0                _Readloc
 *fill*         0x080550c2        0x2 37008
 .text          0x080550c4      0x1f8 /x86/lib/libc.a(xsetloc.o)
                0x080550c4                _Setloc
 .text          0x080552bc      0x189 /x86/lib/libc.a(xstod.o)
                0x080552bc                _Stod
 *fill*         0x08055445        0x3 37008
 .text          0x08055448      0x106 /x86/lib/libc.a(xstof.o)
                0x08055448                _Stof
 *fill*         0x0805554e        0x2 37008
 .text          0x08055550      0x256 /x86/lib/libc.a(xstoflt.o)
                0x08055550                _Stoflt
 *fill*         0x080557a6        0x2 37008
 .text          0x080557a8      0x1b4 /x86/lib/libc.a(xstold.o)
                0x080557a8                _Stold
 .text          0x0805595c      0x11b /x86/lib/libc.a(xstopfx.o)
                0x0805595c                _Stopfx
 *fill*         0x08055a77        0x1 37008
 .text          0x08055a78      0x28b /x86/lib/libc.a(xstoxflt.o)
                0x08055a78                _Stoxflt
 *fill*         0x08055d03        0x1 37008
 .text          0x08055d04      0x1f7 /x86/lib/libc.a(xwctomb.o)
                0x08055d04                _Wctomb
 *fill*         0x08055efb        0x1 37008
 .text          0x08055efc       0x28 /x86/lib/libc.a(ConnectAttach.o)
                0x08055efc                ConnectAttach
 .text          0x08055f24       0x30 /x86/lib/libc.a(MsgSend.o)
                0x08055f24                MsgSend
 .text          0x08055f54       0x28 /x86/lib/libc.a(SignalKill.o)
                0x08055f54                SignalKill
 .text          0x08055f7c       0x20 /x86/lib/libc.a(SyncDestroy_r.o)
                0x08055f7c                SyncDestroy_r
 .text          0x08055f9c       0x20 /x86/lib/libc.a(SyncMutexUnlock_r.o)
                0x08055f9c                SyncMutexUnlock_r
 .text          0x08055fbc       0x20 /x86/lib/libc.a(SyncMutexLock_r.o)
                0x08055fbc                SyncMutexLock_r
 .text          0x08055fdc       0x20 /x86/lib/libc.a(SyncTypeCreate_r.o)
                0x08055fdc                SyncTypeCreate_r
 .text          0x08055ffc       0x18 /x86/lib/libc.a(__ker_err.o)
                0x08055ffc                __ker_err
 .text          0x08056014        0xe /x86/lib/libc.a(gettid.o)
                0x08056014                gettid
 *fill*         0x08056022        0x2 37008
 .text          0x08056024      0x2d2 /x86/lib/libc.a(slog.o)
                0x080561dc                vslogf
                0x08056134                slogi
                0x080560f0                slogb
                0x080562dc                slogf
 *fill*         0x080562f6        0x2 37008
 .text          0x080562f8      0x186 /x86/lib/libc.a(fclose.o)
                0x080562f8                fclose
 *fill*         0x0805647e        0x2 37008
 .text          0x08056480       0xbc /x86/lib/libc.a(fflush.o)
                0x08056494                fflush
                0x08056480                flushall
 .text          0x0805653c       0x9e /x86/lib/libc.a(fgetc.o)
                0x0805653c                fgetc
 *fill*         0x080565da        0x2 37008
 .text          0x080565dc       0x16 /x86/lib/libc.a(fgetpos.o)
                0x080565dc                fgetpos
 *fill*         0x080565f2        0x2 37008
 .text          0x080565f4      0x154 /x86/lib/libc.a(fgets.o)
                0x080565f4                fgets
 .text          0x08056748        0xb /x86/lib/libc.a(fileno.o)
                0x08056748                fileno
 *fill*         0x08056753        0x1 37008
 .text          0x08056754       0x86 /x86/lib/libc.a(flockfile.o)
                0x08056754                flockfile
 *fill*         0x080567da        0x2 37008
 .text          0x080567dc       0x18 /x86/lib/libc.a(fopen.o)
                0x080567dc                fopen
 .text          0x080567f4       0xa3 /x86/lib/libc.a(fputc.o)
                0x080567f4                fputc
 *fill*         0x08056897        0x1 37008
 .text          0x08056898      0x11c /x86/lib/libc.a(fputs.o)
                0x08056898                fputs
 .text          0x080569b4       0x1e /x86/lib/libc.a(fseek.o)
                0x080569b4                fseek
 *fill*         0x080569d2        0x2 37008
 .text          0x080569d4       0x1c /x86/lib/libc.a(fsetpos.o)
                0x080569d4                fsetpos
 .text          0x080569f0       0x65 /x86/lib/libc.a(funlockfile.o)
                0x080569f0                funlockfile
 *fill*         0x08056a55        0x3 37008
 .text          0x08056a58      0x126 /x86/lib/libc.a(fwrite.o)
                0x08056a58                fwrite
 *fill*         0x08056b7e        0x2 37008
 .text          0x08056b80       0xcf /x86/lib/libc.a(setvbuf.o)
                0x08056b80                setvbuf
 *fill*         0x08056c4f        0x1 37008
 .text          0x08056c50       0x29 /x86/lib/libc.a(sprintf.o)
                0x08056c50                sprintf
 *fill*         0x08056c79        0x3 37008
 .text          0x08056c7c       0x4d /x86/lib/libc.a(sscanf.o)
                0x08056cac                sscanf
 *fill*         0x08056cc9        0x3 37008
 .text          0x08056ccc       0x23 /x86/lib/libc.a(strerror.o)
                0x08056ccc                strerror
 *fill*         0x08056cef        0x1 37008
 .text          0x08056cf0       0x93 /x86/lib/libc.a(ungetc.o)
                0x08056cf0                ungetc
 *fill*         0x08056d83        0x1 37008
 .text          0x08056d84       0x49 /x86/lib/libc.a(vsnprintf.o)
                0x08056d84                vsnprintf
 *fill*         0x08056dcd        0x3 37008
 .text          0x08056dd0       0x28 /x86/lib/libc.a(vsprintf.o)
                0x08056dd0                vsprintf
 .text          0x08056df8      0x12a /x86/lib/libc.a(xfgpos.o)
                0x08056df8                _Fgpos
 *fill*         0x08056f22        0x2 37008
 .text          0x08056f24      0x10f /x86/lib/libc.a(xfrprep.o)
                0x08056f24                _Frprep
 *fill*         0x08057033        0x1 37008
 .text          0x08057034      0x170 /x86/lib/libc.a(xfspos.o)
                0x08057034                _Fspos
 .text          0x080571a4       0xa2 /x86/lib/libc.a(xfwprep.o)
                0x080571a4                _Fwprep
 *fill*         0x08057246        0x2 37008
 .text          0x08057248      0x297 /x86/lib/libc.a(xprintf.o)
                0x08057248                _Printf
 *fill*         0x080574df        0x1 37008
 .text          0x080574e0      0x391 /x86/lib/libc.a(xputfld.o)
                0x080574e0                _Putfld
 *fill*         0x08057871        0x3 37008
 .text          0x08057874      0x173 /x86/lib/libc.a(xputstr.o)
                0x08057874                _Putstr
 *fill*         0x080579e7        0x1 37008
 .text          0x080579e8      0x20a /x86/lib/libc.a(xputtxt.o)
                0x080579e8                _Puttxt
 *fill*         0x08057bf2        0x2 37008
 .text          0x08057bf4      0x2d0 /x86/lib/libc.a(xscanf.o)
                0x08057bf4                _Scanf
 .text          0x08057ec4       0x52 /x86/lib/libc.a(xsnprout.o)
                0x08057ec4                _Snprout
 *fill*         0x08057f16        0x2 37008
 .text          0x08057f18       0x20 /x86/lib/libc.a(xsprout.o)
                0x08057f18                _Sprout
 .text          0x08057f38       0x1c /x86/lib/libc.a(memchr.o)
                0x08057f38                memchr
 .text          0x08057f54       0x37 /x86/lib/libc.a(memcmp.o)
                0x08057f54                memcmp
 *fill*         0x08057f8b        0x1 37008
 .text          0x08057f8c       0x29 /x86/lib/libc.a(memcpy.o)
                0x08057f8c                memcpy
 *fill*         0x08057fb5        0x3 37008
 .text          0x08057fb8       0x43 /x86/lib/libc.a(memmove.o)
                0x08057fb8                memmove
 *fill*         0x08057ffb        0x1 37008
 .text          0x08057ffc       0x77 /x86/lib/libc.a(memset.o)
                0x08057ffc                memset
 *fill*         0x08058073        0x1 37008
 .text          0x08058074       0x2b /x86/lib/libc.a(strcat.o)
                0x08058074                strcat
 *fill*         0x0805809f        0x1 37008
 .text          0x080580a0       0x23 /x86/lib/libc.a(strchr.o)
                0x080580a0                strchr
 *fill*         0x080580c3        0x1 37008
 .text          0x080580c4       0x30 /x86/lib/libc.a(strcmp.o)
                0x080580c4                strcmp
 .text          0x080580f4      0x117 /x86/lib/libc.a(strcoll.o)
                0x08058114                strcoll
 *fill*         0x0805820b        0x1 37008
 .text          0x0805820c       0x27 /x86/lib/libc.a(strcpy.o)
                0x0805820c                strcpy
 *fill*         0x08058233        0x1 37008
 .text          0x08058234       0x3d /x86/lib/libc.a(strcspn.o)
                0x08058234                strcspn
 *fill*         0x08058271        0x3 37008
 .text          0x08058274       0x57 /x86/lib/libc.a(strdup.o)
                0x08058274                _strdup
                0x08058288                strdup
 *fill*         0x080582cb        0x1 37008
 .text          0x080582cc       0x1a /x86/lib/libc.a(strlen.o)
                0x080582cc                strlen
 *fill*         0x080582e6        0x2 37008
 .text          0x080582e8       0x3b /x86/lib/libc.a(strncmp.o)
                0x080582e8                strncmp
 *fill*         0x08058323        0x1 37008
 .text          0x08058324       0x21 /x86/lib/libc.a(strrchr.o)
                0x08058324                strrchr
 *fill*         0x08058345        0x3 37008
 .text          0x08058348       0x36 /x86/lib/libc.a(strspn.o)
                0x08058348                strspn
 *fill*         0x0805837e        0x2 37008
 .text          0x08058380       0x18 /x86/lib/libc.a(strtol.o)
                0x08058380                strtol
 .text          0x08058398       0x18 /x86/lib/libc.a(strtoll.o)
                0x08058398                strtoll
 .text          0x080583b0       0x18 /x86/lib/libc.a(strtoul.o)
                0x080583b0                strtoul
 .text          0x080583c8       0x18 /x86/lib/libc.a(strtoull.o)
                0x080583c8                strtoull
 .text          0x080583e0       0x7b /x86/lib/libc.a(strxfrm.o)
                0x080583e0                strxfrm
 *fill*         0x0805845b        0x1 37008
 .text          0x0805845c      0x147 /x86/lib/libc.a(wcscoll.o)
                0x080584b8                wcscoll
 *fill*         0x080585a3        0x1 37008
 .text          0x080585a4       0x1f /x86/lib/libc.a(wcslen.o)
                0x080585a4                wcslen
 *fill*         0x080585c3        0x1 37008
 .text          0x080585c4       0xc2 /x86/lib/libc.a(wcsxfrm.o)
                0x080585c4                wcsxfrm
 *fill*         0x08058686        0x2 37008
 .text          0x08058688       0x3b /x86/lib/libc.a(wmemcmp.o)
                0x08058688                wmemcmp
 *fill*         0x080586c3        0x1 37008
 .text          0x080586c4       0x27 /x86/lib/libc.a(wmemcpy.o)
                0x080586c4                wmemcpy
 *fill*         0x080586eb        0x1 37008
 .text          0x080586ec       0x54 /x86/lib/libc.a(wmemmove.o)
                0x080586ec                wmemmove
 .text          0x08058740       0x21 /x86/lib/libc.a(wmemset.o)
                0x08058740                wmemset
 *fill*         0x08058761        0x3 37008
 .text          0x08058764      0x3c6 /x86/lib/libc.a(xstrxfrm.o)
                0x08058764                _CStrxfrm
 *fill*         0x08058b2a        0x2 37008
 .text          0x08058b2c      0x180 /x86/lib/libc.a(xwcsxfrm.o)
                0x08058b2c                _CWcsxfrm
 .text          0x08058cac       0x52 /x86/lib/libc.a(__cleanup.o)
                0x08058cac                __cleanup_push
                0x08058cd0                __cleanup_pop
 *fill*         0x08058cfe        0x2 37008
 .text          0x08058d00        0xe /x86/lib/libc.a(__get_errno_ptr.o)
                0x08058d00                __get_errno_ptr
 *fill*         0x08058d0e        0x2 37008
 .text          0x08058d10       0x12 /x86/lib/libc.a(__stackavail.o)
                0x08058d10                __stackavail
 *fill*         0x08058d22        0x2 37008
 .text          0x08058d24        0xb /x86/lib/libc.a(__tls.o)
                0x08058d24                __tls
 *fill*         0x08058d2f        0x1 37008
 .text          0x08058d30       0xd3 /x86/lib/libc.a(_init_libc.o)
                0x08058d30                _init_libc
 *fill*         0x08058e03        0x1 37008
 .text          0x08058e04       0x1b /x86/lib/libc.a(_math_emu_stub.o)
                0x08058e04                _math_emu_stub
 *fill*         0x08058e1f        0x1 37008
 .text          0x08058e20       0x55 /x86/lib/libc.a(asctime.o)
                0x08058e20                asctime
                0x08058e4c                asctime_r
 *fill*         0x08058e75        0x3 37008
 .text          0x08058e78      0x18a /x86/lib/libc.a(xstrftim.o)
                0x08058e78                _CStrftime
 *fill*         0x08059002        0x2 37008
 .text          0x08059004      0x5b3 /x86/lib/libc.a(xtzset.o)
                0x08059470                _Tzset
 *fill*         0x080595b7        0x1 37008
 .text          0x080595b8      0x37f /x86/lib/libc.a(random.o)
                0x080598a4                random
                0x080597b8                setstate
                0x08059644                initstate
                0x080595b8                srandom
 *fill*         0x08059937        0x1 37008
 .text          0x08059938       0x74 /x86/lib/libc.a(close.o)
                0x08059938                close
 .text          0x080599ac        0xe /x86/lib/libc.a(getpid.o)
                0x080599ac                getpid
 *fill*         0x080599ba        0x2 37008
 .text          0x080599bc       0xa6 /x86/lib/libc.a(lseek.o)
                0x08059a30                lseek
                0x08059a4c                tell
                0x08059a18                tell64
                0x080599bc                lseek64
 *fill*         0x08059a62        0x2 37008
 .text          0x08059a64       0x19 /x86/lib/libc.a(open.o)
                0x08059a64                open
 *fill*         0x08059a7d        0x3 37008
 .text          0x08059a80       0x3d /x86/lib/libc.a(read.o)
                0x08059a80                read
 *fill*         0x08059abd        0x3 37008
 .text          0x08059ac0       0x20 /x86/lib/libc.a(sigaction.o)
                0x08059ac0                sigaction
 .text          0x08059ae0       0x3f /x86/lib/libc.a(sigdelset.o)
                0x08059ae0                sigdelset
 *fill*         0x08059b1f        0x1 37008
 .text          0x08059b20       0x17 /x86/lib/libc.a(sigfillset.o)
                0x08059b20                sigfillset
 *fill*         0x08059b37        0x1 37008
 .text          0x08059b38       0x43 /x86/lib/libc.a(sigstub.o)
                0x08059b38                __signalstub
 *fill*         0x08059b7b        0x1 37008
 .text          0x08059b7c       0x9b /x86/lib/libc.a(sysconf.o)
                0x08059c04                sysconf
                0x08059bdc                _sysconf
 *fill*         0x08059c17        0x1 37008
 .text          0x08059c18       0x53 /x86/lib/libc.a(write.o)
                0x08059c18                write
 *fill*         0x08059c6b        0x1 37008
 .text          0x08059c6c       0x55 /x86/lib/libc.a(basename.o)
                0x08059c6c                basename
 *fill*         0x08059cc1        0x3 37008
 .text          0x08059cc4       0xf4 /x86/lib/libc.a(confstr.o)
                0x08059d38                confstr
 .text          0x08059db8       0x11 /x86/lib/libc.a(__my_thread_exit.o)
                0x08059db8                __my_thread_exit
 *fill*         0x08059dc9        0x3 37008
 .text          0x08059dcc       0x15 /x86/lib/libc.a(pthread_cond_broadcast.o)
                0x08059dcc                pthread_cond_broadcast
 *fill*         0x08059de1        0x3 37008
 .text          0x08059de4       0x39 /x86/lib/libc.a(pthread_cond_wait.o)
                0x08059de4                pthread_cond_wait
 *fill*         0x08059e1d        0x3 37008
 .text          0x08059e20       0xbb /x86/lib/libc.a(pthread_exit.o)
                0x08059e20                pthread_exit
 *fill*         0x08059edb        0x1 37008
 .text          0x08059edc        0xe /x86/lib/libc.a(pthread_self.o)
                0x08059edc                pthread_self
 *fill*         0x08059eea        0x2 37008
 .text          0x08059eec       0x2b /x86/lib/libc.a(pthread_sigmask.o)
                0x08059eec                pthread_sigmask
 *fill*         0x08059f17        0x1 37008
 .text          0x08059f18      0x476 /x86/lib/libc.a(band.o)
                0x08059f98                _check_bands
                0x0805a174                _band_get_aligned
                0x0805a260                _band_rlse
                0x0805a248                _band_get
 *fill*         0x0805a38e        0x2 37008
 .text          0x0805a390      0x1a6 /x86/lib/libc.a(compat.o)
                0x0805a478                mprobe
                0x0805a4e8                mallopt
                0x0805a390                mallinfo
                0x0805a420                mcheck
 *fill*         0x0805a536        0x2 37008
 .text          0x0805a538      0xa9a /x86/lib/libc.a(dlist.o)
                0x0805af2c                malloc_opts
                0x0805a8c4                _list_memalign
                0x0805add8                _list_resize
                0x0805abf4                _list_alloc
                0x0805a538                _check_arena
                0x0805a680                _check_list
                0x0805ac0c                _list_release
                0x0805af24                _list_gc
 *fill*         0x0805afd2        0x2 37008
 .text          0x0805afd4       0x1a /x86/lib/libc.a(__exit.o)
                0x0805afd4                __exit
 *fill*         0x0805afee        0x2 37008
 .text          0x0805aff0       0x81 /x86/lib/libc.a(_cleanup.o)
                0x0805aff0                _cleanup
 *fill*         0x0805b071        0x3 37008
 .text          0x0805b074       0x3f /x86/lib/libc.a(getenv.o)
                0x0805b074                getenv
 *fill*         0x0805b0b3        0x1 37008
 .text          0x0805b0b4      0x199 /x86/lib/libc.a(xdscale.o)
                0x0805b0b4                _Dscale
 *fill*         0x0805b24d        0x3 37008
 .text          0x0805b250      0x1c0 /x86/lib/libc.a(xdtento.o)
                0x0805b2b8                _Dtento
 .text          0x0805b410       0x9a /x86/lib/libc.a(xdunscal.o)
                0x0805b410                _Dunscale
 *fill*         0x0805b4aa        0x2 37008
 .text          0x0805b4ac      0x126 /x86/lib/libc.a(xfdscale.o)
                0x0805b4ac                _FDscale
 *fill*         0x0805b5d2        0x2 37008
 .text          0x0805b5d4      0x190 /x86/lib/libc.a(xfdtento.o)
                0x0805b608                _FDtento
 .text          0x0805b764       0x86 /x86/lib/libc.a(xfdunsca.o)
                0x0805b764                _FDunscale
 *fill*         0x0805b7ea        0x2 37008
 .text          0x0805b7ec       0x2d /x86/lib/libc.a(xferaise.o)
                0x0805b7ec                _Feraise
 *fill*         0x0805b819        0x3 37008
 .text          0x0805b81c      0x12e /x86/lib/libc.a(xfreeloc.o)
                0x0805b81c                _Freeloc
 *fill*         0x0805b94a        0x2 37008
 .text          0x0805b94c      0x195 /x86/lib/libc.a(xldscale.o)
                0x0805b94c                _LDscale
 *fill*         0x0805bae1        0x3 37008
 .text          0x0805bae4      0x190 /x86/lib/libc.a(xldtento.o)
                0x0805bb18                _LDtento
 .text          0x0805bc74       0xab /x86/lib/libc.a(xldunsca.o)
                0x0805bc74                _LDunscale
 *fill*         0x0805bd1f        0x1 37008
 .text          0x0805bd20      0x162 /x86/lib/libc.a(xlocterm.o)
                0x0805bd20                _Locvar
                0x0805bd5c                _Locterm
 *fill*         0x0805be82        0x2 37008
 .text          0x0805be84      0x3dd /x86/lib/libc.a(xstoint.o)
                0x0805be84                _Stoint
 *fill*         0x0805c261        0x3 37008
 .text          0x0805c264       0x3f /x86/lib/libc.a(xwctob.o)
                0x0805c264                _Wctob
 *fill*         0x0805c2a3        0x1 37008
 .text          0x0805c2a4       0x20 /x86/lib/libc.a(ConnectDetach_r.o)
                0x0805c2a4                ConnectDetach_r
 .text          0x0805c2c4       0x2c /x86/lib/libc.a(MsgSendnc_r.o)
                0x0805c2c4                MsgSendnc_r
 .text          0x0805c2f0       0x28 /x86/lib/libc.a(MsgSendv.o)
                0x0805c2f0                MsgSendv
 .text          0x0805c318       0x24 /x86/lib/libc.a(MsgSendvnc_r.o)
                0x0805c318                MsgSendvnc_r
 .text          0x0805c33c       0x28 /x86/lib/libc.a(SignalAction.o)
                0x0805c33c                SignalAction
 .text          0x0805c364       0x20 /x86/lib/libc.a(SignalProcmask_r.o)
                0x0805c364                SignalProcmask_r
 .text          0x0805c384       0x20 /x86/lib/libc.a(SyncCondvarSignal_r.o)
                0x0805c384                SyncCondvarSignal_r
 .text          0x0805c3a4       0x20 /x86/lib/libc.a(SyncCondvarWait_r.o)
                0x0805c3a4                SyncCondvarWait_r
 .text          0x0805c3c4       0x28 /x86/lib/libc.a(ThreadDestroy.o)
                0x0805c3c4                ThreadDestroy
 .text          0x0805c3ec       0x20 /x86/lib/libc.a(ThreadDestroy_r.o)
                0x0805c3ec                ThreadDestroy_r
 .text          0x0805c40c       0x28 /x86/lib/libc.a(__SysCpupageGet.o)
                0x0805c40c                __SysCpupageGet
 .text          0x0805c434       0x28 /x86/lib/libc.a(__SysCpupageSet.o)
                0x0805c434                __SysCpupageSet
 .text          0x0805c45c       0x84 /x86/lib/libc.a(sysmgr_confstr_set.o)
                0x0805c45c                sysmgr_confstr_set
 .text          0x0805c4e0       0x6a /x86/lib/libc.a(_fsopen.o)
                0x0805c4e0                _fsopen
 *fill*         0x0805c54a        0x2 37008
 .text          0x0805c54c      0x112 /x86/lib/libc.a(fdopen.o)
                0x0805c54c                fdopen
 *fill*         0x0805c65e        0x2 37008
 .text          0x0805c660       0x50 /x86/lib/libc.a(fprintf.o)
                0x0805c660                fprintf
 .text          0x0805c6b0       0x81 /x86/lib/libc.a(xfbuf.o)
                0x0805c6b0                _Fbuf
 *fill*         0x0805c731        0x3 37008
 .text          0x0805c734       0x2b /x86/lib/libc.a(xfprout.o)
                0x0805c734                _Fprout
 *fill*         0x0805c75f        0x1 37008
 .text          0x0805c760      0x141 /x86/lib/libc.a(xgetfld.o)
                0x0805c760                _Getfld
 *fill*         0x0805c8a1        0x3 37008
 .text          0x0805c8a4      0x511 /x86/lib/libc.a(xgetfloa.o)
                0x0805c8a4                _Getfloat
 *fill*         0x0805cdb5        0x3 37008
 .text          0x0805cdb8      0x33b /x86/lib/libc.a(xgetint.o)
                0x0805cdb8                _Getint
 *fill*         0x0805d0f3        0x1 37008
 .text          0x0805d0f4      0x363 /x86/lib/libc.a(xgetstr.o)
                0x0805d13c                _Getstr
 *fill*         0x0805d457        0x1 37008
 .text          0x0805d458      0x532 /x86/lib/libc.a(xldtob.o)
                0x0805d458                _Ldtob
 *fill*         0x0805d98a        0x2 37008
 .text          0x0805d98c      0x1dd /x86/lib/libc.a(xlitob.o)
                0x0805d98c                _Litob
 *fill*         0x0805db69        0x3 37008
 .text          0x0805db6c      0x279 /x86/lib/libc.a(_conf_get.o)
                0x0805db6c                _conf_get
 *fill*         0x0805dde5        0x3 37008
 .text          0x0805dde8        0x8 /x86/lib/libc.a(_math_emu_load.o)
                0x0805dde8                _math_emulator
 .text          0x0805ddf0       0x40 /x86/lib/libc.a(_vopen.o)
                0x0805ddf0                _vopen
 .text          0x0805de30      0x122 /x86/lib/libc.a(localtim.o)
                0x0805de30                _Tzoff
                0x0805df28                localtime
                0x0805deac                _Tzoff_dst
 *fill*         0x0805df52        0x2 37008
 .text          0x0805df54      0xb57 /x86/lib/libc.a(xgentime.o)
                0x0805e30c                _Gentime
 *fill*         0x0805eaab        0x1 37008
 .text          0x0805eaac      0x259 /x86/lib/libc.a(xgetdst.o)
                0x0805eb90                _Getdst
                0x0805eb00                __getsecs
 *fill*         0x0805ed05        0x3 37008
 .text          0x0805ed08       0x98 /x86/lib/libc.a(xgetrules.o)
                0x0805ed08                _Getrules
 .text          0x0805eda0       0x75 /x86/lib/libc.a(xgettime.o)
                0x0805eda0                _Gettime
 *fill*         0x0805ee15        0x3 37008
 .text          0x0805ee18        0xd /x86/lib/libc.a(xgetzone.o)
                0x0805ee18                _Getzone
 *fill*         0x0805ee25        0x3 37008
 .text          0x0805ee28      0x41a /x86/lib/libc.a(xttotm.o)
                0x0805f094                _Ttotm
                0x0805ee28                _Daysto
 *fill*         0x0805f242        0x2 37008
 .text          0x0805f244      0x112 /x86/lib/libc.a(fork.o)
                0x0805f324                fork
                0x0805f244                _fork
 *fill*         0x0805f356        0x2 37008
 .text          0x0805f358       0x2c /x86/lib/libc.a(isatty.o)
                0x0805f358                isatty
 .text          0x0805f384      0x1c2 /x86/lib/libc.a(core.o)
                0x0805f530                core_enable
                0x0805f4f4                donecore
                0x0805f498                morecore
 *fill*         0x0805f546        0x2 37008
 .text          0x0805f548      0x14c /x86/lib/libc.a(_findenv.o)
                0x0805f548                _findenv
 .text          0x0805f694       0x38 /x86/lib/libc.a(ldiv.o)
                0x0805f694                ldiv
 .text          0x0805f6cc      0x137 /x86/lib/libc.a(xdnorm.o)
                0x0805f6cc                _Dnorm
 *fill*         0x0805f803        0x1 37008
 .text          0x0805f804       0xae /x86/lib/libc.a(xfdnorm.o)
                0x0805f804                _FDnorm
 *fill*         0x0805f8b2        0x2 37008
 .text          0x0805f8b4      0x13d /x86/lib/libc.a(xldnorm.o)
                0x0805f8b4                _LDnorm
 *fill*         0x0805f9f1        0x3 37008
 .text          0x0805f9f4       0x30 /x86/lib/libc.a(MsgSendnc.o)
                0x0805f9f4                MsgSendnc
 .text          0x0805fa24       0x28 /x86/lib/libc.a(MsgSendvnc.o)
                0x0805fa24                MsgSendvnc
 .text          0x0805fa4c       0x1a /x86/lib/libc.a(sopen.o)
                0x0805fa4c                sopen
 *fill*         0x0805fa66        0x2 37008
 .text          0x0805fa68       0x5d /x86/lib/libc.a(__fpinit.o)
                0x0805fa68                __fpinit
 *fill*         0x0805fac5        0x3 37008
 .text          0x0805fac8       0x9e /x86/lib/libc.a(__parse_oflag.o)
                0x0805fac8                __parse_oflag
 *fill*         0x0805fb66        0x2 37008
 .text          0x0805fb68      0x3ab /x86/lib/libc.a(xgenld.o)
                0x0805fb68                _Genld
 *fill*         0x0805ff13        0x1 37008
 .text          0x0805ff14       0x39 /x86/lib/libc.a(strncpy.o)
                0x0805ff14                strncpy
 *fill*         0x0805ff4d        0x3 37008
 .text          0x0805ff50       0x41 /x86/lib/libc.a(_connect.o)
                0x0805ff50                _connect
 *fill*         0x0805ff91        0x3 37008
 .text          0x0805ff94       0xb6 /x86/lib/libc.a(_connect_entry.o)
                0x0805ff94                _connect_entry
 *fill*         0x0806004a        0x2 37008
 .text          0x0806004c      0xe3e /x86/lib/libc.a(_connect_ctrl.o)
                0x08060ba0                _connect_ctrl
 *fill*         0x08060e8a        0x2 37008
 .text          0x08060e8c       0xcd /x86/lib/libc.a(_devctl.o)
                0x08060e8c                _devctl
 *fill*         0x08060f59        0x3 37008
 .text          0x08060f5c      0x3c7 /x86/lib/libc.a(xisdst.o)
                0x08060f5c                _Isdst
 *fill*         0x08061323        0x1 37008
 .text          0x08061324       0xfe /x86/lib/libc.a(mmap.o)
                0x080613fc                mmap
                0x080613cc                mmap64
                0x08061324                _mmap
 *fill*         0x08061422        0x2 37008
 .text          0x08061424       0x4c /x86/lib/libc.a(munmap.o)
                0x08061424                munmap
 .text          0x08061470       0x38 /x86/lib/libc.a(div.o)
                0x08061470                div
 .text          0x080614a8       0x24 /x86/lib/libc.a(ConnectFlags_r.o)
                0x080614a8                ConnectFlags_r
 .text          0x080614cc       0x56 /x86/lib/libc.a(procmgr_session.o)
                0x080614cc                procmgr_session
 *fill*         0x08061522        0x2 37008
 .text          0x08061524       0x69 /x86/lib/libc.a(__fpbufinit.o)
                0x08061524                __fpbufinit
 *fill*         0x0806158d        0x3 37008
 .text          0x08061590      0x19e /usr/lib/gcc-lib/ntox86/2.95.3/exceptions/libgcc.a(_divdi3.o)
                0x08061590                __divdi3
 *fill*         0x0806172e        0x2 37008
 .text          0x08061730      0x216 /usr/lib/gcc-lib/ntox86/2.95.3/exceptions/libgcc.a(_moddi3.o)
                0x08061730                __moddi3
 *fill*         0x08061946        0x2 37008
 .text          0x08061948      0x112 /usr/lib/gcc-lib/ntox86/2.95.3/exceptions/libgcc.a(_udivdi3.o)
                0x08061948                __udivdi3
 *fill*         0x08061a5a        0x2 37008
 .text          0x08061a5c      0x17e /usr/lib/gcc-lib/ntox86/2.95.3/exceptions/libgcc.a(_umoddi3.o)
                0x08061a5c                __umoddi3
 *fill*         0x08061bda        0x2 37008
 .text          0x08061bdc       0x4a /usr/lib/gcc-lib/ntox86/2.95.3/crtendC++.o
 *fill*         0x08061c26        0x2 37008
 *(.text.*)
 *(.stub)
 *(.gnu.warning)
 *(.gnu.linkonce.t*)
 .gnu.linkonce.t.__Q23stdt9allocator1ZcRCQ23stdt9allocator1Zc
                0x08061c28        0xa objects_storage_logger.o
                0x08061c28                std::allocator<char>::allocator(std::allocator<char> const &)
 *fill*         0x08061c32        0x2 37008
 .gnu.linkonce.t.__Q23stdt11_String_val2ZcZQ23stdt9allocator1ZcGQ23stdt9allocator1Zc
                0x08061c34       0x29 objects_storage_logger.o
                0x08061c34                std::_String_val<char, std::allocator<char> >::_String_val(std::allocator<char>)
 *fill*         0x08061c5d        0x3 37008
 .gnu.linkonce.t._Myptr__Q23stdt12basic_string3ZcZQ23stdt11char_traits1ZcZQ23stdt9allocator1Zc
                0x08061c60       0x1d objects_storage_logger.o
                0x08061c60                std::basic_string<char, std::char_traits<char>, std::allocator<char> >::_Myptr(void)
 *fill*         0x08061c7d        0x3 37008
 .gnu.linkonce.t.deallocate__Q23stdt9allocator1ZcPcUi
                0x08061c80       0x1e objects_storage_logger.o
                0x08061c80                std::allocator<char>::deallocate(char *, unsigned int)
 *fill*         0x08061c9e        0x2 37008
 .gnu.linkonce.t._Eos__Q23stdt12basic_string3ZcZQ23stdt11char_traits1ZcZQ23stdt9allocator1ZcUi
                0x08061ca0       0x39 objects_storage_logger.o
                0x08061ca0                std::basic_string<char, std::char_traits<char>, std::allocator<char> >::_Eos(unsigned int)
 *fill*         0x08061cd9        0x3 37008
 .gnu.linkonce.t._Tidy__Q23stdt12basic_string3ZcZQ23stdt11char_traits1ZcZQ23stdt9allocator1Zcb
                0x08061cdc       0x57 objects_storage_logger.o
                0x08061cdc                std::basic_string<char, std::char_traits<char>, std::allocator<char> >::_Tidy(bool)
 *fill*         0x08061d33        0x1 37008
 .gnu.linkonce.t.size__CQ23stdt12basic_string3ZcZQ23stdt11char_traits1ZcZQ23stdt9allocator1Zc
                0x08061d34        0xf objects_storage_logger.o
                0x08061d34                std::basic_string<char, std::char_traits<char>, std::allocator<char> >::size(void) const
 *fill*         0x08061d43        0x1 37008
 .gnu.linkonce.t.max_size__CQ23stdt9allocator1Zc
                0x08061d44       0x24 objects_storage_logger.o
                0x08061d44                std::allocator<char>::max_size(void) const
 .gnu.linkonce.t.max_size__CQ23stdt12basic_string3ZcZQ23stdt11char_traits1ZcZQ23stdt9allocator1Zc
                0x08061d68       0x3a objects_storage_logger.o
                0x08061d68                std::basic_string<char, std::char_traits<char>, std::allocator<char> >::max_size(void) const
 *fill*         0x08061da2        0x2 37008
 .gnu.linkonce.t._Allocate__H1Zc_3stdUiPX01_PX01
                0x08061da4       0x29 objects_storage_logger.o
                0x08061da4                char * std::_Allocate<char>(unsigned int, char *)
 *fill*         0x08061dcd        0x3 37008
 .gnu.linkonce.t.allocate__Q23stdt9allocator1ZcUi
                0x08061dd0       0x26 objects_storage_logger.o
                0x08061dd0                std::allocator<char>::allocate(unsigned int)
 *fill*         0x08061df6        0x2 37008
 .gnu.linkonce.t.allocate__H1Zv_Q23stdt9allocator1ZcUiPCX00_Pc
                0x08061df8       0x25 objects_storage_logger.o
                0x08061df8                char * std::allocator<char>::allocate<void>(unsigned int, void const *)
 *fill*         0x08061e1d        0x3 37008
 .gnu.linkonce.t._Copy__Q23stdt12basic_string3ZcZQ23stdt11char_traits1ZcZQ23stdt9allocator1ZcUiUi
                0x08061e20      0x12d objects_storage_logger.o
                0x08061e20                std::basic_string<char, std::char_traits<char>, std::allocator<char> >::_Copy(unsigned int, unsigned int)
 *fill*         0x08061f4d        0x3 37008
 .gnu.linkonce.t._Grow__Q23stdt12basic_string3ZcZQ23stdt11char_traits1ZcZQ23stdt9allocator1ZcUib
                0x08061f50       0x97 objects_storage_logger.o
                0x08061f50                std::basic_string<char, std::char_traits<char>, std::allocator<char> >::_Grow(unsigned int, bool)
 *fill*         0x08061fe7        0x1 37008
 .gnu.linkonce.t.erase__Q23stdt12basic_string3ZcZQ23stdt11char_traits1ZcZQ23stdt9allocator1ZcUiUi
                0x08061fe8       0xc2 objects_storage_logger.o
                0x08061fe8                std::basic_string<char, std::char_traits<char>, std::allocator<char> >::erase(unsigned int, unsigned int)
 *fill*         0x080620aa        0x2 37008
 .gnu.linkonce.t._Myptr__CQ23stdt12basic_string3ZcZQ23stdt11char_traits1ZcZQ23stdt9allocator1Zc
                0x080620ac       0x1d objects_storage_logger.o
                0x080620ac                std::basic_string<char, std::char_traits<char>, std::allocator<char> >::_Myptr(void) const
 *fill*         0x080620c9        0x3 37008
 .gnu.linkonce.t.assign__Q23stdt12basic_string3ZcZQ23stdt11char_traits1ZcZQ23stdt9allocator1ZcRCQ23stdt12basic_string3ZcZQ23stdt11char_traits1ZcZQ23stdt9allocator1ZcUiUi
                0x080620cc       0xee objects_storage_logger.o
                0x080620cc                std::basic_string<char, std::char_traits<char>, std::allocator<char> >::assign(std::basic_string<char, std::char_traits<char>, std::allocator<char> > const &, unsigned int, unsigned int)
 *fill*         0x080621ba        0x2 37008
 .gnu.linkonce.t.__Q23stdt12basic_string3ZcZQ23stdt11char_traits1ZcZQ23stdt9allocator1ZcRCQ23stdt12basic_string3ZcZQ23stdt11char_traits1ZcZQ23stdt9allocator1Zc
                0x080621bc       0x5a objects_storage_logger.o
                0x080621bc                std::basic_string<char, std::char_traits<char>, std::allocator<char> >::basic_string(std::basic_string<char, std::char_traits<char>, std::allocator<char> > const &)
 *fill*         0x08062216        0x2 37008
 .gnu.linkonce.t._._Q23stdt12basic_string3ZcZQ23stdt11char_traits1ZcZQ23stdt9allocator1Zc
                0x08062218       0x35 objects_storage_logger.o
                0x08062218                std::basic_string<char, std::char_traits<char>, std::allocator<char> >::~basic_string(void)
 *fill*         0x0806224d        0x3 37008
 .gnu.linkonce.t.c_str__CQ23stdt12basic_string3ZcZQ23stdt11char_traits1ZcZQ23stdt9allocator1Zc
                0x08062250       0x21 objects_storage_logger.o
                0x08062250                std::basic_string<char, std::char_traits<char>, std::allocator<char> >::c_str(void) const
 *fill*         0x08062271        0x3 37008
 .gnu.linkonce.t.__Q23stdt9allocator1Zc
                0x08062274        0xa objects_storage_logger.o
                0x08062274                std::allocator<char>::allocator(void)
 *fill*         0x0806227e        0x2 37008
 .gnu.linkonce.t.__Q23stdt12basic_string3ZcZQ23stdt11char_traits1ZcZQ23stdt9allocator1Zc
                0x08062280       0x42 objects_storage_logger.o
                0x08062280                std::basic_string<char, std::char_traits<char>, std::allocator<char> >::basic_string(void)
 *fill*         0x080622c2        0x2 37008
 .gnu.linkonce.t.__Q23stdt6_Ptrit6ZcZiZPcZRcZPcZRcPc
                0x080622c4       0x12 objects_storage_logger.o
                0x080622c4                std::_Ptrit<char, int, char *, char &, char *, char &>::_Ptrit(char *)
 *fill*         0x080622d6        0x2 37008
 .gnu.linkonce.t.base__CQ23stdt6_Ptrit6ZcZiZPcZRcZPcZRc
                0x080622d8        0xf objects_storage_logger.o
                0x080622d8                std::_Ptrit<char, int, char *, char &, char *, char &>::base(void) const
 *fill*         0x080622e7        0x1 37008
 .gnu.linkonce.t.__Q23stdt6_Ptrit6ZcZiZPcZRcZPcZRcRCQ23stdt6_Ptrit6ZcZiZPcZRcZPcZRc
                0x080622e8       0x25 objects_storage_logger.o
                0x080622e8                std::_Ptrit<char, int, char *, char &, char *, char &>::_Ptrit(std::_Ptrit<char, int, char *, char &, char *, char &> const &)
 *fill*         0x0806230d        0x3 37008
 .gnu.linkonce.t.begin__Q23stdt12basic_string3ZcZQ23stdt11char_traits1ZcZQ23stdt9allocator1Zc
                0x08062310       0x38 objects_storage_logger.o
                0x08062310                std::basic_string<char, std::char_traits<char>, std::allocator<char> >::begin(void)
 .gnu.linkonce.t.end__Q23stdt12basic_string3ZcZQ23stdt11char_traits1ZcZQ23stdt9allocator1Zc
                0x08062348       0x3d objects_storage_logger.o
                0x08062348                std::basic_string<char, std::char_traits<char>, std::allocator<char> >::end(void)
 *fill*         0x08062385        0x3 37008
 .gnu.linkonce.t.__mi__CQ23stdt6_Ptrit6ZcZiZPCcZRCcZPcZRcRCQ23stdt6_Ptrit6ZcZiZPCcZRCcZPcZRc
                0x08062388       0x17 objects_storage_logger.o
                0x08062388                std::_Ptrit<char, int, char const *, char const &, char *, char &>::operator-(std::_Ptrit<char, int, char const *, char const &, char *, char &> const &) const
 *fill*         0x0806239f        0x1 37008
 .gnu.linkonce.t.base__CQ23stdt6_Ptrit6ZcZiZPCcZRCcZPcZRc
                0x080623a0        0xf objects_storage_logger.o
                0x080623a0                std::_Ptrit<char, int, char const *, char const &, char *, char &>::base(void) const
 *fill*         0x080623af        0x1 37008
 .gnu.linkonce.t._Pdif__Q23stdt12basic_string3ZcZQ23stdt11char_traits1ZcZQ23stdt9allocator1ZcGQ23stdt6_Ptrit6ZcZiZPCcZRCcZPcZRcT1
                0x080623b0       0x3e objects_storage_logger.o
                0x080623b0                std::basic_string<char, std::char_traits<char>, std::allocator<char> >::_Pdif(std::_Ptrit<char, int, char const *, char const &, char *, char &>, std::_Ptrit<char, int, char const *, char const &, char *, char &>)
 *fill*         0x080623ee        0x2 37008
 .gnu.linkonce.t.__Q23stdt6_Ptrit6ZcZiZPCcZRCcZPcZRcRCQ23stdt6_Ptrit6ZcZiZPcZRcZPcZRc
                0x080623f0       0x25 objects_storage_logger.o
                0x080623f0                std::_Ptrit<char, int, char const *, char const &, char *, char &>::_Ptrit(std::_Ptrit<char, int, char *, char &, char *, char &> const &)
 *fill*         0x08062415        0x3 37008
 .gnu.linkonce.t._Inside__Q23stdt12basic_string3ZcZQ23stdt11char_traits1ZcZQ23stdt9allocator1ZcPCc
                0x08062418       0x48 objects_storage_logger.o
                0x08062418                std::basic_string<char, std::char_traits<char>, std::allocator<char> >::_Inside(char const *)
 .gnu.linkonce.t.replace__Q23stdt12basic_string3ZcZQ23stdt11char_traits1ZcZQ23stdt9allocator1ZcUiUiRCQ23stdt12basic_string3ZcZQ23stdt11char_traits1ZcZQ23stdt9allocator1ZcUiUi
                0x08062460      0x409 objects_storage_logger.o
                0x08062460                std::basic_string<char, std::char_traits<char>, std::allocator<char> >::replace(unsigned int, unsigned int, std::basic_string<char, std::char_traits<char>, std::allocator<char> > const &, unsigned int, unsigned int)
 *fill*         0x08062869        0x3 37008
 .gnu.linkonce.t.replace__Q23stdt12basic_string3ZcZQ23stdt11char_traits1ZcZQ23stdt9allocator1ZcUiUiPCcUi
                0x0806286c      0x1c8 objects_storage_logger.o
                0x0806286c                std::basic_string<char, std::char_traits<char>, std::allocator<char> >::replace(unsigned int, unsigned int, char const *, unsigned int)
 .gnu.linkonce.t.replace__Q23stdt12basic_string3ZcZQ23stdt11char_traits1ZcZQ23stdt9allocator1ZcGQ23stdt6_Ptrit6ZcZiZPcZRcZPcZRcT1PCcT3
                0x08062a34      0x176 objects_storage_logger.o
                0x08062a34                std::basic_string<char, std::char_traits<char>, std::allocator<char> >::replace(std::_Ptrit<char, int, char *, char &, char *, char &>, std::_Ptrit<char, int, char *, char &, char *, char &>, char const *, char const *)
 *fill*         0x08062baa        0x2 37008
 .gnu.linkonce.t.assign__Q23stdt12basic_string3ZcZQ23stdt11char_traits1ZcZQ23stdt9allocator1ZcPCcT1
                0x08062bac       0x51 objects_storage_logger.o
                0x08062bac                std::basic_string<char, std::char_traits<char>, std::allocator<char> >::assign(char const *, char const *)
 *fill*         0x08062bfd        0x3 37008
 .gnu.linkonce.t._Myptr__Q23stdt12basic_string3ZwZQ23stdt11char_traits1ZwZQ23stdt9allocator1Zw
                0x08062c00       0x1d objects_storage_logger.o
                0x08062c00                std::basic_string<wchar_t, std::char_traits<wchar_t>, std::allocator<wchar_t> >::_Myptr(void)
 *fill*         0x08062c1d        0x3 37008
 .gnu.linkonce.t.deallocate__Q23stdt9allocator1ZwPwUi
                0x08062c20       0x1e objects_storage_logger.o
                0x08062c20                std::allocator<wchar_t>::deallocate(wchar_t *, unsigned int)
 *fill*         0x08062c3e        0x2 37008
 .gnu.linkonce.t._Eos__Q23stdt12basic_string3ZwZQ23stdt11char_traits1ZwZQ23stdt9allocator1ZwUi
                0x08062c40       0x43 objects_storage_logger.o
                0x08062c40                std::basic_string<wchar_t, std::char_traits<wchar_t>, std::allocator<wchar_t> >::_Eos(unsigned int)
 *fill*         0x08062c83        0x1 37008
 .gnu.linkonce.t._Tidy__Q23stdt12basic_string3ZwZQ23stdt11char_traits1ZwZQ23stdt9allocator1Zwb
                0x08062c84       0x57 objects_storage_logger.o
                0x08062c84                std::basic_string<wchar_t, std::char_traits<wchar_t>, std::allocator<wchar_t> >::_Tidy(bool)
 *fill*         0x08062cdb        0x1 37008
 .gnu.linkonce.t._._Q23stdt12basic_string3ZwZQ23stdt11char_traits1ZwZQ23stdt9allocator1Zw
                0x08062cdc       0x35 objects_storage_logger.o
                0x08062cdc                std::basic_string<wchar_t, std::char_traits<wchar_t>, std::allocator<wchar_t> >::~basic_string(void)
 *fill*         0x08062d11        0x3 37008
 .gnu.linkonce.t.__Q23stdt9allocator1Zw
                0x08062d14        0xa objects_storage_logger.o
                0x08062d14                std::allocator<wchar_t>::allocator(void)
 *fill*         0x08062d1e        0x2 37008
 .gnu.linkonce.t.__Q23stdt9allocator1ZwRCQ23stdt9allocator1Zw
                0x08062d20        0xa objects_storage_logger.o
                0x08062d20                std::allocator<wchar_t>::allocator(std::allocator<wchar_t> const &)
 *fill*         0x08062d2a        0x2 37008
 .gnu.linkonce.t.__Q23stdt11_String_val2ZwZQ23stdt9allocator1ZwGQ23stdt9allocator1Zw
                0x08062d2c       0x29 objects_storage_logger.o
                0x08062d2c                std::_String_val<wchar_t, std::allocator<wchar_t> >::_String_val(std::allocator<wchar_t>)
 *fill*         0x08062d55        0x3 37008
 .gnu.linkonce.t.__Q23stdt12basic_string3ZwZQ23stdt11char_traits1ZwZQ23stdt9allocator1Zw
                0x08062d58       0x42 objects_storage_logger.o
                0x08062d58                std::basic_string<wchar_t, std::char_traits<wchar_t>, std::allocator<wchar_t> >::basic_string(void)
 *fill*         0x08062d9a        0x2 37008
 .gnu.linkonce.t.__Q23stdt6_Ptrit6ZwZiZPwZRwZPwZRwPw
                0x08062d9c       0x12 objects_storage_logger.o
                0x08062d9c                std::_Ptrit<wchar_t, int, wchar_t *, wchar_t &, wchar_t *, wchar_t &>::_Ptrit(wchar_t *)
 *fill*         0x08062dae        0x2 37008
 .gnu.linkonce.t.base__CQ23stdt6_Ptrit6ZwZiZPwZRwZPwZRw
                0x08062db0        0xf objects_storage_logger.o
                0x08062db0                std::_Ptrit<wchar_t, int, wchar_t *, wchar_t &, wchar_t *, wchar_t &>::base(void) const
 *fill*         0x08062dbf        0x1 37008
 .gnu.linkonce.t.__Q23stdt6_Ptrit6ZwZiZPwZRwZPwZRwRCQ23stdt6_Ptrit6ZwZiZPwZRwZPwZRw
                0x08062dc0       0x25 objects_storage_logger.o
                0x08062dc0                std::_Ptrit<wchar_t, int, wchar_t *, wchar_t &, wchar_t *, wchar_t &>::_Ptrit(std::_Ptrit<wchar_t, int, wchar_t *, wchar_t &, wchar_t *, wchar_t &> const &)
 *fill*         0x08062de5        0x3 37008
 .gnu.linkonce.t.begin__Q23stdt12basic_string3ZwZQ23stdt11char_traits1ZwZQ23stdt9allocator1Zw
                0x08062de8       0x38 objects_storage_logger.o
                0x08062de8                std::basic_string<wchar_t, std::char_traits<wchar_t>, std::allocator<wchar_t> >::begin(void)
 .gnu.linkonce.t.end__Q23stdt12basic_string3ZwZQ23stdt11char_traits1ZwZQ23stdt9allocator1Zw
                0x08062e20       0x46 objects_storage_logger.o
                0x08062e20                std::basic_string<wchar_t, std::char_traits<wchar_t>, std::allocator<wchar_t> >::end(void)
 *fill*         0x08062e66        0x2 37008
 .gnu.linkonce.t.__mi__CQ23stdt6_Ptrit6ZwZiZPCwZRCwZPwZRwRCQ23stdt6_Ptrit6ZwZiZPCwZRCwZPwZRw
                0x08062e68       0x24 objects_storage_logger.o
                0x08062e68                std::_Ptrit<wchar_t, int, wchar_t const *, wchar_t const &, wchar_t *, wchar_t &>::operator-(std::_Ptrit<wchar_t, int, wchar_t const *, wchar_t const &, wchar_t *, wchar_t &> const &) const
 .gnu.linkonce.t.base__CQ23stdt6_Ptrit6ZwZiZPCwZRCwZPwZRw
                0x08062e8c        0xf objects_storage_logger.o
                0x08062e8c                std::_Ptrit<wchar_t, int, wchar_t const *, wchar_t const &, wchar_t *, wchar_t &>::base(void) const
 *fill*         0x08062e9b        0x1 37008
 .gnu.linkonce.t._Pdif__Q23stdt12basic_string3ZwZQ23stdt11char_traits1ZwZQ23stdt9allocator1ZwGQ23stdt6_Ptrit6ZwZiZPCwZRCwZPwZRwT1
                0x08062e9c       0x3e objects_storage_logger.o
                0x08062e9c                std::basic_string<wchar_t, std::char_traits<wchar_t>, std::allocator<wchar_t> >::_Pdif(std::_Ptrit<wchar_t, int, wchar_t const *, wchar_t const &, wchar_t *, wchar_t &>, std::_Ptrit<wchar_t, int, wchar_t const *, wchar_t const &, wchar_t *, wchar_t &>)
 *fill*         0x08062eda        0x2 37008
 .gnu.linkonce.t.__Q23stdt6_Ptrit6ZwZiZPCwZRCwZPwZRwRCQ23stdt6_Ptrit6ZwZiZPwZRwZPwZRw
                0x08062edc       0x25 objects_storage_logger.o
                0x08062edc                std::_Ptrit<wchar_t, int, wchar_t const *, wchar_t const &, wchar_t *, wchar_t &>::_Ptrit(std::_Ptrit<wchar_t, int, wchar_t *, wchar_t &, wchar_t *, wchar_t &> const &)
 *fill*         0x08062f01        0x3 37008
 .gnu.linkonce.t.max_size__CQ23stdt9allocator1Zw
                0x08062f04       0x24 objects_storage_logger.o
                0x08062f04                std::allocator<wchar_t>::max_size(void) const
 .gnu.linkonce.t.max_size__CQ23stdt12basic_string3ZwZQ23stdt11char_traits1ZwZQ23stdt9allocator1Zw
                0x08062f28       0x3a objects_storage_logger.o
                0x08062f28                std::basic_string<wchar_t, std::char_traits<wchar_t>, std::allocator<wchar_t> >::max_size(void) const
 *fill*         0x08062f62        0x2 37008
 .gnu.linkonce.t._Allocate__H1Zw_3stdUiPX01_PX01
                0x08062f64       0x30 objects_storage_logger.o
                0x08062f64                wchar_t * std::_Allocate<wchar_t>(unsigned int, wchar_t *)
 .gnu.linkonce.t.allocate__Q23stdt9allocator1ZwUi
                0x08062f94       0x26 objects_storage_logger.o
                0x08062f94                std::allocator<wchar_t>::allocate(unsigned int)
 *fill*         0x08062fba        0x2 37008
 .gnu.linkonce.t.allocate__H1Zv_Q23stdt9allocator1ZwUiPCX00_Pw
                0x08062fbc       0x25 objects_storage_logger.o
                0x08062fbc                wchar_t * std::allocator<wchar_t>::allocate<void>(unsigned int, void const *)
 *fill*         0x08062fe1        0x3 37008
 .gnu.linkonce.t._Copy__Q23stdt12basic_string3ZwZQ23stdt11char_traits1ZwZQ23stdt9allocator1ZwUiUi
                0x08062fe4      0x12d objects_storage_logger.o
                0x08062fe4                std::basic_string<wchar_t, std::char_traits<wchar_t>, std::allocator<wchar_t> >::_Copy(unsigned int, unsigned int)
 *fill*         0x08063111        0x3 37008
 .gnu.linkonce.t._Grow__Q23stdt12basic_string3ZwZQ23stdt11char_traits1ZwZQ23stdt9allocator1ZwUib
                0x08063114       0x97 objects_storage_logger.o
                0x08063114                std::basic_string<wchar_t, std::char_traits<wchar_t>, std::allocator<wchar_t> >::_Grow(unsigned int, bool)
 *fill*         0x080631ab        0x1 37008
 .gnu.linkonce.t.erase__Q23stdt12basic_string3ZwZQ23stdt11char_traits1ZwZQ23stdt9allocator1ZwUiUi
                0x080631ac       0xe1 objects_storage_logger.o
                0x080631ac                std::basic_string<wchar_t, std::char_traits<wchar_t>, std::allocator<wchar_t> >::erase(unsigned int, unsigned int)
 *fill*         0x0806328d        0x3 37008
 .gnu.linkonce.t._Inside__Q23stdt12basic_string3ZwZQ23stdt11char_traits1ZwZQ23stdt9allocator1ZwPCw
                0x08063290       0x51 objects_storage_logger.o
                0x08063290                std::basic_string<wchar_t, std::char_traits<wchar_t>, std::allocator<wchar_t> >::_Inside(wchar_t const *)
 *fill*         0x080632e1        0x3 37008
 .gnu.linkonce.t.size__CQ23stdt12basic_string3ZwZQ23stdt11char_traits1ZwZQ23stdt9allocator1Zw
                0x080632e4        0xf objects_storage_logger.o
                0x080632e4                std::basic_string<wchar_t, std::char_traits<wchar_t>, std::allocator<wchar_t> >::size(void) const
 *fill*         0x080632f3        0x1 37008
 .gnu.linkonce.t._Myptr__CQ23stdt12basic_string3ZwZQ23stdt11char_traits1ZwZQ23stdt9allocator1Zw
                0x080632f4       0x1d objects_storage_logger.o
                0x080632f4                std::basic_string<wchar_t, std::char_traits<wchar_t>, std::allocator<wchar_t> >::_Myptr(void) const
 *fill*         0x08063311        0x3 37008
 .gnu.linkonce.t.replace__Q23stdt12basic_string3ZwZQ23stdt11char_traits1ZwZQ23stdt9allocator1ZwUiUiRCQ23stdt12basic_string3ZwZQ23stdt11char_traits1ZwZQ23stdt9allocator1ZwUiUi
                0x08063314      0x535 objects_storage_logger.o
                0x08063314                std::basic_string<wchar_t, std::char_traits<wchar_t>, std::allocator<wchar_t> >::replace(unsigned int, unsigned int, std::basic_string<wchar_t, std::char_traits<wchar_t>, std::allocator<wchar_t> > const &, unsigned int, unsigned int)
 *fill*         0x08063849        0x3 37008
 .gnu.linkonce.t.replace__Q23stdt12basic_string3ZwZQ23stdt11char_traits1ZwZQ23stdt9allocator1ZwUiUiPCwUi
                0x0806384c      0x221 objects_storage_logger.o
                0x0806384c                std::basic_string<wchar_t, std::char_traits<wchar_t>, std::allocator<wchar_t> >::replace(unsigned int, unsigned int, wchar_t const *, unsigned int)
 *fill*         0x08063a6d        0x3 37008
 .gnu.linkonce.t.replace__Q23stdt12basic_string3ZwZQ23stdt11char_traits1ZwZQ23stdt9allocator1ZwGQ23stdt6_Ptrit6ZwZiZPwZRwZPwZRwT1PCwT3
                0x08063a70      0x17d objects_storage_logger.o
                0x08063a70                std::basic_string<wchar_t, std::char_traits<wchar_t>, std::allocator<wchar_t> >::replace(std::_Ptrit<wchar_t, int, wchar_t *, wchar_t &, wchar_t *, wchar_t &>, std::_Ptrit<wchar_t, int, wchar_t *, wchar_t &, wchar_t *, wchar_t &>, wchar_t const *, wchar_t const *)
 *fill*         0x08063bed        0x3 37008
 .gnu.linkonce.t.assign__Q23stdt12basic_string3ZwZQ23stdt11char_traits1ZwZQ23stdt9allocator1ZwPCwT1
                0x08063bf0       0x51 objects_storage_logger.o
                0x08063bf0                std::basic_string<wchar_t, std::char_traits<wchar_t>, std::allocator<wchar_t> >::assign(wchar_t const *, wchar_t const *)
 *fill*         0x08063c41        0x3 37008
 .gnu.linkonce.t.c_str__CQ23stdt12basic_string3ZwZQ23stdt11char_traits1ZwZQ23stdt9allocator1Zw
                0x08063c44       0x21 objects_storage_logger.o
                0x08063c44                std::basic_string<wchar_t, std::char_traits<wchar_t>, std::allocator<wchar_t> >::c_str(void) const
 *fill*         0x08063c65        0x3 37008
 .gnu.linkonce.t._Tidy__Q23stdt8_Tidyfac1ZQ23stdt5ctype1Zc
                0x08063c68       0xb0 objects_storage_logger.o
                0x08063c68                std::_Tidyfac<std::ctype<char> >::_Tidy(void)
 .gnu.linkonce.t._Save__Q23stdt8_Tidyfac1ZQ23stdt5ctype1ZcPQ23stdt5ctype1Zc
                0x08063d18       0x3a objects_storage_logger.o
                0x08063d18                std::_Tidyfac<std::ctype<char> >::_Save(std::ctype<char> *)
 *fill*         0x08063d52        0x2 37008
 .gnu.linkonce.t.reserve__Q23stdt12basic_string3ZcZQ23stdt11char_traits1ZcZQ23stdt9allocator1ZcUi
                0x08063d54       0x29 objects_storage_logger.o
                0x08063d54                std::basic_string<char, std::char_traits<char>, std::allocator<char> >::reserve(unsigned int)
 *fill*         0x08063d7d        0x3 37008
 .gnu.linkonce.t.assign__Q23stdt12basic_string3ZcZQ23stdt11char_traits1ZcZQ23stdt9allocator1ZcPCcUi
                0x08063d80       0x9b objects_storage_logger.o
                0x08063d80                std::basic_string<char, std::char_traits<char>, std::allocator<char> >::assign(char const *, unsigned int)
 *fill*         0x08063e1b        0x1 37008
 .gnu.linkonce.t.assign__Q23stdt12basic_string3ZcZQ23stdt11char_traits1ZcZQ23stdt9allocator1ZcPCc
                0x08063e1c       0x37 objects_storage_logger.o
                0x08063e1c                std::basic_string<char, std::char_traits<char>, std::allocator<char> >::assign(char const *)
 *fill*         0x08063e53        0x1 37008
 .gnu.linkonce.t.__as__Q23stdt12basic_string3ZcZQ23stdt11char_traits1ZcZQ23stdt9allocator1ZcPCc
                0x08063e54       0x25 objects_storage_logger.o
                0x08063e54                std::basic_string<char, std::char_traits<char>, std::allocator<char> >::operator=(char const *)
 *fill*         0x08063e79        0x3 37008
 .gnu.linkonce.t.append__Q23stdt12basic_string3ZcZQ23stdt11char_traits1ZcZQ23stdt9allocator1ZcRCQ23stdt12basic_string3ZcZQ23stdt11char_traits1ZcZQ23stdt9allocator1ZcUiUi
                0x08063e7c       0xe9 objects_storage_logger.o
                0x08063e7c                std::basic_string<char, std::char_traits<char>, std::allocator<char> >::append(std::basic_string<char, std::char_traits<char>, std::allocator<char> > const &, unsigned int, unsigned int)
 *fill*         0x08063f65        0x3 37008
 .gnu.linkonce.t.append__Q23stdt12basic_string3ZcZQ23stdt11char_traits1ZcZQ23stdt9allocator1ZcRCQ23stdt12basic_string3ZcZQ23stdt11char_traits1ZcZQ23stdt9allocator1Zc
                0x08063f68       0x26 objects_storage_logger.o
                0x08063f68                std::basic_string<char, std::char_traits<char>, std::allocator<char> >::append(std::basic_string<char, std::char_traits<char>, std::allocator<char> > const &)
 *fill*         0x08063f8e        0x2 37008
 .gnu.linkonce.t.__apl__Q23stdt12basic_string3ZcZQ23stdt11char_traits1ZcZQ23stdt9allocator1ZcRCQ23stdt12basic_string3ZcZQ23stdt11char_traits1ZcZQ23stdt9allocator1Zc
                0x08063f90       0x25 objects_storage_logger.o
                0x08063f90                std::basic_string<char, std::char_traits<char>, std::allocator<char> >::operator+=(std::basic_string<char, std::char_traits<char>, std::allocator<char> > const &)
 *fill*         0x08063fb5        0x3 37008
 .gnu.linkonce.t.assign__Q23stdt11char_traits1ZwRwRCw
                0x08063fb8        0xf objects_storage_logger.o
                0x08063fb8                std::char_traits<wchar_t>::assign(wchar_t &, wchar_t const &)
 *fill*         0x08063fc7        0x1 37008
 .gnu.linkonce.t.copy__Q23stdt11char_traits1ZwPwPCwUi
                0x08063fc8       0x26 objects_storage_logger.o
                0x08063fc8                std::char_traits<wchar_t>::copy(wchar_t *, wchar_t const *, unsigned int)
 *fill*         0x08063fee        0x2 37008
 .gnu.linkonce.t.move__Q23stdt11char_traits1ZwPwPCwUi
                0x08063ff0       0x26 objects_storage_logger.o
                0x08063ff0                std::char_traits<wchar_t>::move(wchar_t *, wchar_t const *, unsigned int)
 *fill*         0x08064016        0x2 37008
 .gnu.linkonce.t.assign__Q23stdt11char_traits1ZcRcRCc
                0x08064018        0xf objects_storage_logger.o
                0x08064018                std::char_traits<char>::assign(char &, char const &)
 *fill*         0x08064027        0x1 37008
 .gnu.linkonce.t.length__Q23stdt11char_traits1ZcPCc
                0x08064028       0x1e objects_storage_logger.o
                0x08064028                std::char_traits<char>::length(char const *)
 *fill*         0x08064046        0x2 37008
 .gnu.linkonce.t.copy__Q23stdt11char_traits1ZcPcPCcUi
                0x08064048       0x26 objects_storage_logger.o
                0x08064048                std::char_traits<char>::copy(char *, char const *, unsigned int)
 *fill*         0x0806406e        0x2 37008
 .gnu.linkonce.t.move__Q23stdt11char_traits1ZcPcPCcUi
                0x08064070       0x26 objects_storage_logger.o
                0x08064070                std::char_traits<char>::move(char *, char const *, unsigned int)
 *fill*         0x08064096        0x2 37008
 .gnu.linkonce.t._Incref__Q33std6locale5facet
                0x08064098       0x6d objects_storage_logger.o
                0x08064098                std::locale::facet::_Incref(void)
 *fill*         0x08064105        0x3 37008
 .gnu.linkonce.t._Decref__Q33std6locale5facet
                0x08064108       0x8b objects_storage_logger.o
                0x08064108                std::locale::facet::_Decref(void)
 *fill*         0x08064193        0x1 37008
 .gnu.linkonce.t.__22objects_storage_logger
                0x08064194        0xa objects_storage_logger.o
                0x08064194                objects_storage_logger::objects_storage_logger(void)
 *fill*         0x0806419e        0x2 37008
 .gnu.linkonce.t._._22objects_storage_logger
                0x080641a0       0x29 objects_storage_logger.o
                0x080641a0                objects_storage_logger::~objects_storage_logger(void)
 *fill*         0x080641c9        0x3 37008
 .gnu.linkonce.t._Ptr_cat__H2ZPUcZPUc_3stdRCX01RX11_Q23std27_Nonscalar_ptr_iterator_tag
                0x080641cc       0x20 manager_of_data_storage.o
                0x080641cc                std::_Nonscalar_ptr_iterator_tag std::_Ptr_cat<unsigned char *, unsigned char *>(unsigned char * const &, unsigned char * &)
 .gnu.linkonce.t._Destroy__H1ZUc_3stdPX01_v
                0x080641ec        0x8 manager_of_data_storage.o
                0x080641ec                void std::_Destroy<unsigned char>(unsigned char *)
 .gnu.linkonce.t.destroy__Q23stdt9allocator1ZUcPUc
                0x080641f4       0x1e manager_of_data_storage.o
                0x080641f4                std::allocator<unsigned char>::destroy(unsigned char *)
 *fill*         0x08064212        0x2 37008
 .gnu.linkonce.t._Destroy_range__H2ZUcZQ23stdt9allocator1ZUc_3stdPX01T1RX11GQ23std27_Nonscalar_ptr_iterator_tag_v
                0x08064214       0x3c manager_of_data_storage.o
                0x08064214                void std::_Destroy_range<unsigned char, std::allocator<unsigned char> >(unsigned char *, unsigned char *, std::allocator<unsigned char> &, std::_Nonscalar_ptr_iterator_tag)
 .gnu.linkonce.t._Destroy_range__H2ZUcZQ23stdt9allocator1ZUc_3stdPX01T1RX11_v
                0x08064250       0x46 manager_of_data_storage.o
                0x08064250                void std::_Destroy_range<unsigned char, std::allocator<unsigned char> >(unsigned char *, unsigned char *, std::allocator<unsigned char> &)
 *fill*         0x08064296        0x2 37008
 .gnu.linkonce.t._Destroy__Q23stdt6vector2ZUcZQ23stdt9allocator1ZUcPUcT1
                0x08064298       0x23 manager_of_data_storage.o
                0x08064298                std::vector<unsigned char, std::allocator<unsigned char> >::_Destroy(unsigned char *, unsigned char *)
 *fill*         0x080642bb        0x1 37008
 .gnu.linkonce.t.deallocate__Q23stdt9allocator1ZUcPUcUi
                0x080642bc       0x1e manager_of_data_storage.o
                0x080642bc                std::allocator<unsigned char>::deallocate(unsigned char *, unsigned int)
 *fill*         0x080642da        0x2 37008
 .gnu.linkonce.t._._Q23stdt6vector2ZUcZQ23stdt9allocator1ZUc
                0x080642dc       0x71 manager_of_data_storage.o
                0x080642dc                std::vector<unsigned char, std::allocator<unsigned char> >::~vector(void)
 *fill*         0x0806434d        0x3 37008
 .gnu.linkonce.t.__Q23stdt9allocator1ZUc
                0x08064350        0xa manager_of_data_storage.o
                0x08064350                std::allocator<unsigned char>::allocator(void)
 *fill*         0x0806435a        0x2 37008
 .gnu.linkonce.t.__Q23stdt9allocator1ZUcRCQ23stdt9allocator1ZUc
                0x0806435c        0xa manager_of_data_storage.o
                0x0806435c                std::allocator<unsigned char>::allocator(std::allocator<unsigned char> const &)
 *fill*         0x08064366        0x2 37008
 .gnu.linkonce.t.__Q23stdt11_Vector_val2ZUcZQ23stdt9allocator1ZUcGQ23stdt9allocator1ZUc
                0x08064368       0x26 manager_of_data_storage.o
                0x08064368                std::_Vector_val<unsigned char, std::allocator<unsigned char> >::_Vector_val(std::allocator<unsigned char>)
 *fill*         0x0806438e        0x2 37008
 .gnu.linkonce.t.max_size__CQ23stdt9allocator1ZUc
                0x08064390       0x24 manager_of_data_storage.o
                0x08064390                std::allocator<unsigned char>::max_size(void) const
 .gnu.linkonce.t.max_size__CQ23stdt6vector2ZUcZQ23stdt9allocator1ZUc
                0x080643b4       0x21 manager_of_data_storage.o
                0x080643b4                std::vector<unsigned char, std::allocator<unsigned char> >::max_size(void) const
 *fill*         0x080643d5        0x3 37008
 .gnu.linkonce.t.__Q23stdt12basic_string3ZcZQ23stdt11char_traits1ZcZQ23stdt9allocator1ZcPCc
                0x080643d8       0x54 manager_of_data_storage.o
                0x080643d8                std::basic_string<char, std::char_traits<char>, std::allocator<char> >::basic_string(char const *)
 .gnu.linkonce.t._Xlen__CQ23stdt6vector2ZUcZQ23stdt9allocator1ZUc
                0x0806442c      0x110 manager_of_data_storage.o
                0x0806442c                std::vector<unsigned char, std::allocator<unsigned char> >::_Xlen(void) const
 .gnu.linkonce.t._Allocate__H1ZUc_3stdUiPX01_PX01
                0x0806453c       0x29 manager_of_data_storage.o
                0x0806453c                unsigned char * std::_Allocate<unsigned char>(unsigned int, unsigned char *)
 *fill*         0x08064565        0x3 37008
 .gnu.linkonce.t.allocate__Q23stdt9allocator1ZUcUi
                0x08064568       0x26 manager_of_data_storage.o
                0x08064568                std::allocator<unsigned char>::allocate(unsigned int)
 *fill*         0x0806458e        0x2 37008
 .gnu.linkonce.t.allocate__H1Zv_Q23stdt9allocator1ZUcUiPCX00_PUc
                0x08064590       0x25 manager_of_data_storage.o
                0x08064590                unsigned char * std::allocator<unsigned char>::allocate<void>(unsigned int, void const *)
 *fill*         0x080645b5        0x3 37008
 .gnu.linkonce.t._Buy__Q23stdt6vector2ZUcZQ23stdt9allocator1ZUcUi
                0x080645b8       0x85 manager_of_data_storage.o
                0x080645b8                std::vector<unsigned char, std::allocator<unsigned char> >::_Buy(unsigned int)
 *fill*         0x0806463d        0x3 37008
 .gnu.linkonce.t.__Q23stdt6vector2ZUcZQ23stdt9allocator1ZUc
                0x08064640       0x42 manager_of_data_storage.o
                0x08064640                std::vector<unsigned char, std::allocator<unsigned char> >::vector(void)
 *fill*         0x08064682        0x2 37008
 .gnu.linkonce.t._._Q23stdt9basic_ios2ZcZQ23stdt11char_traits1Zc
                0x08064684       0x26 manager_of_data_storage.o
                0x08064684                std::basic_ios<char, std::char_traits<char> >::~basic_ios(void)
 *fill*         0x080646aa        0x2 37008
 .gnu.linkonce.t._._Q23stdt13basic_ostream2ZcZQ23stdt11char_traits1Zc
                0x080646ac       0x81 manager_of_data_storage.o
                0x080646ac                std::basic_ostream<char, std::char_traits<char> >::~basic_ostream(void)
 *fill*         0x0806472d        0x3 37008
 .gnu.linkonce.t.eback__CQ23stdt15basic_streambuf2ZcZQ23stdt11char_traits1Zc
                0x08064730       0x11 manager_of_data_storage.o
                0x08064730                std::basic_streambuf<char, std::char_traits<char> >::eback(void) const
 *fill*         0x08064741        0x3 37008
 .gnu.linkonce.t.egptr__CQ23stdt15basic_streambuf2ZcZQ23stdt11char_traits1Zc
                0x08064744       0x11 manager_of_data_storage.o
                0x08064744                std::basic_streambuf<char, std::char_traits<char> >::egptr(void) const
 *fill*         0x08064755        0x3 37008
 .gnu.linkonce.t.epptr__CQ23stdt15basic_streambuf2ZcZQ23stdt11char_traits1Zc
                0x08064758       0x11 manager_of_data_storage.o
                0x08064758                std::basic_streambuf<char, std::char_traits<char> >::epptr(void) const
 *fill*         0x08064769        0x3 37008
 .gnu.linkonce.t.pptr__CQ23stdt15basic_streambuf2ZcZQ23stdt11char_traits1Zc
                0x0806476c       0x11 manager_of_data_storage.o
                0x0806476c                std::basic_streambuf<char, std::char_traits<char> >::pptr(void) const
 *fill*         0x0806477d        0x3 37008
 .gnu.linkonce.t.setg__Q23stdt15basic_streambuf2ZcZQ23stdt11char_traits1ZcPcN21
                0x08064780       0x20 manager_of_data_storage.o
                0x08064780                std::basic_streambuf<char, std::char_traits<char> >::setg(char *, char *, char *)
 .gnu.linkonce.t.setp__Q23stdt15basic_streambuf2ZcZQ23stdt11char_traits1ZcPcT1
                0x080647a0       0x20 manager_of_data_storage.o
                0x080647a0                std::basic_streambuf<char, std::char_traits<char> >::setp(char *, char *)
 .gnu.linkonce.t._Tidy__Q23stdt15basic_stringbuf3ZcZQ23stdt11char_traits1ZcZQ23stdt9allocator1Zc
                0x080647c0       0xb0 manager_of_data_storage.o
                0x080647c0                std::basic_stringbuf<char, std::char_traits<char>, std::allocator<char> >::_Tidy(void)
 .gnu.linkonce.t._._Q23stdt15basic_streambuf2ZcZQ23stdt11char_traits1Zc
                0x08064870       0x41 manager_of_data_storage.o
                0x08064870                std::basic_streambuf<char, std::char_traits<char> >::~basic_streambuf(void)
 *fill*         0x080648b1        0x3 37008
 .gnu.linkonce.t._._Q23stdt15basic_stringbuf3ZcZQ23stdt11char_traits1ZcZQ23stdt9allocator1Zc
                0x080648b4       0x32 manager_of_data_storage.o
                0x080648b4                std::basic_stringbuf<char, std::char_traits<char>, std::allocator<char> >::~basic_stringbuf(void)
 *fill*         0x080648e6        0x2 37008
 .gnu.linkonce.t._._Q23stdt19basic_ostringstream3ZcZQ23stdt11char_traits1ZcZQ23stdt9allocator1Zc
                0x080648e8       0xa0 manager_of_data_storage.o
                0x080648e8                std::basic_ostringstream<char, std::char_traits<char>, std::allocator<char> >::~basic_ostringstream(void)
 .gnu.linkonce.t.__Q23stdt9basic_ios2ZcZQ23stdt11char_traits1Zc
                0x08064988       0x59 manager_of_data_storage.o
                0x08064988                std::basic_ios<char, std::char_traits<char> >::basic_ios(void)
 *fill*         0x080649e1        0x3 37008
 .gnu.linkonce.t._Widen__H1Zc_3stdcPX01_X01
                0x080649e4       0x1b manager_of_data_storage.o
                0x080649e4                char std::_Widen<char>(char, char *)
 *fill*         0x080649ff        0x1 37008
 .gnu.linkonce.t.clear__Q23stdt9basic_ios2ZcZQ23stdt11char_traits1ZcQ33stdt5_Iosb1Zi8_Iostateb
                0x08064a00       0x32 manager_of_data_storage.o
                0x08064a00                std::basic_ios<char, std::char_traits<char> >::clear(std::_Iosb<int>::_Iostate, bool)
 *fill*         0x08064a32        0x2 37008
 .gnu.linkonce.t.setstate__Q23stdt9basic_ios2ZcZQ23stdt11char_traits1ZcQ33stdt5_Iosb1Zi8_Iostateb
                0x08064a34       0x39 manager_of_data_storage.o
                0x08064a34                std::basic_ios<char, std::char_traits<char> >::setstate(std::_Iosb<int>::_Iostate, bool)
 *fill*         0x08064a6d        0x3 37008
 .gnu.linkonce.t.init__Q23stdt9basic_ios2ZcZQ23stdt11char_traits1ZcPQ23stdt15basic_streambuf2ZcZQ23stdt11char_traits1Zcb
                0x08064a70       0x64 manager_of_data_storage.o
                0x08064a70                std::basic_ios<char, std::char_traits<char> >::init(std::basic_streambuf<char, std::char_traits<char> > *, bool)
 .gnu.linkonce.t.__Q23stdt13basic_ostream2ZcZQ23stdt11char_traits1ZciPQ23stdt15basic_streambuf2ZcZQ23stdt11char_traits1Zcb
                0x08064ad4       0xcc manager_of_data_storage.o
                0x08064ad4                std::basic_ostream<char, std::char_traits<char> >::basic_ostream(int, std::basic_streambuf<char, std::char_traits<char> > *, bool)
 .gnu.linkonce.t._Init__Q23stdt15basic_streambuf2ZcZQ23stdt11char_traits1Zc
                0x08064ba0       0x52 manager_of_data_storage.o