Archive member included       because of file (symbol)

/x86/lib/libcpp.a(delaop.o)   manager_of_data_storage.o (__builtin_vec_delete)
/x86/lib/libcpp.a(delop.o)    objects_storage_logger.o (__builtin_delete)
/x86/lib/libcpp.a(delop3.o)   manager_of_data_storage.o (operator delete(void *, void *))
/x86/lib/libcpp.a(exceptio.o)
                              objects_storage_logger.o (std::terminate(void))
/x86/lib/libcpp.a(gccex.o)    manager_of_data_storage.o (std::exception::exception(void))
/x86/lib/libcpp.a(ios.o)      manager_of_data_storage.o (std::_BADOFF)
/x86/lib/libcpp.a(iostream.o)
                              manager_of_data_storage.o (std::ios_base::Init::Init(void))
/x86/lib/libcpp.a(locale.o)   main.o (std::ctype<char>::id)
/x86/lib/libcpp.a(locale0.o)  /x86/lib/libcpp.a(locale.o) (std::locale::_Locimp::_Clocptr)
/x86/lib/libcpp.a(newaop.o)   manager_of_data_storage.o (__builtin_vec_new)
/x86/lib/libcpp.a(newop.o)    objects_storage_logger.o (__builtin_new)
/x86/lib/libcpp.a(nomemory.o)
                              manager_of_data_storage.o (std::_Nomemory(void))
/x86/lib/libcpp.a(raisehan.o)
                              /x86/lib/libcpp.a(gccex.o) (std::_Raise_handler)
/x86/lib/libcpp.a(string.o)   objects_storage_logger.o (std::_String_base::_Xlen(void) const)
/x86/lib/libcpp.a(uncaught.o)
                              manager_of_data_storage.o (std::uncaught_exception(void))
/x86/lib/libcpp.a(wlocale.o)  /x86/lib/libcpp.a(locale.o) (std::locale::_Locimp::_Makewloc(std::_Locinfo const &, int, std::locale::_Locimp *, std::locale const *))
/x86/lib/libcpp.a(xlocale.o)  /x86/lib/libcpp.a(locale.o) (std::locale::_Locimp::_Makexloc(std::_Locinfo const &, int, std::locale::_Locimp *, std::locale const *))
/x86/lib/libcpp.a(xlock.o)    objects_storage_logger.o (std::_Lockit::_Lockit(int))
/x86/lib/libcpp.a(xmtx.o)     /x86/lib/libcpp.a(xlock.o) (_Mtxinit)
/x86/lib/libcpp.a(xmutex.o)   manager_of_data_storage.o (std::_Mutex::_Mutex(void))
/x86/lib/libcpp.a(new.o)      /x86/lib/libcpp.a(newop.o) (std::_New_hand)
/usr/lib/gcc-lib/ntox86/2.95.3/exceptions/libgcc.a(_eh.o)
                              manager_of_data_storage.o (__eh_rtime_match)
/usr/lib/gcc-lib/ntox86/2.95.3/exceptions/libgcc.a(_pure.o)
                              pri_data_manager.o (__pure_virtual)
/usr/lib/gcc-lib/ntox86/2.95.3/exceptions/libgcc.a(exception.o)
                              objects_storage_logger.o (__start_cp_handler)
/usr/lib/gcc-lib/ntox86/2.95.3/exceptions/libgcc.a(frame.o)
                              /usr/lib/gcc-lib/ntox86/2.95.3/exceptions/libgcc.a(_eh.o) (__frame_state_for)
/usr/lib/gcc-lib/ntox86/2.95.3/exceptions/libgcc.a(tinfo.o)
                              manager_of_data_storage.o (__rtti_class)
/usr/lib/gcc-lib/ntox86/2.95.3/exceptions/libgcc.a(tinfo2.o)
                              /usr/lib/gcc-lib/ntox86/2.95.3/exceptions/libgcc.a(exception.o) (__throw_type_match_rtti)
/x86/lib/libc.a(getopt.o)     main.o (getopt)
/x86/lib/libc.a(pthread_mutex_lock.o)
                              /x86/lib/libcpp.a(xlock.o) (pthread_mutex_lock)
/x86/lib/libc.a(pthread_mutex_init.o)
                              /x86/lib/libcpp.a(xmtx.o) (pthread_mutex_init)
/x86/lib/libc.a(pthread_mutex_destroy.o)
                              /x86/lib/libcpp.a(xlock.o) (pthread_mutex_destroy)
/x86/lib/libc.a(pthread_mutex_unlock.o)
                              /x86/lib/libcpp.a(xlock.o) (pthread_mutex_unlock)
/x86/lib/libc.a(pthread_mutexattr_destroy.o)
                              /x86/lib/libcpp.a(xmtx.o) (pthread_mutexattr_destroy)
/x86/lib/libc.a(pthread_mutexattr_init.o)
                              /x86/lib/libcpp.a(xmtx.o) (pthread_mutexattr_init)
/x86/lib/libc.a(pthread_mutexattr_settype.o)
                              /x86/lib/libcpp.a(xmtx.o) (pthread_mutexattr_settype)
/x86/lib/libc.a(pthread_once.o)
                              /x86/lib/libcpp.a(xlock.o) (pthread_once)
/x86/lib/libc.a(malloc.o)     main.o (free)
/x86/lib/libc.a(util.o)       /x86/lib/libc.a(malloc.o) (malloc_abort)
/x86/lib/libc.a(_exit.o)      /x86/lib/libc.a(util.o) (_exit)
/x86/lib/libc.a(abort.o)      /x86/lib/libcpp.a(exceptio.o) (abort)
/x86/lib/libc.a(atexit.o)     /x86/lib/crt1.o (atexit)
/x86/lib/libc.a(exit.o)       /x86/lib/crt1.o (exit)
/x86/lib/libc.a(localeco.o)   manager_of_data_storage.o (_Locale)
/x86/lib/libc.a(mbrtowc.o)    /x86/lib/libcpp.a(wlocale.o) (mbrtowc)
/x86/lib/libc.a(raise.o)      /x86/lib/libc.a(abort.o) (raise)
/x86/lib/libc.a(setlocal.o)   /x86/lib/libcpp.a(locale.o) (setlocale)
/x86/lib/libc.a(wcrtomb.o)    /x86/lib/libcpp.a(wlocale.o) (wcrtomb)
/x86/lib/libc.a(xbtowc.o)     /x86/lib/libcpp.a(wlocale.o) (_Btowc)
/x86/lib/libc.a(xctype.o)     main.o (_Ctype)
/x86/lib/libc.a(xdefloc.o)    /x86/lib/libc.a(setlocal.o) (_Defloc)
/x86/lib/libc.a(xgetloc.o)    /x86/lib/libc.a(setlocal.o) (_Getloc)
/x86/lib/libc.a(xmakeloc.o)   /x86/lib/libc.a(xgetloc.o) (_Makeloc)
[...]
Memory Configuration

Name             Origin             Length             Attributes
*default*        0x00000000         0xffffffff

Linker script and memory map

TARGET(elf32-i386)
LOAD /x86/lib/crt1.o
LOAD /x86/lib/crti.o
LOAD /usr/lib/gcc-lib/ntox86/2.95.3/crtbeginC++.o
LOAD objects_storage_logger.o
LOAD manager_of_data_storage.o
LOAD jobs_data_managers_container.o
LOAD pri_data_manager.o
LOAD mock_database_wrapper.o
LOAD main.o
LOAD /x86/lib/libm.a
LOAD /x86/lib/libcpp.a
LOAD /x86/lib/libcpp.a
LOAD /x86/lib/libm.a
LOAD /usr/lib/gcc-lib/ntox86/2.95.3/exceptions/libgcc.a
LOAD /x86/lib/libc.a
LOAD /x86/lib/libc.a
LOAD /usr/lib/gcc-lib/ntox86/2.95.3/exceptions/libgcc.a
LOAD /usr/lib/gcc-lib/ntox86/2.95.3/crtendC++.o
LOAD /x86/lib/crtn.o
                0x08048094                .=(0x8048000+SIZEOF_HEADERS)

.interp
 *(.interp)

.note0          0x08048094        0x0

.hash
 *(.hash)

.dynsym
 *(.dynsym)

.dynstr
 *(.dynstr)

.gnu.version
 *(.gnu.version)

.gnu.version_d
 *(.gnu.version_d)

.gnu.version_r
 *(.gnu.version_r)

.rel.init
 *(.rel.init)

.rela.init
 *(.rela.init)

.rel.text
 *(.rel.text)
 *(.rel.text.*)
 *(.rel.gnu.linkonce.t*)

.rela.text
 *(.rela.text)
 *(.rela.text.*)
 *(.rela.gnu.linkonce.t*)

.rel.fini
 *(.rel.fini)

.rela.fini
 *(.rela.fini)

.rel.rodata
 *(.rel.rodata)
 *(.rel.rodata.*)
 *(.rel.gnu.linkonce.r*)

.rela.rodata
 *(.rela.rodata)
 *(.rela.rodata.*)
 *(.rela.gnu.linkonce.r*)

.rel.data
 *(.rel.data)
 *(.rel.data.*)
 *(.rel.gnu.linkonce.d*)

.rela.data
 *(.rela.data)
 *(.rela.data.*)
 *(.rela.gnu.linkonce.d*)

.rel.ctors
 *(.rel.ctors)

.rela.ctors
 *(.rela.ctors)

.rel.dtors
 *(.rel.dtors)

.rela.dtors
 *(.rela.dtors)

.rel.got        0x08048094        0x0
 *(.rel.got)

.rela.got
 *(.rela.got)

.rel.sdata
 *(.rel.sdata)
 *(.rel.sdata.*)
 *(.rel.gnu.linkonce.s*)

.rela.sdata
 *(.rela.sdata)
 *(.rela.sdata.*)
 *(.rela.gnu.linkonce.s*)

.rel.sbss
 *(.rel.sbss)

.rela.sbss
 *(.rela.sbss)

.rel.bss
 *(.rel.bss)

.rela.bss
 *(.rela.bss)

.rel.plt
 *(.rel.plt)

.rela.plt
 *(.rela.plt)

.init           0x08048094        0xd
 *(.init)
 .init          0x08048094        0x5 /usr/lib/gcc-lib/ntox86/2.95.3/crtbeginC++.o
 .init          0x08048099        0x5 /usr/lib/gcc-lib/ntox86/2.95.3/crtendC++.o
 .init          0x0804809e        0x3 /x86/lib/crtn.o

.plt
 *(.plt)

.text           0x080480a4    0x4276f
                0x080480a4                _btext=.
 *(.text)
 .text          0x080480a4       0x5f /x86/lib/crt1.o
                0x080480ac                _start
 *fill*         0x08048103        0x1 37008
 .text          0x08048104       0xce /usr/lib/gcc-lib/ntox86/2.95.3/crtbeginC++.o
 *fill*         0x080481d2        0x2 37008
 .text          0x080481d4      0x2a7 objects_storage_logger.o
                0x080483e4                objects_storage_logger::get_instance(void)
                0x080481d4                objects_storage_logger::log_message(objects_storage_logger::message_type, std::basic_string<char, std::char_traits<char>, std::allocator<char> >)
 *fill*         0x0804847b        0x1 37008
 .text          0x0804847c     0x136e manager_of_data_storage.o
                0x080485d8                manager_of_data_storage::run(void)
                0x08048514                manager_of_data_storage::initialize(void)
                0x0804847c                manager_of_data_storage::get_instance(void)
 *fill*         0x080497ea        0x2 37008
 .text          0x080497ec      0x178 jobs_data_managers_container.o
                0x080497ec                jobs_data_managers_container::erase(std::_Tree<std::_Tmap_traits<int, abstract_job_data_manager *, std::less<int>, std::allocator<std::pair<int const, abstract_job_data_manager *> >, false> >::iterator)
                0x08049888                jobs_data_managers_container::~jobs_data_managers_container(void)
 .text          0x08049964      0xe93 pri_data_manager.o
                0x08049964                pri_data_manager::process_command_to_occupate(std::vector<unsigned char, std::allocator<unsigned char> >)
                0x08049fe8                pri_data_manager::process_command_to_free(std::vector<unsigned char, std::allocator<unsigned char> >)
                0x0804a760                pri_data_manager::get_instance(void)
                0x0804a548                pri_data_manager::process_command(std::vector<unsigned char, std::allocator<unsigned char> >)
 *fill*         0x0804a7f7        0x1 37008
 .text          0x0804a7f8      0x954 mock_database_wrapper.o
                0x0804ae1c                database_wrapper::pri_occupate_channel_any(unsigned char, unsigned char, unsigned char, unsigned char, unsigned short, int)
                0x0804aa44                database_wrapper::database_wrapper(void)
                0x0804ab6c                database_wrapper::pri_occupate_channel_only(unsigned char, unsigned char, unsigned char, unsigned char, unsigned short, int)
                0x0804a7f8                database_wrapper::get_instance(void)
                0x0804b0f8                database_wrapper::pri_free_channel(unsigned char, unsigned char, unsigned char, unsigned char, unsigned short, int)
 .text          0x0804b14c      0x572 main.o
                0x0804b258                main
                0x0804b14c                usage(std::basic_string<char, std::char_traits<char>, std::allocator<char> >)
 *fill*         0x0804b6be        0x2 37008
 .text          0x0804b6c0       0x59 /x86/lib/libcpp.a(delaop.o)
                0x0804b6c0                __builtin_vec_delete
 *fill*         0x0804b719        0x3 37008
 .text          0x0804b71c       0x61 /x86/lib/libcpp.a(delop.o)
                0x0804b71c                __builtin_delete
 *fill*         0x0804b77d        0x3 37008
 .text          0x0804b780        0x5 /x86/lib/libcpp.a(delop3.o)
                0x0804b780                operator delete(void *, void *)
 *fill*         0x0804b785        0x3 37008
 .text          0x0804b788       0x6a /x86/lib/libcpp.a(exceptio.o)
                0x0804b7c4                std::set_unexpected(void (*)(void))
                0x0804b7dc                std::unexpected(void)
                0x0804b794                std::set_terminate(void (*)(void))
                0x0804b7ac                std::terminate(void)
                0x0804b788                std::do_abort(void)
 *fill*         0x0804b7f2        0x2 37008
 .text          0x0804b7f4       0xbd /x86/lib/libcpp.a(gccex.o)
                0x0804b7f4                std::exception::_Set_raise_handler(void (*)(std::exception const &))
                0x0804b81c                std::exception::~exception(void)
                0x0804b80c                std::exception::exception(void)
                0x0804b84c                std::exception::_Raise(void) const
                0x0804b8ac                std::exception::_Doraise(void) const
                0x0804b840                std::exception::what(void) const
 *fill*         0x0804b8b1        0x3 37008
 .text          0x0804b8b4      0x832 /x86/lib/libcpp.a(ios.o)
                0x0804bfdc                std::ios_base::_Init(void)
                0x0804bdd4                std::ios_base::~ios_base(void)
                0x0804b8b4                std::ios_base::clear(std::_Iosb<int>::_Iostate, bool)
                0x0804be3c                std::ios_base::_Callfns(std::ios_base::event)
                0x0804bc00                std::ios_base::copyfmt(std::ios_base const &)
                0x0804c080                std::ios_base::_Tidy(void)
                0x0804bcd4                std::ios_base::imbue(std::locale const &)
                0x0804bd5c                std::ios_base::register_callback(void (*)(std::ios_base::event, std::ios_base &, int), int)
                0x0804be74                std::ios_base::_Findarr(int)
                0x0804bf70                std::ios_base::_Addstd(void)
 *fill*         0x0804c0e6        0x2 37008
 .text          0x0804c0e8      0x5eb /x86/lib/libcpp.a(iostream.o)
                0x0804c0e8                std::ios_base::Init::Init(void)
                0x0804c4fc                std::ios_base::Init::~Init(void)
 *fill*         0x0804c6d3        0x1 37008
 .text          0x0804c6d4     0x11c7 /x86/lib/libcpp.a(locale.o)
                0x0804cd44                std::locale::global(std::locale const &)
                0x0804c6d4                std::locale::locale(std::locale const &, std::locale const &, int)
                0x0804d510                std::locale::_Locimp::_Addfac(std::locale::facet *, unsigned int)
                0x0804d378                std::locale::_Locimp::_Locimp(std::locale::_Locimp const &)
                0x0804d618                std::_Locinfo::_Locinfo(int, char const *)
                0x0804cea0                std::locale::_Locimp::_Makeloc(std::_Locinfo const &, int, std::locale::_Locimp *, std::locale const *)
                0x0804d6f0                std::_Locinfo::_Addcats(int, char const *)
                0x0804c7f8                std::locale::locale(char const *, int)
                0x0804ca60                std::locale::locale(std::locale const &, char const *, int)
 *fill*         0x0804d89b        0x1 37008
 .text          0x0804d89c      0x76f /x86/lib/libcpp.a(locale0.o)
                0x0804d89c                std::locale::classic(void)
                0x0804dadc                std::locale::_Init(void)
                0x0804dc5c                std::locale::_Tidy(void)
                0x0804dcf0                std::locale::_Locimp::_Locimp(bool)
                0x0804de30                std::_Locinfo::_Locinfo(char const *)
                0x0804d968                std::locale::operator==(std::locale const &) const
                0x0804d8b0                std::locale::empty(void)
                0x0804dd68                std::locale::_Locimp::~_Locimp(void)
                0x0804d91c                std::locale::_Getfacet(unsigned int) const
                0x0804df24                std::_Locinfo::~_Locinfo(void)
 *fill*         0x0804e00b        0x1 37008
 .text          0x0804e00c       0x65 /x86/lib/libcpp.a(newaop.o)
                0x0804e00c                __builtin_vec_new
 *fill*         0x0804e071        0x3 37008
 .text          0x0804e074       0x81 /x86/lib/libcpp.a(newop.o)
                0x0804e074                __builtin_new
 *fill*         0x0804e0f5        0x3 37008
 .text          0x0804e0f8       0x8f /x86/lib/libcpp.a(nomemory.o)
                0x0804e110                std::_Nomemory(void)
 *fill*         0x0804e187        0x1 37008
 .text          0x0804e188      0x205 /x86/lib/libcpp.a(string.o)
                0x0804e188                std::_String_base::_Xlen(void) const
                0x0804e28c                std::_String_base::_Xran(void) const
 *fill*         0x0804e38d        0x3 37008
 .text          0x0804e390        0x7 /x86/lib/libcpp.a(uncaught.o)
                0x0804e390                std::uncaught_exception(void)
 *fill*         0x0804e397        0x1 37008
 .text          0x0804e398     0x10aa /x86/lib/libcpp.a(wlocale.o)
                0x0804e398                std::locale::_Locimp::_Makewloc(std::_Locinfo const &, int, std::locale::_Locimp *, std::locale const *)
 *fill*         0x0804f442        0x2 37008
 .text          0x0804f444      0xa0e /x86/lib/libcpp.a(xlocale.o)
                0x0804f444                std::locale::_Locimp::_Makexloc(std::_Locinfo const &, int, std::locale::_Locimp *, std::locale const *)
 *fill*         0x0804fe52        0x2 37008
 .text          0x0804fe54       0xe5 /x86/lib/libcpp.a(xlock.o)
                0x0804fec0                std::_Lockit::_Lockit(int)
                0x0804ff00                std::_Lockit::~_Lockit(void)
 *fill*         0x0804ff39        0x3 37008
 .text          0x0804ff3c       0x3f /x86/lib/libcpp.a(xmtx.o)
                0x0804ff3c                _Mtxinit
 *fill*         0x0804ff7b        0x1 37008
 .text          0x0804ff7c       0x95 /x86/lib/libcpp.a(xmutex.o)
                0x0804ffa8                std::_Mutex::~_Mutex(void)
                0x0804fffc                std::_Mutex::_Unlock(void)
                0x0804ffe4                std::_Mutex::_Lock(void)
                0x0804ff7c                std::_Mutex::_Mutex(void)
 *fill*         0x08050011        0x3 37008
 .text          0x08050014       0x15 /x86/lib/libcpp.a(new.o)
                0x08050014                std::set_new_handler(void (*)(void))
 *fill*         0x08050029        0x3 37008
 .text          0x0805002c      0xcbb /usr/lib/gcc-lib/ntox86/2.95.3/exceptions/libgcc.a(_eh.o)
                0x08050064                __throw_type_match
                0x0805014c                __get_eh_info
                0x08050c28                __rethrow
                0x0805012c                __get_eh_context
                0x080502f8                __sjthrow
                0x08050b70                __throw
                0x08050098                __empty
                0x080507fc                __unwinding_cleanup
                0x0805055c                __get_eh_table_language
                0x08050418                __sjpopnthrow
                0x08050510                __eh_rtime_match
                0x080502d4                __get_dynamic_handler_chain
                0x0805002c                __default_terminate
                0x08050044                __terminate
                0x08050550                __get_eh_table_version
 *fill*         0x08050ce7        0x1 37008
 .text          0x08050ce8       0x1b /usr/lib/gcc-lib/ntox86/2.95.3/exceptions/libgcc.a(_pure.o)
                0x08050ce8                __pure_virtual
 *fill*         0x08050d03        0x1 37008
 .text          0x08050d04      0x67c /usr/lib/gcc-lib/ntox86/2.95.3/exceptions/libgcc.a(exception.o)
                0x08051350                exception::what(void) const
                0x08050eb8                __cp_push_exception
                0x08050d84                unexpected(void)
                0x08050da0                __cp_exception_info
                0x08050d3c                set_terminate(void (*)(void))
                0x08050fd4                __uncatch_exception
                0x08050d24                __default_unexpected(void)
                0x08051004                __check_eh_spec
                0x080511d8                __throw_bad_cast
                0x08050d04                terminate(void)
                0x08050d60                set_unexpected(void (*)(void))
                0x08050de0                __start_cp_handler
                0x08050e60                __cplus_type_matcher
                0x08050e3c                __eh_free
                0x08050f2c                __cp_pop_exception
                0x0805127c                __throw_bad_typeid
                0x08050dc0                __cp_eh_info
                0x08051320                uncaught_exception(void)
                0x08050e08                __eh_alloc
 .text          0x08051380      0xf0b /usr/lib/gcc-lib/ntox86/2.95.3/exceptions/libgcc.a(frame.o)
                0x08051e60                __register_frame
                0x0805201c                __frame_state_for
                0x08051f10                __register_frame_table
                0x08051f44                __deregister_frame_info
                0x08051ff0                __deregister_frame
                0x08051e94                __register_frame_info_table
                0x08051de0                __register_frame_info
 *fill*         0x0805228b        0x1 37008
 .text          0x0805228c      0x31d /usr/lib/gcc-lib/ntox86/2.95.3/exceptions/libgcc.a(tinfo.o)
                0x08052454                __class_type_info::dcast(type_info const &, int, void *, type_info const *, void *) const
                0x0805228c                type_info::~type_info(void)
                0x0805238c                __rtti_user
                0x0805234c                __rtti_si
                0x080523c0                __user_type_info::dcast(type_info const &, int, void *, type_info const *, void *) const
                0x080523f4                __si_type_info::dcast(type_info const &, int, void *, type_info const *, void *) const
                0x080522c4                type_info::operator==(type_info const &) const
                0x08052304                __rtti_class
 *fill*         0x080525a9        0x3 37008
 .text          0x080525ac      0xaec /usr/lib/gcc-lib/ntox86/2.95.3/exceptions/libgcc.a(tinfo2.o)
                0x08052f18                unsigned int type_info function
                0x08052c98                long long type_info function
                0x080525ac                type_info::before(type_info const &) const
                0x08052b98                __rtti_ptmd
                0x08052bcc                __rtti_array
                0x08053058                signed char type_info function
                0x08052af0                __rtti_attr
                0x08052dd8                char type_info function
                0x08052d58                short type_info function
                0x08052c58                void type_info function
                0x08052d18                int type_info function
                0x08052d98                bool type_info function
                0x080525dc                __throw_type_match_rtti
                0x08052a64                __is_pointer(void *)
                0x08053018                unsigned char type_info function
                0x08052f98                unsigned long long type_info function
                0x08052e98                double type_info function
                0x08052e18                wchar_t type_info function
                0x08052b30                __rtti_func
                0x08052ab8                __rtti_ptr
                0x08052e58                long double type_info function
                0x08052ed8                float type_info function
                0x08052f58                unsigned long type_info function
                0x08052b64                __rtti_ptmf
                0x08052fd8                unsigned short type_info function
                0x08052cd8                long type_info function
                0x08052c00                __dynamic_cast
 .text          0x08053098      0x277 /x86/lib/libc.a(getopt.o)
                0x08053098                getopt
 *fill*         0x0805330f        0x1 37008
 .text          0x08053310       0x7e /x86/lib/libc.a(pthread_mutex_lock.o)
                0x08053310                pthread_mutex_lock
 *fill*         0x0805338e        0x2 37008
 .text          0x08053390       0x18 /x86/lib/libc.a(pthread_mutex_init.o)
                0x08053390                pthread_mutex_init
 .text          0x080533a8       0x13 /x86/lib/libc.a(pthread_mutex_destroy.o)
                0x080533a8                pthread_mutex_destroy
 *fill*         0x080533bb        0x1 37008
 .text          0x080533bc       0x53 /x86/lib/libc.a(pthread_mutex_unlock.o)
                0x080533bc                pthread_mutex_unlock
 *fill*         0x0805340f        0x1 37008
 .text          0x08053410        0x7 /x86/lib/libc.a(pthread_mutexattr_destroy.o)
                0x08053410                pthread_mutexattr_destroy
 *fill*         0x08053417        0x1 37008
 .text          0x08053418       0x1e /x86/lib/libc.a(pthread_mutexattr_init.o)
                0x08053418                pthread_mutexattr_init
 *fill*         0x08053436        0x2 37008
 .text          0x08053438       0x6d /x86/lib/libc.a(pthread_mutexattr_settype.o)
                0x08053438                pthread_mutexattr_settype
 *fill*         0x080534a5        0x3 37008
 .text          0x080534a8       0xba /x86/lib/libc.a(pthread_once.o)
                0x080534bc                __pthread_once
                0x08053540                pthread_once
 *fill*         0x08053562        0x2 37008
 .text          0x08053564      0x58a /x86/lib/libc.a(malloc.o)
                0x08053618                malloc
                0x08053ab8                calloc
                0x0805383c                _posix_memalign
                0x08053904                realloc
                0x08053774                memalign
                0x080538bc                valloc
                0x0805383c                posix_memalign
                0x08053564                free
 *fill*         0x08053aee        0x2 37008
 .text          0x08053af0       0xfa /x86/lib/libc.a(util.o)
                0x08053af0                _malloc_log
                0x08053bac                malloc_abort
                0x08053b7c                _malloc_error
 *fill*         0x08053bea        0x2 37008
 .text          0x08053bec       0x11 /x86/lib/libc.a(_exit.o)
                0x08053bec                _exit
 *fill*         0x08053bfd        0x3 37008
 .text          0x08053c00       0xc4 /x86/lib/libc.a(abort.o)
                0x08053c00                abort
 .text          0x08053cc4       0x37 /x86/lib/libc.a(atexit.o)
                0x08053cc4                atexit
 *fill*         0x08053cfb        0x1 37008
 .text          0x08053cfc       0x18 /x86/lib/libc.a(exit.o)
                0x08053cfc                exit
 .text          0x08053d14        0xa /x86/lib/libc.a(localeco.o)
                0x08053d14                localeconv
 *fill*         0x08053d1e        0x2 37008
 .text          0x08053d20       0x45 /x86/lib/libc.a(mbrtowc.o)
                0x08053d20                mbrtowc
 *fill*         0x08053d65        0x3 37008
 .text          0x08053d68       0x25 /x86/lib/libc.a(raise.o)
                0x08053d68                raise
 *fill*         0x08053d8d        0x3 37008
 .text          0x08053d90      0x48b /x86/lib/libc.a(setlocal.o)
                0x08053d90                _Getcloc
                0x08053fbc                _Getlname
                0x08054178                setlocale
                0x08053f08                _Getnloc
 *fill*         0x0805421b        0x1 37008
 .text          0x0805421c       0x42 /x86/lib/libc.a(wcrtomb.o)
                0x0805421c                wcrtomb
 *fill*         0x0805425e        0x2 37008
 .text          0x08054260       0x42 /x86/lib/libc.a(xbtowc.o)
                0x08054260                _Btowc
 *fill*         0x080542a2        0x2 37008
 .text          0x080542a4      0x210 /x86/lib/libc.a(xdefloc.o)
                0x080542a4                _Defloc
 .text          0x080544b4      0x398 /x86/lib/libc.a(xgetloc.o)
                0x080544b4                _Skip
                0x080544e0                _Getloc
 .text          0x0805484c      0x42f /x86/lib/libc.a(xmakeloc.o)
                0x080548d0                _Makeloc
                0x08054878                _Locsum
 *fill*         0x08054c7b        0x1 37008
 .text          0x08054c7c      0x248 /x86/lib/libc.a(xmakesta.o)
                0x08054c7c                _Makestab
 .text          0x08054ec4      0x2ea /x86/lib/libc.a(xmakewct.o)
                0x08054ec4                _Makewct
 *fill*         0x080551ae        0x2 37008
 .text          0x080551b0      0x1eb /x86/lib/libc.a(xmbtowc.o)
                0x080551b0                _Mbtowc
 *fill*         0x0805539b        0x1 37008
 .text          0x0805539c      0x102 /x86/lib/libc.a(xreadloc.o)
                0x0805539c                _Readloc
 *fill*         0x0805549e        0x2 37008
 .text          0x080554a0      0x1f8 /x86/lib/libc.a(xsetloc.o)
                0x080554a0                _Setloc
 .text          0x08055698      0x189 /x86/lib/libc.a(xstod.o)
                0x08055698                _Stod
 *fill*         0x08055821        0x3 37008
 .text          0x08055824      0x106 /x86/lib/libc.a(xstof.o)
                0x08055824                _Stof
 *fill*         0x0805592a        0x2 37008
 .text          0x0805592c      0x256 /x86/lib/libc.a(xstoflt.o)
                0x0805592c                _Stoflt
 *fill*         0x08055b82        0x2 37008
 .text          0x08055b84      0x1b4 /x86/lib/libc.a(xstold.o)
                0x08055b84                _Stold
 .text          0x08055d38      0x11b /x86/lib/libc.a(xstopfx.o)
                0x08055d38                _Stopfx
 *fill*         0x08055e53        0x1 37008
 .text          0x08055e54      0x28b /x86/lib/libc.a(xstoxflt.o)
                0x08055e54                _Stoxflt
 *fill*         0x080560df        0x1 37008
 .text          0x080560e0      0x1f7 /x86/lib/libc.a(xwctomb.o)
                0x080560e0                _Wctomb
 *fill*         0x080562d7        0x1 37008
 .text          0x080562d8       0x28 /x86/lib/libc.a(ConnectAttach.o)
                0x080562d8                ConnectAttach
 .text          0x08056300       0x30 /x86/lib/libc.a(MsgSend.o)
                0x08056300                MsgSend
 .text          0x08056330       0x28 /x86/lib/libc.a(SignalKill.o)
                0x08056330                SignalKill
 .text          0x08056358       0x20 /x86/lib/libc.a(SyncDestroy_r.o)
                0x08056358                SyncDestroy_r
 .text          0x08056378       0x20 /x86/lib/libc.a(SyncMutexUnlock_r.o)
                0x08056378                SyncMutexUnlock_r
 .text          0x08056398       0x20 /x86/lib/libc.a(SyncMutexLock_r.o)
                0x08056398                SyncMutexLock_r
 .text          0x080563b8       0x20 /x86/lib/libc.a(SyncTypeCreate_r.o)
                0x080563b8                SyncTypeCreate_r
 .text          0x080563d8       0x18 /x86/lib/libc.a(__ker_err.o)
                0x080563d8                __ker_err
 .text          0x080563f0        0xe /x86/lib/libc.a(gettid.o)
                0x080563f0                gettid
 *fill*         0x080563fe        0x2 37008
 .text          0x08056400      0x2d2 /x86/lib/libc.a(slog.o)
                0x080565b8                vslogf
                0x08056510                slogi
                0x080564cc                slogb
                0x080566b8                slogf
 *fill*         0x080566d2        0x2 37008
 .text          0x080566d4      0x186 /x86/lib/libc.a(fclose.o)
                0x080566d4                fclose
 *fill*         0x0805685a        0x2 37008
 .text          0x0805685c       0xbc /x86/lib/libc.a(fflush.o)
                0x08056870                fflush
                0x0805685c                flushall
 .text          0x08056918       0x9e /x86/lib/libc.a(fgetc.o)
                0x08056918                fgetc
 *fill*         0x080569b6        0x2 37008
 .text          0x080569b8       0x16 /x86/lib/libc.a(fgetpos.o)
                0x080569b8                fgetpos
 *fill*         0x080569ce        0x2 37008
 .text          0x080569d0      0x154 /x86/lib/libc.a(fgets.o)
                0x080569d0                fgets
 .text          0x08056b24        0xb /x86/lib/libc.a(fileno.o)
                0x08056b24                fileno
 *fill*         0x08056b2f        0x1 37008
 .text          0x08056b30       0x86 /x86/lib/libc.a(flockfile.o)
                0x08056b30                flockfile
 *fill*         0x08056bb6        0x2 37008
 .text          0x08056bb8       0x18 /x86/lib/libc.a(fopen.o)
                0x08056bb8                fopen
 .text          0x08056bd0       0xa3 /x86/lib/libc.a(fputc.o)
                0x08056bd0                fputc
 *fill*         0x08056c73        0x1 37008
 .text          0x08056c74      0x11c /x86/lib/libc.a(fputs.o)
                0x08056c74                fputs
 .text          0x08056d90       0x1e /x86/lib/libc.a(fseek.o)
                0x08056d90                fseek
 *fill*         0x08056dae        0x2 37008
 .text          0x08056db0       0x1c /x86/lib/libc.a(fsetpos.o)
                0x08056db0                fsetpos
 .text          0x08056dcc       0x65 /x86/lib/libc.a(funlockfile.o)
                0x08056dcc                funlockfile
 *fill*         0x08056e31        0x3 37008
 .text          0x08056e34      0x126 /x86/lib/libc.a(fwrite.o)
                0x08056e34                fwrite
 *fill*         0x08056f5a        0x2 37008
 .text          0x08056f5c       0xcf /x86/lib/libc.a(setvbuf.o)
                0x08056f5c                setvbuf
 *fill*         0x0805702b        0x1 37008
 .text          0x0805702c       0x29 /x86/lib/libc.a(sprintf.o)
                0x0805702c                sprintf
 *fill*         0x08057055        0x3 37008
 .text          0x08057058       0x4d /x86/lib/libc.a(sscanf.o)
                0x08057088                sscanf
 *fill*         0x080570a5        0x3 37008
 .text          0x080570a8       0x23 /x86/lib/libc.a(strerror.o)
                0x080570a8                strerror
 *fill*         0x080570cb        0x1 37008
 .text          0x080570cc       0x93 /x86/lib/libc.a(ungetc.o)
                0x080570cc                ungetc
 *fill*         0x0805715f        0x1 37008
 .text          0x08057160       0x49 /x86/lib/libc.a(vsnprintf.o)
                0x08057160                vsnprintf
 *fill*         0x080571a9        0x3 37008
 .text          0x080571ac       0x28 /x86/lib/libc.a(vsprintf.o)
                0x080571ac                vsprintf
 .text          0x080571d4      0x12a /x86/lib/libc.a(xfgpos.o)
                0x080571d4                _Fgpos
 *fill*         0x080572fe        0x2 37008
 .text          0x08057300      0x10f /x86/lib/libc.a(xfrprep.o)
                0x08057300                _Frprep
 *fill*         0x0805740f        0x1 37008
 .text          0x08057410      0x170 /x86/lib/libc.a(xfspos.o)
                0x08057410                _Fspos
 .text          0x08057580       0xa2 /x86/lib/libc.a(xfwprep.o)
                0x08057580                _Fwprep
 *fill*         0x08057622        0x2 37008
 .text          0x08057624      0x297 /x86/lib/libc.a(xprintf.o)
                0x08057624                _Printf
 *fill*         0x080578bb        0x1 37008
 .text          0x080578bc      0x391 /x86/lib/libc.a(xputfld.o)
                0x080578bc                _Putfld
 *fill*         0x08057c4d        0x3 37008
 .text          0x08057c50      0x173 /x86/lib/libc.a(xputstr.o)
                0x08057c50                _Putstr
 *fill*         0x08057dc3        0x1 37008
 .text          0x08057dc4      0x20a /x86/lib/libc.a(xputtxt.o)
                0x08057dc4                _Puttxt
 *fill*         0x08057fce        0x2 37008
 .text          0x08057fd0      0x2d0 /x86/lib/libc.a(xscanf.o)
                0x08057fd0                _Scanf
 .text          0x080582a0       0x52 /x86/lib/libc.a(xsnprout.o)
                0x080582a0                _Snprout
 *fill*         0x080582f2        0x2 37008
 .text          0x080582f4       0x20 /x86/lib/libc.a(xsprout.o)
                0x080582f4                _Sprout
 .text          0x08058314       0x1c /x86/lib/libc.a(memchr.o)
                0x08058314                memchr
 .text          0x08058330       0x37 /x86/lib/libc.a(memcmp.o)
                0x08058330                memcmp
 *fill*         0x08058367        0x1 37008
 .text          0x08058368       0x29 /x86/lib/libc.a(memcpy.o)
                0x08058368                memcpy
 *fill*         0x08058391        0x3 37008
 .text          0x08058394       0x43 /x86/lib/libc.a(memmove.o)
                0x08058394                memmove
 *fill*         0x080583d7        0x1 37008
 .text          0x080583d8       0x77 /x86/lib/libc.a(memset.o)
                0x080583d8                memset
 *fill*         0x0805844f        0x1 37008
 .text          0x08058450       0x2b /x86/lib/libc.a(strcat.o)
                0x08058450                strcat
 *fill*         0x0805847b        0x1 37008
 .text          0x0805847c       0x23 /x86/lib/libc.a(strchr.o)
                0x0805847c                strchr
 *fill*         0x0805849f        0x1 37008
 .text          0x080584a0       0x30 /x86/lib/libc.a(strcmp.o)
                0x080584a0                strcmp
 .text          0x080584d0      0x117 /x86/lib/libc.a(strcoll.o)
                0x080584f0                strcoll
 *fill*         0x080585e7        0x1 37008
 .text          0x080585e8       0x27 /x86/lib/libc.a(strcpy.o)
                0x080585e8                strcpy
 *fill*         0x0805860f        0x1 37008
 .text          0x08058610       0x3d /x86/lib/libc.a(strcspn.o)
                0x08058610                strcspn
 *fill*         0x0805864d        0x3 37008
 .text          0x08058650       0x57 /x86/lib/libc.a(strdup.o)
                0x08058650                _strdup
                0x08058664                strdup
 *fill*         0x080586a7        0x1 37008
 .text          0x080586a8       0x1a /x86/lib/libc.a(strlen.o)
                0x080586a8                strlen
 *fill*         0x080586c2        0x2 37008
 .text          0x080586c4       0x3b /x86/lib/libc.a(strncmp.o)
                0x080586c4                strncmp
 *fill*         0x080586ff        0x1 37008
 .text          0x08058700       0x21 /x86/lib/libc.a(strrchr.o)
                0x08058700                strrchr
 *fill*         0x08058721        0x3 37008
 .text          0x08058724       0x36 /x86/lib/libc.a(strspn.o)
                0x08058724                strspn
 *fill*         0x0805875a        0x2 37008
 .text          0x0805875c       0x18 /x86/lib/libc.a(strtol.o)
                0x0805875c                strtol
 .text          0x08058774       0x18 /x86/lib/libc.a(strtoll.o)
                0x08058774                strtoll
 .text          0x0805878c       0x18 /x86/lib/libc.a(strtoul.o)
                0x0805878c                strtoul
 .text          0x080587a4       0x18 /x86/lib/libc.a(strtoull.o)
                0x080587a4                strtoull
 .text          0x080587bc       0x7b /x86/lib/libc.a(strxfrm.o)
                0x080587bc                strxfrm
 *fill*         0x08058837        0x1 37008
 .text          0x08058838      0x147 /x86/lib/libc.a(wcscoll.o)
                0x08058894                wcscoll
 *fill*         0x0805897f        0x1 37008
 .text          0x08058980       0x1f /x86/lib/libc.a(wcslen.o)
                0x08058980                wcslen
 *fill*         0x0805899f        0x1 37008
 .text          0x080589a0       0xc2 /x86/lib/libc.a(wcsxfrm.o)
                0x080589a0                wcsxfrm
 *fill*         0x08058a62        0x2 37008
 .text          0x08058a64       0x3b /x86/lib/libc.a(wmemcmp.o)
                0x08058a64                wmemcmp
 *fill*         0x08058a9f        0x1 37008
 .text          0x08058aa0       0x27 /x86/lib/libc.a(wmemcpy.o)
                0x08058aa0                wmemcpy
 *fill*         0x08058ac7        0x1 37008
 .text          0x08058ac8       0x54 /x86/lib/libc.a(wmemmove.o)
                0x08058ac8                wmemmove
 .text          0x08058b1c       0x21 /x86/lib/libc.a(wmemset.o)
                0x08058b1c                wmemset
 *fill*         0x08058b3d        0x3 37008
 .text          0x08058b40      0x3c6 /x86/lib/libc.a(xstrxfrm.o)
                0x08058b40                _CStrxfrm
 *fill*         0x08058f06        0x2 37008
 .text          0x08058f08      0x180 /x86/lib/libc.a(xwcsxfrm.o)
                0x08058f08                _CWcsxfrm
 .text          0x08059088       0x52 /x86/lib/libc.a(__cleanup.o)
                0x08059088                __cleanup_push
                0x080590ac                __cleanup_pop
 *fill*         0x080590da        0x2 37008
 .text          0x080590dc        0xe /x86/lib/libc.a(__get_errno_ptr.o)
                0x080590dc                __get_errno_ptr
 *fill*         0x080590ea        0x2 37008
 .text          0x080590ec       0x12 /x86/lib/libc.a(__stackavail.o)
                0x080590ec                __stackavail
 *fill*         0x080590fe        0x2 37008
 .text          0x08059100        0xb /x86/lib/libc.a(__tls.o)
                0x08059100                __tls
 *fill*         0x0805910b        0x1 37008
 .text          0x0805910c       0xd3 /x86/lib/libc.a(_init_libc.o)
                0x0805910c                _init_libc
 *fill*         0x080591df        0x1 37008
 .text          0x080591e0       0x1b /x86/lib/libc.a(_math_emu_stub.o)
                0x080591e0                _math_emu_stub
 *fill*         0x080591fb        0x1 37008
 .text          0x080591fc       0x55 /x86/lib/libc.a(asctime.o)
                0x080591fc                asctime
                0x08059228                asctime_r
 *fill*         0x08059251        0x3 37008
 .text          0x08059254       0xbd /x86/lib/libc.a(time.o)
                0x08059254                time
 *fill*         0x08059311        0x3 37008
 .text          0x08059314      0x18a /x86/lib/libc.a(xstrftim.o)
                0x08059314                _CStrftime
 *fill*         0x0805949e        0x2 37008
 .text          0x080594a0      0x5b3 /x86/lib/libc.a(xtzset.o)
                0x0805990c                _Tzset
 *fill*         0x08059a53        0x1 37008
 .text          0x08059a54      0x37f /x86/lib/libc.a(random.o)
                0x08059d40                random
                0x08059c54                setstate
                0x08059ae0                initstate
                0x08059a54                srandom
 *fill*         0x08059dd3        0x1 37008
 .text          0x08059dd4       0x74 /x86/lib/libc.a(close.o)
                0x08059dd4                close
 .text          0x08059e48        0xe /x86/lib/libc.a(getpid.o)
                0x08059e48                getpid
 *fill*         0x08059e56        0x2 37008
 .text          0x08059e58       0xa6 /x86/lib/libc.a(lseek.o)
                0x08059ecc                lseek
                0x08059ee8                tell
                0x08059eb4                tell64
                0x08059e58                lseek64
 *fill*         0x08059efe        0x2 37008
 .text          0x08059f00       0x19 /x86/lib/libc.a(open.o)
                0x08059f00                open
 *fill*         0x08059f19        0x3 37008
 .text          0x08059f1c       0x3d /x86/lib/libc.a(read.o)
                0x08059f1c                read
 *fill*         0x08059f59        0x3 37008
 .text          0x08059f5c       0x20 /x86/lib/libc.a(sigaction.o)
                0x08059f5c                sigaction
 .text          0x08059f7c       0x3f /x86/lib/libc.a(sigdelset.o)
                0x08059f7c                sigdelset
 *fill*         0x08059fbb        0x1 37008
 .text          0x08059fbc       0x17 /x86/lib/libc.a(sigfillset.o)
                0x08059fbc                sigfillset
 *fill*         0x08059fd3        0x1 37008
 .text          0x08059fd4       0x43 /x86/lib/libc.a(sigstub.o)
                0x08059fd4                __signalstub
 *fill*         0x0805a017        0x1 37008
 .text          0x0805a018       0x9b /x86/lib/libc.a(sysconf.o)
                0x0805a0a0                sysconf
                0x0805a078                _sysconf
 *fill*         0x0805a0b3        0x1 37008
 .text          0x0805a0b4       0x53 /x86/lib/libc.a(write.o)
                0x0805a0b4                write
 *fill*         0x0805a107        0x1 37008
 .text          0x0805a108       0x55 /x86/lib/libc.a(basename.o)
                0x0805a108                basename
 *fill*         0x0805a15d        0x3 37008
 .text          0x0805a160       0xf4 /x86/lib/libc.a(confstr.o)
                0x0805a1d4                confstr
 .text          0x0805a254       0x11 /x86/lib/libc.a(__my_thread_exit.o)
                0x0805a254                __my_thread_exit
 *fill*         0x0805a265        0x3 37008
 .text          0x0805a268       0x15 /x86/lib/libc.a(pthread_cond_broadcast.o)
                0x0805a268                pthread_cond_broadcast
 *fill*         0x0805a27d        0x3 37008
 .text          0x0805a280       0x39 /x86/lib/libc.a(pthread_cond_wait.o)
                0x0805a280                pthread_cond_wait
 *fill*         0x0805a2b9        0x3 37008
 .text          0x0805a2bc       0xbb /x86/lib/libc.a(pthread_exit.o)
                0x0805a2bc                pthread_exit
 *fill*         0x0805a377        0x1 37008
 .text          0x0805a378        0xe /x86/lib/libc.a(pthread_self.o)
                0x0805a378                pthread_self
 *fill*         0x0805a386        0x2 37008
 .text          0x0805a388       0x2b /x86/lib/libc.a(pthread_sigmask.o)
                0x0805a388                pthread_sigmask
 *fill*         0x0805a3b3        0x1 37008
 .text          0x0805a3b4      0x476 /x86/lib/libc.a(band.o)
                0x0805a434                _check_bands
                0x0805a610                _band_get_aligned
                0x0805a6fc                _band_rlse
                0x0805a6e4                _band_get
 *fill*         0x0805a82a        0x2 37008
 .text          0x0805a82c      0x1a6 /x86/lib/libc.a(compat.o)
                0x0805a914                mprobe
                0x0805a984                mallopt
                0x0805a82c                mallinfo
                0x0805a8bc                mcheck
 *fill*         0x0805a9d2        0x2 37008
 .text          0x0805a9d4      0xa9a /x86/lib/libc.a(dlist.o)
                0x0805b3c8                malloc_opts
                0x0805ad60                _list_memalign
                0x0805b274                _list_resize
                0x0805b090                _list_alloc
                0x0805a9d4                _check_arena
                0x0805ab1c                _check_list
                0x0805b0a8                _list_release
                0x0805b3c0                _list_gc
 *fill*         0x0805b46e        0x2 37008
 .text          0x0805b470       0x1a /x86/lib/libc.a(__exit.o)
                0x0805b470                __exit
 *fill*         0x0805b48a        0x2 37008
 .text          0x0805b48c       0x81 /x86/lib/libc.a(_cleanup.o)
                0x0805b48c                _cleanup
 *fill*         0x0805b50d        0x3 37008
 .text          0x0805b510       0x3f /x86/lib/libc.a(getenv.o)
                0x0805b510                getenv
 *fill*         0x0805b54f        0x1 37008
 .text          0x0805b550      0x199 /x86/lib/libc.a(xdscale.o)
                0x0805b550                _Dscale
 *fill*         0x0805b6e9        0x3 37008
 .text          0x0805b6ec      0x1c0 /x86/lib/libc.a(xdtento.o)
                0x0805b754                _Dtento
 .text          0x0805b8ac       0x9a /x86/lib/libc.a(xdunscal.o)
                0x0805b8ac                _Dunscale
 *fill*         0x0805b946        0x2 37008
 .text          0x0805b948      0x126 /x86/lib/libc.a(xfdscale.o)
                0x0805b948                _FDscale
 *fill*         0x0805ba6e        0x2 37008
 .text          0x0805ba70      0x190 /x86/lib/libc.a(xfdtento.o)
                0x0805baa4                _FDtento
 .text          0x0805bc00       0x86 /x86/lib/libc.a(xfdunsca.o)
                0x0805bc00                _FDunscale
 *fill*         0x0805bc86        0x2 37008
 .text          0x0805bc88       0x2d /x86/lib/libc.a(xferaise.o)
                0x0805bc88                _Feraise
 *fill*         0x0805bcb5        0x3 37008
 .text          0x0805bcb8      0x12e /x86/lib/libc.a(xfreeloc.o)
                0x0805bcb8                _Freeloc
 *fill*         0x0805bde6        0x2 37008
 .text          0x0805bde8      0x195 /x86/lib/libc.a(xldscale.o)
                0x0805bde8                _LDscale
 *fill*         0x0805bf7d        0x3 37008
 .text          0x0805bf80      0x190 /x86/lib/libc.a(xldtento.o)
                0x0805bfb4                _LDtento
 .text          0x0805c110       0xab /x86/lib/libc.a(xldunsca.o)
                0x0805c110                _LDunscale
 *fill*         0x0805c1bb        0x1 37008
 .text          0x0805c1bc      0x162 /x86/lib/libc.a(xlocterm.o)
                0x0805c1bc                _Locvar
                0x0805c1f8                _Locterm
 *fill*         0x0805c31e        0x2 37008
 .text          0x0805c320      0x3dd /x86/lib/libc.a(xstoint.o)
                0x0805c320                _Stoint
 *fill*         0x0805c6fd        0x3 37008
 .text          0x0805c700       0x3f /x86/lib/libc.a(xwctob.o)
                0x0805c700                _Wctob
 *fill*         0x0805c73f        0x1 37008
 .text          0x0805c740       0x20 /x86/lib/libc.a(ClockTime_r.o)
                0x0805c740                ClockTime_r
 .text          0x0805c760       0x20 /x86/lib/libc.a(ConnectDetach_r.o)
                0x0805c760                ConnectDetach_r
 .text          0x0805c780       0x2c /x86/lib/libc.a(MsgSendnc_r.o)
                0x0805c780                MsgSendnc_r
 .text          0x0805c7ac       0x28 /x86/lib/libc.a(MsgSendv.o)
                0x0805c7ac                MsgSendv
 .text          0x0805c7d4       0x24 /x86/lib/libc.a(MsgSendvnc_r.o)
                0x0805c7d4                MsgSendvnc_r
 .text          0x0805c7f8       0x28 /x86/lib/libc.a(SignalAction.o)
                0x0805c7f8                SignalAction
 .text          0x0805c820       0x20 /x86/lib/libc.a(SignalProcmask_r.o)
                0x0805c820                SignalProcmask_r
 .text          0x0805c840       0x20 /x86/lib/libc.a(SyncCondvarSignal_r.o)
                0x0805c840                SyncCondvarSignal_r
 .text          0x0805c860       0x20 /x86/lib/libc.a(SyncCondvarWait_r.o)
                0x0805c860                SyncCondvarWait_r
 .text          0x0805c880       0x28 /x86/lib/libc.a(ThreadDestroy.o)
                0x0805c880                ThreadDestroy
 .text          0x0805c8a8       0x20 /x86/lib/libc.a(ThreadDestroy_r.o)
                0x0805c8a8                ThreadDestroy_r
 .text          0x0805c8c8       0x28 /x86/lib/libc.a(__SysCpupageGet.o)
                0x0805c8c8                __SysCpupageGet
 .text          0x0805c8f0       0x28 /x86/lib/libc.a(__SysCpupageSet.o)
                0x0805c8f0                __SysCpupageSet
 .text          0x0805c918       0x84 /x86/lib/libc.a(sysmgr_confstr_set.o)
                0x0805c918                sysmgr_confstr_set
 .text          0x0805c99c       0x6a /x86/lib/libc.a(_fsopen.o)
                0x0805c99c                _fsopen
 *fill*         0x0805ca06        0x2 37008
 .text          0x0805ca08      0x112 /x86/lib/libc.a(fdopen.o)
                0x0805ca08                fdopen
 *fill*         0x0805cb1a        0x2 37008
 .text          0x0805cb1c       0x50 /x86/lib/libc.a(fprintf.o)
                0x0805cb1c                fprintf
 .text          0x0805cb6c       0x81 /x86/lib/libc.a(xfbuf.o)
                0x0805cb6c                _Fbuf
 *fill*         0x0805cbed        0x3 37008
 .text          0x0805cbf0       0x2b /x86/lib/libc.a(xfprout.o)
                0x0805cbf0                _Fprout
 *fill*         0x0805cc1b        0x1 37008
 .text          0x0805cc1c      0x141 /x86/lib/libc.a(xgetfld.o)
                0x0805cc1c                _Getfld
 *fill*         0x0805cd5d        0x3 37008
 .text          0x0805cd60      0x511 /x86/lib/libc.a(xgetfloa.o)
                0x0805cd60                _Getfloat
 *fill*         0x0805d271        0x3 37008
 .text          0x0805d274      0x33b /x86/lib/libc.a(xgetint.o)
                0x0805d274                _Getint
 *fill*         0x0805d5af        0x1 37008
 .text          0x0805d5b0      0x363 /x86/lib/libc.a(xgetstr.o)
                0x0805d5f8                _Getstr
 *fill*         0x0805d913        0x1 37008
 .text          0x0805d914      0x532 /x86/lib/libc.a(xldtob.o)
                0x0805d914                _Ldtob
 *fill*         0x0805de46        0x2 37008
 .text          0x0805de48      0x1dd /x86/lib/libc.a(xlitob.o)
                0x0805de48                _Litob
 *fill*         0x0805e025        0x3 37008
 .text          0x0805e028      0x279 /x86/lib/libc.a(_conf_get.o)
                0x0805e028                _conf_get
 *fill*         0x0805e2a1        0x3 37008
 .text          0x0805e2a4        0x8 /x86/lib/libc.a(_math_emu_load.o)
                0x0805e2a4                _math_emulator
 .text          0x0805e2ac       0x40 /x86/lib/libc.a(_vopen.o)
                0x0805e2ac                _vopen
 .text          0x0805e2ec      0x122 /x86/lib/libc.a(localtim.o)
                0x0805e2ec                _Tzoff
                0x0805e3e4                localtime
                0x0805e368                _Tzoff_dst
 *fill*         0x0805e40e        0x2 37008
 .text          0x0805e410      0xb57 /x86/lib/libc.a(xgentime.o)
                0x0805e7c8                _Gentime
 *fill*         0x0805ef67        0x1 37008
 .text          0x0805ef68      0x259 /x86/lib/libc.a(xgetdst.o)
                0x0805f04c                _Getdst
                0x0805efbc                __getsecs
 *fill*         0x0805f1c1        0x3 37008
 .text          0x0805f1c4       0x98 /x86/lib/libc.a(xgetrules.o)
                0x0805f1c4                _Getrules
 .text          0x0805f25c       0x75 /x86/lib/libc.a(xgettime.o)
                0x0805f25c                _Gettime
 *fill*         0x0805f2d1        0x3 37008
 .text          0x0805f2d4        0xd /x86/lib/libc.a(xgetzone.o)
                0x0805f2d4                _Getzone
 *fill*         0x0805f2e1        0x3 37008
 .text          0x0805f2e4      0x41a /x86/lib/libc.a(xttotm.o)
                0x0805f550                _Ttotm
                0x0805f2e4                _Daysto
 *fill*         0x0805f6fe        0x2 37008
 .text          0x0805f700      0x112 /x86/lib/libc.a(fork.o)
                0x0805f7e0                fork
                0x0805f700                _fork
 *fill*         0x0805f812        0x2 37008
 .text          0x0805f814       0x2c /x86/lib/libc.a(isatty.o)
                0x0805f814                isatty
 .text          0x0805f840      0x1c2 /x86/lib/libc.a(core.o)
                0x0805f9ec                core_enable
                0x0805f9b0                donecore
                0x0805f954                morecore
 *fill*         0x0805fa02        0x2 37008
 .text          0x0805fa04      0x14c /x86/lib/libc.a(_findenv.o)
                0x0805fa04                _findenv
 .text          0x0805fb50       0x38 /x86/lib/libc.a(ldiv.o)
                0x0805fb50                ldiv
 .text          0x0805fb88      0x137 /x86/lib/libc.a(xdnorm.o)
                0x0805fb88                _Dnorm
 *fill*         0x0805fcbf        0x1 37008
 .text          0x0805fcc0       0xae /x86/lib/libc.a(xfdnorm.o)
                0x0805fcc0                _FDnorm
 *fill*         0x0805fd6e        0x2 37008
 .text          0x0805fd70      0x13d /x86/lib/libc.a(xldnorm.o)
                0x0805fd70                _LDnorm
 *fill*         0x0805fead        0x3 37008
 .text          0x0805feb0       0x30 /x86/lib/libc.a(MsgSendnc.o)
                0x0805feb0                MsgSendnc
 .text          0x0805fee0       0x28 /x86/lib/libc.a(MsgSendvnc.o)
                0x0805fee0                MsgSendvnc
 .text          0x0805ff08       0x1a /x86/lib/libc.a(sopen.o)
                0x0805ff08                sopen
 *fill*         0x0805ff22        0x2 37008
 .text          0x0805ff24       0x5d /x86/lib/libc.a(__fpinit.o)
                0x0805ff24                __fpinit
 *fill*         0x0805ff81        0x3 37008
 .text          0x0805ff84       0x9e /x86/lib/libc.a(__parse_oflag.o)
                0x0805ff84                __parse_oflag
 *fill*         0x08060022        0x2 37008
 .text          0x08060024      0x3ab /x86/lib/libc.a(xgenld.o)
                0x08060024                _Genld
 *fill*         0x080603cf        0x1 37008
 .text          0x080603d0       0x39 /x86/lib/libc.a(strncpy.o)
                0x080603d0                strncpy
 *fill*         0x08060409        0x3 37008
 .text          0x0806040c       0x41 /x86/lib/libc.a(_connect.o)
                0x0806040c                _connect
 *fill*         0x0806044d        0x3 37008
 .text          0x08060450       0xb6 /x86/lib/libc.a(_connect_entry.o)
                0x08060450                _connect_entry
 *fill*         0x08060506        0x2 37008
 .text          0x08060508      0xe3e /x86/lib/libc.a(_connect_ctrl.o)
                0x0806105c                _connect_ctrl
 *fill*         0x08061346        0x2 37008
 .text          0x08061348       0xcd /x86/lib/libc.a(_devctl.o)
                0x08061348                _devctl
 *fill*         0x08061415        0x3 37008
 .text          0x08061418      0x3c7 /x86/lib/libc.a(xisdst.o)
                0x08061418                _Isdst
 *fill*         0x080617df        0x1 37008
 .text          0x080617e0       0xfe /x86/lib/libc.a(mmap.o)
                0x080618b8                mmap
                0x08061888                mmap64
                0x080617e0                _mmap
 *fill*         0x080618de        0x2 37008
 .text          0x080618e0       0x4c /x86/lib/libc.a(munmap.o)
                0x080618e0                munmap
 .text          0x0806192c       0x38 /x86/lib/libc.a(div.o)
                0x0806192c                div
 .text          0x08061964       0x24 /x86/lib/libc.a(ConnectFlags_r.o)
                0x08061964                ConnectFlags_r
 .text          0x08061988       0x56 /x86/lib/libc.a(procmgr_session.o)
                0x08061988                procmgr_session
 *fill*         0x080619de        0x2 37008
 .text          0x080619e0       0x69 /x86/lib/libc.a(__fpbufinit.o)
                0x080619e0                __fpbufinit
 *fill*         0x08061a49        0x3 37008
 .text          0x08061a4c      0x19e /usr/lib/gcc-lib/ntox86/2.95.3/exceptions/libgcc.a(_divdi3.o)
                0x08061a4c                __divdi3
 *fill*         0x08061bea        0x2 37008
 .text          0x08061bec      0x216 /usr/lib/gcc-lib/ntox86/2.95.3/exceptions/libgcc.a(_moddi3.o)
                0x08061bec                __moddi3
 *fill*         0x08061e02        0x2 37008
 .text          0x08061e04      0x112 /usr/lib/gcc-lib/ntox86/2.95.3/exceptions/libgcc.a(_udivdi3.o)
                0x08061e04                __udivdi3
 *fill*         0x08061f16        0x2 37008
 .text          0x08061f18      0x17e /usr/lib/gcc-lib/ntox86/2.95.3/exceptions/libgcc.a(_umoddi3.o)
                0x08061f18                __umoddi3
 *fill*         0x08062096        0x2 37008
 .text          0x08062098       0x4a /usr/lib/gcc-lib/ntox86/2.95.3/crtendC++.o
 *fill*         0x080620e2        0x2 37008
 *(.text.*)
 *(.stub)
 *(.gnu.warning)
 *(.gnu.linkonce.t*)
 .gnu.linkonce.t.__Q23stdt9allocator1ZcRCQ23stdt9allocator1Zc
                0x080620e4        0xa objects_storage_logger.o
                0x080620e4                std::allocator<char>::allocator(std::allocator<char> const &)
 *fill*         0x080620ee        0x2 37008
 .gnu.linkonce.t.__Q23stdt11_String_val2ZcZQ23stdt9allocator1ZcGQ23stdt9allocator1Zc
                0x080620f0       0x29 objects_storage_logger.o
                0x080620f0                std::_String_val<char, std::allocator<char> >::_String_val(std::allocator<char>)
 *fill*         0x08062119        0x3 37008
 .gnu.linkonce.t._Myptr__Q23stdt12basic_string3ZcZQ23stdt11char_traits1ZcZQ23stdt9allocator1Zc
                0x0806211c       0x1d objects_storage_logger.o
                0x0806211c                std::basic_string<char, std::char_traits<char>, std::allocator<char> >::_Myptr(void)
 *fill*         0x08062139        0x3 37008
 .gnu.linkonce.t.deallocate__Q23stdt9allocator1ZcPcUi
                0x0806213c       0x1e objects_storage_logger.o
                0x0806213c                std::allocator<char>::deallocate(char *, unsigned int)
 *fill*         0x0806215a        0x2 37008
 .gnu.linkonce.t._Eos__Q23stdt12basic_string3ZcZQ23stdt11char_traits1ZcZQ23stdt9allocator1ZcUi
                0x0806215c       0x39 objects_storage_logger.o
                0x0806215c                std::basic_string<char, std::char_traits<char>, std::allocator<char> >::_Eos(unsigned int)
 *fill*         0x08062195        0x3 37008
 .gnu.linkonce.t._Tidy__Q23stdt12basic_string3ZcZQ23stdt11char_traits1ZcZQ23stdt9allocator1Zcb
                0x08062198       0x57 objects_storage_logger.o
                0x08062198                std::basic_string<char, std::char_traits<char>, std::allocator<char> >::_Tidy(bool)
 *fill*         0x080621ef        0x1 37008
 .gnu.linkonce.t.size__CQ23stdt12basic_string3ZcZQ23stdt11char_traits1ZcZQ23stdt9allocator1Zc
                0x080621f0        0xf objects_storage_logger.o
                0x080621f0                std::basic_string<char, std::char_traits<char>, std::allocator<char> >::size(void) const
 *fill*         0x080621ff        0x1 37008
 .gnu.linkonce.t.max_size__CQ23stdt9allocator1Zc
                0x08062200       0x24 objects_storage_logger.o
                0x08062200                std::allocator<char>::max_size(void) const
 .gnu.linkonce.t.max_size__CQ23stdt12basic_string3ZcZQ23stdt11char_traits1ZcZQ23stdt9allocator1Zc
                0x08062224       0x3a objects_storage_logger.o
                0x08062224                std::basic_string<char, std::char_traits<char>, std::allocator<char> >::max_size(void) const
 *fill*         0x0806225e        0x2 37008
 .gnu.linkonce.t._Allocate__H1Zc_3stdUiPX01_PX01
                0x08062260       0x29 objects_storage_logger.o
                0x08062260                char * std::_Allocate<char>(unsigned int, char *)
 *fill*         0x08062289        0x3 37008
 .gnu.linkonce.t.allocate__Q23stdt9allocator1ZcUi
                0x0806228c       0x26 objects_storage_logger.o
                0x0806228c                std::allocator<char>::allocate(unsigned int)
 *fill*         0x080622b2        0x2 37008
 .gnu.linkonce.t.allocate__H1Zv_Q23stdt9allocator1ZcUiPCX00_Pc
                0x080622b4       0x25 objects_storage_logger.o
                0x080622b4                char * std::allocator<char>::allocate<void>(unsigned int, void const *)
 *fill*         0x080622d9        0x3 37008
 .gnu.linkonce.t._Copy__Q23stdt12basic_string3ZcZQ23stdt11char_traits1ZcZQ23stdt9allocator1ZcUiUi
                0x080622dc      0x12d objects_storage_logger.o
                0x080622dc                std::basic_string<char, std::char_traits<char>, std::allocator<char> >::_Copy(unsigned int, unsigned int)
 *fill*         0x08062409        0x3 37008
 .gnu.linkonce.t._Grow__Q23stdt12basic_string3ZcZQ23stdt11char_traits1ZcZQ23stdt9allocator1ZcUib
                0x0806240c       0x97 objects_storage_logger.o
                0x0806240c                std::basic_string<char, std::char_traits<char>, std::allocator<char> >::_Grow(unsigned int, bool)
 *fill*         0x080624a3        0x1 37008
 .gnu.linkonce.t.erase__Q23stdt12basic_string3ZcZQ23stdt11char_traits1ZcZQ23stdt9allocator1ZcUiUi
                0x080624a4       0xc2 objects_storage_logger.o
                0x080624a4                std::basic_string<char, std::char_traits<char>, std::allocator<char> >::erase(unsigned int, unsigned int)
 *fill*         0x08062566        0x2 37008
 .gnu.linkonce.t._Myptr__CQ23stdt12basic_string3ZcZQ23stdt11char_traits1ZcZQ23stdt9allocator1Zc
                0x08062568       0x1d objects_storage_logger.o
                0x08062568                std::basic_string<char, std::char_traits<char>, std::allocator<char> >::_Myptr(void) const
 *fill*         0x08062585        0x3 37008
 .gnu.linkonce.t.assign__Q23stdt12basic_string3ZcZQ23stdt11char_traits1ZcZQ23stdt9allocator1ZcRCQ23stdt12basic_string3ZcZQ23stdt11char_traits1ZcZQ23stdt9allocator1ZcUiUi
                0x08062588       0xee objects_storage_logger.o
                0x08062588                std::basic_string<char, std::char_traits<char>, std::allocator<char> >::assign(std::basic_string<char, std::char_traits<char>, std::allocator<char> > const &, unsigned int, unsigned int)
 *fill*         0x08062676        0x2 37008
 .gnu.linkonce.t.__Q23stdt12basic_string3ZcZQ23stdt11char_traits1ZcZQ23stdt9allocator1ZcRCQ23stdt12basic_string3ZcZQ23stdt11char_traits1ZcZQ23stdt9allocator1Zc
                0x08062678       0x5a objects_storage_logger.o
                0x08062678                std::basic_string<char, std::char_traits<char>, std::allocator<char> >::basic_string(std::basic_string<char, std::char_traits<char>, std::allocator<char> > const &)
 *fill*         0x080626d2        0x2 37008
 .gnu.linkonce.t._._Q23stdt12basic_string3ZcZQ23stdt11char_traits1ZcZQ23stdt9allocator1Zc
                0x080626d4       0x35 objects_storage_logger.o
                0x080626d4                std::basic_string<char, std::char_traits<char>, std::allocator<char> >::~basic_string(void)
 *fill*         0x08062709        0x3 37008
 .gnu.linkonce.t.c_str__CQ23stdt12basic_string3ZcZQ23stdt11char_traits1ZcZQ23stdt9allocator1Zc
                0x0806270c       0x21 objects_storage_logger.o
                0x0806270c                std::basic_string<char, std::char_traits<char>, std::allocator<char> >::c_str(void) const
 *fill*         0x0806272d        0x3 37008
 .gnu.linkonce.t.__Q23stdt9allocator1Zc
                0x08062730        0xa objects_storage_logger.o
                0x08062730                std::allocator<char>::allocator(void)
 *fill*         0x0806273a        0x2 37008
 .gnu.linkonce.t.__Q23stdt12basic_string3ZcZQ23stdt11char_traits1ZcZQ23stdt9allocator1Zc
                0x0806273c       0x42 objects_storage_logger.o
                0x0806273c                std::basic_string<char, std::char_traits<char>, std::allocator<char> >::basic_string(void)
 *fill*         0x0806277e        0x2 37008
 .gnu.linkonce.t.__Q23stdt6_Ptrit6ZcZiZPcZRcZPcZRcPc
                0x08062780       0x12 objects_storage_logger.o
                0x08062780                std::_Ptrit<char, int, char *, char &, char *, char &>::_Ptrit(char *)
 *fill*         0x08062792        0x2 37008
 .gnu.linkonce.t.base__CQ23stdt6_Ptrit6ZcZiZPcZRcZPcZRc
                0x08062794        0xf objects_storage_logger.o
                0x08062794                std::_Ptrit<char, int, char *, char &, char *, char &>::base(void) const
 *fill*         0x080627a3        0x1 37008
 .gnu.linkonce.t.__Q23stdt6_Ptrit6ZcZiZPcZRcZPcZRcRCQ23stdt6_Ptrit6ZcZiZPcZRcZPcZRc
                0x080627a4       0x25 objects_storage_logger.o
                0x080627a4                std::_Ptrit<char, int, char *, char &, char *, char &>::_Ptrit(std::_Ptrit<char, int, char *, char &, char *, char &> const &)
 *fill*         0x080627c9        0x3 37008
 .gnu.linkonce.t.begin__Q23stdt12basic_string3ZcZQ23stdt11char_traits1ZcZQ23stdt9allocator1Zc
                0x080627cc       0x38 objects_storage_logger.o
                0x080627cc                std::basic_string<char, std::char_traits<char>, std::allocator<char> >::begin(void)
 .gnu.linkonce.t.end__Q23stdt12basic_string3ZcZQ23stdt11char_traits1ZcZQ23stdt9allocator1Zc
                0x08062804       0x3d objects_storage_logger.o
                0x08062804                std::basic_string<char, std::char_traits<char>, std::allocator<char> >::end(void)
 *fill*         0x08062841        0x3 37008
 .gnu.linkonce.t.__mi__CQ23stdt6_Ptrit6ZcZiZPCcZRCcZPcZRcRCQ23stdt6_Ptrit6ZcZiZPCcZRCcZPcZRc
                0x08062844       0x17 objects_storage_logger.o
                0x08062844                std::_Ptrit<char, int, char const *, char const &, char *, char &>::operator-(std::_Ptrit<char, int, char const *, char const &, char *, char &> const &) const
 *fill*         0x0806285b        0x1 37008
 .gnu.linkonce.t.base__CQ23stdt6_Ptrit6ZcZiZPCcZRCcZPcZRc
                0x0806285c        0xf objects_storage_logger.o
                0x0806285c                std::_Ptrit<char, int, char const *, char const &, char *, char &>::base(void) const
 *fill*         0x0806286b        0x1 37008
 .gnu.linkonce.t._Pdif__Q23stdt12basic_string3ZcZQ23stdt11char_traits1ZcZQ23stdt9allocator1ZcGQ23stdt6_Ptrit6ZcZiZPCcZRCcZPcZRcT1
                0x0806286c       0x3e objects_storage_logger.o
                0x0806286c                std::basic_string<char, std::char_traits<char>, std::allocator<char> >::_Pdif(std::_Ptrit<char, int, char const *, char const &, char *, char &>, std::_Ptrit<char, int, char const *, char const &, char *, char &>)
 *fill*         0x080628aa        0x2 37008
 .gnu.linkonce.t.__Q23stdt6_Ptrit6ZcZiZPCcZRCcZPcZRcRCQ23stdt6_Ptrit6ZcZiZPcZRcZPcZRc
                0x080628ac       0x25 objects_storage_logger.o
                0x080628ac                std::_Ptrit<char, int, char const *, char const &, char *, char &>::_Ptrit(std::_Ptrit<char, int, char *, char &, char *, char &> const &)
 *fill*         0x080628d1        0x3 37008
 .gnu.linkonce.t._Inside__Q23stdt12basic_string3ZcZQ23stdt11char_traits1ZcZQ23stdt9allocator1ZcPCc
                0x080628d4       0x48 objects_storage_logger.o
                0x080628d4                std::basic_string<char, std::char_traits<char>, std::allocator<char> >::_Inside(char const *)
 .gnu.linkonce.t.replace__Q23stdt12basic_string3ZcZQ23stdt11char_traits1ZcZQ23stdt9allocator1ZcUiUiRCQ23stdt12basic_string3ZcZQ23stdt11char_traits1ZcZQ23stdt9allocator1ZcUiUi
                0x0806291c      0x409 objects_storage_logger.o
                0x0806291c                std::basic_string<char, std::char_traits<char>, std::allocator<char> >::replace(unsigned int, unsigned int, std::basic_string<char, std::char_traits<char>, std::allocator<char> > const &, unsigned int, unsigned int)
 *fill*         0x08062d25        0x3 37008
 .gnu.linkonce.t.replace__Q23stdt12basic_string3ZcZQ23stdt11char_traits1ZcZQ23stdt9allocator1ZcUiUiPCcUi
                0x08062d28      0x1c8 objects_storage_logger.o
                0x08062d28                std::basic_string<char, std::char_traits<char>, std::allocator<char> >::replace(unsigned int, unsigned int, char const *, unsigned int)
 .gnu.linkonce.t.replace__Q23stdt12basic_string3ZcZQ23stdt11char_traits1ZcZQ23stdt9allocator1ZcGQ23stdt6_Ptrit6ZcZiZPcZRcZPcZRcT1PCcT3
                0x08062ef0      0x176 objects_storage_logger.o
                0x08062ef0                std::basic_string<char, std::char_traits<char>, std::allocator<char> >::replace(std::_Ptrit<char, int, char *, char &, char *, char &>, std::_Ptrit<char, int, char *, char &, char *, char &>, char const *, char const *)
 *fill*         0x08063066        0x2 37008
 .gnu.linkonce.t.assign__Q23stdt12basic_string3ZcZQ23stdt11char_traits1ZcZQ23stdt9allocator1ZcPCcT1
                0x08063068       0x51 objects_storage_logger.o
                0x08063068                std::basic_string<char, std::char_traits<char>, std::allocator<char> >::assign(char const *, char const *)
 *fill*         0x080630b9        0x3 37008
 .gnu.linkonce.t._Myptr__Q23stdt12basic_string3ZwZQ23stdt11char_traits1ZwZQ23stdt9allocator1Zw
                0x080630bc       0x1d objects_storage_logger.o
                0x080630bc                std::basic_string<wchar_t, std::char_traits<wchar_t>, std::allocator<wchar_t> >::_Myptr(void)
 *fill*         0x080630d9        0x3 37008
 .gnu.linkonce.t.deallocate__Q23stdt9allocator1ZwPwUi
                0x080630dc       0x1e objects_storage_logger.o
                0x080630dc                std::allocator<wchar_t>::deallocate(wchar_t *, unsigned int)
 *fill*         0x080630fa        0x2 37008
 .gnu.linkonce.t._Eos__Q23stdt12basic_string3ZwZQ23stdt11char_traits1ZwZQ23stdt9allocator1ZwUi
                0x080630fc       0x43 objects_storage_logger.o
                0x080630fc                std::basic_string<wchar_t, std::char_traits<wchar_t>, std::allocator<wchar_t> >::_Eos(unsigned int)
 *fill*         0x0806313f        0x1 37008
 .gnu.linkonce.t._Tidy__Q23stdt12basic_string3ZwZQ23stdt11char_traits1ZwZQ23stdt9allocator1Zwb
                0x08063140       0x57 objects_storage_logger.o
                0x08063140                std::basic_string<wchar_t, std::char_traits<wchar_t>, std::allocator<wchar_t> >::_Tidy(bool)
 *fill*         0x08063197        0x1 37008
 .gnu.linkonce.t._._Q23stdt12basic_string3ZwZQ23stdt11char_traits1ZwZQ23stdt9allocator1Zw
                0x08063198       0x35 objects_storage_logger.o
                0x08063198                std::basic_string<wchar_t, std::char_traits<wchar_t>, std::allocator<wchar_t> >::~basic_string(void)
 *fill*         0x080631cd        0x3 37008
 .gnu.linkonce.t.__Q23stdt9allocator1Zw
                0x080631d0        0xa objects_storage_logger.o
                0x080631d0                std::allocator<wchar_t>::allocator(void)
 *fill*         0x080631da        0x2 37008
 .gnu.linkonce.t.__Q23stdt9allocator1ZwRCQ23stdt9allocator1Zw
                0x080631dc        0xa objects_storage_logger.o
                0x080631dc                std::allocator<wchar_t>::allocator(std::allocator<wchar_t> const &)
 *fill*         0x080631e6        0x2 37008
 .gnu.linkonce.t.__Q23stdt11_String_val2ZwZQ23stdt9allocator1ZwGQ23stdt9allocator1Zw
                0x080631e8       0x29 objects_storage_logger.o
                0x080631e8                std::_String_val<wchar_t, std::allocator<wchar_t> >::_String_val(std::allocator<wchar_t>)
 *fill*         0x08063211        0x3 37008
 .gnu.linkonce.t.__Q23stdt12basic_string3ZwZQ23stdt11char_traits1ZwZQ23stdt9allocator1Zw
                0x08063214       0x42 objects_storage_logger.o
                0x08063214                std::basic_string<wchar_t, std::char_traits<wchar_t>, std::allocator<wchar_t> >::basic_string(void)
 *fill*         0x08063256        0x2 37008
 .gnu.linkonce.t.__Q23stdt6_Ptrit6ZwZiZPwZRwZPwZRwPw
                0x08063258       0x12 objects_storage_logger.o
                0x08063258                std::_Ptrit<wchar_t, int, wchar_t *, wchar_t &, wchar_t *, wchar_t &>::_Ptrit(wchar_t *)
 *fill*         0x0806326a        0x2 37008
 .gnu.linkonce.t.base__CQ23stdt6_Ptrit6ZwZiZPwZRwZPwZRw
                0x0806326c        0xf objects_storage_logger.o
                0x0806326c                std::_Ptrit<wchar_t, int, wchar_t *, wchar_t &, wchar_t *, wchar_t &>::base(void) const
 *fill*         0x0806327b        0x1 37008
 .gnu.linkonce.t.__Q23stdt6_Ptrit6ZwZiZPwZRwZPwZRwRCQ23stdt6_Ptrit6ZwZiZPwZRwZPwZRw
                0x0806327c       0x25 objects_storage_logger.o
                0x0806327c                std::_Ptrit<wchar_t, int, wchar_t *, wchar_t &, wchar_t *, wchar_t &>::_Ptrit(std::_Ptrit<wchar_t, int, wchar_t *, wchar_t &, wchar_t *, wchar_t &> const &)
 *fill*         0x080632a1        0x3 37008
 .gnu.linkonce.t.begin__Q23stdt12basic_string3ZwZQ23stdt11char_traits1ZwZQ23stdt9allocator1Zw
                0x080632a4       0x38 objects_storage_logger.o
                0x080632a4                std::basic_string<wchar_t, std::char_traits<wchar_t>, std::allocator<wchar_t> >::begin(void)
 .gnu.linkonce.t.end__Q23stdt12basic_string3ZwZQ23stdt11char_traits1ZwZQ23stdt9allocator1Zw
                0x080632dc       0x46 objects_storage_logger.o
                0x080632dc                std::basic_string<wchar_t, std::char_traits<wchar_t>, std::allocator<wchar_t> >::end(void)
 *fill*         0x08063322        0x2 37008
 .gnu.linkonce.t.__mi__CQ23stdt6_Ptrit6ZwZiZPCwZRCwZPwZRwRCQ23stdt6_Ptrit6ZwZiZPCwZRCwZPwZRw
                0x08063324       0x24 objects_storage_logger.o
                0x08063324                std::_Ptrit<wchar_t, int, wchar_t const *, wchar_t const &, wchar_t *, wchar_t &>::operator-(std::_Ptrit<wchar_t, int, wchar_t const *, wchar_t const &, wchar_t *, wchar_t &> const &) const
 .gnu.linkonce.t.base__CQ23stdt6_Ptrit6ZwZiZPCwZRCwZPwZRw
                0x08063348        0xf objects_storage_logger.o
                0x08063348                std::_Ptrit<wchar_t, int, wchar_t const *, wchar_t const &, wchar_t *, wchar_t &>::base(void) const
 *fill*         0x08063357        0x1 37008
 .gnu.linkonce.t._Pdif__Q23stdt12basic_string3ZwZQ23stdt11char_traits1ZwZQ23stdt9allocator1ZwGQ23stdt6_Ptrit6ZwZiZPCwZRCwZPwZRwT1
                0x08063358       0x3e objects_storage_logger.o
                0x08063358                std::basic_string<wchar_t, std::char_traits<wchar_t>, std::allocator<wchar_t> >::_Pdif(std::_Ptrit<wchar_t, int, wchar_t const *, wchar_t const &, wchar_t *, wchar_t &>, std::_Ptrit<wchar_t, int, wchar_t const *, wchar_t const &, wchar_t *, wchar_t &>)
 *fill*         0x08063396        0x2 37008
 .gnu.linkonce.t.__Q23stdt6_Ptrit6ZwZiZPCwZRCwZPwZRwRCQ23stdt6_Ptrit6ZwZiZPwZRwZPwZRw
                0x08063398       0x25 objects_storage_logger.o
                0x08063398                std::_Ptrit<wchar_t, int, wchar_t const *, wchar_t const &, wchar_t *, wchar_t &>::_Ptrit(std::_Ptrit<wchar_t, int, wchar_t *, wchar_t &, wchar_t *, wchar_t &> const &)
 *fill*         0x080633bd        0x3 37008
 .gnu.linkonce.t.max_size__CQ23stdt9allocator1Zw
                0x080633c0       0x24 objects_storage_logger.o
                0x080633c0                std::allocator<wchar_t>::max_size(void) const
 .gnu.linkonce.t.max_size__CQ23stdt12basic_string3ZwZQ23stdt11char_traits1ZwZQ23stdt9allocator1Zw
                0x080633e4       0x3a objects_storage_logger.o
                0x080633e4                std::basic_string<wchar_t, std::char_traits<wchar_t>, std::allocator<wchar_t> >::max_size(void) const
 *fill*         0x0806341e        0x2 37008
 .gnu.linkonce.t._Allocate__H1Zw_3stdUiPX01_PX01
                0x08063420       0x30 objects_storage_logger.o
                0x08063420                wchar_t * std::_Allocate<wchar_t>(unsigned int, wchar_t *)
 .gnu.linkonce.t.allocate__Q23stdt9allocator1ZwUi
                0x08063450       0x26 objects_storage_logger.o
                0x08063450                std::allocator<wchar_t>::allocate(unsigned int)
 *fill*         0x08063476        0x2 37008
 .gnu.linkonce.t.allocate__H1Zv_Q23stdt9allocator1ZwUiPCX00_Pw
                0x08063478       0x25 objects_storage_logger.o
                0x08063478                wchar_t * std::allocator<wchar_t>::allocate<void>(unsigned int, void const *)
 *fill*         0x0806349d        0x3 37008
 .gnu.linkonce.t._Copy__Q23stdt12basic_string3ZwZQ23stdt11char_traits1ZwZQ23stdt9allocator1ZwUiUi
                0x080634a0      0x12d objects_storage_logger.o
                0x080634a0                std::basic_string<wchar_t, std::char_traits<wchar_t>, std::allocator<wchar_t> >::_Copy(unsigned int, unsigned int)
 *fill*         0x080635cd        0x3 37008
 .gnu.linkonce.t._Grow__Q23stdt12basic_string3ZwZQ23stdt11char_traits1ZwZQ23stdt9allocator1ZwUib
                0x080635d0       0x97 objects_storage_logger.o
                0x080635d0                std::basic_string<wchar_t, std::char_traits<wchar_t>, std::allocator<wchar_t> >::_Grow(unsigned int, bool)
 *fill*         0x08063667        0x1 37008
 .gnu.linkonce.t.erase__Q23stdt12basic_string3ZwZQ23stdt11char_traits1ZwZQ23stdt9allocator1ZwUiUi
                0x08063668       0xe1 objects_storage_logger.o
                0x08063668                std::basic_string<wchar_t, std::char_traits<wchar_t>, std::allocator<wchar_t> >::erase(unsigned int, unsigned int)
 *fill*         0x08063749        0x3 37008
 .gnu.linkonce.t._Inside__Q23stdt12basic_string3ZwZQ23stdt11char_traits1ZwZQ23stdt9allocator1ZwPCw
                0x0806374c       0x51 objects_storage_logger.o
                0x0806374c                std::basic_string<wchar_t, std::char_traits<wchar_t>, std::allocator<wchar_t> >::_Inside(wchar_t const *)
 *fill*         0x0806379d        0x3 37008
 .gnu.linkonce.t.size__CQ23stdt12basic_string3ZwZQ23stdt11char_traits1ZwZQ23stdt9allocator1Zw
                0x080637a0        0xf objects_storage_logger.o
                0x080637a0                std::basic_string<wchar_t, std::char_traits<wchar_t>, std::allocator<wchar_t> >::size(void) const
 *fill*         0x080637af        0x1 37008
 .gnu.linkonce.t._Myptr__CQ23stdt12basic_string3ZwZQ23stdt11char_traits1ZwZQ23stdt9allocator1Zw
                0x080637b0       0x1d objects_storage_logger.o
                0x080637b0                std::basic_string<wchar_t, std::char_traits<wchar_t>, std::allocator<wchar_t> >::_Myptr(void) const
 *fill*         0x080637cd        0x3 37008
 .gnu.linkonce.t.replace__Q23stdt12basic_string3ZwZQ23stdt11char_traits1ZwZQ23stdt9allocator1ZwUiUiRCQ23stdt12basic_string3ZwZQ23stdt11char_traits1ZwZQ23stdt9allocator1ZwUiUi
                0x080637d0      0x535 objects_storage_logger.o
                0x080637d0                std::basic_string<wchar_t, std::char_traits<wchar_t>, std::allocator<wchar_t> >::replace(unsigned int, unsigned int, std::basic_string<wchar_t, std::char_traits<wchar_t>, std::allocator<wchar_t> > const &, unsigned int, unsigned int)
 *fill*         0x08063d05        0x3 37008
 .gnu.linkonce.t.replace__Q23stdt12basic_string3ZwZQ23stdt11char_traits1ZwZQ23stdt9allocator1ZwUiUiPCwUi
                0x08063d08      0x221 objects_storage_logger.o
                0x08063d08                std::basic_string<wchar_t, std::char_traits<wchar_t>, std::allocator<wchar_t> >::replace(unsigned int, unsigned int, wchar_t const *, unsigned int)
 *fill*         0x08063f29        0x3 37008
 .gnu.linkonce.t.replace__Q23stdt12basic_string3ZwZQ23stdt11char_traits1ZwZQ23stdt9allocator1ZwGQ23stdt6_Ptrit6ZwZiZPwZRwZPwZRwT1PCwT3
                0x08063f2c      0x17d objects_storage_logger.o
                0x08063f2c                std::basic_string<wchar_t, std::char_traits<wchar_t>, std::allocator<wchar_t> >::replace(std::_Ptrit<wchar_t, int, wchar_t *, wchar_t &, wchar_t *, wchar_t &>, std::_Ptrit<wchar_t, int, wchar_t *, wchar_t &, wchar_t *, wchar_t &>, wchar_t const *, wchar_t const *)
 *fill*         0x080640a9        0x3 37008
 .gnu.linkonce.t.assign__Q23stdt12basic_string3ZwZQ23stdt11char_traits1ZwZQ23stdt9allocator1ZwPCwT1
                0x080640ac       0x51 objects_storage_logger.o
                0x080640ac                std::basic_string<wchar_t, std::char_traits<wchar_t>, std::allocator<wchar_t> >::assign(wchar_t const *, wchar_t const *)
 *fill*         0x080640fd        0x3 37008
 .gnu.linkonce.t.c_str__CQ23stdt12basic_string3ZwZQ23stdt11char_traits1ZwZQ23stdt9allocator1Zw
                0x08064100       0x21 objects_storage_logger.o
                0x08064100                std::basic_string<wchar_t, std::char_traits<wchar_t>, std::allocator<wchar_t> >::c_str(void) const
 *fill*         0x08064121        0x3 37008
 .gnu.linkonce.t._Tidy__Q23stdt8_Tidyfac1ZQ23stdt5ctype1Zc
                0x08064124       0xb0 objects_storage_logger.o
                0x08064124                std::_Tidyfac<std::ctype<char> >::_Tidy(void)
 .gnu.linkonce.t._Save__Q23stdt8_Tidyfac1ZQ23stdt5ctype1ZcPQ23stdt5ctype1Zc
                0x080641d4       0x3a objects_storage_logger.o
                0x080641d4                std::_Tidyfac<std::ctype<char> >::_Save(std::ctype<char> *)
 *fill*         0x0806420e        0x2 37008
 .gnu.linkonce.t.reserve__Q23stdt12basic_string3ZcZQ23stdt11char_traits1ZcZQ23stdt9allocator1ZcUi
                0x08064210       0x29 objects_storage_logger.o
                0x08064210                std::basic_string<char, std::char_traits<char>, std::allocator<char> >::reserve(unsigned int)
 *fill*         0x08064239        0x3 37008
 .gnu.linkonce.t.assign__Q23stdt12basic_string3ZcZQ23stdt11char_traits1ZcZQ23stdt9allocator1ZcPCcUi
                0x0806423c       0x9b objects_storage_logger.o
                0x0806423c                std::basic_string<char, std::char_traits<char>, std::allocator<char> >::assign(char const *, unsigned int)
 *fill*         0x080642d7        0x1 37008
 .gnu.linkonce.t.assign__Q23stdt12basic_string3ZcZQ23stdt11char_traits1ZcZQ23stdt9allocator1ZcPCc
                0x080642d8       0x37 objects_storage_logger.o
                0x080642d8                std::basic_string<char, std::char_traits<char>, std::allocator<char> >::assign(char const *)
 *fill*         0x0806430f        0x1 37008
 .gnu.linkonce.t.__as__Q23stdt12basic_string3ZcZQ23stdt11char_traits1ZcZQ23stdt9allocator1ZcPCc
                0x08064310       0x25 objects_storage_logger.o
                0x08064310                std::basic_string<char, std::char_traits<char>, std::allocator<char> >::operator=(char const *)
 *fill*         0x08064335        0x3 37008
 .gnu.linkonce.t.append__Q23stdt12basic_string3ZcZQ23stdt11char_traits1ZcZQ23stdt9allocator1ZcRCQ23stdt12basic_string3ZcZQ23stdt11char_traits1ZcZQ23stdt9allocator1ZcUiUi
                0x08064338       0xe9 objects_storage_logger.o
                0x08064338                std::basic_string<char, std::char_traits<char>, std::allocator<char> >::append(std::basic_string<char, std::char_traits<char>, std::allocator<char> > const &, unsigned int, unsigned int)
 *fill*         0x08064421        0x3 37008
 .gnu.linkonce.t.append__Q23stdt12basic_string3ZcZQ23stdt11char_traits1ZcZQ23stdt9allocator1ZcRCQ23stdt12basic_string3ZcZQ23stdt11char_traits1ZcZQ23stdt9allocator1Zc
                0x08064424       0x26 objects_storage_logger.o
                0x08064424                std::basic_string<char, std::char_traits<char>, std::allocator<char> >::append(std::basic_string<char, std::char_traits<char>, std::allocator<char> > const &)
 *fill*         0x0806444a        0x2 37008
 .gnu.linkonce.t.__apl__Q23stdt12basic_string3ZcZQ23stdt11char_traits1ZcZQ23stdt9allocator1ZcRCQ23stdt12basic_string3ZcZQ23stdt11char_traits1ZcZQ23stdt9allocator1Zc
                0x0806444c       0x25 objects_storage_logger.o
                0x0806444c                std::basic_string<char, std::char_traits<char>, std::allocator<char> >::operator+=(std::basic_string<char, std::char_traits<char>, std::allocator<char> > const &)
 *fill*         0x08064471        0x3 37008
 .gnu.linkonce.t.assign__Q23stdt11char_traits1ZwRwRCw
                0x08064474        0xf objects_storage_logger.o
                0x08064474                std::char_traits<wchar_t>::assign(wchar_t &, wchar_t const &)
 *fill*         0x08064483        0x1 37008
 .gnu.linkonce.t.copy__Q23stdt11char_traits1ZwPwPCwUi
                0x08064484       0x26 objects_storage_logger.o
                0x08064484                std::char_traits<wchar_t>::copy(wchar_t *, wchar_t const *, unsigned int)
 *fill*         0x080644aa        0x2 37008
 .gnu.linkonce.t.move__Q23stdt11char_traits1ZwPwPCwUi
                0x080644ac       0x26 objects_storage_logger.o
                0x080644ac                std::char_traits<wchar_t>::move(wchar_t *, wchar_t const *, unsigned int)
 *fill*         0x080644d2        0x2 37008
 .gnu.linkonce.t.assign__Q23stdt11char_traits1ZcRcRCc
                0x080644d4        0xf objects_storage_logger.o
                0x080644d4                std::char_traits<char>::assign(char &, char const &)
 *fill*         0x080644e3        0x1 37008
 .gnu.linkonce.t.length__Q23stdt11char_traits1ZcPCc
                0x080644e4       0x1e objects_storage_logger.o
                0x080644e4                std::char_traits<char>::length(char const *)
 *fill*         0x08064502        0x2 37008
 .gnu.linkonce.t.copy__Q23stdt11char_traits1ZcPcPCcUi
                0x08064504       0x26 objects_storage_logger.o
                0x08064504                std::char_traits<char>::copy(char *, char const *, unsigned int)
 *fill*         0x0806452a        0x2 37008
 .gnu.linkonce.t.move__Q23stdt11char_traits1ZcPcPCcUi
                0x0806452c       0x26 objects_storage_logger.o
                0x0806452c                std::char_traits<char>::move(char *, char const *, unsigned int)
 *fill*         0x08064552        0x2 37008
 .gnu.linkonce.t._Incref__Q33std6locale5facet
                0x08064554       0x6d objects_storage_logger.o
                0x08064554                std::locale::facet::_Incref(void)
 *fill*         0x080645c1        0x3 37008
 .gnu.linkonce.t._Decref__Q33std6locale5facet
                0x080645c4       0x8b objects_storage_logger.o
                0x080645c4                std::locale::facet::_Decref(void)
 *fill*         0x0806464f        0x1 37008
 .gnu.linkonce.t.__22objects_storage_logger
                0x08064650        0xa objects_storage_logger.o
                0x08064650                objects_storage_logger::objects_storage_logger(void)
 *fill*         0x0806465a        0x2 37008
 .gnu.linkonce.t._Left__Q23stdt5_Tree1ZQ23stdt12_Tmap_traits5ZiZP25abstract_job_data_managerZQ23stdt4less1ZiZQ23stdt9allocator1ZQ23stdt4pair2ZCiZP25abstract_job_data_managerb0PQ33stdt9_Tree_nod1ZQ23stdt12_Tmap_traits5ZiZP25abstract_job_data_managerZQ23stdt4less1ZiZQ23stdt9allocator1ZQ23stdt4pair2ZCiZP25abstract_job_data_managerb0_5_Node
                0x0806465c        0xe manager_of_data_storage.o
                0x0806465c                std::_Tree<std::_Tmap_traits<int, abstract_job_data_manager *, std::less<int>, std::allocator<std::pair<int const, abstract_job_data_manager *> >, false> >::_Left(std::_Tree_nod<std::_Tmap_traits<int, abstract_job_data_manager *, std::less<int>, std::allocator<std::pair<int const, abstract_job_data_manager *> >, false> >::_Node *)
 *fill*         0x0806466a        0x2 37008
 .gnu.linkonce.t._Lmost__Q23stdt5_Tree1ZQ23stdt12_Tmap_traits5ZiZP25abstract_job_data_managerZQ23stdt4less1ZiZQ23stdt9allocator1ZQ23stdt4pair2ZCiZP25abstract_job_data_managerb0
                0x0806466c       0x24 manager_of_data_storage.o
                0x0806466c                std::_Tree<std::_Tmap_traits<int, abstract_job_data_manager *, std::less<int>, std::allocator<std::pair<int const, abstract_job_data_manager *> >, false> >::_Lmost(void)
 .gnu.linkonce.t.__Q33stdt5_Tree1ZQ23stdt12_Tmap_traits5ZiZP25abstract_job_data_managerZQ23stdt4less1ZiZQ23stdt9allocator1ZQ23stdt4pair2ZCiZP25abstract_job_data_managerb0_14const_iteratorPQ33stdt9_Tree_nod1ZQ23stdt12_Tmap_traits5ZiZP25abstract_job_data_managerZQ23stdt4less1ZiZQ23stdt9allocator1ZQ23stdt4pair2ZCiZP25abstract_job_data_managerb0_5_Node
                0x08064690       0x12 manager_of_data_storage.o
                0x08064690                std::_Tree<std::_Tmap_traits<int, abstract_job_data_manager *, std::less<int>, std::allocator<std::pair<int const, abstract_job_data_manager *> >, false> >::const_iterator::const_iterator(std::_Tree_nod<std::_Tmap_traits<int, abstract_job_data_manager *, std::less<int>, std::allocator<std::pair<int const, abstract_job_data_manager *> >, false> >::_Node *)
 *fill*         0x080646a2        0x2 37008
 .gnu.linkonce.t.__Q33stdt5_Tree1ZQ23stdt12_Tmap_traits5ZiZP25abstract_job_data_managerZQ23stdt4less1ZiZQ23stdt9allocator1ZQ23stdt4pair2ZCiZP25abstract_job_data_managerb0_8iteratorPQ33stdt9_Tree_nod1ZQ23stdt12_Tmap_traits5ZiZP25abstract_job_data_managerZQ23stdt4less1ZiZQ23stdt9allocator1ZQ23stdt4pair2ZCiZP25abstract_job_data_managerb0_5_Node
                0x080646a4       0x23 manager_of_data_storage.o
                0x080646a4                std::_Tree<std::_Tmap_traits<int, abstract_job_data_manager *, std::less<int>, std::allocator<std::pair<int const, abstract_job_data_manager *> >, false> >::iterator::iterator(std::_Tree_nod<std::_Tmap_traits<int, abstract_job_data_manager *, std::less<int>, std::allocator<std::pair<int const, abstract_job_data_manager *> >, false> >::_Node *)
 *fill*         0x080646c7        0x1 37008
 .gnu.linkonce.t.begin__Q23stdt5_Tree1ZQ23stdt12_Tmap_traits5ZiZP25abstract_job_data_managerZQ23stdt4less1ZiZQ23stdt9allocator1ZQ23stdt4pair2ZCiZP25abstract_job_data_managerb0
                0x080646c8       0x3a manager_of_data_storage.o
                0x080646c8                std::_Tree<std::_Tmap_traits<int, abstract_job_data_manager *, std::less<int>, std::allocator<std::pair<int const, abstract_job_data_manager *> >, false> >::begin(void)
 *fill*         0x08064702        0x2 37008
 .gnu.linkonce.t.end__Q23stdt5_Tree1ZQ23stdt12_Tmap_traits5ZiZP25abstract_job_data_managerZQ23stdt4less1ZiZQ23stdt9allocator1ZQ23stdt4pair2ZCiZP25abstract_job_data_managerb0
                0x08064704       0x2d manager_of_data_storage.o
                0x08064704                std::_Tree<std::_Tmap_traits<int, abstract_job_data_manager *, std::less<int>, std::allocator<std::pair<int const, abstract_job_data_manager *> >, false> >::end(void)
 *fill*         0x08064731        0x3 37008
 .gnu.linkonce.t._Parent__Q23stdt5_Tree1ZQ23stdt12_Tmap_traits5ZiZP25abstract_job_data_managerZQ23stdt4less1ZiZQ23stdt9allocator1ZQ23stdt4pair2ZCiZP25abstract_job_data_managerb0PQ33stdt9_Tree_nod1ZQ23stdt12_Tmap_traits5ZiZP25abstract_job_data_managerZQ23stdt4less1ZiZQ23stdt9allocator1ZQ23stdt4pair2ZCiZP25abstract_job_data_managerb0_5_Node
                0x08064734       0x12 manager_of_data_storage.o
                0x08064734                std::_Tree<std::_Tmap_traits<int, abstract_job_data_manager *, std::less<int>, std::allocator<std::pair<int const, abstract_job_data_manager *> >, false> >::_Parent(std::_Tree_nod<std::_Tmap_traits<int, abstract_job_data_manager *, std::less<int>, std::allocator<std::pair<int const, abstract_job_data_manager *> >, false> >::_Node *)
 *fill*         0x08064746        0x2 37008
 .gnu.linkonce.t._Root__Q23stdt5_Tree1ZQ23stdt12_Tmap_traits5ZiZP25abstract_job_data_managerZQ23stdt4less1ZiZQ23stdt9allocator1ZQ23stdt4pair2ZCiZP25abstract_job_data_managerb0
                0x08064748       0x24 manager_of_data_storage.o
                0x08064748                std::_Tree<std::_Tmap_traits<int, abstract_job_data_manager *, std::less<int>, std::allocator<std::pair<int const, abstract_job_data_manager *> >, false> >::_Root(void)
 .gnu.linkonce.t._Isnil__Q23stdt5_Tree1ZQ23stdt12_Tmap_traits5ZiZP25abstract_job_data_managerZQ23stdt4less1ZiZQ23stdt9allocator1ZQ23stdt4pair2ZCiZP25abstract_job_data_managerb0PQ33stdt9_Tree_nod1ZQ23stdt12_Tmap_traits5ZiZP25abstract_job_data_managerZQ23stdt4less1ZiZQ23stdt9allocator1ZQ23stdt4pair2ZCiZP25abstract_job_data_managerb0_5_Node
                0x0806476c       0x12 manager_of_data_storage.o
                0x0806476c                std::_Tree<std::_Tmap_traits<int, abstract_job_data_manager *, std::less<int>, std::allocator<std::pair<int const, abstract_job_data_manager *> >, false> >::_Isnil(std::_Tree_nod<std::_Tmap_traits<int, abstract_job_data_manager *, std::less<int>, std::allocator<std::pair<int const, abstract_job_data_manager *> >, false> >::_Node *)
 *fill*         0x0806477e        0x2 37008
 .gnu.linkonce.t._Kfn__Q23stdt12_Tmap_traits5ZiZP25abstract_job_data_managerZQ23stdt4less1ZiZQ23stdt9allocator1ZQ23stdt4pair2ZCiZP25abstract_job_data_managerb0RCQ23stdt4pair2ZCiZP25abstract_job_data_manager
                0x08064780        0xe manager_of_data_storage.o
                0x08064780                std::_Tmap_traits<int, abstract_job_data_manager *, std::less<int>, std::allocator<std::pair<int const, abstract_job_data_manager *> >, false>::_Kfn(std::pair<int const, abstract_job_data_manager *> const &)
 *fill*         0x0806478e        0x2 37008
 .gnu.linkonce.t._Myval__Q23stdt5_Tree1ZQ23stdt12_Tmap_traits5ZiZP25abstract_job_data_managerZQ23stdt4less1ZiZQ23stdt9allocator1ZQ23stdt4pair2ZCiZP25abstract_job_data_managerb0PQ33stdt9_Tree_nod1ZQ23stdt12_Tmap_traits5ZiZP25abstract_job_data_managerZQ23stdt4less1ZiZQ23stdt9allocator1ZQ23stdt4pair2ZCiZP25abstract_job_data_managerb0_5_Node
                0x08064790       0x12 manager_of_data_storage.o
                0x08064790                std::_Tree<std::_Tmap_traits<int, abstract_job_data_manager *, std::less<int>, std::allocator<std::pair<int const, abstract_job_data_manager *> >, false> >::_Myval(std::_Tree_nod<std::_Tmap_traits<int, abstract_job_data_manager *, std::less<int>, std::allocator<std::pair<int const, abstract_job_data_manager *> >, false> >::_Node *)
 *fill*         0x080647a2        0x2 37008
 .gnu.linkonce.t._Key__Q23stdt5_Tree1ZQ23stdt12_Tmap_traits5ZiZP25abstract_job_data_managerZQ23stdt4less1ZiZQ23stdt9allocator1ZQ23stdt4pair2ZCiZP25abstract_job_data_managerb0PQ33stdt9_Tree_nod1ZQ23stdt12_Tmap_traits5ZiZP25abstract_job_data_managerZQ23stdt4less1ZiZQ23stdt9allocator1ZQ23stdt4pair2ZCiZP25abstract_job_data_managerb0_5_Node
                0x080647a4       0x2e manager_of_data_storage.o
                0x080647a4                std::_Tree<std::_Tmap_traits<int, abstract_job_data_manager *, std::less<int>, std::allocator<std::pair<int const, abstract_job_data_manager *> >, false> >::_Key(std::_Tree_nod<std::_Tmap_traits<int, abstract_job_data_manager *, std::less<int>, std::allocator<std::pair<int const, abstract_job_data_manager *> >, false> >::_Node *)
 *fill*         0x080647d2        0x2 37008
 .gnu.linkonce.t.__cl__CQ23stdt4less1ZiRCiT1
                0x080647d4       0x1c manager_of_data_storage.o
                0x080647d4                std::less<int>::operator()(int const &, int const &) const
 .gnu.linkonce.t._Right__Q23stdt5_Tree1ZQ23stdt12_Tmap_traits5ZiZP25abstract_job_data_managerZQ23stdt4less1ZiZQ23stdt9allocator1ZQ23stdt4pair2ZCiZP25abstract_job_data_managerb0PQ33stdt9_Tree_nod1ZQ23stdt12_Tmap_traits5ZiZP25abstract_job_data_managerZQ23stdt4less1ZiZQ23stdt9allocator1ZQ23stdt4pair2ZCiZP25abstract_job_data_managerb0_5_Node
                0x080647f0       0x12 manager_of_data_storage.o
                0x080647f0                std::_Tree<std::_Tmap_traits<int, abstract_job_data_manager *, std::less<int>, std::allocator<std::pair<int const, abstract_job_data_manager *> >, false> >::_Right(std::_Tree_nod<std::_Tmap_traits<int, abstract_job_data_manager *, std::less<int>, std::allocator<std::pair<int const, abstract_job_data_manager *> >, false> >::_Node *)
 *fill*         0x08064802        0x2 37008
 .gnu.linkonce.t.max_size__CQ23stdt9allocator1ZQ23stdt4pair2ZCiZP25abstract_job_data_manager
                0x08064804       0x24 manager_of_data_storage.o
                0x08064804                std::allocator<std::pair<int const, abstract_job_data_manager *> >::max_size(void) const
 .gnu.linkonce.t.max_size__CQ23stdt5_Tree1ZQ23stdt12_Tmap_traits5ZiZP25abstract_job_data_managerZQ23stdt4less1ZiZQ23stdt9allocator1ZQ23stdt4pair2ZCiZP25abstract_job_data_managerb0
                0x08064828       0x24 manager_of_data_storage.o
                0x08064828                std::_Tree<std::_Tmap_traits<int, abstract_job_data_manager *, std::less<int>, std::allocator<std::pair<int const, abstract_job_data_manager *> >, false> >::max_size(void) const
 .gnu.linkonce.t.__Q23stdt12basic_string3ZcZQ23stdt11char_traits1ZcZQ23stdt9allocator1ZcPCc
                0x0806484c       0x54 manager_of_data_storage.o
                0x0806484c                std::basic_string<char, std::char_traits<char>, std::allocator<char> >::basic_string(char const *)
 .gnu.linkonce.t._Allocate__H1ZQ33stdt9_Tree_nod1ZQ23stdt12_Tmap_traits5ZiZP25abstract_job_data_managerZQ23stdt4less1ZiZQ23stdt9allocator1ZQ23stdt4pair2ZCiZP25abstract_job_data_managerb0_5_Node_3stdUiPX01_PX01