Archive member included       because of file (symbol)

/usr/lib/gcc-lib/ntox86/2.95.2/exceptions/libgcc.a(_cmpdi2.o)
                              escalator.o (__cmpdi2)
/x86/lib/libc.a(slog.o)       system.o (vslogf)

Allocating common symbols
Common symbol       size              file

String type_info node
                    0x8               string.o
Type type_info node
                    0x8               esc_types.o
LogFilter type_info node
                    0x8               filter.o
Log type_info node  0x8               log.o
Net type_info node  0x8               router.o
metro_escalator::images
                    0x48              escalator.o
List<AlertRecord> type_info node
                    0x8               abmain.o
Sound type_info node
                    0x8               sound.o
Map<DictEntry> type_info node
                    0x8               abmain.o
Signal type_info node
                    0x8               esc_types.o
Block type_info node
                    0x8               esc_types.o
Router type_info node
                    0x8               router.o
AlertQueue type_info node
                    0x8               alert.o
Cbuffer_c type_info node
                    0x8               cbuffer.o
List<LogRecord> type_info node
                    0x8               abmain.o

Memory Configuration

Name             Origin             Length             Attributes
*default*        0x00000000         0xffffffff

Linker script and memory map

TARGET(elf32-i386)
LOAD /x86/lib/crt1.o
LOAD /x86/lib/crti.o
LOAD /usr/lib/gcc-lib/ntox86/2.95.2/crtbeginC++.o
LOAD abmain.o
LOAD alert.o
LOAD archive.o
LOAD ctrl_widget.o
LOAD draw.o
LOAD escalator.o
LOAD filter.o
LOAD main.o
LOAD cbuffer.o
LOAD system.o
LOAD line.o
LOAD station.o
LOAD log.o
LOAD goodies.o
LOAD esc_types.o
LOAD string.o
LOAD dictionary.o
LOAD sound.o
LOAD router.o
LOAD /x86/usr/lib/libphexlib.so
LOAD /x86/lib/libsocket.so
LOAD /x86/lib/libasound.so
LOAD /x86/usr/lib/libAp.so
LOAD /x86/usr/lib/libph.so
LOAD /x86/usr/lib/libphrender.so
LOAD /x86/lib/libm.so
LOAD /x86/lib/libcpp.so
LOAD /x86/lib/libm.so
LOAD /usr/lib/gcc-lib/ntox86/2.95.2/exceptions/libgcc.a
LOAD /x86/lib/libc.so
LOAD /x86/lib/libc.a
LOAD /usr/lib/gcc-lib/ntox86/2.95.2/exceptions/libgcc.a
LOAD /usr/lib/gcc-lib/ntox86/2.95.2/crtendC++.o
LOAD /x86/lib/crtn.o
                0x080480f4                .=(0x8048000+SIZEOF_HEADERS)

.interp         0x080480f4       0x14
 *(.interp)
 .interp        0x080480f4       0x14 /usr/lib/gcc-lib/ntox86/2.95.2/crtbeginC++.o

.note0          0x08048108        0x0

.hash           0x08048108      0x4e4
 *(.hash)
 .hash          0x08048108      0x4e4 /usr/lib/gcc-lib/ntox86/2.95.2/crtbeginC++.o

.dynsym         0x080485ec      0xb40
 *(.dynsym)
 .dynsym        0x080485ec      0xb40 /usr/lib/gcc-lib/ntox86/2.95.2/crtbeginC++.o

.dynstr         0x0804912c      0x8cc
 *(.dynstr)
 .dynstr        0x0804912c      0x8cc /usr/lib/gcc-lib/ntox86/2.95.2/crtbeginC++.o

.gnu.version    0x080499f8        0x0
 *(.gnu.version)

.gnu.version_d  0x080499f8        0x0
 *(.gnu.version_d)

.gnu.version_r  0x080499f8        0x0
 *(.gnu.version_r)

.rel.init
 *(.rel.init)

.rela.init
 *(.rela.init)

.rel.text
 *(.rel.text)
 *(.rel.text.*)
 *(.rel.gnu.linkonce.t*)

.rela.text
 *(.rela.text)
 *(.rela.text.*)
 *(.rela.gnu.linkonce.t*)

.rel.fini
 *(.rel.fini)

.rela.fini
 *(.rela.fini)

.rel.rodata
 *(.rel.rodata)
 *(.rel.rodata.*)
 *(.rel.gnu.linkonce.r*)

.rela.rodata
 *(.rela.rodata)
 *(.rela.rodata.*)
 *(.rela.gnu.linkonce.r*)

.rel.data
 *(.rel.data)
 *(.rel.data.*)
 *(.rel.gnu.linkonce.d*)

.rela.data
 *(.rela.data)
 *(.rela.data.*)
 *(.rela.gnu.linkonce.d*)

.rel.ctors
 *(.rel.ctors)

.rela.ctors
 *(.rela.ctors)

.rel.dtors
 *(.rel.dtors)

.rela.dtors
 *(.rela.dtors)

.rel.got        0x080499f8       0x10
 *(.rel.got)
 .rel.got       0x080499f8       0x10 /usr/lib/gcc-lib/ntox86/2.95.2/crtbeginC++.o

.rela.got
 *(.rela.got)

.rel.sdata
 *(.rel.sdata)
 *(.rel.sdata.*)
 *(.rel.gnu.linkonce.s*)

.rela.sdata
 *(.rela.sdata)
 *(.rela.sdata.*)
 *(.rela.gnu.linkonce.s*)

.rel.sbss
 *(.rel.sbss)

.rela.sbss
 *(.rela.sbss)

.rel.bss        0x08049a08       0xc0
 *(.rel.bss)
 .rel.bss       0x08049a08       0xc0 /usr/lib/gcc-lib/ntox86/2.95.2/crtbeginC++.o

.rela.bss
 *(.rela.bss)

.rel.plt        0x08049ac8      0x480
 *(.rel.plt)
 .rel.plt       0x08049ac8      0x480 /usr/lib/gcc-lib/ntox86/2.95.2/crtbeginC++.o

.rela.plt
 *(.rela.plt)

.init           0x08049f48        0xd
 *(.init)
 .init          0x08049f48        0x5 /usr/lib/gcc-lib/ntox86/2.95.2/crtbeginC++.o
 .init          0x08049f4d        0x5 /usr/lib/gcc-lib/ntox86/2.95.2/crtendC++.o
 .init          0x08049f52        0x3 /x86/lib/crtn.o

.plt            0x08049f58      0x910
 *(.plt)
 .plt           0x08049f58      0x910 /usr/lib/gcc-lib/ntox86/2.95.2/crtbeginC++.o
                0x08049f68                strcpy
                0x08049f78                ioctl
                0x08049f88                printf
                0x08049f98                recv
                0x08049fa8                connect
                0x08049fb8                pthread_create
                0x08049fc8                snd_pcm_close
                0x08049fd8                strerror
                0x08049fe8                PtFlush
                0x08049ff8                pthread_attr_init
                0x0804a008                memmove
                0x0804a018                ApLinkWindow
                0x0804a028                timer_create
                0x0804a038                PtSetResources
                0x0804a048                PtGenListRemoveItems
                0x0804a058                PhChannelAttach
                0x0804a068                usleep
                0x0804a078                fscanf
                0x0804a088                fgets
                0x0804a098                snd_pcm_plugin_status
                0x0804a0a8                memcpy
                0x0804a0b8                pthread_cancel
                0x0804a0c8                perror
                0x0804a0d8                snd_pcm_open_preferred
                0x0804a0e8                ApCloseDBase
                0x0804a0f8                ApInitialize
                0x0804a108                malloc
                0x0804a118                sleep
                0x0804a128                vsnprintf
                0x0804a138                strtoul
                0x0804a148                itoa
                0x0804a158                socket
                0x0804a168                select
                0x0804a178                PgSetTextColor
                0x0804a188                __rtti_user
                0x0804a198                _PtSetResource
                0x0804a1a8                PtGetResources
                0x0804a1b8                snd_mixer_close
                0x0804a1c8                send
                0x0804a1d8                PfExtentText
                0x0804a1e8                PtGenListGetCurrent
                0x0804a1f8                MsgSendPulse
                0x0804a208                strrchr
                0x0804a218                snd_pcm_plugin_params
                0x0804a228                __throw
                0x0804a238                write
                0x0804a248                PtExit
                0x0804a258                ConnectDetach
                0x0804a268                strcat
                0x0804a278                PtWindowToFront
                0x0804a288                inet_addr
                0x0804a298                ntohl
                0x0804a2a8                __deregister_frame_info
                0x0804a2b8                PtSetParentWidget
                0x0804a2c8                setsockopt
                0x0804a2d8                fseek
                0x0804a2e8                PtGenListLastItem
                0x0804a2f8                PxTranslateToUTF
                0x0804a308                PgDrawText
                0x0804a318                __get_errno_ptr
                0x0804a328                snd_pcm_plugin_set_disable
                0x0804a338                PgExtentText
                0x0804a348                ApCreateModule
                0x0804a358                read
                0x0804a368                snd_pcm_plugin_setup
                0x0804a378                strncmp
                0x0804a388                ApGetTextRes
                0x0804a398                ApCreateWidget
                0x0804a3a8                strtok
                0x0804a3b8                PtAppAddInput
                0x0804a3c8                ConnectAttach
                0x0804a3d8                sigaction
                0x0804a3e8                PtAlert
                0x0804a3f8                fread
                0x0804a408                snd_mixer_file_descriptor
                0x0804a418                ChannelDestroy
                0x0804a428                std::terminate(void)
                0x0804a438                _init_libc
                0x0804a448                fopen
                0x0804a458                localtime
                0x0804a468                memset
                0x0804a478                ftell
                0x0804a488                fclose
                0x0804a498                ntohs
                0x0804a4a8                inet_ntoa
                0x0804a4b8                ChannelCreate
                0x0804a4c8                time
                0x0804a4d8                MsgSendv
                0x0804a4e8                strcmp
                0x0804a4f8                pthread_mutex_unlock
                0x0804a508                ApGetWidgetPtr
                0x0804a518                ApOpenDBase
                0x0804a528                __builtin_vec_new
                0x0804a538                PtNotice
                0x0804a548                sprintf
                0x0804a558                atexit
                0x0804a568                MsgReceive
                0x0804a578                ApGetImageRes
                0x0804a588                ltoa
                0x0804a598                snd_pcm_plugin_write
                0x0804a5a8                PtRealizeWidget
                0x0804a5b8                pthread_self
                0x0804a5c8                getsockopt
                0x0804a5d8                localtime_r
                0x0804a5e8                strftime
                0x0804a5f8                __builtin_vec_delete
                0x0804a608                stat
                0x0804a618                PtGenListDrawBackground
                0x0804a628                PtCreateWidget
                0x0804a638                fwrite
                0x0804a648                htons
                0x0804a658                pthread_mutex_destroy
                0x0804a668                PtMainLoop
                0x0804a678                pthread_mutex_lock
                0x0804a688                exit
                0x0804a698                pthread_mutex_trylock
                0x0804a6a8                atoi
                0x0804a6b8                PtGenListAddItems
                0x0804a6c8                __builtin_delete
                0x0804a6d8                PtMultiTextModifyText
                0x0804a6e8                _PtGetResource
                0x0804a6f8                __builtin_new
                0x0804a708                PgSetFont
                0x0804a718                pthread_mutex_init
                0x0804a728                strlen
                0x0804a738                open
                0x0804a748                snd_mixer_open
                0x0804a758                __assert
                0x0804a768                abs
                0x0804a778                snd_pcm_plugin_prepare
                0x0804a788                strchr
                0x0804a798                PtListReplaceItemPos
                0x0804a7a8                snd_pcm_plugin_info
                0x0804a7b8                pthread_attr_setdetachstate
                0x0804a7c8                fcntl
                0x0804a7d8                snd_mixer_read
                0x0804a7e8                timer_settime
                0x0804a7f8                __register_frame_info
                0x0804a808                snd_pcm_plugin_flush
                0x0804a818                snd_pcm_file_descriptor
                0x0804a828                close
                0x0804a838                PfGenerateFontName
                0x0804a848                PtListAddItems
                0x0804a858                free

.text           0x0804a868     0xeb8a
                0x0804a868                _btext=.
 *(.text)
 .text          0x0804a868       0x5f /x86/lib/crt1.o
                0x0804a870                _start
 *fill*         0x0804a8c7        0x1 37008
 .text          0x0804a8c8       0xf4 /usr/lib/gcc-lib/ntox86/2.95.2/crtbeginC++.o
 .text          0x0804a9bc       0x6e abmain.o
                0x0804a9bc                main
 *fill*         0x0804aa2a        0x2 37008
 .text          0x0804aa2c      0x656 alert.o
                0x0804ad80                NextAlert(Pt_widget *, ApInfo_t *, Pt_callback_info *)
                0x0804aa2c                AlertQueue::AlertQueue(void)
                0x0804ab30                AlertQueue::AddAlert(char const *)
                0x0804aa90                AlertQueue::~AlertQueue(void)
                0x0804b01c                ActivateAlertBtn(Pt_widget *, ApInfo_t *, Pt_callback_info *)
 *fill*         0x0804b082        0x2 37008
 .text          0x0804b084       0xa2 archive.o
                0x0804b0a8                UnrealizeArchiveWnd(Pt_widget *, ApInfo_t *, Pt_callback_info *)
                0x0804b0c8                LoadArchive(Pt_widget *, ApInfo_t *, Pt_callback_info *)
                0x0804b084                RealizeArchiveWnd(Pt_widget *, ApInfo_t *, Pt_callback_info *)
 *fill*         0x0804b126        0x2 37008
 .text          0x0804b128       0x2e ctrl_widget.o
                0x0804b128                realize_log_wnd(Pt_widget *, ApInfo_t *, Pt_callback_info *)
                0x0804b14c                select_escalator(Pt_widget *, ApInfo_t *, Pt_callback_info *)
 *fill*         0x0804b156        0x2 37008
 .text          0x0804b158      0x580 draw.o
                0x0804b158                draw_log_item(Pt_widget *, Pt_genlist_item *, unsigned int, unsigned int, Ph_rect *)
 .text          0x0804b6d8     0x34de escalator.o
                0x0804b85c                ConfirmDirection(void)
                0x0804df74                metro_escalator::UpdateLeds(void)
                0x0804b928                metro_escalator::~metro_escalator(void)
                0x0804e830                SetupPanel(Pt_widget *, ApInfo_t *, Pt_callback_info *)
                0x0804cc58                SelectEscalatorDirection(Pt_widget *, ApInfo_t *, Pt_callback_info *)
                0x0804d20c                ConnectToServer(unsigned int)
                0x0804db84                metro_escalator::SendTime(void)
                0x0804e57c                RelizeEscalatorPanel(Pt_widget *, ApInfo_t *, Pt_callback_info *)
                0x0804e310                MoveUp(Pt_widget *, ApInfo_t *, Pt_callback_info *)
                0x0804e558                UnrealizeEscalatorPanel(Pt_widget *, ApInfo_t *, Pt_callback_info *)
                0x0804d648                SendBuffer(int, unsigned char *, int, unsigned char *)
                0x0804c180                metro_escalator::SetParam(int, int)
                0x0804e9b0                SetReverseEscalator(Pt_widget *, ApInfo_t *, Pt_callback_info *)
                0x0804d580                IsConnected(int, fd_set *, fd_set *, fd_set *)
                0x0804e4e0                MoveStop(Pt_widget *, ApInfo_t *, Pt_callback_info *)
                0x0804ddac                metro_escalator::GetData(void)
                0x0804c760                metro_escalator::SetState(unsigned long)
                0x0804c3c4                InflateBalloon(Pt_widget *, Pt_widget *, int, char *, char *, unsigned long, unsigned long)
                0x0804b6d8                metro_escalator::metro_escalator(void)
                0x0804e21c                PopupControlMenu(Pt_widget *, ApInfo_t *, Pt_callback_info *)
                0x0804dcdc                metro_escalator::CheckStatus(void)
                0x0804ca74                SetDownDirection(Pt_widget *, ApInfo_t *, Pt_callback_info *)
                0x0804df28                metro_escalator::Start(void)
                0x0804dea0                metro_escalator::ConnectToChannel(int)
                0x0804c3ec                metro_escalator::SetData(void)
                0x0804da88                metro_escalator::SendCommand(unsigned char)
                0x0804e534                OnSaveDirections(Pt_widget *, ApInfo_t *, Pt_callback_info *)
                0x0804eb94                OnChancelDirections(Pt_widget *, ApInfo_t *, Pt_callback_info *)
                0x0804e3f4                MoveDown(Pt_widget *, ApInfo_t *, Pt_callback_info *)
                0x0804c204                SetIndicator(Pt_widget *, char const *, int)
                0x0804c2e4                enable_header(Pt_widget *, int)
                0x0804df00                metro_escalator::DisconnectToChannel(void)
                0x0804bd48                metro_escalator::UpdateEscalator(void)
                0x0804c890                SetUpDirection(Pt_widget *, ApInfo_t *, Pt_callback_info *)
                0x0804b9e0                metro_escalator::CreateWnd(AB_DBASE *, Pt_widget *, int, int)
                0x0804ce9c                Run(void *)
                0x0804e948                DiscardBlocking(Pt_widget *, ApInfo_t *, Pt_callback_info *)
                0x0804c088                metro_escalator::UpdatePanel(int)
 *fill*         0x0804ebb6        0x2 37008
 .text          0x0804ebb8     0x1b9f filter.o
                0x0804ece0                SelectRangeEscalator(Pt_widget *, ApInfo_t *, Pt_callback_info *)
                0x08050680                ResetFilter(Pt_widget *, ApInfo_t *, Pt_callback_info *)
                0x0804ed30                SetLogFilter(Pt_widget *, ApInfo_t *, Pt_callback_info *)
                0x0804fd70                DisableAllTimeRange(Pt_widget *, ApInfo_t *, Pt_callback_info *)
                0x08050384                ActivateRangeEscalator(Pt_widget *, ApInfo_t *, Pt_callback_info *)
                0x0804ff24                SelectFilterStation(Pt_widget *, ApInfo_t *, Pt_callback_info *)
                0x0804ecf0                CreateFilterDlg(Pt_widget *, ApInfo_t *, Pt_callback_info *)
                0x08050674                ShowFilter(Pt_widget *, ApInfo_t *, Pt_callback_info *)
                0x0804f388                RealizeFilterDlg(Pt_widget *, ApInfo_t *, Pt_callback_info *)
                0x0804ec20                FillStationList(void)
                0x0804fbbc                EnableAllTimeRange(Pt_widget *, ApInfo_t *, Pt_callback_info *)
                0x08050598                SelectAllRange(Pt_widget *, ApInfo_t *, Pt_callback_info *)
                0x0804ebec                LogFilter::~LogFilter(void)
                0x0804ecd0                SelectOneEscalator(Pt_widget *, ApInfo_t *, Pt_callback_info *)
                0x08050170                ActivateOneEscalator(Pt_widget *, ApInfo_t *, Pt_callback_info *)
                0x0804ebb8                LogFilter::LogFilter(void)
 *fill*         0x08050757        0x1 37008
 .text          0x08050758     0x2a4a main.o
                0x08052638                Initialize(int, char **)
                0x08051d50                CreateScheme(void)
                0x08050758                SigpipeHandler(int)
                0x0805094c                TimerThread(void *)
                0x080524f4                PulseReceiver(void *, int, void *, unsigned int)
                0x08052e1c                CloseMainWnd(Pt_widget *, ApInfo_t *, Pt_callback_info *)
                0x08050764                PingThread(void *)
                0x08050b24                LoadMap(char const *)
                0x08052c70                Uninitialize(Pt_widget *, ApInfo_t *, Pt_callback_info *)
                0x08052120                ResizeScheme(Pt_widget *, ApInfo_t *, Pt_callback_info *)
                0x08053014                OpenArchive(Pt_widget *, ApInfo_t *, Pt_callback_info *)
                0x08052dac                RealizeMainWnd(Pt_widget *, ApInfo_t *, Pt_callback_info *)
                0x08052e4c                FillEscConfList(Pt_widget *, ApInfo_t *, Pt_callback_info *)
 *fill*         0x080531a2        0x2 37008
 .text          0x080531a4      0x2f9 cbuffer.o
                0x080531a4                Cbuffer_c::Cbuffer_c(int)
                0x08053274                Cbuffer_c::Create(int)
                0x08053204                Cbuffer_c::~Cbuffer_c(void)
                0x080533cc                Cbuffer_c::Get(unsigned char *)
                0x080532f0                Cbuffer_c::Add(unsigned char *, int)
 *fill*         0x0805349d        0x3 37008
 .text          0x080534a0      0x5fa system.o
                0x080534fc                file_size(_Filet *)
                0x08053704                SysMessage(int, char const *,...)
                0x080535f8                translate_string(char const *, char *, PxTransCtrl *)
                0x080536c8                get_widget_scalar(Pt_widget *, long)
                0x080538b0                SaveDirections(char const *)
                0x080534a0                error_msg(char *, int, char const *)
                0x08053838                CRC(unsigned char const *, int)
                0x08053560                extract_string(char const *, char *, char, char)
                0x08053984                LoadDirections(char const *)
 *fill*         0x08053a9a        0x2 37008
 .text          0x08053a9c       0xd9 line.o
                0x08053a9c                metro_line::metro_line(void)
                0x08053b3c                metro_line::~metro_line(void)
 *fill*         0x08053b75        0x3 37008
 .text          0x08053b78      0x333 station.o
                0x08053b78                metro_station::metro_station(void)
                0x08053c50                metro_station::create_wnd(AB_DBASE *, Pt_widget *, int, int, int, int)
                0x08053c0c                metro_station::~metro_station(void)
 *fill*         0x08053eab        0x1 37008
 .text          0x08053eac      0xc97 log.o
                0x08054688                RealizeLogWnd(Pt_widget *, ApInfo_t *, Pt_callback_info *)
                0x08053f24                Log::~Log(void)
                0x080547d0                CheckFilter(LogRecord const *)
                0x08054618                Log::ScrollDown(void)
                0x08054780                Log::Clear(void)
                0x08054a84                Log::AttachWnd(Pt_widget *)
                0x08054b34                Log::DetachWnd(void)
                0x080542dc                Log::Load(char const *)
                0x08053fa4                Log::AddMessage(int, int, int, unsigned int *, unsigned long)
                0x080546ac                Log::FilterLogWnd(void)
                0x08054148                Log::Save(char const *)
                0x08053eac                Log::Log(void)
                0x0805498c                Log::Rotate(void)
                0x08054b24                Log::GetWindow(void)
 *fill*         0x08054b43        0x1 37008
 .text          0x08054b44      0x21e goodies.o
                0x08054b44                ErrorMsg(char const *)
                0x08054bb0                StripSpaces(char *)
                0x08054ca0                CRC16(unsigned char *, int)
 *fill*         0x08054d62        0x2 37008
 .text          0x08054d64     0x1423 esc_types.o
                0x08054dd0                Type::~Type(void)
                0x08055274                Signal::~Signal(void)
                0x0805519c                Signal::CreateLed(Pt_widget *, int, int)
                0x08054d64                Type::Type(void)
                0x08054efc                Block::CreatePanel(Pt_widget *)
                0x080550fc                Signal::Signal(void)
                0x080552d4                FreeEscalatorTypes(void)
                0x08055354                LoadEscalatorLibrary(char const *)
                0x08055044                Block::~Block(void)
                0x08054e8c                Block::Block(void)
 *fill*         0x08056187        0x1 37008
 .text          0x08056188      0x266 string.o
                0x0805620c                String::~String(void)
                0x08056264                String::Set(char const *)
                0x080561a8                String::String(char const *)
                0x0805632c                String::Archive(_Filet *)
                0x08056188                String::String(void)
                0x08056368                String::Load(_Filet *)
                0x080562f0                String::Get(char *, int)
                0x080563dc                String::Length(void)
 *fill*         0x080563ee        0x2 37008
 .text          0x080563f0      0x383 dictionary.o
                0x080563f0                LoadDictionary(char const *)
 *fill*         0x08056773        0x1 37008
 .text          0x08056774      0x992 sound.o
                0x08056774                Sound::Sound(void)
                0x0805682c                Sound::Init(void)
                0x080567a0                Sound::~Sound(void)
                0x08056b20                CheckHdr(_Filet *)
                0x08056a98                FindTag(_Filet *, char const *)
                0x08056bd8                Player(void *)
                0x08056a24                Sound::Play(char *)
 *fill*         0x08057106        0x2 37008
 .text          0x08057108     0x12a2 router.o
                0x080572c8                Router::~Router(void)
                0x08057950                ConnectToServer(unsigned int, int)
                0x08057e1c                Router::Loop(void)
                0x08057d54                Receive(int, unsigned char *, int)
                0x080576f0                Router::LoadRight(char const *)
                0x08057388                Router::CreateTable(int)
                0x08057140                Net::~Net(void)
                0x080572a4                Router::AddRightLeafGate(char *)
                0x08057174                Router::Router(void)
                0x08057108                Net::Net(void)
                0x08057910                Routing(void *)
                0x08057504                Router::LoadLeft(char const *)
                0x080578cc                Router::Start(void)
                0x0805822c                ChangeRoute(in_addr *, in_addr *, int, int)
                0x08057280                Router::AddLeftLeafGate(char *)
 *fill*         0x080583aa        0x2 37008
 .text          0x080583ac       0x35 /usr/lib/gcc-lib/ntox86/2.95.2/exceptions/libgcc.a(_cmpdi2.o)
                0x080583ac                __cmpdi2
 *fill*         0x080583e1        0x3 37008
 .text          0x080583e4      0x27a /x86/lib/libc.a(slog.o)
                0x0805859c                vslogf
                0x080584f4                slogi
                0x080584b0                slogb
                0x08058644                slogf
 *fill*         0x0805865e        0x2 37008
 .text          0x08058660       0x5c /usr/lib/gcc-lib/ntox86/2.95.2/crtendC++.o
 *(.text.*)
 *(.stub)
 *(.gnu.warning)
 *(.gnu.linkonce.t*)
 .gnu.linkonce.t.__tft4List1Z9LogRecord
                0x080586bc       0x2e abmain.o
                0x080586bc                List<LogRecord> type_info function
 *fill*         0x080586ea        0x2 37008
 .gnu.linkonce.t.__tft4List1Z11AlertRecord
                0x080586ec       0x2e abmain.o
                0x080586ec                List<AlertRecord> type_info function
 *fill*         0x0805871a        0x2 37008
 .gnu.linkonce.t.__tft3Map1Z9DictEntry
                0x0805871c       0x2e abmain.o
                0x0805871c                Map<DictEntry> type_info function
 *fill*         0x0805874a        0x2 37008
 .gnu.linkonce.t.__t4List1Z11AlertRecord
                0x0805874c       0x7e alert.o
                0x0805874c                List<AlertRecord>::List(void)
 *fill*         0x080587ca        0x2 37008
 .gnu.linkonce.t._._t4List1Z11AlertRecord
                0x080587cc       0x85 alert.o
                0x080587cc                List<AlertRecord>::~List(void)
 *fill*         0x08058851        0x3 37008
 .gnu.linkonce.t.next__t4List1Z11AlertRecord
                0x08058854       0x29 alert.o
                0x08058854                List<AlertRecord>::next(void)
 *fill*         0x0805887d        0x3 37008
 .gnu.linkonce.t.Push__t4List1Z11AlertRecordP11AlertRecord
                0x08058880      0x11d alert.o
                0x08058880                List<AlertRecord>::Push(AlertRecord *)
 *fill*         0x0805899d        0x3 37008
 .gnu.linkonce.t.Pop__t4List1Z11AlertRecord
                0x080589a0       0x69 alert.o
                0x080589a0                List<AlertRecord>::Pop(void)
 *fill*         0x08058a09        0x3 37008
 .gnu.linkonce.t.__tf10AlertQueue
                0x08058a0c       0x2e alert.o
                0x08058a0c                AlertQueue type_info function
 *fill*         0x08058a3a        0x2 37008
 .gnu.linkonce.t.PtSetArg__FP12Pt_arg_entryUlUlUl
                0x08058a3c       0x21 alert.o
                0x08058a3c                PtSetArg(Pt_arg_entry *, unsigned long, unsigned long, unsigned long)
 *fill*         0x08058a5d        0x3 37008
 .gnu.linkonce.t.first__t4List1Z11AlertRecord
                0x08058a60        0xd alert.o
                0x08058a60                List<AlertRecord>::first(void)
 *fill*         0x08058a6d        0x3 37008
 .gnu.linkonce.t.GetSize__t4List1Z11AlertRecord
                0x08058a70        0xf alert.o
                0x08058a70                List<AlertRecord>::GetSize(void)
 *fill*         0x08058a7f        0x1 37008
 .gnu.linkonce.t.last__t4List1Z11AlertRecord
                0x08058a80       0x12 alert.o
                0x08058a80                List<AlertRecord>::last(void)
 *fill*         0x08058a92        0x2 37008
 .gnu.linkonce.t.PtGenTreeGetCurrent
                0x08058a94       0x41 archive.o
                0x08058a94                PtGenTreeGetCurrent
 *fill*         0x08058ad5        0x3 37008
 .gnu.linkonce.t.GetByKey__t3Map1Z9DictEntryUl
                0x08058ad8       0x75 draw.o
                0x08058ad8                Map<DictEntry>::GetByKey(unsigned long)
 *fill*         0x08058b4d        0x3 37008
 .gnu.linkonce.t.GetID__15metro_escalator
                0x08058b50       0x16 escalator.o
                0x08058b50                metro_escalator::GetID(void)
 *fill*         0x08058b66        0x2 37008
 .gnu.linkonce.t.GetNumber__15metro_escalator
                0x08058b68       0x16 escalator.o
                0x08058b68                metro_escalator::GetNumber(void)
 *fill*         0x08058b7e        0x2 37008
 .gnu.linkonce.t.__tf9LogFilter
                0x08058b80       0x2e filter.o
                0x08058b80                LogFilter type_info function
 *fill*         0x08058bae        0x2 37008
 .gnu.linkonce.t.__t3Map1Z9DictEntry
                0x08058bb0       0x85 main.o
                0x08058bb0                Map<DictEntry>::Map(void)
 *fill*         0x08058c35        0x3 37008
 .gnu.linkonce.t._._t3Map1Z9DictEntry
                0x08058c38       0x9d main.o
                0x08058c38                Map<DictEntry>::~Map(void)
 *fill*         0x08058cd5        0x3 37008
 .gnu.linkonce.t.strchr__3stdPci
                0x08058cd8       0x33 main.o
                0x08058cd8                std::strchr(char *, int)
 *fill*         0x08058d0b        0x1 37008
 .gnu.linkonce.t.__tf9Cbuffer_c
                0x08058d0c       0x2e cbuffer.o
                0x08058d0c                Cbuffer_c type_info function
 *fill*         0x08058d3a        0x2 37008
 .gnu.linkonce.t.strrchr__3stdPci
                0x08058d3c       0x33 system.o
                0x08058d3c                std::strrchr(char *, int)
 *fill*         0x08058d6f        0x1 37008
 .gnu.linkonce.t.__t4List1Z9LogRecord
                0x08058d70       0x7e log.o
                0x08058d70                List<LogRecord>::List(void)
 *fill*         0x08058dee        0x2 37008
 .gnu.linkonce.t._._t4List1Z9LogRecord
                0x08058df0       0x85 log.o
                0x08058df0                List<LogRecord>::~List(void)
 *fill*         0x08058e75        0x3 37008
 .gnu.linkonce.t.Pop__t4List1Z9LogRecord
                0x08058e78       0x69 log.o
                0x08058e78                List<LogRecord>::Pop(void)
 *fill*         0x08058ee1        0x3 37008
 .gnu.linkonce.t.Push__t4List1Z9LogRecordP9LogRecord
                0x08058ee4      0x11d log.o
                0x08058ee4                List<LogRecord>::Push(LogRecord *)
 *fill*         0x08059001        0x3 37008
 .gnu.linkonce.t.next__t4List1Z9LogRecord
                0x08059004       0x29 log.o
                0x08059004                List<LogRecord>::next(void)
 *fill*         0x0805902d        0x3 37008
 .gnu.linkonce.t.__tf3Log
                0x08059030       0x2e log.o
                0x08059030                Log type_info function
 *fill*         0x0805905e        0x2 37008
 .gnu.linkonce.t.__9LogRecord
                0x08059060       0x3f log.o
                0x08059060                LogRecord::LogRecord(void)
 *fill*         0x0805909f        0x1 37008
 .gnu.linkonce.t.first__t4List1Z9LogRecord
                0x080590a0        0xd log.o
                0x080590a0                List<LogRecord>::first(void)
 *fill*         0x080590ad        0x3 37008
 .gnu.linkonce.t.GetSize__t4List1Z9LogRecord
                0x080590b0        0xf log.o
                0x080590b0                List<LogRecord>::GetSize(void)
 *fill*         0x080590bf        0x1 37008
 .gnu.linkonce.t.__tf6Signal
                0x080590c0       0x32 esc_types.o
                0x080590c0                Signal type_info function
 *fill*         0x080590f2        0x2 37008
 .gnu.linkonce.t.__tf5Block
                0x080590f4       0x32 esc_types.o
                0x080590f4                Block type_info function
 *fill*         0x08059126        0x2 37008
 .gnu.linkonce.t.__tf4Type
                0x08059128       0x32 esc_types.o
                0x08059128                Type type_info function
 *fill*         0x0805915a        0x2 37008
 .gnu.linkonce.t.__tf6String
                0x0805915c       0x2e string.o
                0x0805915c                String type_info function
 *fill*         0x0805918a        0x2 37008
 .gnu.linkonce.t.Push__t3Map1Z9DictEntryP9DictEntryUl
                0x0805918c      0x1d8 dictionary.o
                0x0805918c                Map<DictEntry>::Push(DictEntry *, unsigned long)
 .gnu.linkonce.t.__tf5Sound
                0x08059364       0x2e sound.o
                0x08059364                Sound type_info function
 *fill*         0x08059392        0x2 37008
 .gnu.linkonce.t.__tf3Net
                0x08059394       0x2e router.o
                0x08059394                Net type_info function
 *fill*         0x080593c2        0x2 37008
 .gnu.linkonce.t.__tf6Router
                0x080593c4       0x2e router.o
                0x080593c4                Router type_info function
                0x080593f2                _etext=.
                0x080593f2                PROVIDE (etext, .)

.fini           0x080593f2        0x8
 *(.fini)
 .fini          0x080593f2        0x5 /usr/lib/gcc-lib/ntox86/2.95.2/crtbeginC++.o
 .fini          0x080593f7        0x3 /x86/lib/crtn.o

.rodata         0x08059400     0x2efd
 *(.rodata)
 .rodata        0x08059400     0x1464 abmain.o
                0x08059588                ABN_mask_stop
                0x080595a4                ABN_stopMsg
                0x08059518                ABN_Scheme
                0x08059540                ABN_grey_stop
                0x080595e4                ABN_yellow_s_up
                0x0805953c                ABN_green_up
                0x080595c8                ABN_blue_cont_down
                0x08059510                ABN_AlertTime
                0x08059528                ABN_escalator_num
                0x0805962c                ABN_OneEscalatorLabel
                0x08059680                ABN_SignalPanel
                0x080595bc                ABN_block_yellow_led
                0x08059670                ABN_SetEscDownBtn
                0x080595dc                ABN_red_s_down
                0x080596b4                ABN_ArchiveLogCancelBtn
                0x08059664                ABN_EscDirectionList
                0x08059684                ABN_mode_header
                0x0805957c                ABN_yellow_led
                0x08059524                ABN_Arrow
                0x080595f8                ABN_LedBalloon
                0x0805955c                ABN_led_tu
                0x080596c4                ABN_MoveDown
                0x08059668                ABN_SetEscReverseBtn
                0x08059660                ABN_EscConfig
                0x08059674                ABN_EscConfCancel
                0x08059678                ABN_EscConfDone
                0x08059544                ABN_grey_down
                0x0805960c                ABN_AllTimeRangeBtn1
                0x08059568                ABN_red_down
                0x08059694                ABN_PanelTitle
                0x08059690                ABN_ReadyIndicator
                0x0805956c                ABN_yellow_up
                0x080596b0                ABN_ArchiveLogOpenBtn
                0x08059530                ABN_left_scroll_disable
                0x080595cc                ABN_blue_red_up
                0x0805965c                ABN_LogFilterOK
                0x08059640                ABN_RangeEndNumeric
                0x0805951c                ABN_interface
                0x080594e0                ABN_main_wnd
                0x08059554                ABN_blue_up
                0x080594e4                ABN_os_container
                0x08059648                ABN_SysMsgBtn
                0x08059600                ABN_StartMinNumeric
                0x08059638                ABN_RangeStartNumeric
                0x08059620                ABN_StationList
                0x080595b0                ABN_block_blue_led
                0x080596c0                ABN_MoveStop
                0x08059610                ABN_EndMinNumeric
                0x08059598                ABN_log_ok_image
                0x0805968c                ABN_ready_header
                0x0805952c                ABN_blocking
                0x08059538                ABN_station_wnd
                0x08059644                ABN_AllRangeBtn
                0x080595a8                ABN_warnMsg
                0x08059534                ABN_right_scroll_disable
                0x0805959c                ABN_log_net_image
                0x080595ec                ABN_green_down
                0x08059550                ABN_green_stop
                0x080596a8                ABN_ArchiveLog
                0x080595e8                ABN_yellow_s_down
                0x08059624                ABN_OneEscalatorBtn
                0x08059560                ABN_red_up
                0x08059688                ABN_ModeIndicator
                0x080595fc                ABN_LogFilterDlg
                0x080595c0                ABN_grey_off
                0x080595f4                ABN_green_s_down
                0x08059520                ABN_escalator_wnd
                0x080594ec                ABN_log_wnd
                0x080594f0                ABN_toolBar
                0x08059580                ABN_blue_led
                0x08059608                ABN_CalendarStart
                0x08059564                ABN_red_stop
                0x08059654                ABN_LocalMsgBtn
                0x08059548                ABN_led_b
                0x080594d4                ABI_interface
                0x0805954c                ABN_blue_down
                0x0805964c                ABN_AlertMsgBtn
                0x080595d4                ABN_blue_yellow_up
                0x080596b8                ABN_EscalatorMenu
                0x0805950c                ABN_AlertOK
                0x0805961c                ABN_AllTimeRangeBtn2
                0x080595c4                ABN_blue_cont_up
                0x080596ac                ABN_ArchiveLogWnd
                0x080595d0                ABN_blue_red_down
                0x08059614                ABN_EndHourNumeric
                0x08059604                ABN_StartHourNumeric
                0x08059628                ABN_RangeEscalatorBtn
                0x08059570                ABN_yellow_stop
                0x08059630                ABN_OneEscalatorNumeric
                0x08059574                ABN_yellow_down
                0x08059584                ABN_mask_up
                0x08059558                ABN_green_led
                0x080596bc                ABN_MoveUp
                0x080595d8                ABN_blue_yellow_down
                0x080595ac                ABN_block_green_led
                0x080594fc                ABN_ResetFilter
                0x08059578                ABN_red_led
                0x08059590                ABN_cursor
                0x080594d8                ABI_LogFilterDlg
                0x080594e8                ABN_log_status
                0x08059634                ABN_RangeStartLabel
                0x0805966c                ABN_SetEscUpBtn
                0x080595b8                ABN_block_red_led
                0x08059650                ABN_BlockMsgBtn
                0x08059618                ABN_CalendarEnd
                0x0805969c                ABN_ArchiveFiles
                0x08059500                ABN_ArchiveBtn
                0x08059658                ABN_LogFIlterCancel
                0x080595f0                ABN_green_s_up
                0x08059698                ABN_ArchiveDlg
                0x080595a0                ABN_infoMsg
                0x08059594                ABN_log_alert_image
                0x080595b4                ABN_block_grey_led
                0x080596a4                ABN_ArchiveCancelBtn
                0x080595e0                ABN_red_s_up
                0x080594f4                ABN_EscConfigBtn
                0x08059514                ABN_AlertCounter
                0x0805963c                ABN_RangeEndLabel
                0x08059508                ABN_AlertMsg
                0x080596a0                ABN_LoadArchiveBtn
                0x080594f8                ABN_FilterBtn
                0x0805967c                ABN_SignalDlg
                0x0805958c                ABN_mask_down
                0x08059504                ABN_AlertWnd
                0x080594dc                ABI_EscalatorMenu
 .rodata        0x0805a864       0x93 alert.o
 .rodata        0x0805a8f7       0x3b archive.o
 .rodata        0x0805a932       0x3b ctrl_widget.o
 .rodata        0x0805a96d      0x2d4 draw.o
 *fill*         0x0805ac41       0x1f
 .rodata        0x0805ac60      0x672 escalator.o
 *fill*         0x0805b2d2        0xe
 .rodata        0x0805b2e0       0xf7 filter.o
 *fill*         0x0805b3d7        0x9
 .rodata        0x0805b3e0      0x699 main.o
                0x0805b3e0                ApOptions
 .rodata        0x0805ba79        0xb cbuffer.o
 .rodata        0x0805ba84       0x74 system.o
 .rodata        0x0805baf8       0x52 station.o
 *fill*         0x0805bb4a       0x16
 .rodata        0x0805bb60      0x24d log.o
 .rodata        0x0805bdad       0x1e goodies.o
 *fill*         0x0805bdcb       0x15
 .rodata        0x0805bde0      0x10c esc_types.o
 .rodata        0x0805beec        0x8 string.o
 *fill*         0x0805bef4        0xc
 .rodata        0x0805bf00       0xd0 dictionary.o
 .rodata        0x0805bfd0       0x33 sound.o
 *fill*         0x0805c003       0x1d
 .rodata        0x0805c020      0x2d1 router.o
 .rodata        0x0805c2f1        0xc /x86/lib/libc.a(slog.o)
 *(.rodata.*)
 *(.gnu.linkonce.r*)

.rodata1
 *(.rodata1)
                0x0805d2fd                .=(ALIGN(0x1000)+(.&0xfff))

.data           0x0805d300      0x808
 *(.data)
 .data          0x0805d300        0x8 /usr/lib/gcc-lib/ntox86/2.95.2/crtbeginC++.o
 *fill*         0x0805d308       0x18
 .data          0x0805d320      0x280 abmain.o
                0x0805d498                ArchiveLog
                0x0805d320                AbInternalLinks
                0x0805d540                EscalatorMenu
                0x0805d450                EscConfig
                0x0805d424                interface
                0x0805d438                LogFilterDlg
                0x0805d468                SignalDlg
                0x0805d580                AbContext
                0x0805d410                main_wnd
                0x0805d480                ArchiveDlg
 .data          0x0805d5a0      0x130 draw.o
                0x0805d5a0                blockingNames
 *fill*         0x0805d6d0       0x10
 .data          0x0805d6e0       0x70 escalator.o
                0x0805d744                control
                0x0805d6f0                g_selectDirection
                0x0805d740                curEscalator
                0x0805d6e4                sendMutex
                0x0805d704                mode_text
                0x0805d6f8                metro_escalator::paneled
                0x0805d6fc                metro_escalator::reference
                0x0805d720                ready_text
                0x0805d700                metro_escalator::init_images
                0x0805d6ec                g_selectedEscalator
                0x0805d6f4                g_paneledEsc
                0x0805d6e0                metro_escalator::panel
 .data          0x0805d750       0x48 main.o
                0x0805d770                g_msgDialogFont
                0x0805d754                g_stations
                0x0805d758                g_escalators
                0x0805d78c                g_rightGate
                0x0805d75c                g_lineNum
                0x0805d780                g_leftGate
                0x0805d76c                g_escTypeNum
                0x0805d764                g_escalatorNum
                0x0805d778                g_debugFile
                0x0805d77c                escal_count
                0x0805d768                g_escTypes
                0x0805d750                g_lines
                0x0805d774                g_chanID
                0x0805d760                g_stationNum
 *fill*         0x0805d798        0x8
 .data          0x0805d7a0      0x200 system.o
                0x0805d7a0                g_CRCHi
                0x0805d8a0                g_CRCLo
 .data          0x0805d9a0        0x4 station.o
                0x0805d9a0                metro_station::reference
 .data          0x0805d9a4        0x8 sound.o
                0x0805d9a4                RiffId
                0x0805d9a8                WaveId
 .data          0x0805d9ac        0x8 router.o
                0x0805d9ac                activeHost
                0x0805d9b0                breakLine
 .data          0x0805d9b4        0x4 /x86/lib/libc.a(slog.o)
                0x0805d9b4                _slogfd
 *(.data.*)
 *(.gnu.linkonce.d*)
 .gnu.linkonce.d._vt.10AlertQueue
                0x0805d9b8       0x18 alert.o
                0x0805d9b8                AlertQueue virtual table
 .gnu.linkonce.d._vt.t4List1Z11AlertRecord
                0x0805d9d0       0x18 alert.o
                0x0805d9d0                List<AlertRecord> virtual table
 .gnu.linkonce.d._vt.9LogFilter
                0x0805d9e8       0x18 filter.o
                0x0805d9e8                LogFilter virtual table
 .gnu.linkonce.d._vt.t3Map1Z9DictEntry
                0x0805da00       0x18 main.o
                0x0805da00                Map<DictEntry> virtual table
 .gnu.linkonce.d._vt.9Cbuffer_c
                0x0805da18       0x18 cbuffer.o
                0x0805da18                Cbuffer_c virtual table
 .gnu.linkonce.d._vt.3Log
                0x0805da30       0x18 log.o
                0x0805da30                Log virtual table
 .gnu.linkonce.d._vt.t4List1Z9LogRecord
                0x0805da48       0x18 log.o
                0x0805da48                List<LogRecord> virtual table
 .gnu.linkonce.d._vt.4Type
                0x0805da60       0x18 esc_types.o
                0x0805da60                Type virtual table
 .gnu.linkonce.d._vt.5Block
                0x0805da78       0x18 esc_types.o
                0x0805da78                Block virtual table
 .gnu.linkonce.d._vt.6Signal
                0x0805da90       0x18 esc_types.o
                0x0805da90                Signal virtual table
 .gnu.linkonce.d._vt.6String
                0x0805daa8       0x18 string.o
                0x0805daa8                String virtual table
 .gnu.linkonce.d._vt.5Sound
                0x0805dac0       0x18 sound.o
                0x0805dac0                Sound virtual table
 .gnu.linkonce.d._vt.6Router
                0x0805dad8       0x18 router.o
                0x0805dad8                Router virtual table
 .gnu.linkonce.d._vt.3Net
                0x0805daf0       0x18 router.o
                0x0805daf0                Net virtual table

.data1
 *(.data1)

.eh_frame       0x0805db08     0x2198
 *(.eh_frame)
 .eh_frame      0x0805db08       0x8c abmain.o
 .eh_frame      0x0805db94      0x244 alert.o
 .eh_frame      0x0805ddd8       0xdc archive.o
 .eh_frame      0x0805deb4       0x9c ctrl_widget.o
 .eh_frame      0x0805df50       0xc0 draw.o
 .eh_frame      0x0805e010      0x5fc escalator.o
 .eh_frame      0x0805e60c      0x26c filter.o
 .eh_frame      0x0805e878      0x398 main.o
 .eh_frame      0x0805ec10       0xd8 cbuffer.o
 .eh_frame      0x0805ece8      0x1d0 system.o
 .eh_frame      0x0805eeb8       0x60 line.o
 .eh_frame      0x0805ef18      0x100 station.o
 .eh_frame      0x0805f018      0x380 log.o
 .eh_frame      0x0805f398       0x6c goodies.o
 .eh_frame      0x0805f404      0x280 esc_types.o
 .eh_frame      0x0805f684      0x12c string.o
 .eh_frame      0x0805f7b0       0xb0 dictionary.o
 .eh_frame      0x0805f860      0x10c sound.o
 .eh_frame      0x0805f96c      0x2fc router.o
 .eh_frame      0x0805fc68       0x34 /usr/lib/gcc-lib/ntox86/2.95.2/exceptions/libgcc.a(_cmpdi2.o)
 .eh_frame      0x0805fc9c        0x4 /usr/lib/gcc-lib/ntox86/2.95.2/crtendC++.o

.gcc_except_table
                0x0805fca0      0x450
 *(.gcc_except_table)
 .gcc_except_table
                0x0805fca0       0xe6 alert.o
 *fill*         0x0805fd86        0x2
 .gcc_except_table
                0x0805fd88       0x48 escalator.o
 .gcc_except_table
                0x0805fdd0       0x78 main.o
 .gcc_except_table
                0x0805fe48       0x20 line.o
 .gcc_except_table
                0x0805fe68       0x3c station.o
 .gcc_except_table
                0x0805fea4       0xe2 log.o
 *fill*         0x0805ff86        0x2
 .gcc_except_table
                0x0805ff88       0xcc esc_types.o
 .gcc_except_table
                0x08060054       0x9c router.o

.ctors          0x080600f0        0xc
 *crtbegin.o(.ctors)
 EXCLUDE_FILE ( *crtend.o)*(.ctors)
 .ctors         0x080600f0        0x4 /usr/lib/gcc-lib/ntox86/2.95.2/crtbeginC++.o
 .ctors         0x080600f4        0x4 main.o
 .ctors         0x080600f8        0x4 /usr/lib/gcc-lib/ntox86/2.95.2/crtendC++.o
 *(SORT(.ctors.*))
 *(.ctors)

.dtors          0x080600fc        0xc
 *crtbegin.o(.dtors)
 EXCLUDE_FILE ( *crtend.o)*(.dtors)
 .dtors         0x080600fc        0x4 /usr/lib/gcc-lib/ntox86/2.95.2/crtbeginC++.o
 .dtors         0x08060100        0x4 main.o
 .dtors         0x08060104        0x4 /usr/lib/gcc-lib/ntox86/2.95.2/crtendC++.o
 *(SORT(.dtors.*))
 *(.dtors)

.got            0x08060108      0x254
 *(.got.plt)
 .got.plt       0x08060108      0x24c /usr/lib/gcc-lib/ntox86/2.95.2/crtbeginC++.o
                0x08060108                _GLOBAL_OFFSET_TABLE_
 *(.got)
 .got           0x08060354        0x8 /usr/lib/gcc-lib/ntox86/2.95.2/crtbeginC++.o

.dynamic        0x0806035c       0xc8
 *(.dynamic)
 .dynamic       0x0806035c       0xc8 /usr/lib/gcc-lib/ntox86/2.95.2/crtbeginC++.o
                0x0806035c                _DYNAMIC

.sdata
 *(.sdata)
 *(.sdata.*)
 *(.gnu.linkonce.s.*)
                0x08060424                _edata=.
                0x08060424                PROVIDE (edata, .)
                0x08060424                __bss_start=.

.sbss
 *(.dynsbss)
 *(.sbss)
 *(.sbss.*)
 *(.scommon)

.bss            0x08060440     0x1458
 *(.dynbss)
 .dynbss        0x08060440       0xa4 /usr/lib/gcc-lib/ntox86/2.95.2/crtbeginC++.o
                0x08060440                PtFileSel
                0x08060444                errno
                0x08060448                PtButton
                0x0806044c                _syspage_ptr
                0x08060450                PtDivider
                0x08060454                PtMenu
                0x08060458                PtPolygon
                0x0806045c                PtGroup
                0x08060460                PtNumericInteger
                0x08060464                PtSeparator
                0x08060468                PtRect
                0x0806046c                PtToggleButton
                0x08060470                PtClock
                0x08060474                PtRawList
                0x08060478                PtPane
                0x0806047c                PtCalendar
                0x08060480                PtList
                0x08060484                PtLabel
                0x08060488                PtMultiText
                0x0806048c                PtComboBox
                0x08060490                PtOSContainer
                0x08060494                PtWindow
                0x08060498                _Ap_
                0x080604e0                PtPanelGroup
 *(.bss)
 .bss           0x080604e4       0x18 /usr/lib/gcc-lib/ntox86/2.95.2/crtbeginC++.o
 *fill*         0x080604fc        0x4
 .bss           0x08060500      0x1d8 abmain.o
                0x08060500                AbWidgets
 .bss           0x080606d8        0x8 escalator.o
                0x080606dc                ledRowCount
                0x080606d8                led_count
 .bss           0x080606e0     0x10f0 main.o
                0x080613c0                escal
                0x080606e0                mainLog
                0x080607c0                g_sound
                0x080617cc                SigpipeCount
                0x08061320                g_router
                0x08061380                g_alertQueue
                0x080617c4                pingTID
                0x080607a0                g_msgDictionary
                0x08060740                g_archiveLog
                0x08061360                g_logFilter
                0x080617c8                timerTID
                0x080617c0                test_led
                0x080613a4                widget_dbase
                0x080613a8                translate_set
                0x080613ac                cfg_file
 *(.bss.*)
 *(COMMON)
 COMMON         0x080617d0       0x18 abmain.o
                                  0x0 (size before relaxing)
                0x080617d0                List<AlertRecord> type_info node
                0x080617d8                Map<DictEntry> type_info node
                0x080617e0                List<LogRecord> type_info node
 COMMON         0x080617e8        0x8 alert.o
                                  0x0 (size before relaxing)
                0x080617e8                AlertQueue type_info node
 *fill*         0x080617f0       0x10
 COMMON         0x08061800       0x48 escalator.o
                                  0x0 (size before relaxing)
                0x08061800                metro_escalator::images
 COMMON         0x08061848        0x8 filter.o
                                  0x0 (size before relaxing)
                0x08061848                LogFilter type_info node
 COMMON         0x08061850        0x8 cbuffer.o
                                  0x0 (size before relaxing)
                0x08061850                Cbuffer_c type_info node
 COMMON         0x08061858        0x8 log.o
                                  0x0 (size before relaxing)
                0x08061858                Log type_info node
 COMMON         0x08061860       0x18 esc_types.o
                                  0x0 (size before relaxing)
                0x08061860                Type type_info node
                0x08061868                Signal type_info node
                0x08061870                Block type_info node
 COMMON         0x08061878        0x8 string.o
                                  0x0 (size before relaxing)
                0x08061878                String type_info node
 COMMON         0x08061880        0x8 sound.o
                                  0x0 (size before relaxing)
                0x08061880                Sound type_info node
 COMMON         0x08061888       0x10 router.o
                                  0x0 (size before relaxing)
                0x08061888                Net type_info node
                0x08061890                Router type_info node
                0x08061898                .=ALIGN(0x4)
                0x08061898                .=ALIGN(0x4)
                0x08061898                _end=.
                0x08061898                PROVIDE (end, .)

.stab
 *(.stab)

.stabstr
 *(.stabstr)

.stab.excl
 *(.stab.excl)

.stab.exclstr
 *(.stab.exclstr)

.stab.index
 *(.stab.index)

.stab.indexstr
 *(.stab.indexstr)

.comment        0x00000000      0x36a
 *(.comment)
 .comment       0x00000000       0x26 /usr/lib/gcc-lib/ntox86/2.95.2/crtbeginC++.o
 .comment       0x00000026       0x26 abmain.o
 .comment       0x0000004c       0x26 alert.o
 .comment       0x00000072       0x26 archive.o
 .comment       0x00000098       0x26 ctrl_widget.o
 .comment       0x000000be       0x26 draw.o
 .comment       0x000000e4       0x26 escalator.o
 .comment       0x0000010a       0x26 filter.o
 .comment       0x00000130       0x26 main.o
 .comment       0x00000156       0x26 cbuffer.o
 .comment       0x0000017c       0x26 system.o
 .comment       0x000001a2       0x26 line.o
 .comment       0x000001c8       0x26 station.o
 .comment       0x000001ee       0x26 log.o
 .comment       0x00000214       0x26 goodies.o
 .comment       0x0000023a       0x26 esc_types.o
 .comment       0x00000260       0x26 string.o
 .comment       0x00000286       0x26 dictionary.o
 .comment       0x000002ac       0x26 sound.o
 .comment       0x000002d2       0x26 router.o
 .comment       0x000002f8       0x26 /usr/lib/gcc-lib/ntox86/2.95.2/exceptions/libgcc.a(_cmpdi2.o)
 .comment       0x0000031e       0x26 /x86/lib/libc.a(slog.o)
 .comment       0x00000344       0x26 /usr/lib/gcc-lib/ntox86/2.95.2/crtendC++.o

.debug          0x00000000   0x48cae0
 *(.debug)
 .debug         0x00000000    0x4e0d4 abmain.o
 .debug         0x0004e0d4    0x4ce50 alert.o
 .debug         0x0009af24    0x4c4b4 archive.o
 .debug         0x000e73d8    0x4c2f8 ctrl_widget.o
 .debug         0x001336d0    0x4cb88 draw.o
 .debug         0x00180258    0x4f5f8 escalator.o
 .debug         0x001cf850    0x4d820 filter.o
 .debug         0x0021d070    0x4e52c main.o
 .debug         0x0026b59c     0x197c cbuffer.o
 .debug         0x0026cf18    0x4cd70 system.o
 .debug         0x002b9c88    0x3ef2c line.o
 .debug         0x002f8bb4    0x4c618 station.o
 .debug         0x003451cc    0x4da74 log.o
 .debug         0x00392c40     0x1ea0 goodies.o
 .debug         0x00394ae0    0x4cd64 esc_types.o
 .debug         0x003e1844     0x3274 string.o
 .debug         0x003e4ab8    0x4c9bc dictionary.o
 .debug         0x00431474     0xe3ac sound.o
 .debug         0x0043f820    0x4d158 router.o
 .debug         0x0048c978      0x168 /usr/lib/gcc-lib/ntox86/2.95.2/exceptions/libgcc.a(_cmpdi2.o)

.line           0x00000000     0x6b00
 *(.line)
 .line          0x00000000       0x76 abmain.o
 .line          0x00000076      0x328 alert.o
 .line          0x0000039e       0xc6 archive.o
 .line          0x00000464       0x6c ctrl_widget.o
 .line          0x000004d0      0x21a draw.o
 .line          0x000006ea     0x1d54 escalator.o
 .line          0x0000243e      0xbb6 filter.o
 .line          0x00002ff4      0xe72 main.o
 .line          0x00003e66      0x274 cbuffer.o
 .line          0x000040da      0x45e system.o
 .line          0x00004538       0xa8 line.o
 .line          0x000045e0      0x1a2 station.o
 .line          0x00004782      0x7b0 log.o
 .line          0x00004f32      0x1de goodies.o
 .line          0x00005110      0x526 esc_types.o
 .line          0x00005636      0x26a string.o
 .line          0x000058a0      0x1e8 dictionary.o
 .line          0x00005a88      0x56c sound.o
 .line          0x00005ff4      0xb0c router.o

.debug_srcinfo  0x00000000      0x2c4
 *(.debug_srcinfo)
 .debug_srcinfo
                0x00000000       0x24 abmain.o
 .debug_srcinfo
                0x00000024       0x24 alert.o
 .debug_srcinfo
                0x00000048       0x24 archive.o
 .debug_srcinfo
                0x0000006c       0x24 ctrl_widget.o
 .debug_srcinfo
                0x00000090       0x24 draw.o
 .debug_srcinfo
                0x000000b4       0x24 escalator.o
 .debug_srcinfo
                0x000000d8       0x24 filter.o
 .debug_srcinfo
                0x000000fc       0x2c main.o
 .debug_srcinfo
                0x00000128       0x24 cbuffer.o
 .debug_srcinfo
                0x0000014c       0x24 system.o
 .debug_srcinfo
                0x00000170       0x24 line.o
 .debug_srcinfo
                0x00000194       0x24 station.o
 .debug_srcinfo
                0x000001b8       0x2c log.o
 .debug_srcinfo
                0x000001e4       0x24 goodies.o
 .debug_srcinfo
                0x00000208       0x24 esc_types.o
 .debug_srcinfo
                0x0000022c       0x2c string.o
 .debug_srcinfo
                0x00000258       0x24 dictionary.o
 .debug_srcinfo
                0x0000027c       0x24 sound.o
 .debug_srcinfo
                0x000002a0       0x24 router.o

.debug_sfnames  0x00000000      0x4c2
 *(.debug_sfnames)
 .debug_sfnames
                0x00000000       0x3d abmain.o
 .debug_sfnames
                0x0000003d       0x3d alert.o
 .debug_sfnames
                0x0000007a       0x3f archive.o
 .debug_sfnames
                0x000000b9       0x43 ctrl_widget.o
 .debug_sfnames
                0x000000fc       0x3c draw.o
 .debug_sfnames
                0x00000138       0x41 escalator.o
 .debug_sfnames
                0x00000179       0x3e filter.o
 .debug_sfnames
                0x000001b7       0x48 main.o
 .debug_sfnames
                0x000001ff       0x3f cbuffer.o
 .debug_sfnames
                0x0000023e       0x3e system.o
 .debug_sfnames
                0x0000027c       0x3c line.o
 .debug_sfnames
                0x000002b8       0x3f station.o
 .debug_sfnames
                0x000002f7       0x44 log.o
 .debug_sfnames
                0x0000033b       0x3f goodies.o
 .debug_sfnames
                0x0000037a       0x41 esc_types.o
 .debug_sfnames
                0x000003bb       0x4a string.o
 .debug_sfnames
                0x00000405       0x42 dictionary.o
 .debug_sfnames
                0x00000447       0x3d sound.o
 .debug_sfnames
                0x00000484       0x3e router.o

.debug_aranges  0x00000000      0x544
 *(.debug_aranges)
 .debug_aranges
                0x00000000       0x4c abmain.o
 .debug_aranges
                0x0000004c       0x4c alert.o
 .debug_aranges
                0x00000098       0x44 archive.o
 .debug_aranges
                0x000000dc       0x44 ctrl_widget.o
 .debug_aranges
                0x00000120       0x44 draw.o
 .debug_aranges
                0x00000164       0x54 escalator.o
 .debug_aranges
                0x000001b8       0x4c filter.o
 .debug_aranges
                0x00000204       0x84 main.o
 .debug_aranges
                0x00000288       0x34 cbuffer.o
 .debug_aranges
                0x000002bc       0x44 system.o
 .debug_aranges
                0x00000300       0x2c line.o
 .debug_aranges
                0x0000032c       0x44 station.o
 .debug_aranges
                0x00000370       0x4c log.o
 .debug_aranges
                0x000003bc       0x2c goodies.o
 .debug_aranges
                0x000003e8       0x5c esc_types.o
 .debug_aranges
                0x00000444       0x34 string.o
 .debug_aranges
                0x00000478       0x44 dictionary.o
 .debug_aranges
                0x000004bc       0x34 sound.o
 .debug_aranges
                0x000004f0       0x54 router.o

.debug_pubnames
                0x00000000     0x239e
 *(.debug_pubnames)
 .debug_pubnames
                0x00000000      0xb4a abmain.o
 .debug_pubnames
                0x00000b4a      0x17f alert.o
 .debug_pubnames
                0x00000cc9      0x105 archive.o
 .debug_pubnames
                0x00000dce       0xd8 ctrl_widget.o
 .debug_pubnames
                0x00000ea6       0xe0 draw.o
 .debug_pubnames
                0x00000f86      0x41a escalator.o
 .debug_pubnames
                0x000013a0      0x229 filter.o
 .debug_pubnames
                0x000015c9      0x387 main.o
 .debug_pubnames
                0x00001950       0x66 cbuffer.o
 .debug_pubnames
                0x000019b6      0x182 system.o
 .debug_pubnames
                0x00001b38       0x27 line.o
 .debug_pubnames
                0x00001b5f       0xef station.o
 .debug_pubnames
                0x00001c4e      0x1d8 log.o
 .debug_pubnames
                0x00001e26       0x30 goodies.o
 .debug_pubnames
                0x00001e56      0x1a0 esc_types.o
 .debug_pubnames
                0x00001ff6       0x7a string.o
 .debug_pubnames
                0x00002070       0xcb dictionary.o
 .debug_pubnames
                0x0000213b       0x87 sound.o
 .debug_pubnames
                0x000021c2      0x1cf router.o
 .debug_pubnames
                0x00002391        0xd /usr/lib/gcc-lib/ntox86/2.95.2/exceptions/libgcc.a(_cmpdi2.o)

.debug_info
 *(.debug_info)

.debug_abbrev
 *(.debug_abbrev)

.debug_line
 *(.debug_line)

.debug_frame
 *(.debug_frame)

.debug_str
 *(.debug_str)

.debug_loc
 *(.debug_loc)

.debug_macinfo
 *(.debug_macinfo)

.debug_weaknames
 *(.debug_weaknames)

.debug_funcnames
 *(.debug_funcnames)

.debug_typenames
 *(.debug_typenames)

.debug_varnames
 *(.debug_varnames)
OUTPUT(spider elf32-i386)

.note           0x00000000      0x1cc
 .note          0x00000000       0x14 /usr/lib/gcc-lib/ntox86/2.95.2/crtbeginC++.o
 .note          0x00000014       0x14 abmain.o
 .note          0x00000028       0x14 alert.o
 .note          0x0000003c       0x14 archive.o
 .note          0x00000050       0x14 ctrl_widget.o
 .note          0x00000064       0x14 draw.o
 .note          0x00000078       0x14 escalator.o
 .note          0x0000008c       0x14 filter.o
 .note          0x000000a0       0x14 main.o
 .note          0x000000b4       0x14 cbuffer.o
 .note          0x000000c8       0x14 system.o
 .note          0x000000dc       0x14 line.o
 .note          0x000000f0       0x14 station.o
 .note          0x00000104       0x14 log.o
 .note          0x00000118       0x14 goodies.o
 .note          0x0000012c       0x14 esc_types.o
 .note          0x00000140       0x14 string.o
 .note          0x00000154       0x14 dictionary.o
 .note          0x00000168       0x14 sound.o
 .note          0x0000017c       0x14 router.o
 .note          0x00000190       0x14 /usr/lib/gcc-lib/ntox86/2.95.2/exceptions/libgcc.a(_cmpdi2.o)
 .note          0x000001a4       0x14 /x86/lib/libc.a(slog.o)
 .note          0x000001b8       0x14 /usr/lib/gcc-lib/ntox86/2.95.2/crtendC++.o
