Archive member included       because of file (symbol)

/usr/lib/gcc-lib/ntox86/2.95.2/exceptions/libgcc.a(_cmpdi2.o)
                              escalator.o (__cmpdi2)
/x86/lib/libc.a(slog.o)       system.o (vslogf)

Allocating common symbols
Common symbol       size              file

String type_info node
                    0x8               string.o
Type type_info node
                    0x8               esc_types.o
LogFilter type_info node
                    0x8               filter.o
Log type_info node  0x8               log.o
Net type_info node  0x8               router.o
metro_escalator::images
                    0x48              escalator.o
List<AlertRecord> type_info node
                    0x8               abmain.o
Sound type_info node
                    0x8               sound.o
Map<DictEntry> type_info node
                    0x8               abmain.o
Signal type_info node
                    0x8               esc_types.o
Block type_info node
                    0x8               esc_types.o
Router type_info node
                    0x8               router.o
AlertQueue type_info node
                    0x8               alert.o
Cbuffer_c type_info node
                    0x8               cbuffer.o
List<LogRecord> type_info node
                    0x8               abmain.o

Memory Configuration

Name             Origin             Length             Attributes
*default*        0x00000000         0xffffffff

Linker script and memory map

TARGET(elf32-i386)
LOAD /x86/lib/crt1.o
LOAD /x86/lib/crti.o
LOAD /usr/lib/gcc-lib/ntox86/2.95.2/crtbeginC++.o
LOAD abmain.o
LOAD alert.o
LOAD archive.o
LOAD ctrl_widget.o
LOAD draw.o
LOAD escalator.o
LOAD filter.o
LOAD main.o
LOAD cbuffer.o
LOAD system.o
LOAD line.o
LOAD station.o
LOAD log.o
LOAD goodies.o
LOAD esc_types.o
LOAD string.o
LOAD dictionary.o
LOAD sound.o
LOAD router.o
LOAD /x86/usr/lib/libphexlib.so
LOAD /x86/lib/libsocket.so
LOAD /x86/lib/libasound.so
LOAD /x86/usr/lib/libAp.so
LOAD /x86/usr/lib/libph.so
LOAD /x86/usr/lib/libphrender.so
LOAD /x86/lib/libm.so
LOAD /x86/lib/libcpp.so
LOAD /x86/lib/libm.so
LOAD /usr/lib/gcc-lib/ntox86/2.95.2/exceptions/libgcc.a
LOAD /x86/lib/libc.so
LOAD /x86/lib/libc.a
LOAD /usr/lib/gcc-lib/ntox86/2.95.2/exceptions/libgcc.a
LOAD /usr/lib/gcc-lib/ntox86/2.95.2/crtendC++.o
LOAD /x86/lib/crtn.o
                0x080480f4                .=(0x8048000+SIZEOF_HEADERS)

.interp         0x080480f4       0x14
 *(.interp)
 .interp        0x080480f4       0x14 /usr/lib/gcc-lib/ntox86/2.95.2/crtbeginC++.o

.note0          0x08048108        0x0

.hash           0x08048108      0x4e8
 *(.hash)
 .hash          0x08048108      0x4e8 /usr/lib/gcc-lib/ntox86/2.95.2/crtbeginC++.o

.dynsym         0x080485f0      0xb50
 *(.dynsym)
 .dynsym        0x080485f0      0xb50 /usr/lib/gcc-lib/ntox86/2.95.2/crtbeginC++.o

.dynstr         0x08049140      0x8dc
 *(.dynstr)
 .dynstr        0x08049140      0x8dc /usr/lib/gcc-lib/ntox86/2.95.2/crtbeginC++.o

.gnu.version    0x08049a1c        0x0
 *(.gnu.version)

.gnu.version_d  0x08049a1c        0x0
 *(.gnu.version_d)

.gnu.version_r  0x08049a1c        0x0
 *(.gnu.version_r)

.rel.init
 *(.rel.init)

.rela.init
 *(.rela.init)

.rel.text
 *(.rel.text)
 *(.rel.text.*)
 *(.rel.gnu.linkonce.t*)

.rela.text
 *(.rela.text)
 *(.rela.text.*)
 *(.rela.gnu.linkonce.t*)

.rel.fini
 *(.rel.fini)

.rela.fini
 *(.rela.fini)

.rel.rodata
 *(.rel.rodata)
 *(.rel.rodata.*)
 *(.rel.gnu.linkonce.r*)

.rela.rodata
 *(.rela.rodata)
 *(.rela.rodata.*)
 *(.rela.gnu.linkonce.r*)

.rel.data
 *(.rel.data)
 *(.rel.data.*)
 *(.rel.gnu.linkonce.d*)

.rela.data
 *(.rela.data)
 *(.rela.data.*)
 *(.rela.gnu.linkonce.d*)

.rel.ctors
 *(.rel.ctors)

.rela.ctors
 *(.rela.ctors)

.rel.dtors
 *(.rel.dtors)

.rela.dtors
 *(.rela.dtors)

.rel.got        0x08049a1c       0x10
 *(.rel.got)
 .rel.got       0x08049a1c       0x10 /usr/lib/gcc-lib/ntox86/2.95.2/crtbeginC++.o

.rela.got
 *(.rela.got)

.rel.sdata
 *(.rel.sdata)
 *(.rel.sdata.*)
 *(.rel.gnu.linkonce.s*)

.rela.sdata
 *(.rela.sdata)
 *(.rela.sdata.*)
 *(.rela.gnu.linkonce.s*)

.rel.sbss
 *(.rel.sbss)

.rela.sbss
 *(.rela.sbss)

.rel.bss        0x08049a2c       0xc0
 *(.rel.bss)
 .rel.bss       0x08049a2c       0xc0 /usr/lib/gcc-lib/ntox86/2.95.2/crtbeginC++.o

.rela.bss
 *(.rela.bss)

.rel.plt        0x08049aec      0x488
 *(.rel.plt)
 .rel.plt       0x08049aec      0x488 /usr/lib/gcc-lib/ntox86/2.95.2/crtbeginC++.o

.rela.plt
 *(.rela.plt)

.init           0x08049f74        0xd
 *(.init)
 .init          0x08049f74        0x5 /usr/lib/gcc-lib/ntox86/2.95.2/crtbeginC++.o
 .init          0x08049f79        0x5 /usr/lib/gcc-lib/ntox86/2.95.2/crtendC++.o
 .init          0x08049f7e        0x3 /x86/lib/crtn.o

.plt            0x08049f84      0x920
 *(.plt)
 .plt           0x08049f84      0x920 /usr/lib/gcc-lib/ntox86/2.95.2/crtbeginC++.o
                0x08049f94                strcpy
                0x08049fa4                ioctl
                0x08049fb4                printf
                0x08049fc4                recv
                0x08049fd4                connect
                0x08049fe4                pthread_create
                0x08049ff4                snd_pcm_close
                0x0804a004                strerror
                0x0804a014                PtFlush
                0x0804a024                pthread_attr_init
                0x0804a034                memmove
                0x0804a044                ApLinkWindow
                0x0804a054                timer_create
                0x0804a064                PtSetResources
                0x0804a074                PtGenListRemoveItems
                0x0804a084                PhChannelAttach
                0x0804a094                usleep
                0x0804a0a4                fscanf
                0x0804a0b4                fgets
                0x0804a0c4                snd_pcm_plugin_status
                0x0804a0d4                memcpy
                0x0804a0e4                pthread_cancel
                0x0804a0f4                perror
                0x0804a104                snd_pcm_open_preferred
                0x0804a114                ApCloseDBase
                0x0804a124                ApInitialize
                0x0804a134                malloc
                0x0804a144                sleep
                0x0804a154                vsnprintf
                0x0804a164                strtoul
                0x0804a174                itoa
                0x0804a184                socket
                0x0804a194                select
                0x0804a1a4                PgSetTextColor
                0x0804a1b4                __rtti_user
                0x0804a1c4                _PtSetResource
                0x0804a1d4                PtGetResources
                0x0804a1e4                snd_mixer_close
                0x0804a1f4                send
                0x0804a204                PfExtentText
                0x0804a214                PtGenListGetCurrent
                0x0804a224                MsgSendPulse
                0x0804a234                strrchr
                0x0804a244                snd_pcm_plugin_params
                0x0804a254                __throw
                0x0804a264                write
                0x0804a274                PtExit
                0x0804a284                ConnectDetach
                0x0804a294                strcat
                0x0804a2a4                PtWindowToFront
                0x0804a2b4                inet_addr
                0x0804a2c4                ntohl
                0x0804a2d4                __deregister_frame_info
                0x0804a2e4                PtSetParentWidget
                0x0804a2f4                setsockopt
                0x0804a304                fseek
                0x0804a314                PtGenListLastItem
                0x0804a324                PxTranslateToUTF
                0x0804a334                PgDrawText
                0x0804a344                __get_errno_ptr
                0x0804a354                snd_pcm_plugin_set_disable
                0x0804a364                PgExtentText
                0x0804a374                ApCreateModule
                0x0804a384                read
                0x0804a394                snd_pcm_plugin_setup
                0x0804a3a4                strncmp
                0x0804a3b4                ApGetTextRes
                0x0804a3c4                ApCreateWidget
                0x0804a3d4                strtok
                0x0804a3e4                PtAppAddInput
                0x0804a3f4                ConnectAttach
                0x0804a404                sigaction
                0x0804a414                PtAlert
                0x0804a424                fread
                0x0804a434                snd_mixer_file_descriptor
                0x0804a444                ChannelDestroy
                0x0804a454                std::terminate(void)
                0x0804a464                _init_libc
                0x0804a474                fopen
                0x0804a484                localtime
                0x0804a494                memset
                0x0804a4a4                ftell
                0x0804a4b4                fclose
                0x0804a4c4                ntohs
                0x0804a4d4                inet_ntoa
                0x0804a4e4                ChannelCreate
                0x0804a4f4                time
                0x0804a504                MsgSendv
                0x0804a514                strcmp
                0x0804a524                pthread_mutex_unlock
                0x0804a534                ApGetWidgetPtr
                0x0804a544                ApOpenDBase
                0x0804a554                __builtin_vec_new
                0x0804a564                PtNotice
                0x0804a574                sprintf
                0x0804a584                atexit
                0x0804a594                MsgReceive
                0x0804a5a4                ApGetImageRes
                0x0804a5b4                ltoa
                0x0804a5c4                snd_pcm_plugin_write
                0x0804a5d4                PtRealizeWidget
                0x0804a5e4                pthread_self
                0x0804a5f4                getsockopt
                0x0804a604                localtime_r
                0x0804a614                strftime
                0x0804a624                __builtin_vec_delete
                0x0804a634                stat
                0x0804a644                PtGenListDrawBackground
                0x0804a654                PtCreateWidget
                0x0804a664                fwrite
                0x0804a674                PtDestroyWidget
                0x0804a684                htons
                0x0804a694                pthread_mutex_destroy
                0x0804a6a4                PtMainLoop
                0x0804a6b4                pthread_mutex_lock
                0x0804a6c4                exit
                0x0804a6d4                pthread_mutex_trylock
                0x0804a6e4                atoi
                0x0804a6f4                PtGenListAddItems
                0x0804a704                __builtin_delete
                0x0804a714                PtMultiTextModifyText
                0x0804a724                _PtGetResource
                0x0804a734                __builtin_new
                0x0804a744                PgSetFont
                0x0804a754                pthread_mutex_init
                0x0804a764                strlen
                0x0804a774                open
                0x0804a784                snd_mixer_open
                0x0804a794                __assert
                0x0804a7a4                abs
                0x0804a7b4                snd_pcm_plugin_prepare
                0x0804a7c4                strchr
                0x0804a7d4                PtListReplaceItemPos
                0x0804a7e4                snd_pcm_plugin_info
                0x0804a7f4                pthread_attr_setdetachstate
                0x0804a804                fcntl
                0x0804a814                snd_mixer_read
                0x0804a824                timer_settime
                0x0804a834                __register_frame_info
                0x0804a844                snd_pcm_plugin_flush
                0x0804a854                snd_pcm_file_descriptor
                0x0804a864                close
                0x0804a874                PfGenerateFontName
                0x0804a884                PtListAddItems
                0x0804a894                free

.text           0x0804a8a4     0xf1de
                0x0804a8a4                _btext=.
 *(.text)
 .text          0x0804a8a4       0x5f /x86/lib/crt1.o
                0x0804a8ac                _start
 *fill*         0x0804a903        0x1 37008
 .text          0x0804a904       0xf4 /usr/lib/gcc-lib/ntox86/2.95.2/crtbeginC++.o
 .text          0x0804a9f8       0x6e abmain.o
                0x0804a9f8                main
 *fill*         0x0804aa66        0x2 37008
 .text          0x0804aa68      0x656 alert.o
                0x0804adbc                NextAlert(Pt_widget *, ApInfo_t *, Pt_callback_info *)
                0x0804aa68                AlertQueue::AlertQueue(void)
                0x0804ab6c                AlertQueue::AddAlert(char const *)
                0x0804aacc                AlertQueue::~AlertQueue(void)
                0x0804b058                ActivateAlertBtn(Pt_widget *, ApInfo_t *, Pt_callback_info *)
 *fill*         0x0804b0be        0x2 37008
 .text          0x0804b0c0       0xa2 archive.o
                0x0804b0e4                UnrealizeArchiveWnd(Pt_widget *, ApInfo_t *, Pt_callback_info *)
                0x0804b104                LoadArchive(Pt_widget *, ApInfo_t *, Pt_callback_info *)
                0x0804b0c0                RealizeArchiveWnd(Pt_widget *, ApInfo_t *, Pt_callback_info *)
 *fill*         0x0804b162        0x2 37008
 .text          0x0804b164       0x2e ctrl_widget.o
                0x0804b164                realize_log_wnd(Pt_widget *, ApInfo_t *, Pt_callback_info *)
                0x0804b188                select_escalator(Pt_widget *, ApInfo_t *, Pt_callback_info *)
 *fill*         0x0804b192        0x2 37008
 .text          0x0804b194      0x75c draw.o
                0x0804b194                draw_log_item(Pt_widget *, Pt_genlist_item *, unsigned int, unsigned int, Ph_rect *)
 .text          0x0804b8f0     0x38a2 escalator.o
                0x0804ba7c                ConfirmDirection(void)
                0x0804e4b8                metro_escalator::UpdateLeds(void)
                0x0804bb48                metro_escalator::~metro_escalator(void)
                0x0804ed80                SetupPanel(Pt_widget *, ApInfo_t *, Pt_callback_info *)
                0x0804d1b4                SelectEscalatorDirection(Pt_widget *, ApInfo_t *, Pt_callback_info *)
                0x0804d760                ConnectToServer(unsigned int)
                0x0804e098                metro_escalator::SendTime(void)
                0x0804eaa4                RelizeEscalatorPanel(Pt_widget *, ApInfo_t *, Pt_callback_info *)
                0x0804e854                MoveUp(Pt_widget *, ApInfo_t *, Pt_callback_info *)
                0x0804ea80                UnrealizeEscalatorPanel(Pt_widget *, ApInfo_t *, Pt_callback_info *)
                0x0804db9c                SendBuffer(int, unsigned char *, int, unsigned char *)
                0x0804c4cc                metro_escalator::SetParam(int, int)
                0x0804eef0                SetReverseEscalator(Pt_widget *, ApInfo_t *, Pt_callback_info *)
                0x0804dad4                IsConnected(int, fd_set *, fd_set *, fd_set *)
                0x0804ea08                MoveStop(Pt_widget *, ApInfo_t *, Pt_callback_info *)
                0x0804e2f0                metro_escalator::GetData(void)
                0x0804cca8                metro_escalator::SetState(unsigned long)
                0x0804c710                InflateBalloon(Pt_widget *, Pt_widget *, int, char *, char *, unsigned long, unsigned long)
                0x0804b8f0                metro_escalator::metro_escalator(void)
                0x0804e760                PopupControlMenu(Pt_widget *, ApInfo_t *, Pt_callback_info *)
                0x0804e1f0                metro_escalator::CheckStatus(void)
                0x0804cfbc                SetDownDirection(Pt_widget *, ApInfo_t *, Pt_callback_info *)
                0x0804e46c                metro_escalator::Start(void)
                0x0804e3e4                metro_escalator::ConnectToChannel(int)
                0x0804c738                metro_escalator::SetData(void)
                0x0804df9c                metro_escalator::SendCommand(unsigned char)
                0x0804ea5c                OnSaveDirections(Pt_widget *, ApInfo_t *, Pt_callback_info *)
                0x0804f0e8                OnChancelDirections(Pt_widget *, ApInfo_t *, Pt_callback_info *)
                0x0804e92c                MoveDown(Pt_widget *, ApInfo_t *, Pt_callback_info *)
                0x0804c550                SetIndicator(Pt_widget *, char const *, int)
                0x0804c630                enable_header(Pt_widget *, int)
                0x0804e444                metro_escalator::DisconnectToChannel(void)
                0x0804bf6c                metro_escalator::UpdateEscalator(void)
                0x0804cdc4                SetUpDirection(Pt_widget *, ApInfo_t *, Pt_callback_info *)
                0x0804bc00                metro_escalator::CreateWnd(AB_DBASE *, Pt_widget *, int, int)
                0x0804d400                Run(void *)
                0x0804f10c                DiscardBlocking(Pt_widget *, ApInfo_t *, Pt_callback_info *)
                0x0804eec0                metro_escalator::Discard_Blocking(Pt_widget *)
                0x0804c3c8                metro_escalator::UpdatePanel(int)
 *fill*         0x0804f192        0x2 37008
 .text          0x0804f194     0x1b9f filter.o
                0x0804f2bc                SelectRangeEscalator(Pt_widget *, ApInfo_t *, Pt_callback_info *)
                0x08050c5c                ResetFilter(Pt_widget *, ApInfo_t *, Pt_callback_info *)
                0x0804f30c                SetLogFilter(Pt_widget *, ApInfo_t *, Pt_callback_info *)
                0x0805034c                DisableAllTimeRange(Pt_widget *, ApInfo_t *, Pt_callback_info *)
                0x08050960                ActivateRangeEscalator(Pt_widget *, ApInfo_t *, Pt_callback_info *)
                0x08050500                SelectFilterStation(Pt_widget *, ApInfo_t *, Pt_callback_info *)
                0x0804f2cc                CreateFilterDlg(Pt_widget *, ApInfo_t *, Pt_callback_info *)
                0x08050c50                ShowFilter(Pt_widget *, ApInfo_t *, Pt_callback_info *)
                0x0804f964                RealizeFilterDlg(Pt_widget *, ApInfo_t *, Pt_callback_info *)
                0x0804f1fc                FillStationList(void)
                0x08050198                EnableAllTimeRange(Pt_widget *, ApInfo_t *, Pt_callback_info *)
                0x08050b74                SelectAllRange(Pt_widget *, ApInfo_t *, Pt_callback_info *)
                0x0804f1c8                LogFilter::~LogFilter(void)
                0x0804f2ac                SelectOneEscalator(Pt_widget *, ApInfo_t *, Pt_callback_info *)
                0x0805074c                ActivateOneEscalator(Pt_widget *, ApInfo_t *, Pt_callback_info *)
                0x0804f194                LogFilter::LogFilter(void)
 *fill*         0x08050d33        0x1 37008
 .text          0x08050d34     0x2b96 main.o
                0x08052d58                Initialize(int, char **)
                0x0805248c                CreateScheme(void)
                0x08050d34                SigpipeHandler(int)
                0x08050f78                TimerThread(void *)
                0x08052c30                PulseReceiver(void *, int, void *, unsigned int)
                0x08053530                CloseMainWnd(Pt_widget *, ApInfo_t *, Pt_callback_info *)
                0x08050d40                PingThread(void *)
                0x08051150                LoadMap(char const *)
                0x0805337c                Uninitialize(Pt_widget *, ApInfo_t *, Pt_callback_info *)
                0x0805285c                ResizeScheme(Pt_widget *, ApInfo_t *, Pt_callback_info *)
                0x0805373c                OpenArchive(Pt_widget *, ApInfo_t *, Pt_callback_info *)
                0x080534c0                RealizeMainWnd(Pt_widget *, ApInfo_t *, Pt_callback_info *)
                0x08053560                FillEscConfList(Pt_widget *, ApInfo_t *, Pt_callback_info *)
 *fill*         0x080538ca        0x2 37008
 .text          0x080538cc      0x2f9 cbuffer.o
                0x080538cc                Cbuffer_c::Cbuffer_c(int)
                0x0805399c                Cbuffer_c::Create(int)
                0x0805392c                Cbuffer_c::~Cbuffer_c(void)
                0x08053af4                Cbuffer_c::Get(unsigned char *)
                0x08053a18                Cbuffer_c::Add(unsigned char *, int)
 *fill*         0x08053bc5        0x3 37008
 .text          0x08053bc8      0x60e system.o
                0x08053c24                file_size(_Filet *)
                0x08053e2c                SysMessage(int, char const *,...)
                0x08053d20                translate_string(char const *, char *, PxTransCtrl *)
                0x08053df0                get_widget_scalar(Pt_widget *, long)
                0x08053fd8                SaveDirections(char const *)
                0x08053bc8                error_msg(char *, int, char const *)
                0x08053f60                CRC(unsigned char const *, int)
                0x08053c88                extract_string(char const *, char *, char, char)
                0x080540b4                LoadDirections(char const *)
 *fill*         0x080541d6        0x2 37008
 .text          0x080541d8       0xd9 line.o
                0x080541d8                metro_line::metro_line(void)
                0x08054278                metro_line::~metro_line(void)
 *fill*         0x080542b1        0x3 37008
 .text          0x080542b4      0x34b station.o
                0x080542b4                metro_station::metro_station(void)
                0x0805438c                metro_station::create_wnd(AB_DBASE *, Pt_widget *, int, int, int, int)
                0x08054348                metro_station::~metro_station(void)
 *fill*         0x080545ff        0x1 37008
 .text          0x08054600      0xcff log.o
                0x08054e24                RealizeLogWnd(Pt_widget *, ApInfo_t *, Pt_callback_info *)
                0x080546c0                Log::~Log(void)
                0x08054f6c                CheckFilter(LogRecord const *)
                0x08054db4                Log::ScrollDown(void)
                0x08054f1c                Log::Clear(void)
                0x08055240                Log::AttachWnd(Pt_widget *)
                0x080552f0                Log::DetachWnd(void)
                0x08054a78                Log::Load(char const *)
                0x08054740                Log::AddMessage(int, int, int, unsigned int *, unsigned long)
                0x08054e48                Log::FilterLogWnd(void)
                0x080548e4                Log::Save(char const *)
                0x08054600                Log::Log(void)
                0x08055128                Log::Rotate(void)
                0x080552e0                Log::GetWindow(void)
 *fill*         0x080552ff        0x1 37008
 .text          0x08055300      0x21e goodies.o
                0x08055300                ErrorMsg(char const *)
                0x0805536c                StripSpaces(char *)
                0x0805545c                CRC16(unsigned char *, int)
 *fill*         0x0805551e        0x2 37008
 .text          0x08055520     0x1423 esc_types.o
                0x0805558c                Type::~Type(void)
                0x08055a30                Signal::~Signal(void)
                0x08055958                Signal::CreateLed(Pt_widget *, int, int)
                0x08055520                Type::Type(void)
                0x080556b8                Block::CreatePanel(Pt_widget *)
                0x080558b8                Signal::Signal(void)
                0x08055a90                FreeEscalatorTypes(void)
                0x08055b10                LoadEscalatorLibrary(char const *)
                0x08055800                Block::~Block(void)
                0x08055648                Block::Block(void)
 *fill*         0x08056943        0x1 37008
 .text          0x08056944      0x26a string.o
                0x080569c8                String::~String(void)
                0x08056a20                String::Set(char const *)
                0x08056964                String::String(char const *)
                0x08056aec                String::Archive(_Filet *)
                0x08056944                String::String(void)
                0x08056b28                String::Load(_Filet *)
                0x08056aac                String::Get(char *, int)
                0x08056b9c                String::Length(void)
 *fill*         0x08056bae        0x2 37008
 .text          0x08056bb0      0x383 dictionary.o
                0x08056bb0                LoadDictionary(char const *)
 *fill*         0x08056f33        0x1 37008
 .text          0x08056f34      0x992 sound.o
                0x08056f34                Sound::Sound(void)
                0x08056fec                Sound::Init(void)
                0x08056f60                Sound::~Sound(void)
                0x080572e0                CheckHdr(_Filet *)
                0x08057258                FindTag(_Filet *, char const *)
                0x08057398                Player(void *)
                0x080571e4                Sound::Play(char *)
 *fill*         0x080578c6        0x2 37008
 .text          0x080578c8     0x1172 router.o
                0x080579e8                Router::~Router(void)
                0x08058040                ConnectToServer(unsigned int, int)
                0x080584fc                Router::Loop(void)
                0x08058434                Receive(int, unsigned char *, int)
                0x08057904                Net::first_Net(void)
                0x08057e00                Router::LoadRight(char const *)
                0x08057ab0                Router::CreateTable(int)
                0x08057944                Net::~Net(void)
                0x080579c4                Router::AddRightLeafGate(char *)
                0x08057978                Router::Router(void)
                0x08057934                Net::next_Net(void)
                0x080578c8                Net::Net(void)
                0x08058000                Routing(void *)
                0x08057c34                Router::LoadLeft(char const *)
                0x08057fbc                Router::Start(void)
                0x080588bc                ChangeRoute(in_addr *, in_addr *, int, int)
                0x080579a0                Router::AddLeftLeafGate(char *)
 *fill*         0x08058a3a        0x2 37008
 .text          0x08058a3c       0x35 /usr/lib/gcc-lib/ntox86/2.95.2/exceptions/libgcc.a(_cmpdi2.o)
                0x08058a3c                __cmpdi2
 *fill*         0x08058a71        0x3 37008
 .text          0x08058a74      0x27a /x86/lib/libc.a(slog.o)
                0x08058c2c                vslogf
                0x08058b84                slogi
                0x08058b40                slogb
                0x08058cd4                slogf
 *fill*         0x08058cee        0x2 37008
 .text          0x08058cf0       0x5c /usr/lib/gcc-lib/ntox86/2.95.2/crtendC++.o
 *(.text.*)
 *(.stub)
 *(.gnu.warning)
 *(.gnu.linkonce.t*)
 .gnu.linkonce.t.__tft4List1Z9LogRecord
                0x08058d4c       0x2e abmain.o
                0x08058d4c                List<LogRecord> type_info function
 *fill*         0x08058d7a        0x2 37008
 .gnu.linkonce.t.__tft4List1Z11AlertRecord
                0x08058d7c       0x2e abmain.o
                0x08058d7c                List<AlertRecord> type_info function
 *fill*         0x08058daa        0x2 37008
 .gnu.linkonce.t.__tft3Map1Z9DictEntry
                0x08058dac       0x2e abmain.o
                0x08058dac                Map<DictEntry> type_info function
 *fill*         0x08058dda        0x2 37008
 .gnu.linkonce.t.__t4List1Z11AlertRecord
                0x08058ddc       0x7e alert.o
                0x08058ddc                List<AlertRecord>::List(void)
 *fill*         0x08058e5a        0x2 37008
 .gnu.linkonce.t._._t4List1Z11AlertRecord
                0x08058e5c       0x85 alert.o
                0x08058e5c                List<AlertRecord>::~List(void)
 *fill*         0x08058ee1        0x3 37008
 .gnu.linkonce.t.next__t4List1Z11AlertRecord
                0x08058ee4       0x29 alert.o
                0x08058ee4                List<AlertRecord>::next(void)
 *fill*         0x08058f0d        0x3 37008
 .gnu.linkonce.t.Push__t4List1Z11AlertRecordP11AlertRecord
                0x08058f10      0x11d alert.o
                0x08058f10                List<AlertRecord>::Push(AlertRecord *)
 *fill*         0x0805902d        0x3 37008
 .gnu.linkonce.t.Pop__t4List1Z11AlertRecord
                0x08059030       0x69 alert.o
                0x08059030                List<AlertRecord>::Pop(void)
 *fill*         0x08059099        0x3 37008
 .gnu.linkonce.t.__tf10AlertQueue
                0x0805909c       0x2e alert.o
                0x0805909c                AlertQueue type_info function
 *fill*         0x080590ca        0x2 37008
 .gnu.linkonce.t.PtSetArg__FP12Pt_arg_entryUlUlUl
                0x080590cc       0x21 alert.o
                0x080590cc                PtSetArg(Pt_arg_entry *, unsigned long, unsigned long, unsigned long)
 *fill*         0x080590ed        0x3 37008
 .gnu.linkonce.t.first__t4List1Z11AlertRecord
                0x080590f0        0xd alert.o
                0x080590f0                List<AlertRecord>::first(void)
 *fill*         0x080590fd        0x3 37008
 .gnu.linkonce.t.GetSize__t4List1Z11AlertRecord
                0x08059100        0xf alert.o
                0x08059100                List<AlertRecord>::GetSize(void)
 *fill*         0x0805910f        0x1 37008
 .gnu.linkonce.t.last__t4List1Z11AlertRecord
                0x08059110       0x12 alert.o
                0x08059110                List<AlertRecord>::last(void)
 *fill*         0x08059122        0x2 37008
 .gnu.linkonce.t.PtGenTreeGetCurrent
                0x08059124       0x41 archive.o
                0x08059124                PtGenTreeGetCurrent
 *fill*         0x08059165        0x3 37008
 .gnu.linkonce.t.GetByKey__t3Map1Z9DictEntryUl
                0x08059168       0x75 draw.o
                0x08059168                Map<DictEntry>::GetByKey(unsigned long)
 *fill*         0x080591dd        0x3 37008
 .gnu.linkonce.t.GetID__15metro_escalator
                0x080591e0       0x16 escalator.o
                0x080591e0                metro_escalator::GetID(void)
 *fill*         0x080591f6        0x2 37008
 .gnu.linkonce.t.GetNumber__15metro_escalator
                0x080591f8       0x16 escalator.o
                0x080591f8                metro_escalator::GetNumber(void)
 *fill*         0x0805920e        0x2 37008
 .gnu.linkonce.t.__tf9LogFilter
                0x08059210       0x2e filter.o
                0x08059210                LogFilter type_info function
 *fill*         0x0805923e        0x2 37008
 .gnu.linkonce.t.__t3Map1Z9DictEntry
                0x08059240       0x85 main.o
                0x08059240                Map<DictEntry>::Map(void)
 *fill*         0x080592c5        0x3 37008
 .gnu.linkonce.t._._t3Map1Z9DictEntry
                0x080592c8       0x9d main.o
                0x080592c8                Map<DictEntry>::~Map(void)
 *fill*         0x08059365        0x3 37008
 .gnu.linkonce.t.strchr__3stdPci
                0x08059368       0x33 main.o
                0x08059368                std::strchr(char *, int)
 *fill*         0x0805939b        0x1 37008
 .gnu.linkonce.t.__tf9Cbuffer_c
                0x0805939c       0x2e cbuffer.o
                0x0805939c                Cbuffer_c type_info function
 *fill*         0x080593ca        0x2 37008
 .gnu.linkonce.t.strrchr__3stdPci
                0x080593cc       0x33 system.o
                0x080593cc                std::strrchr(char *, int)
 *fill*         0x080593ff        0x1 37008
 .gnu.linkonce.t.__t4List1Z9LogRecord
                0x08059400       0x7e log.o
                0x08059400                List<LogRecord>::List(void)
 *fill*         0x0805947e        0x2 37008
 .gnu.linkonce.t._._t4List1Z9LogRecord
                0x08059480       0x85 log.o
                0x08059480                List<LogRecord>::~List(void)
 *fill*         0x08059505        0x3 37008
 .gnu.linkonce.t.Pop__t4List1Z9LogRecord
                0x08059508       0x69 log.o
                0x08059508                List<LogRecord>::Pop(void)
 *fill*         0x08059571        0x3 37008
 .gnu.linkonce.t.Push__t4List1Z9LogRecordP9LogRecord
                0x08059574      0x11d log.o
                0x08059574                List<LogRecord>::Push(LogRecord *)
 *fill*         0x08059691        0x3 37008
 .gnu.linkonce.t.next__t4List1Z9LogRecord
                0x08059694       0x29 log.o
                0x08059694                List<LogRecord>::next(void)
 *fill*         0x080596bd        0x3 37008
 .gnu.linkonce.t.__tf3Log
                0x080596c0       0x2e log.o
                0x080596c0                Log type_info function
 *fill*         0x080596ee        0x2 37008
 .gnu.linkonce.t.__9LogRecord
                0x080596f0       0x3f log.o
                0x080596f0                LogRecord::LogRecord(void)
 *fill*         0x0805972f        0x1 37008
 .gnu.linkonce.t.first__t4List1Z9LogRecord
                0x08059730        0xd log.o
                0x08059730                List<LogRecord>::first(void)
 *fill*         0x0805973d        0x3 37008
 .gnu.linkonce.t.GetSize__t4List1Z9LogRecord
                0x08059740        0xf log.o
                0x08059740                List<LogRecord>::GetSize(void)
 *fill*         0x0805974f        0x1 37008
 .gnu.linkonce.t.__tf6Signal
                0x08059750       0x32 esc_types.o
                0x08059750                Signal type_info function
 *fill*         0x08059782        0x2 37008
 .gnu.linkonce.t.__tf5Block
                0x08059784       0x32 esc_types.o
                0x08059784                Block type_info function
 *fill*         0x080597b6        0x2 37008
 .gnu.linkonce.t.__tf4Type
                0x080597b8       0x32 esc_types.o
                0x080597b8                Type type_info function
 *fill*         0x080597ea        0x2 37008
 .gnu.linkonce.t.__tf6String
                0x080597ec       0x2e string.o
                0x080597ec                String type_info function
 *fill*         0x0805981a        0x2 37008
 .gnu.linkonce.t.Push__t3Map1Z9DictEntryP9DictEntryUl
                0x0805981c      0x1d8 dictionary.o
                0x0805981c                Map<DictEntry>::Push(DictEntry *, unsigned long)
 .gnu.linkonce.t.__tf5Sound
                0x080599f4       0x2e sound.o
                0x080599f4                Sound type_info function
 *fill*         0x08059a22        0x2 37008
 .gnu.linkonce.t.__tf3Net
                0x08059a24       0x2e router.o
                0x08059a24                Net type_info function
 *fill*         0x08059a52        0x2 37008
 .gnu.linkonce.t.__tf6Router
                0x08059a54       0x2e router.o
                0x08059a54                Router type_info function
                0x08059a82                _etext=.
                0x08059a82                PROVIDE (etext, .)

.fini           0x08059a82        0x8
 *(.fini)
 .fini          0x08059a82        0x5 /usr/lib/gcc-lib/ntox86/2.95.2/crtbeginC++.o
 .fini          0x08059a87        0x3 /x86/lib/crtn.o

.rodata         0x08059aa0     0x2dfc
 *(.rodata)
 .rodata        0x08059aa0     0x1484 abmain.o
                0x08059c3c                ABN_mask_stop
                0x08059c58                ABN_stopMsg
                0x08059bcc                ABN_Scheme
                0x08059bf4                ABN_grey_stop
                0x08059c98                ABN_yellow_s_up
                0x08059bf0                ABN_green_up
                0x08059c7c                ABN_blue_cont_down
                0x08059bc4                ABN_AlertTime
                0x08059bdc                ABN_escalator_num
                0x08059ce0                ABN_OneEscalatorLabel
                0x08059d70                ABN_CmdPoolDlgBtnClose
                0x08059d34                ABN_SignalPanel
                0x08059c70                ABN_block_yellow_led
                0x08059d24                ABN_SetEscDownBtn
                0x08059c90                ABN_red_s_down
                0x08059d68                ABN_ArchiveLogCancelBtn
                0x08059d18                ABN_EscDirectionList
                0x08059d38                ABN_mode_header
                0x08059c30                ABN_yellow_led
                0x08059bd8                ABN_Arrow
                0x08059cac                ABN_LedBalloon
                0x08059c10                ABN_led_tu
                0x08059d98                ABN_MoveDown
                0x08059d1c                ABN_SetEscReverseBtn
                0x08059d14                ABN_EscConfig
                0x08059d84                ABN_CmdPoolRwListEscal
                0x08059d28                ABN_EscConfCancel
                0x08059d2c                ABN_EscConfDone
                0x08059bf8                ABN_grey_down
                0x08059cc0                ABN_AllTimeRangeBtn1
                0x08059d80                ABN_CmdPoolRwListStation
                0x08059c1c                ABN_red_down
                0x08059d48                ABN_PanelTitle
                0x08059d44                ABN_ReadyIndicator
                0x08059c20                ABN_yellow_up
                0x08059d64                ABN_ArchiveLogOpenBtn
                0x08059be4                ABN_left_scroll_disable
                0x08059c80                ABN_blue_red_up
                0x08059d10                ABN_LogFilterOK
                0x08059cf4                ABN_RangeEndNumeric
                0x08059bd0                ABN_interface
                0x08059b94                ABN_main_wnd
                0x08059c08                ABN_blue_up
                0x08059b98                ABN_os_container
                0x08059cfc                ABN_SysMsgBtn
                0x08059cb4                ABN_StartMinNumeric
                0x08059cec                ABN_RangeStartNumeric
                0x08059cd4                ABN_StationList
                0x08059c64                ABN_block_blue_led
                0x08059d94                ABN_MoveStop
                0x08059cc4                ABN_EndMinNumeric
                0x08059c4c                ABN_log_ok_image
                0x08059d40                ABN_ready_header
                0x08059be0                ABN_blocking
                0x08059bec                ABN_station_wnd
                0x08059cf8                ABN_AllRangeBtn
                0x08059c5c                ABN_warnMsg
                0x08059be8                ABN_right_scroll_disable
                0x08059c50                ABN_log_net_image
                0x08059ca0                ABN_green_down
                0x08059c04                ABN_green_stop
                0x08059d5c                ABN_ArchiveLog
                0x08059c9c                ABN_yellow_s_down
                0x08059cd8                ABN_OneEscalatorBtn
                0x08059c14                ABN_red_up
                0x08059d3c                ABN_ModeIndicator
                0x08059cb0                ABN_LogFilterDlg
                0x08059c74                ABN_grey_off
                0x08059ca8                ABN_green_s_down
                0x08059bd4                ABN_escalator_wnd
                0x08059ba0                ABN_log_wnd
                0x08059ba4                ABN_toolBar
                0x08059c34                ABN_blue_led
                0x08059d88                ABN_CmdPoolRwListBtn
                0x08059cbc                ABN_CalendarStart
                0x08059c18                ABN_red_stop
                0x08059d08                ABN_LocalMsgBtn
                0x08059bfc                ABN_led_b
                0x08059b88                ABI_interface
                0x08059c00                ABN_blue_down
                0x08059d74                ABN_SendCommandBtn
                0x08059d00                ABN_AlertMsgBtn
                0x08059c88                ABN_blue_yellow_up
                0x08059d8c                ABN_EscalatorMenu
                0x08059bc0                ABN_AlertOK
                0x08059cd0                ABN_AllTimeRangeBtn2
                0x08059c78                ABN_blue_cont_up
                0x08059d60                ABN_ArchiveLogWnd
                0x08059c84                ABN_blue_red_down
                0x08059cc8                ABN_EndHourNumeric
                0x08059cb8                ABN_StartHourNumeric
                0x08059d7c                ABN_CommandPoolRwLst
                0x08059d6c                ABN_PrevCmdPoolDlg
                0x08059cdc                ABN_RangeEscalatorBtn
                0x08059c24                ABN_yellow_stop
                0x08059ce4                ABN_OneEscalatorNumeric
                0x08059c28                ABN_yellow_down
                0x08059c38                ABN_mask_up
                0x08059c0c                ABN_green_led
                0x08059d90                ABN_MoveUp
                0x08059c8c                ABN_blue_yellow_down
                0x08059c60                ABN_block_green_led
                0x08059bb0                ABN_ResetFilter
                0x08059c2c                ABN_red_led
                0x08059c44                ABN_cursor
                0x08059b8c                ABI_LogFilterDlg
                0x08059b9c                ABN_log_status
                0x08059ce8                ABN_RangeStartLabel
                0x08059d20                ABN_SetEscUpBtn
                0x08059c6c                ABN_block_red_led
                0x08059d04                ABN_BlockMsgBtn
                0x08059ccc                ABN_CalendarEnd
                0x08059d50                ABN_ArchiveFiles
                0x08059bb4                ABN_ArchiveBtn
                0x08059d0c                ABN_LogFIlterCancel
                0x08059ca4                ABN_green_s_up
                0x08059d4c                ABN_ArchiveDlg
                0x08059d78                ABN_ChancelCommandBtn
                0x08059c54                ABN_infoMsg
                0x08059c48                ABN_log_alert_image
                0x08059c68                ABN_block_grey_led
                0x08059d58                ABN_ArchiveCancelBtn
                0x08059c94                ABN_red_s_up
                0x08059ba8                ABN_EscConfigBtn
                0x08059bc8                ABN_AlertCounter
                0x08059cf0                ABN_RangeEndLabel
                0x08059bbc                ABN_AlertMsg
                0x08059d54                ABN_LoadArchiveBtn
                0x08059bac                ABN_FilterBtn
                0x08059d30                ABN_SignalDlg
                0x08059c40                ABN_mask_down
                0x08059bb8                ABN_AlertWnd
                0x08059b90                ABI_EscalatorMenu
 .rodata        0x0805af24       0x93 alert.o
 .rodata        0x0805afb7       0x3b archive.o
 .rodata        0x0805aff2       0x3b ctrl_widget.o
 *fill*         0x0805b02d       0x13
 .rodata        0x0805b040      0x329 draw.o
 *fill*         0x0805b369       0x17
 .rodata        0x0805b380      0x632 escalator.o
 *fill*         0x0805b9b2        0xe
 .rodata        0x0805b9c0       0xf7 filter.o
 *fill*         0x0805bab7        0x9
 .rodata        0x0805bac0      0x679 main.o
                0x0805bac0                ApOptions
 .rodata        0x0805c139        0xb cbuffer.o
 .rodata        0x0805c144       0x74 system.o
 .rodata        0x0805c1b8       0x52 station.o
 *fill*         0x0805c20a       0x16
 .rodata        0x0805c220      0x256 log.o
 .rodata        0x0805c476       0x1e goodies.o
 *fill*         0x0805c494        0xc
 .rodata        0x0805c4a0      0x10c esc_types.o
 .rodata        0x0805c5ac        0x8 string.o
 *fill*         0x0805c5b4        0xc
 .rodata        0x0805c5c0       0xd0 dictionary.o
 .rodata        0x0805c690       0x33 sound.o
 *fill*         0x0805c6c3       0x1d
 .rodata        0x0805c6e0      0x1b0 router.o
 .rodata        0x0805c890        0xc /x86/lib/libc.a(slog.o)
 *(.rodata.*)
 *(.gnu.linkonce.r*)

.rodata1
 *(.rodata1)
                0x0805d89c                .=(ALIGN(0x1000)+(.&0xfff))

.data           0x0805d8a0      0x828
 *(.data)
 .data          0x0805d8a0        0x8 /usr/lib/gcc-lib/ntox86/2.95.2/crtbeginC++.o
 *fill*         0x0805d8a8       0x18
 .data          0x0805d8c0      0x2a0 abmain.o
                0x0805da38                ArchiveLog
                0x0805d8c0                AbInternalLinks
                0x0805da4c                PrevCmdPullDlg
                0x0805db00                EscalatorMenu
                0x0805d9f0                EscConfig
                0x0805d9c4                interface
                0x0805d9d8                LogFilterDlg
                0x0805da08                SignalDlg
                0x0805db40                AbContext
                0x0805d9b0                main_wnd
                0x0805da20                ArchiveDlg
 .data          0x0805db60      0x130 draw.o
                0x0805db60                blockingNames
 *fill*         0x0805dc90       0x10
 .data          0x0805dca0       0x70 escalator.o
                0x0805dd04                control
                0x0805dcb0                g_selectDirection
                0x0805dd00                curEscalator
                0x0805dca4                sendMutex
                0x0805dcc4                mode_text
                0x0805dcb8                metro_escalator::paneled
                0x0805dcbc                metro_escalator::reference
                0x0805dce0                ready_text
                0x0805dcc0                metro_escalator::init_images
                0x0805dcac                g_selectedEscalator
                0x0805dcb4                g_paneledEsc
                0x0805dca0                metro_escalator::panel
 .data          0x0805dd10       0x48 main.o
                0x0805dd30                g_msgDialogFont
                0x0805dd14                g_stations
                0x0805dd18                g_escalators
                0x0805dd4c                g_rightGate
                0x0805dd1c                g_lineNum
                0x0805dd40                g_leftGate
                0x0805dd2c                g_escTypeNum
                0x0805dd24                g_escalatorNum
                0x0805dd38                g_debugFile
                0x0805dd3c                escal_count
                0x0805dd28                g_escTypes
                0x0805dd10                g_lines
                0x0805dd34                g_chanID
                0x0805dd20                g_stationNum
 *fill*         0x0805dd58        0x8
 .data          0x0805dd60      0x200 system.o
                0x0805dd60                g_CRCHi
                0x0805de60                g_CRCLo
 .data          0x0805df60        0x4 station.o
                0x0805df60                metro_station::reference
 .data          0x0805df64        0x8 sound.o
                0x0805df64                RiffId
                0x0805df68                WaveId
 .data          0x0805df6c        0x8 router.o
                0x0805df6c                activeHost
                0x0805df70                breakLine
 .data          0x0805df74        0x4 /x86/lib/libc.a(slog.o)
                0x0805df74                _slogfd
 *(.data.*)
 *(.gnu.linkonce.d*)
 .gnu.linkonce.d._vt.10AlertQueue
                0x0805df78       0x18 alert.o
                0x0805df78                AlertQueue virtual table
 .gnu.linkonce.d._vt.t4List1Z11AlertRecord
                0x0805df90       0x18 alert.o
                0x0805df90                List<AlertRecord> virtual table
 .gnu.linkonce.d._vt.9LogFilter
                0x0805dfa8       0x18 filter.o
                0x0805dfa8                LogFilter virtual table
 .gnu.linkonce.d._vt.t3Map1Z9DictEntry
                0x0805dfc0       0x18 main.o
                0x0805dfc0                Map<DictEntry> virtual table
 .gnu.linkonce.d._vt.9Cbuffer_c
                0x0805dfd8       0x18 cbuffer.o
                0x0805dfd8                Cbuffer_c virtual table
 .gnu.linkonce.d._vt.3Log
                0x0805dff0       0x18 log.o
                0x0805dff0                Log virtual table
 .gnu.linkonce.d._vt.t4List1Z9LogRecord
                0x0805e008       0x18 log.o
                0x0805e008                List<LogRecord> virtual table
 .gnu.linkonce.d._vt.4Type
                0x0805e020       0x18 esc_types.o
                0x0805e020                Type virtual table
 .gnu.linkonce.d._vt.5Block
                0x0805e038       0x18 esc_types.o
                0x0805e038                Block virtual table
 .gnu.linkonce.d._vt.6Signal
                0x0805e050       0x18 esc_types.o
                0x0805e050                Signal virtual table
 .gnu.linkonce.d._vt.6String
                0x0805e068       0x18 string.o
                0x0805e068                String virtual table
 .gnu.linkonce.d._vt.5Sound
                0x0805e080       0x18 sound.o
                0x0805e080                Sound virtual table
 .gnu.linkonce.d._vt.6Router
                0x0805e098       0x18 router.o
                0x0805e098                Router virtual table
 .gnu.linkonce.d._vt.3Net
                0x0805e0b0       0x18 router.o
                0x0805e0b0                Net virtual table

.data1
 *(.data1)

.eh_frame       0x0805e0c8     0x21e0
 *(.eh_frame)
 .eh_frame      0x0805e0c8       0x8c abmain.o
 .eh_frame      0x0805e154      0x244 alert.o
 .eh_frame      0x0805e398       0xdc archive.o
 .eh_frame      0x0805e474       0x9c ctrl_widget.o
 .eh_frame      0x0805e510       0xc8 draw.o
 .eh_frame      0x0805e5d8      0x620 escalator.o
 .eh_frame      0x0805ebf8      0x26c filter.o
 .eh_frame      0x0805ee64      0x398 main.o
 .eh_frame      0x0805f1fc       0xd8 cbuffer.o
 .eh_frame      0x0805f2d4      0x1d0 system.o
 .eh_frame      0x0805f4a4       0x60 line.o
 .eh_frame      0x0805f504      0x100 station.o
 .eh_frame      0x0805f604      0x388 log.o
 .eh_frame      0x0805f98c       0x6c goodies.o
 .eh_frame      0x0805f9f8      0x280 esc_types.o
 .eh_frame      0x0805fc78      0x12c string.o
 .eh_frame      0x0805fda4       0xb0 dictionary.o
 .eh_frame      0x0805fe54      0x10c sound.o
 .eh_frame      0x0805ff60      0x310 router.o
 .eh_frame      0x08060270       0x34 /usr/lib/gcc-lib/ntox86/2.95.2/exceptions/libgcc.a(_cmpdi2.o)
 .eh_frame      0x080602a4        0x4 /usr/lib/gcc-lib/ntox86/2.95.2/crtendC++.o

.gcc_except_table
                0x080602a8      0x42c
 *(.gcc_except_table)
 .gcc_except_table
                0x080602a8       0xe6 alert.o
 *fill*         0x0806038e        0x2
 .gcc_except_table
                0x08060390       0x48 escalator.o
 .gcc_except_table
                0x080603d8       0x78 main.o
 .gcc_except_table
                0x08060450       0x20 line.o
 .gcc_except_table
                0x08060470       0x3c station.o
 .gcc_except_table
                0x080604ac       0xe2 log.o
 *fill*         0x0806058e        0x2
 .gcc_except_table
                0x08060590       0xcc esc_types.o
 .gcc_except_table
                0x0806065c       0x78 router.o

.ctors          0x080606d4        0xc
 *crtbegin.o(.ctors)
 EXCLUDE_FILE ( *crtend.o)*(.ctors)
 .ctors         0x080606d4        0x4 /usr/lib/gcc-lib/ntox86/2.95.2/crtbeginC++.o
 .ctors         0x080606d8        0x4 main.o
 .ctors         0x080606dc        0x4 /usr/lib/gcc-lib/ntox86/2.95.2/crtendC++.o
 *(SORT(.ctors.*))
 *(.ctors)

.dtors          0x080606e0        0xc
 *crtbegin.o(.dtors)
 EXCLUDE_FILE ( *crtend.o)*(.dtors)
 .dtors         0x080606e0        0x4 /usr/lib/gcc-lib/ntox86/2.95.2/crtbeginC++.o
 .dtors         0x080606e4        0x4 main.o
 .dtors         0x080606e8        0x4 /usr/lib/gcc-lib/ntox86/2.95.2/crtendC++.o
 *(SORT(.dtors.*))
 *(.dtors)

.got            0x080606ec      0x258
 *(.got.plt)
 .got.plt       0x080606ec      0x250 /usr/lib/gcc-lib/ntox86/2.95.2/crtbeginC++.o
                0x080606ec                _GLOBAL_OFFSET_TABLE_
 *(.got)
 .got           0x0806093c        0x8 /usr/lib/gcc-lib/ntox86/2.95.2/crtbeginC++.o

.dynamic        0x08060944       0xc8
 *(.dynamic)
 .dynamic       0x08060944       0xc8 /usr/lib/gcc-lib/ntox86/2.95.2/crtbeginC++.o
                0x08060944                _DYNAMIC

.sdata
 *(.sdata)
 *(.sdata.*)
 *(.gnu.linkonce.s.*)
                0x08060a0c                _edata=.
                0x08060a0c                PROVIDE (edata, .)
                0x08060a0c                __bss_start=.

.sbss
 *(.dynsbss)
 *(.sbss)
 *(.sbss.*)
 *(.scommon)

.bss            0x08060a20     0x1498
 *(.dynbss)
 .dynbss        0x08060a20       0xa4 /usr/lib/gcc-lib/ntox86/2.95.2/crtbeginC++.o
                0x08060a20                PtFileSel
                0x08060a24                errno
                0x08060a28                PtButton
                0x08060a2c                _syspage_ptr
                0x08060a30                PtDivider
                0x08060a34                PtMenu
                0x08060a38                PtPolygon
                0x08060a3c                PtGroup
                0x08060a40                PtNumericInteger
                0x08060a44                PtSeparator
                0x08060a48                PtRect
                0x08060a4c                PtToggleButton
                0x08060a50                PtClock
                0x08060a54                PtRawList
                0x08060a58                PtPane
                0x08060a5c                PtCalendar
                0x08060a60                PtList
                0x08060a64                PtLabel
                0x08060a68                PtMultiText
                0x08060a6c                PtComboBox
                0x08060a70                PtOSContainer
                0x08060a74                PtWindow
                0x08060a78                _Ap_
                0x08060ac0                PtPanelGroup
 *(.bss)
 .bss           0x08060ac4       0x18 /usr/lib/gcc-lib/ntox86/2.95.2/crtbeginC++.o
 *fill*         0x08060adc        0x4
 .bss           0x08060ae0      0x1f8 abmain.o
                0x08060ae0                AbWidgets
 .bss           0x08060cd8        0x8 escalator.o
                0x08060cdc                ledRowCount
                0x08060cd8                led_count
 .bss           0x08060ce0     0x1110 main.o
                0x080619e0                escal
                0x08060ce0                mainLog
                0x08060e00                g_sound
                0x08061dec                SigpipeCount
                0x08061960                g_router
                0x080619a0                g_alertQueue
                0x08061de4                pingTID
                0x08060de0                g_msgDictionary
                0x08060d60                g_archiveLog
                0x08061980                g_logFilter
                0x08061de8                timerTID
                0x08061de0                test_led
                0x080619c4                widget_dbase
                0x080619c8                translate_set
                0x080619cc                cfg_file
 *(.bss.*)
 *(COMMON)
 COMMON         0x08061df0       0x18 abmain.o
                                  0x0 (size before relaxing)
                0x08061df0                List<AlertRecord> type_info node
                0x08061df8                Map<DictEntry> type_info node
                0x08061e00                List<LogRecord> type_info node
 COMMON         0x08061e08        0x8 alert.o
                                  0x0 (size before relaxing)
                0x08061e08                AlertQueue type_info node
 *fill*         0x08061e10       0x10
 COMMON         0x08061e20       0x48 escalator.o
                                  0x0 (size before relaxing)
                0x08061e20                metro_escalator::images
 COMMON         0x08061e68        0x8 filter.o
                                  0x0 (size before relaxing)
                0x08061e68                LogFilter type_info node
 COMMON         0x08061e70        0x8 cbuffer.o
                                  0x0 (size before relaxing)
                0x08061e70                Cbuffer_c type_info node
 COMMON         0x08061e78        0x8 log.o
                                  0x0 (size before relaxing)
                0x08061e78                Log type_info node
 COMMON         0x08061e80       0x18 esc_types.o
                                  0x0 (size before relaxing)
                0x08061e80                Type type_info node
                0x08061e88                Signal type_info node
                0x08061e90                Block type_info node
 COMMON         0x08061e98        0x8 string.o
                                  0x0 (size before relaxing)
                0x08061e98                String type_info node
 COMMON         0x08061ea0        0x8 sound.o
                                  0x0 (size before relaxing)
                0x08061ea0                Sound type_info node
 COMMON         0x08061ea8       0x10 router.o
                                  0x0 (size before relaxing)
                0x08061ea8                Net type_info node
                0x08061eb0                Router type_info node
                0x08061eb8                .=ALIGN(0x4)
                0x08061eb8                .=ALIGN(0x4)
                0x08061eb8                _end=.
                0x08061eb8                PROVIDE (end, .)

.stab
 *(.stab)

.stabstr
 *(.stabstr)

.stab.excl
 *(.stab.excl)

.stab.exclstr
 *(.stab.exclstr)

.stab.index
 *(.stab.index)

.stab.indexstr
 *(.stab.indexstr)

.comment        0x00000000      0x36a
 *(.comment)
 .comment       0x00000000       0x26 /usr/lib/gcc-lib/ntox86/2.95.2/crtbeginC++.o
 .comment       0x00000026       0x26 abmain.o
 .comment       0x0000004c       0x26 alert.o
 .comment       0x00000072       0x26 archive.o
 .comment       0x00000098       0x26 ctrl_widget.o
 .comment       0x000000be       0x26 draw.o
 .comment       0x000000e4       0x26 escalator.o
 .comment       0x0000010a       0x26 filter.o
 .comment       0x00000130       0x26 main.o
 .comment       0x00000156       0x26 cbuffer.o
 .comment       0x0000017c       0x26 system.o
 .comment       0x000001a2       0x26 line.o
 .comment       0x000001c8       0x26 station.o
 .comment       0x000001ee       0x26 log.o
 .comment       0x00000214       0x26 goodies.o
 .comment       0x0000023a       0x26 esc_types.o
 .comment       0x00000260       0x26 string.o
 .comment       0x00000286       0x26 dictionary.o
 .comment       0x000002ac       0x26 sound.o
 .comment       0x000002d2       0x26 router.o
 .comment       0x000002f8       0x26 /usr/lib/gcc-lib/ntox86/2.95.2/exceptions/libgcc.a(_cmpdi2.o)
 .comment       0x0000031e       0x26 /x86/lib/libc.a(slog.o)
 .comment       0x00000344       0x26 /usr/lib/gcc-lib/ntox86/2.95.2/crtendC++.o

.debug          0x00000000   0x48d4b4
 *(.debug)
 .debug         0x00000000    0x4e2d0 abmain.o
 .debug         0x0004e2d0    0x4ce84 alert.o
 .debug         0x0009b154    0x4c4e8 archive.o
 .debug         0x000e763c    0x4c32c ctrl_widget.o
 .debug         0x00133968    0x4ccbc draw.o
 .debug         0x00180624    0x4f848 escalator.o
 .debug         0x001cfe6c    0x4d854 filter.o
 .debug         0x0021d6c0    0x4e5a0 main.o
 .debug         0x0026bc60     0x1988 cbuffer.o
 .debug         0x0026d5e8    0x4cda4 system.o
 .debug         0x002ba38c    0x3ef6c line.o
 .debug         0x002f92f8    0x4c64c station.o
 .debug         0x00345944    0x4daf0 log.o
 .debug         0x00393434     0x1eac goodies.o
 .debug         0x003952e0    0x4cd98 esc_types.o
 .debug         0x003e2078     0x3280 string.o
 .debug         0x003e52f8    0x4c9f0 dictionary.o
 .debug         0x00431ce8     0xe3b8 sound.o
 .debug         0x004400a0    0x4d2ac router.o
 .debug         0x0048d34c      0x168 /usr/lib/gcc-lib/ntox86/2.95.2/exceptions/libgcc.a(_cmpdi2.o)

.line           0x00000000     0x6d9e
 *(.line)
 .line          0x00000000       0x76 abmain.o
 .line          0x00000076      0x328 alert.o
 .line          0x0000039e       0xc6 archive.o
 .line          0x00000464       0x6c ctrl_widget.o
 .line          0x000004d0      0x288 draw.o
 .line          0x00000758     0x1ed0 escalator.o
 .line          0x00002628      0xbb6 filter.o
 .line          0x000031de      0xe72 main.o
 .line          0x00004050      0x274 cbuffer.o
 .line          0x000042c4      0x45e system.o
 .line          0x00004722       0xa8 line.o
 .line          0x000047ca      0x1a2 station.o
 .line          0x0000496c      0x7ec log.o
 .line          0x00005158      0x1de goodies.o
 .line          0x00005336      0x526 esc_types.o
 .line          0x0000585c      0x26a string.o
 .line          0x00005ac6      0x1e8 dictionary.o
 .line          0x00005cae      0x56c sound.o
 .line          0x0000621a      0xb84 router.o

.debug_srcinfo  0x00000000      0x2c4
 *(.debug_srcinfo)
 .debug_srcinfo
                0x00000000       0x24 abmain.o
 .debug_srcinfo
                0x00000024       0x24 alert.o
 .debug_srcinfo
                0x00000048       0x24 archive.o
 .debug_srcinfo
                0x0000006c       0x24 ctrl_widget.o
 .debug_srcinfo
                0x00000090       0x24 draw.o
 .debug_srcinfo
                0x000000b4       0x24 escalator.o
 .debug_srcinfo
                0x000000d8       0x24 filter.o
 .debug_srcinfo
                0x000000fc       0x2c main.o
 .debug_srcinfo
                0x00000128       0x24 cbuffer.o
 .debug_srcinfo
                0x0000014c       0x24 system.o
 .debug_srcinfo
                0x00000170       0x24 line.o
 .debug_srcinfo
                0x00000194       0x24 station.o
 .debug_srcinfo
                0x000001b8       0x2c log.o
 .debug_srcinfo
                0x000001e4       0x24 goodies.o
 .debug_srcinfo
                0x00000208       0x24 esc_types.o
 .debug_srcinfo
                0x0000022c       0x2c string.o
 .debug_srcinfo
                0x00000258       0x24 dictionary.o
 .debug_srcinfo
                0x0000027c       0x24 sound.o
 .debug_srcinfo
                0x000002a0       0x24 router.o

.debug_sfnames  0x00000000      0x593
 *(.debug_sfnames)
 .debug_sfnames
                0x00000000       0x48 abmain.o
 .debug_sfnames
                0x00000048       0x48 alert.o
 .debug_sfnames
                0x00000090       0x4a archive.o
 .debug_sfnames
                0x000000da       0x4e ctrl_widget.o
 .debug_sfnames
                0x00000128       0x47 draw.o
 .debug_sfnames
                0x0000016f       0x4c escalator.o
 .debug_sfnames
                0x000001bb       0x49 filter.o
 .debug_sfnames
                0x00000204       0x53 main.o
 .debug_sfnames
                0x00000257       0x4a cbuffer.o
 .debug_sfnames
                0x000002a1       0x49 system.o
 .debug_sfnames
                0x000002ea       0x47 line.o
 .debug_sfnames
                0x00000331       0x4a station.o
 .debug_sfnames
                0x0000037b       0x4f log.o
 .debug_sfnames
                0x000003ca       0x4a goodies.o
 .debug_sfnames
                0x00000414       0x4c esc_types.o
 .debug_sfnames
                0x00000460       0x55 string.o
 .debug_sfnames
                0x000004b5       0x4d dictionary.o
 .debug_sfnames
                0x00000502       0x48 sound.o
 .debug_sfnames
                0x0000054a       0x49 router.o

.debug_aranges  0x00000000      0x544
 *(.debug_aranges)
 .debug_aranges
                0x00000000       0x4c abmain.o
 .debug_aranges
                0x0000004c       0x4c alert.o
 .debug_aranges
                0x00000098       0x44 archive.o
 .debug_aranges
                0x000000dc       0x44 ctrl_widget.o
 .debug_aranges
                0x00000120       0x44 draw.o
 .debug_aranges
                0x00000164       0x54 escalator.o
 .debug_aranges
                0x000001b8       0x4c filter.o
 .debug_aranges
                0x00000204       0x84 main.o
 .debug_aranges
                0x00000288       0x34 cbuffer.o
 .debug_aranges
                0x000002bc       0x44 system.o
 .debug_aranges
                0x00000300       0x2c line.o
 .debug_aranges
                0x0000032c       0x44 station.o
 .debug_aranges
                0x00000370       0x4c log.o
 .debug_aranges
                0x000003bc       0x2c goodies.o
 .debug_aranges
                0x000003e8       0x5c esc_types.o
 .debug_aranges
                0x00000444       0x34 string.o
 .debug_aranges
                0x00000478       0x44 dictionary.o
 .debug_aranges
                0x000004bc       0x34 sound.o
 .debug_aranges
                0x000004f0       0x54 router.o

.debug_pubnames
                0x00000000     0x24ae
 *(.debug_pubnames)
 .debug_pubnames
                0x00000000      0xc2a abmain.o
 .debug_pubnames
                0x00000c2a      0x17f alert.o
 .debug_pubnames
                0x00000da9      0x105 archive.o
 .debug_pubnames
                0x00000eae       0xd8 ctrl_widget.o
 .debug_pubnames
                0x00000f86       0xe0 draw.o
 .debug_pubnames
                0x00001066      0x42f escalator.o
 .debug_pubnames
                0x00001495      0x229 filter.o
 .debug_pubnames
                0x000016be      0x387 main.o
 .debug_pubnames
                0x00001a45       0x66 cbuffer.o
 .debug_pubnames
                0x00001aab      0x182 system.o
 .debug_pubnames
                0x00001c2d       0x27 line.o
 .debug_pubnames
                0x00001c54       0xef station.o
 .debug_pubnames
                0x00001d43      0x1d8 log.o
 .debug_pubnames
                0x00001f1b       0x30 goodies.o
 .debug_pubnames
                0x00001f4b      0x1a0 esc_types.o
 .debug_pubnames
                0x000020eb       0x7a string.o
 .debug_pubnames
                0x00002165       0xcb dictionary.o
 .debug_pubnames
                0x00002230       0x87 sound.o
 .debug_pubnames
                0x000022b7      0x1ea router.o
 .debug_pubnames
                0x000024a1        0xd /usr/lib/gcc-lib/ntox86/2.95.2/exceptions/libgcc.a(_cmpdi2.o)

.debug_info
 *(.debug_info)

.debug_abbrev
 *(.debug_abbrev)

.debug_line
 *(.debug_line)

.debug_frame
 *(.debug_frame)

.debug_str
 *(.debug_str)

.debug_loc
 *(.debug_loc)

.debug_macinfo
 *(.debug_macinfo)

.debug_weaknames
 *(.debug_weaknames)

.debug_funcnames
 *(.debug_funcnames)

.debug_typenames
 *(.debug_typenames)

.debug_varnames
 *(.debug_varnames)
OUTPUT(spider elf32-i386)

.note           0x00000000      0x1cc
 .note          0x00000000       0x14 /usr/lib/gcc-lib/ntox86/2.95.2/crtbeginC++.o
 .note          0x00000014       0x14 abmain.o
 .note          0x00000028       0x14 alert.o
 .note          0x0000003c       0x14 archive.o
 .note          0x00000050       0x14 ctrl_widget.o
 .note          0x00000064       0x14 draw.o
 .note          0x00000078       0x14 escalator.o
 .note          0x0000008c       0x14 filter.o
 .note          0x000000a0       0x14 main.o
 .note          0x000000b4       0x14 cbuffer.o
 .note          0x000000c8       0x14 system.o
 .note          0x000000dc       0x14 line.o
 .note          0x000000f0       0x14 station.o
 .note          0x00000104       0x14 log.o
 .note          0x00000118       0x14 goodies.o
 .note          0x0000012c       0x14 esc_types.o
 .note          0x00000140       0x14 string.o
 .note          0x00000154       0x14 dictionary.o
 .note          0x00000168       0x14 sound.o
 .note          0x0000017c       0x14 router.o
 .note          0x00000190       0x14 /usr/lib/gcc-lib/ntox86/2.95.2/exceptions/libgcc.a(_cmpdi2.o)
 .note          0x000001a4       0x14 /x86/lib/libc.a(slog.o)
 .note          0x000001b8       0x14 /usr/lib/gcc-lib/ntox86/2.95.2/crtendC++.o
