Archive member included       because of file (symbol)

/usr/lib/gcc-lib/ntox86/2.95.2/exceptions/libgcc.a(_cmpdi2.o)
                              escalator.o (__cmpdi2)
/x86/lib/libc.a(slog.o)       system.o (vslogf)

Allocating common symbols
Common symbol       size              file

String type_info node
                    0x8               string.o
Type type_info node
                    0x8               esc_types.o
LogFilter type_info node
                    0x8               filter.o
Log type_info node  0x8               log.o
Net type_info node  0x8               router.o
metro_escalator::images
                    0x48              escalator.o
List<AlertRecord> type_info node
                    0x8               abmain.o
Sound type_info node
                    0x8               sound.o
Map<DictEntry> type_info node
                    0x8               abmain.o
Signal type_info node
                    0x8               esc_types.o
Block type_info node
                    0x8               esc_types.o
Router type_info node
                    0x8               router.o
AlertQueue type_info node
                    0x8               alert.o
Cbuffer_c type_info node
                    0x8               cbuffer.o
List<LogRecord> type_info node
                    0x8               abmain.o

Memory Configuration

Name             Origin             Length             Attributes
*default*        0x00000000         0xffffffff

Linker script and memory map

TARGET(elf32-i386)
LOAD /x86/lib/crt1.o
LOAD /x86/lib/crti.o
LOAD /usr/lib/gcc-lib/ntox86/2.95.2/crtbeginC++.o
LOAD abmain.o
LOAD alert.o
LOAD archive.o
LOAD ctrl_widget.o
LOAD draw.o
LOAD escalator.o
LOAD filter.o
LOAD main.o
LOAD cbuffer.o
LOAD system.o
LOAD line.o
LOAD station.o
LOAD log.o
LOAD goodies.o
LOAD esc_types.o
LOAD string.o
LOAD dictionary.o
LOAD sound.o
LOAD router.o
LOAD /x86/usr/lib/libphexlib.so
LOAD /x86/lib/libsocket.so
LOAD /x86/lib/libasound.so
LOAD /x86/lib/libsnmp.so
LOAD /x86/usr/lib/libAp.so
LOAD /x86/usr/lib/libph.so
LOAD /x86/usr/lib/libphrender.so
LOAD /x86/lib/libm.so
LOAD /x86/lib/libcpp.so
LOAD /x86/lib/libm.so
LOAD /usr/lib/gcc-lib/ntox86/2.95.2/exceptions/libgcc.a
LOAD /x86/lib/libc.so
LOAD /x86/lib/libc.a
LOAD /usr/lib/gcc-lib/ntox86/2.95.2/exceptions/libgcc.a
LOAD /usr/lib/gcc-lib/ntox86/2.95.2/crtendC++.o
LOAD /x86/lib/crtn.o
                0x080480f4                .=(0x8048000+SIZEOF_HEADERS)

.interp         0x080480f4       0x14
 *(.interp)
 .interp        0x080480f4       0x14 /usr/lib/gcc-lib/ntox86/2.95.2/crtbeginC++.o

.note0          0x08048108        0x0

.hash           0x08048108      0x4e0
 *(.hash)
 .hash          0x08048108      0x4e0 /usr/lib/gcc-lib/ntox86/2.95.2/crtbeginC++.o

.dynsym         0x080485e8      0xb30
 *(.dynsym)
 .dynsym        0x080485e8      0xb30 /usr/lib/gcc-lib/ntox86/2.95.2/crtbeginC++.o

.dynstr         0x08049118      0x8cf
 *(.dynstr)
 .dynstr        0x08049118      0x8cf /usr/lib/gcc-lib/ntox86/2.95.2/crtbeginC++.o

.gnu.version    0x080499e8        0x0
 *(.gnu.version)

.gnu.version_d  0x080499e8        0x0
 *(.gnu.version_d)

.gnu.version_r  0x080499e8        0x0
 *(.gnu.version_r)

.rel.init
 *(.rel.init)

.rela.init
 *(.rela.init)

.rel.text
 *(.rel.text)
 *(.rel.text.*)
 *(.rel.gnu.linkonce.t*)

.rela.text
 *(.rela.text)
 *(.rela.text.*)
 *(.rela.gnu.linkonce.t*)

.rel.fini
 *(.rel.fini)

.rela.fini
 *(.rela.fini)

.rel.rodata
 *(.rel.rodata)
 *(.rel.rodata.*)
 *(.rel.gnu.linkonce.r*)

.rela.rodata
 *(.rela.rodata)
 *(.rela.rodata.*)
 *(.rela.gnu.linkonce.r*)

.rel.data
 *(.rel.data)
 *(.rel.data.*)
 *(.rel.gnu.linkonce.d*)

.rela.data
 *(.rela.data)
 *(.rela.data.*)
 *(.rela.gnu.linkonce.d*)

.rel.ctors
 *(.rel.ctors)

.rela.ctors
 *(.rela.ctors)

.rel.dtors
 *(.rel.dtors)

.rela.dtors
 *(.rela.dtors)

.rel.got        0x080499e8       0x10
 *(.rel.got)
 .rel.got       0x080499e8       0x10 /usr/lib/gcc-lib/ntox86/2.95.2/crtbeginC++.o

.rela.got
 *(.rela.got)

.rel.sdata
 *(.rel.sdata)
 *(.rel.sdata.*)
 *(.rel.gnu.linkonce.s*)

.rela.sdata
 *(.rela.sdata)
 *(.rela.sdata.*)
 *(.rela.gnu.linkonce.s*)

.rel.sbss
 *(.rel.sbss)

.rela.sbss
 *(.rela.sbss)

.rel.bss        0x080499f8       0xc0
 *(.rel.bss)
 .rel.bss       0x080499f8       0xc0 /usr/lib/gcc-lib/ntox86/2.95.2/crtbeginC++.o

.rela.bss
 *(.rela.bss)

.rel.plt        0x08049ab8      0x478
 *(.rel.plt)
 .rel.plt       0x08049ab8      0x478 /usr/lib/gcc-lib/ntox86/2.95.2/crtbeginC++.o

.rela.plt
 *(.rela.plt)

.init           0x08049f30        0xd
 *(.init)
 .init          0x08049f30        0x5 /usr/lib/gcc-lib/ntox86/2.95.2/crtbeginC++.o
 .init          0x08049f35        0x5 /usr/lib/gcc-lib/ntox86/2.95.2/crtendC++.o
 .init          0x08049f3a        0x3 /x86/lib/crtn.o

.plt            0x08049f40      0x900
 *(.plt)
 .plt           0x08049f40      0x900 /usr/lib/gcc-lib/ntox86/2.95.2/crtbeginC++.o
                0x08049f50                strcpy
                0x08049f60                ioctl
                0x08049f70                printf
                0x08049f80                recv
                0x08049f90                connect
                0x08049fa0                pthread_create
                0x08049fb0                snd_pcm_close
                0x08049fc0                strerror
                0x08049fd0                PtFlush
                0x08049fe0                pthread_attr_init
                0x08049ff0                memmove
                0x0804a000                ApLinkWindow
                0x0804a010                timer_create
                0x0804a020                PtSetResources
                0x0804a030                PtGenListRemoveItems
                0x0804a040                PhChannelAttach
                0x0804a050                usleep
                0x0804a060                fscanf
                0x0804a070                fgets
                0x0804a080                snd_pcm_plugin_status
                0x0804a090                memcpy
                0x0804a0a0                pthread_cancel
                0x0804a0b0                perror
                0x0804a0c0                snd_pcm_open_preferred
                0x0804a0d0                ApCloseDBase
                0x0804a0e0                ApInitialize
                0x0804a0f0                malloc
                0x0804a100                sleep
                0x0804a110                vsnprintf
                0x0804a120                strtoul
                0x0804a130                itoa
                0x0804a140                socket
                0x0804a150                select
                0x0804a160                PgSetTextColor
                0x0804a170                __rtti_user
                0x0804a180                _PtSetResource
                0x0804a190                PtGetResources
                0x0804a1a0                snd_mixer_close
                0x0804a1b0                send
                0x0804a1c0                PfExtentText
                0x0804a1d0                PtGenListGetCurrent
                0x0804a1e0                MsgSendPulse
                0x0804a1f0                strrchr
                0x0804a200                snd_pcm_plugin_params
                0x0804a210                __throw
                0x0804a220                write
                0x0804a230                PtExit
                0x0804a240                ConnectDetach
                0x0804a250                strcat
                0x0804a260                PtWindowToFront
                0x0804a270                inet_addr
                0x0804a280                ntohl
                0x0804a290                __deregister_frame_info
                0x0804a2a0                PtSetParentWidget
                0x0804a2b0                setsockopt
                0x0804a2c0                fseek
                0x0804a2d0                PtGenListLastItem
                0x0804a2e0                PxTranslateToUTF
                0x0804a2f0                PgDrawText
                0x0804a300                __get_errno_ptr
                0x0804a310                snd_pcm_plugin_set_disable
                0x0804a320                PgExtentText
                0x0804a330                ApCreateModule
                0x0804a340                read
                0x0804a350                snd_pcm_plugin_setup
                0x0804a360                strncmp
                0x0804a370                ApGetTextRes
                0x0804a380                ApCreateWidget
                0x0804a390                strtok
                0x0804a3a0                PtAppAddInput
                0x0804a3b0                ConnectAttach
                0x0804a3c0                PtAlert
                0x0804a3d0                fread
                0x0804a3e0                snd_mixer_file_descriptor
                0x0804a3f0                ChannelDestroy
                0x0804a400                std::terminate(void)
                0x0804a410                _init_libc
                0x0804a420                fopen
                0x0804a430                localtime
                0x0804a440                memset
                0x0804a450                ftell
                0x0804a460                fclose
                0x0804a470                ntohs
                0x0804a480                inet_ntoa
                0x0804a490                ChannelCreate
                0x0804a4a0                time
                0x0804a4b0                MsgSendv
                0x0804a4c0                strcmp
                0x0804a4d0                pthread_mutex_unlock
                0x0804a4e0                ApGetWidgetPtr
                0x0804a4f0                ApOpenDBase
                0x0804a500                __builtin_vec_new
                0x0804a510                PtNotice
                0x0804a520                sprintf
                0x0804a530                atexit
                0x0804a540                MsgReceive
                0x0804a550                ApGetImageRes
                0x0804a560                ltoa
                0x0804a570                snd_pcm_plugin_write
                0x0804a580                PtRealizeWidget
                0x0804a590                pthread_self
                0x0804a5a0                getsockopt
                0x0804a5b0                localtime_r
                0x0804a5c0                strftime
                0x0804a5d0                __builtin_vec_delete
                0x0804a5e0                stat
                0x0804a5f0                PtGenListDrawBackground
                0x0804a600                PtCreateWidget
                0x0804a610                fwrite
                0x0804a620                htons
                0x0804a630                pthread_mutex_destroy
                0x0804a640                PtMainLoop
                0x0804a650                pthread_mutex_lock
                0x0804a660                exit
                0x0804a670                pthread_mutex_trylock
                0x0804a680                atoi
                0x0804a690                PtGenListAddItems
                0x0804a6a0                __builtin_delete
                0x0804a6b0                PtMultiTextModifyText
                0x0804a6c0                _PtGetResource
                0x0804a6d0                __builtin_new
                0x0804a6e0                PgSetFont
                0x0804a6f0                pthread_mutex_init
                0x0804a700                strlen
                0x0804a710                open
                0x0804a720                snd_mixer_open
                0x0804a730                __assert
                0x0804a740                abs
                0x0804a750                snd_pcm_plugin_prepare
                0x0804a760                strchr
                0x0804a770                PtListReplaceItemPos
                0x0804a780                snd_pcm_plugin_info
                0x0804a790                pthread_attr_setdetachstate
                0x0804a7a0                fcntl
                0x0804a7b0                snd_mixer_read
                0x0804a7c0                timer_settime
                0x0804a7d0                __register_frame_info
                0x0804a7e0                snd_pcm_plugin_flush
                0x0804a7f0                snd_pcm_file_descriptor
                0x0804a800                close
                0x0804a810                PfGenerateFontName
                0x0804a820                PtListAddItems
                0x0804a830                free

.text           0x0804a840     0xe7c6
                0x0804a840                _btext=.
 *(.text)
 .text          0x0804a840       0x5f /x86/lib/crt1.o
                0x0804a848                _start
 *fill*         0x0804a89f        0x1 37008
 .text          0x0804a8a0       0xf4 /usr/lib/gcc-lib/ntox86/2.95.2/crtbeginC++.o
 .text          0x0804a994       0x6e abmain.o
                0x0804a994                main
 *fill*         0x0804aa02        0x2 37008
 .text          0x0804aa04      0x656 alert.o
                0x0804ad58                NextAlert(Pt_widget *, ApInfo_t *, Pt_callback_info *)
                0x0804aa04                AlertQueue::AlertQueue(void)
                0x0804ab08                AlertQueue::AddAlert(char const *)
                0x0804aa68                AlertQueue::~AlertQueue(void)
                0x0804aff4                ActivateAlertBtn(Pt_widget *, ApInfo_t *, Pt_callback_info *)
 *fill*         0x0804b05a        0x2 37008
 .text          0x0804b05c       0xae archive.o
                0x0804b084                UnrealizeArchiveWnd(Pt_widget *, ApInfo_t *, Pt_callback_info *)
                0x0804b0a8                LoadArchive(Pt_widget *, ApInfo_t *, Pt_callback_info *)
                0x0804b05c                RealizeArchiveWnd(Pt_widget *, ApInfo_t *, Pt_callback_info *)
 *fill*         0x0804b10a        0x2 37008
 .text          0x0804b10c       0x36 ctrl_widget.o
                0x0804b10c                realize_log_wnd(Pt_widget *, ApInfo_t *, Pt_callback_info *)
                0x0804b134                select_escalator(Pt_widget *, ApInfo_t *, Pt_callback_info *)
 *fill*         0x0804b142        0x2 37008
 .text          0x0804b144      0x58c draw.o
                0x0804b144                draw_log_item(Pt_widget *, Pt_genlist_item *, unsigned int, unsigned int, Ph_rect *)
 .text          0x0804b6d0     0x32a6 escalator.o
                0x0804b854                ConfirmDirection(void)
                0x0804dd34                metro_escalator::UpdateLeds(void)
                0x0804b918                metro_escalator::~metro_escalator(void)
                0x0804e5f0                SetupPanel(Pt_widget *, ApInfo_t *, Pt_callback_info *)
                0x0804cc14                SelectEscalatorDirection(Pt_widget *, ApInfo_t *, Pt_callback_info *)
                0x0804d17c                ConnectToServer(unsigned int)
                0x0804e33c                RelizeEscalatorPanel(Pt_widget *, ApInfo_t *, Pt_callback_info *)
                0x0804e0d0                MoveUp(Pt_widget *, ApInfo_t *, Pt_callback_info *)
                0x0804e318                UnrealizeEscalatorPanel(Pt_widget *, ApInfo_t *, Pt_callback_info *)
                0x0804d5b8                SendBuffer(int, unsigned char *, int, unsigned char *)
                0x0804c150                metro_escalator::SetParam(int, int)
                0x0804e770                SetReverseEscalator(Pt_widget *, ApInfo_t *, Pt_callback_info *)
                0x0804d4f0                IsConnected(int, fd_set *, fd_set *, fd_set *)
                0x0804e2a0                MoveStop(Pt_widget *, ApInfo_t *, Pt_callback_info *)
                0x0804db6c                metro_escalator::GetData(void)
                0x0804c730                metro_escalator::SetState(unsigned long)
                0x0804c394                InflateBalloon(Pt_widget *, Pt_widget *, int, char *, char *, unsigned long, unsigned long)
                0x0804b6d0                metro_escalator::metro_escalator(void)
                0x0804dfdc                PopupControlMenu(Pt_widget *, ApInfo_t *, Pt_callback_info *)
                0x0804da9c                metro_escalator::CheckStatus(void)
                0x0804ca30                SetDownDirection(Pt_widget *, ApInfo_t *, Pt_callback_info *)
                0x0804dce8                metro_escalator::Start(void)
                0x0804dc60                metro_escalator::ConnectToChannel(int)
                0x0804c3bc                metro_escalator::SetData(void)
                0x0804d9a0                metro_escalator::SendCommand(unsigned char)
                0x0804e2f4                OnSaveDirections(Pt_widget *, ApInfo_t *, Pt_callback_info *)
                0x0804e954                OnChancelDirections(Pt_widget *, ApInfo_t *, Pt_callback_info *)
                0x0804e1b4                MoveDown(Pt_widget *, ApInfo_t *, Pt_callback_info *)
                0x0804c1d4                SetIndicator(Pt_widget *, char const *, int)
                0x0804c2b4                enable_header(Pt_widget *, int)
                0x0804dcc0                metro_escalator::DisconnectToChannel(void)
                0x0804bd40                metro_escalator::UpdateEscalator(void)
                0x0804c84c                SetUpDirection(Pt_widget *, ApInfo_t *, Pt_callback_info *)
                0x0804b9d0                metro_escalator::CreateWnd(AB_DBASE *, Pt_widget *, int, int)
                0x0804ce58                Run(void *)
                0x0804e708                DiscardBlocking(Pt_widget *, ApInfo_t *, Pt_callback_info *)
                0x0804c058                metro_escalator::UpdatePanel(int)
 *fill*         0x0804e976        0x2 37008
 .text          0x0804e978     0x1b93 filter.o
                0x0804eaa0                SelectRangeEscalator(Pt_widget *, ApInfo_t *, Pt_callback_info *)
                0x08050434                ResetFilter(Pt_widget *, ApInfo_t *, Pt_callback_info *)
                0x0804eaf0                SetLogFilter(Pt_widget *, ApInfo_t *, Pt_callback_info *)
                0x0804fb30                DisableAllTimeRange(Pt_widget *, ApInfo_t *, Pt_callback_info *)
                0x08050144                ActivateRangeEscalator(Pt_widget *, ApInfo_t *, Pt_callback_info *)
                0x0804fce4                SelectFilterStation(Pt_widget *, ApInfo_t *, Pt_callback_info *)
                0x0804eab0                CreateFilterDlg(Pt_widget *, ApInfo_t *, Pt_callback_info *)
                0x08050428                ShowFilter(Pt_widget *, ApInfo_t *, Pt_callback_info *)
                0x0804f148                RealizeFilterDlg(Pt_widget *, ApInfo_t *, Pt_callback_info *)
                0x0804e9e0                FillStationList(void)
                0x0804f97c                EnableAllTimeRange(Pt_widget *, ApInfo_t *, Pt_callback_info *)
                0x08050358                SelectAllRange(Pt_widget *, ApInfo_t *, Pt_callback_info *)
                0x0804e9ac                LogFilter::~LogFilter(void)
                0x0804ea90                SelectOneEscalator(Pt_widget *, ApInfo_t *, Pt_callback_info *)
                0x0804ff30                ActivateOneEscalator(Pt_widget *, ApInfo_t *, Pt_callback_info *)
                0x0804e978                LogFilter::LogFilter(void)
 *fill*         0x0805050b        0x1 37008
 .text          0x0805050c     0x294a main.o
                0x08052304                Initialize(int, char **)
                0x08051a80                CreateScheme(void)
                0x080506c8                TimerThread(void *)
                0x08052220                PulseReceiver(void *, int, void *, unsigned int)
                0x08052ac0                CloseMainWnd(Pt_widget *, ApInfo_t *, Pt_callback_info *)
                0x0805050c                PingThread(void *)
                0x08050854                LoadMap(char const *)
                0x08052914                Uninitialize(Pt_widget *, ApInfo_t *, Pt_callback_info *)
                0x08051e4c                ResizeScheme(Pt_widget *, ApInfo_t *, Pt_callback_info *)
                0x08052cb8                OpenArchive(Pt_widget *, ApInfo_t *, Pt_callback_info *)
                0x08052d04                ResizeEscConfig(Pt_widget *, ApInfo_t *, Pt_callback_info *)
                0x08052a50                RealizeMainWnd(Pt_widget *, ApInfo_t *, Pt_callback_info *)
                0x08052af0                FillEscConfList(Pt_widget *, ApInfo_t *, Pt_callback_info *)
 *fill*         0x08052e56        0x2 37008
 .text          0x08052e58      0x2f9 cbuffer.o
                0x08052e58                Cbuffer_c::Cbuffer_c(int)
                0x08052f28                Cbuffer_c::Create(int)
                0x08052eb8                Cbuffer_c::~Cbuffer_c(void)
                0x08053080                Cbuffer_c::Get(unsigned char *)
                0x08052fa4                Cbuffer_c::Add(unsigned char *, int)
 *fill*         0x08053151        0x3 37008
 .text          0x08053154      0x602 system.o
                0x080531b8                file_size(_Filet *)
                0x080533c0                SysMessage(int, char const *,...)
                0x080532b4                translate_string(char const *, char *, PxTransCtrl *)
                0x08053384                get_widget_scalar(Pt_widget *, long)
                0x0805356c                SaveDirections(char const *)
                0x08053154                error_msg(char *, int, char const *)
                0x080534f4                CRC(unsigned char const *, int)
                0x0805321c                extract_string(char const *, char *, char, char)
                0x08053640                LoadDirections(char const *)
 *fill*         0x08053756        0x2 37008
 .text          0x08053758       0xd9 line.o
                0x08053758                metro_line::metro_line(void)
                0x080537f8                metro_line::~metro_line(void)
 *fill*         0x08053831        0x3 37008
 .text          0x08053834      0x327 station.o
                0x08053834                metro_station::metro_station(void)
                0x0805390c                metro_station::create_wnd(AB_DBASE *, Pt_widget *, int, int, int, int)
                0x080538c8                metro_station::~metro_station(void)
 *fill*         0x08053b5b        0x1 37008
 .text          0x08053b5c      0xc2a log.o
                0x080542a4                RealizeLogWnd(Pt_widget *, ApInfo_t *, Pt_callback_info *)
                0x08053bd4                Log::~Log(void)
                0x08054404                CheckFilter(LogRecord const *)
                0x08054234                Log::ScrollDown(void)
                0x0805439c                Log::Clear(void)
                0x080546b8                Log::AttachWnd(Pt_widget *)
                0x08054770                Log::DetachWnd(void)
                0x08053f28                Log::Load(char const *)
                0x08053c54                Log::AddMessage(int, int, int, unsigned int *, unsigned long)
                0x080542c8                Log::FilterLogWnd(void)
                0x08053d94                Log::Save(char const *)
                0x08053b5c                Log::Log(void)
                0x080545c0                Log::Rotate(void)
                0x08054758                Log::GetWindow(void)
 *fill*         0x08054786        0x2 37008
 .text          0x08054788      0x21e goodies.o
                0x08054788                ErrorMsg(char const *)
                0x080547f4                StripSpaces(char *)
                0x080548e4                CRC16(unsigned char *, int)
 *fill*         0x080549a6        0x2 37008
 .text          0x080549a8     0x1423 esc_types.o
                0x08054a14                Type::~Type(void)
                0x08054eb8                Signal::~Signal(void)
                0x08054de0                Signal::CreateLed(Pt_widget *, int, int)
                0x080549a8                Type::Type(void)
                0x08054b40                Block::CreatePanel(Pt_widget *)
                0x08054d40                Signal::Signal(void)
                0x08054f18                FreeEscalatorTypes(void)
                0x08054f98                LoadEscalatorLibrary(char const *)
                0x08054c88                Block::~Block(void)
                0x08054ad0                Block::Block(void)
 *fill*         0x08055dcb        0x1 37008
 .text          0x08055dcc      0x266 string.o
                0x08055e50                String::~String(void)
                0x08055ea8                String::Set(char const *)
                0x08055dec                String::String(char const *)
                0x08055f70                String::Archive(_Filet *)
                0x08055dcc                String::String(void)
                0x08055fac                String::Load(_Filet *)
                0x08055f34                String::Get(char *, int)
                0x08056020                String::Length(void)
 *fill*         0x08056032        0x2 37008
 .text          0x08056034      0x383 dictionary.o
                0x08056034                LoadDictionary(char const *)
 *fill*         0x080563b7        0x1 37008
 .text          0x080563b8      0x992 sound.o
                0x080563b8                Sound::Sound(void)
                0x08056470                Sound::Init(void)
                0x080563e4                Sound::~Sound(void)
                0x08056764                CheckHdr(_Filet *)
                0x080566dc                FindTag(_Filet *, char const *)
                0x0805681c                Player(void *)
                0x08056668                Sound::Play(char *)
 *fill*         0x08056d4a        0x2 37008
 .text          0x08056d4c     0x12a2 router.o
                0x08056f0c                Router::~Router(void)
                0x08057594                ConnectToServer(unsigned int, int)
                0x08057a60                Router::Loop(void)
                0x08057998                Receive(int, unsigned char *, int)
                0x08057334                Router::LoadRight(char const *)
                0x08056fcc                Router::CreateTable(int)
                0x08056d84                Net::~Net(void)
                0x08056ee8                Router::AddRightLeafGate(char *)
                0x08056db8                Router::Router(void)
                0x08056d4c                Net::Net(void)
                0x08057554                Routing(void *)
                0x08057148                Router::LoadLeft(char const *)
                0x08057510                Router::Start(void)
                0x08057e70                ChangeRoute(in_addr *, in_addr *, int, int)
                0x08056ec4                Router::AddLeftLeafGate(char *)
 *fill*         0x08057fee        0x2 37008
 .text          0x08057ff0       0x35 /usr/lib/gcc-lib/ntox86/2.95.2/exceptions/libgcc.a(_cmpdi2.o)
                0x08057ff0                __cmpdi2
 *fill*         0x08058025        0x3 37008
 .text          0x08058028      0x27a /x86/lib/libc.a(slog.o)
                0x080581e0                vslogf
                0x08058138                slogi
                0x080580f4                slogb
                0x08058288                slogf
 *fill*         0x080582a2        0x2 37008
 .text          0x080582a4       0x5c /usr/lib/gcc-lib/ntox86/2.95.2/crtendC++.o
 *(.text.*)
 *(.stub)
 *(.gnu.warning)
 *(.gnu.linkonce.t*)
 .gnu.linkonce.t.__tft4List1Z9LogRecord
                0x08058300       0x32 abmain.o
                0x08058300                List<LogRecord> type_info function
 *fill*         0x08058332        0x2 37008
 .gnu.linkonce.t.__tft4List1Z11AlertRecord
                0x08058334       0x32 abmain.o
                0x08058334                List<AlertRecord> type_info function
 *fill*         0x08058366        0x2 37008
 .gnu.linkonce.t.__tft3Map1Z9DictEntry
                0x08058368       0x32 abmain.o
                0x08058368                Map<DictEntry> type_info function
 *fill*         0x0805839a        0x2 37008
 .gnu.linkonce.t.__t4List1Z11AlertRecord
                0x0805839c       0x7e alert.o
                0x0805839c                List<AlertRecord>::List(void)
 *fill*         0x0805841a        0x2 37008
 .gnu.linkonce.t._._t4List1Z11AlertRecord
                0x0805841c       0x85 alert.o
                0x0805841c                List<AlertRecord>::~List(void)
 *fill*         0x080584a1        0x3 37008
 .gnu.linkonce.t.next__t4List1Z11AlertRecord
                0x080584a4       0x29 alert.o
                0x080584a4                List<AlertRecord>::next(void)
 *fill*         0x080584cd        0x3 37008
 .gnu.linkonce.t.Push__t4List1Z11AlertRecordP11AlertRecord
                0x080584d0      0x11d alert.o
                0x080584d0                List<AlertRecord>::Push(AlertRecord *)
 *fill*         0x080585ed        0x3 37008
 .gnu.linkonce.t.Pop__t4List1Z11AlertRecord
                0x080585f0       0x69 alert.o
                0x080585f0                List<AlertRecord>::Pop(void)
 *fill*         0x08058659        0x3 37008
 .gnu.linkonce.t.__tf10AlertQueue
                0x0805865c       0x2e alert.o
                0x0805865c                AlertQueue type_info function
 *fill*         0x0805868a        0x2 37008
 .gnu.linkonce.t.PtSetArg__FP12Pt_arg_entryUlUlUl
                0x0805868c       0x21 alert.o
                0x0805868c                PtSetArg(Pt_arg_entry *, unsigned long, unsigned long, unsigned long)
 *fill*         0x080586ad        0x3 37008
 .gnu.linkonce.t.first__t4List1Z11AlertRecord
                0x080586b0        0xd alert.o
                0x080586b0                List<AlertRecord>::first(void)
 *fill*         0x080586bd        0x3 37008
 .gnu.linkonce.t.GetSize__t4List1Z11AlertRecord
                0x080586c0        0xf alert.o
                0x080586c0                List<AlertRecord>::GetSize(void)
 *fill*         0x080586cf        0x1 37008
 .gnu.linkonce.t.last__t4List1Z11AlertRecord
                0x080586d0       0x12 alert.o
                0x080586d0                List<AlertRecord>::last(void)
 *fill*         0x080586e2        0x2 37008
 .gnu.linkonce.t.PtGenTreeGetCurrent
                0x080586e4       0x41 archive.o
                0x080586e4                PtGenTreeGetCurrent
 *fill*         0x08058725        0x3 37008
 .gnu.linkonce.t.GetByKey__t3Map1Z9DictEntryUl
                0x08058728       0x79 draw.o
                0x08058728                Map<DictEntry>::GetByKey(unsigned long)
 *fill*         0x080587a1        0x3 37008
 .gnu.linkonce.t.GetID__15metro_escalator
                0x080587a4       0x16 escalator.o
                0x080587a4                metro_escalator::GetID(void)
 *fill*         0x080587ba        0x2 37008
 .gnu.linkonce.t.GetNumber__15metro_escalator
                0x080587bc       0x16 escalator.o
                0x080587bc                metro_escalator::GetNumber(void)
 *fill*         0x080587d2        0x2 37008
 .gnu.linkonce.t.__tf9LogFilter
                0x080587d4       0x2e filter.o
                0x080587d4                LogFilter type_info function
 *fill*         0x08058802        0x2 37008
 .gnu.linkonce.t.__t3Map1Z9DictEntry
                0x08058804       0x85 main.o
                0x08058804                Map<DictEntry>::Map(void)
 *fill*         0x08058889        0x3 37008
 .gnu.linkonce.t._._t3Map1Z9DictEntry
                0x0805888c       0x9d main.o
                0x0805888c                Map<DictEntry>::~Map(void)
 *fill*         0x08058929        0x3 37008
 .gnu.linkonce.t.strchr__3stdPci
                0x0805892c       0x33 main.o
                0x0805892c                std::strchr(char *, int)
 *fill*         0x0805895f        0x1 37008
 .gnu.linkonce.t.__tf9Cbuffer_c
                0x08058960       0x2e cbuffer.o
                0x08058960                Cbuffer_c type_info function
 *fill*         0x0805898e        0x2 37008
 .gnu.linkonce.t.strrchr__3stdPci
                0x08058990       0x33 system.o
                0x08058990                std::strrchr(char *, int)
 *fill*         0x080589c3        0x1 37008
 .gnu.linkonce.t.__t4List1Z9LogRecord
                0x080589c4       0x7e log.o
                0x080589c4                List<LogRecord>::List(void)
 *fill*         0x08058a42        0x2 37008
 .gnu.linkonce.t._._t4List1Z9LogRecord
                0x08058a44       0x85 log.o
                0x08058a44                List<LogRecord>::~List(void)
 *fill*         0x08058ac9        0x3 37008
 .gnu.linkonce.t.Pop__t4List1Z9LogRecord
                0x08058acc       0x69 log.o
                0x08058acc                List<LogRecord>::Pop(void)
 *fill*         0x08058b35        0x3 37008
 .gnu.linkonce.t.Push__t4List1Z9LogRecordP9LogRecord
                0x08058b38      0x11d log.o
                0x08058b38                List<LogRecord>::Push(LogRecord *)
 *fill*         0x08058c55        0x3 37008
 .gnu.linkonce.t.next__t4List1Z9LogRecord
                0x08058c58       0x29 log.o
                0x08058c58                List<LogRecord>::next(void)
 *fill*         0x08058c81        0x3 37008
 .gnu.linkonce.t.__tf3Log
                0x08058c84       0x2e log.o
                0x08058c84                Log type_info function
 *fill*         0x08058cb2        0x2 37008
 .gnu.linkonce.t.first__t4List1Z9LogRecord
                0x08058cb4        0xd log.o
                0x08058cb4                List<LogRecord>::first(void)
 *fill*         0x08058cc1        0x3 37008
 .gnu.linkonce.t.GetSize__t4List1Z9LogRecord
                0x08058cc4        0xf log.o
                0x08058cc4                List<LogRecord>::GetSize(void)
 *fill*         0x08058cd3        0x1 37008
 .gnu.linkonce.t.__tf6Signal
                0x08058cd4       0x32 esc_types.o
                0x08058cd4                Signal type_info function
 *fill*         0x08058d06        0x2 37008
 .gnu.linkonce.t.__tf5Block
                0x08058d08       0x32 esc_types.o
                0x08058d08                Block type_info function
 *fill*         0x08058d3a        0x2 37008
 .gnu.linkonce.t.__tf4Type
                0x08058d3c       0x32 esc_types.o
                0x08058d3c                Type type_info function
 *fill*         0x08058d6e        0x2 37008
 .gnu.linkonce.t.__tf6String
                0x08058d70       0x2e string.o
                0x08058d70                String type_info function
 *fill*         0x08058d9e        0x2 37008
 .gnu.linkonce.t.Push__t3Map1Z9DictEntryP9DictEntryUl
                0x08058da0      0x1d8 dictionary.o
                0x08058da0                Map<DictEntry>::Push(DictEntry *, unsigned long)
 .gnu.linkonce.t.__tf5Sound
                0x08058f78       0x2e sound.o
                0x08058f78                Sound type_info function
 *fill*         0x08058fa6        0x2 37008
 .gnu.linkonce.t.__tf3Net
                0x08058fa8       0x2e router.o
                0x08058fa8                Net type_info function
 *fill*         0x08058fd6        0x2 37008
 .gnu.linkonce.t.__tf6Router
                0x08058fd8       0x2e router.o
                0x08058fd8                Router type_info function
                0x08059006                _etext=.
                0x08059006                PROVIDE (etext, .)

.fini           0x08059006        0x8
 *(.fini)
 .fini          0x08059006        0x5 /usr/lib/gcc-lib/ntox86/2.95.2/crtbeginC++.o
 .fini          0x0805900b        0x3 /x86/lib/crtn.o

.rodata         0x08059020     0x2d9d
 *(.rodata)
 .rodata        0x08059020     0x14a4 abmain.o
                0x080591a8                ABN_mask_stop
                0x080591c4                ABN_stopMsg
                0x08059138                ABN_Scheme
                0x08059160                ABN_grey_stop
                0x08059204                ABN_yellow_s_up
                0x0805915c                ABN_green_up
                0x080591e8                ABN_blue_cont_down
                0x08059130                ABN_AlertTime
                0x08059148                ABN_escalator_num
                0x0805924c                ABN_OneEscalatorLabel
                0x080592a0                ABN_SignalPanel
                0x080591dc                ABN_block_yellow_led
                0x0805928c                ABN_SetEscDownBtn
                0x080591fc                ABN_red_s_down
                0x080592d4                ABN_ArchiveLogCancelBtn
                0x08059284                ABN_EscDirectionList
                0x080592a4                ABN_mode_header
                0x0805919c                ABN_yellow_led
                0x08059144                ABN_Arrow
                0x08059218                ABN_LedBalloon
                0x0805917c                ABN_led_tu
                0x080592e4                ABN_MoveDown
                0x08059288                ABN_SetEscReverseBtn
                0x08059280                ABN_EscConfig
                0x08059294                ABN_EscConfCancel
                0x08059298                ABN_EscConfDone
                0x08059164                ABN_grey_down
                0x0805922c                ABN_AllTimeRangeBtn1
                0x08059188                ABN_red_down
                0x080592b4                ABN_PanelTitle
                0x080592b0                ABN_ReadyIndicator
                0x0805918c                ABN_yellow_up
                0x080592d0                ABN_ArchiveLogOpenBtn
                0x08059150                ABN_left_scroll_disable
                0x080591ec                ABN_blue_red_up
                0x0805927c                ABN_LogFilterOK
                0x08059260                ABN_RangeEndNumeric
                0x0805913c                ABN_interface
                0x08059100                ABN_main_wnd
                0x08059174                ABN_blue_up
                0x08059104                ABN_os_container
                0x08059268                ABN_SysMsgBtn
                0x08059220                ABN_StartMinNumeric
                0x08059258                ABN_RangeStartNumeric
                0x08059240                ABN_StationList
                0x080591d0                ABN_block_blue_led
                0x080592e0                ABN_MoveStop
                0x08059230                ABN_EndMinNumeric
                0x080591b8                ABN_log_ok_image
                0x080592ac                ABN_ready_header
                0x0805914c                ABN_blocking
                0x08059158                ABN_station_wnd
                0x08059264                ABN_AllRangeBtn
                0x080591c8                ABN_warnMsg
                0x08059154                ABN_right_scroll_disable
                0x080591bc                ABN_log_net_image
                0x0805920c                ABN_green_down
                0x08059170                ABN_green_stop
                0x080592c8                ABN_ArchiveLog
                0x08059208                ABN_yellow_s_down
                0x08059244                ABN_OneEscalatorBtn
                0x08059180                ABN_red_up
                0x080592a8                ABN_ModeIndicator
                0x0805921c                ABN_LogFilterDlg
                0x080591e0                ABN_grey_off
                0x08059214                ABN_green_s_down
                0x08059140                ABN_escalator_wnd
                0x0805910c                ABN_log_wnd
                0x08059110                ABN_toolBar
                0x080591a0                ABN_blue_led
                0x08059228                ABN_CalendarStart
                0x08059184                ABN_red_stop
                0x08059274                ABN_LocalMsgBtn
                0x08059168                ABN_led_b
                0x080590f4                ABI_interface
                0x0805916c                ABN_blue_down
                0x0805926c                ABN_AlertMsgBtn
                0x080591f4                ABN_blue_yellow_up
                0x080592d8                ABN_EscalatorMenu
                0x0805912c                ABN_AlertOK
                0x0805923c                ABN_AllTimeRangeBtn2
                0x080591e4                ABN_blue_cont_up
                0x080592cc                ABN_ArchiveLogWnd
                0x080591f0                ABN_blue_red_down
                0x08059234                ABN_EndHourNumeric
                0x08059224                ABN_StartHourNumeric
                0x08059248                ABN_RangeEscalatorBtn
                0x08059190                ABN_yellow_stop
                0x08059250                ABN_OneEscalatorNumeric
                0x08059194                ABN_yellow_down
                0x080591a4                ABN_mask_up
                0x08059178                ABN_green_led
                0x080592dc                ABN_MoveUp
                0x080591f8                ABN_blue_yellow_down
                0x080591cc                ABN_block_green_led
                0x0805911c                ABN_ResetFilter
                0x08059198                ABN_red_led
                0x080591b0                ABN_cursor
                0x080590f8                ABI_LogFilterDlg
                0x08059108                ABN_log_status
                0x08059254                ABN_RangeStartLabel
                0x08059290                ABN_SetEscUpBtn
                0x080591d8                ABN_block_red_led
                0x08059270                ABN_BlockMsgBtn
                0x08059238                ABN_CalendarEnd
                0x080592bc                ABN_ArchiveFiles
                0x08059120                ABN_ArchiveBtn
                0x08059278                ABN_LogFIlterCancel
                0x08059210                ABN_green_s_up
                0x080592b8                ABN_ArchiveDlg
                0x080591c0                ABN_infoMsg
                0x080591b4                ABN_log_alert_image
                0x080591d4                ABN_block_grey_led
                0x080592c4                ABN_ArchiveCancelBtn
                0x08059200                ABN_red_s_up
                0x08059114                ABN_EscConfigBtn
                0x08059134                ABN_AlertCounter
                0x0805925c                ABN_RangeEndLabel
                0x08059128                ABN_AlertMsg
                0x080592c0                ABN_LoadArchiveBtn
                0x08059118                ABN_FilterBtn
                0x0805929c                ABN_SignalDlg
                0x080591ac                ABN_mask_down
                0x08059124                ABN_AlertWnd
                0x080590fc                ABI_EscalatorMenu
 .rodata        0x0805a4c4       0x93 alert.o
 .rodata        0x0805a557       0x3b archive.o
 .rodata        0x0805a592       0x3b ctrl_widget.o
 .rodata        0x0805a5cd      0x2d4 draw.o
 *fill*         0x0805a8a1       0x1f
 .rodata        0x0805a8c0      0x5b2 escalator.o
 *fill*         0x0805ae72        0xe
 .rodata        0x0805ae80       0xf7 filter.o
 *fill*         0x0805af77        0x9
 .rodata        0x0805af80      0x5f9 main.o
                0x0805af80                ApOptions
 .rodata        0x0805b579        0xb cbuffer.o
 .rodata        0x0805b584       0x74 system.o
 .rodata        0x0805b5f8       0x52 station.o
 *fill*         0x0805b64a       0x16
 .rodata        0x0805b660      0x217 log.o
 .rodata        0x0805b877       0x1e goodies.o
 *fill*         0x0805b895        0xb
 .rodata        0x0805b8a0      0x10c esc_types.o
 .rodata        0x0805b9ac        0x8 string.o
 *fill*         0x0805b9b4        0xc
 .rodata        0x0805b9c0       0xd0 dictionary.o
 .rodata        0x0805ba90       0x33 sound.o
 *fill*         0x0805bac3       0x1d
 .rodata        0x0805bae0      0x2d1 router.o
 .rodata        0x0805bdb1        0xc /x86/lib/libc.a(slog.o)
 *(.rodata.*)
 *(.gnu.linkonce.r*)

.rodata1
 *(.rodata1)
                0x0805cdbd                .=(ALIGN(0x1000)+(.&0xfff))

.data           0x0805cdc0      0x808
 *(.data)
 .data          0x0805cdc0        0x8 /usr/lib/gcc-lib/ntox86/2.95.2/crtbeginC++.o
 *fill*         0x0805cdc8       0x18
 .data          0x0805cde0      0x280 abmain.o
                0x0805cf58                ArchiveLog
                0x0805cde0                AbInternalLinks
                0x0805d000                EscalatorMenu
                0x0805cf10                EscConfig
                0x0805cee4                interface
                0x0805cef8                LogFilterDlg
                0x0805cf28                SignalDlg
                0x0805d040                AbContext
                0x0805ced0                main_wnd
                0x0805cf40                ArchiveDlg
 .data          0x0805d060      0x130 draw.o
                0x0805d060                blockingNames
 *fill*         0x0805d190       0x10
 .data          0x0805d1a0       0x70 escalator.o
                0x0805d204                control
                0x0805d1b0                g_selectDirection
                0x0805d200                curEscalator
                0x0805d1a4                sendMutex
                0x0805d1c4                mode_text
                0x0805d1b8                metro_escalator::paneled
                0x0805d1bc                metro_escalator::reference
                0x0805d1e0                ready_text
                0x0805d1c0                metro_escalator::init_images
                0x0805d1ac                g_selectedEscalator
                0x0805d1b4                g_paneledEsc
                0x0805d1a0                metro_escalator::panel
 .data          0x0805d210       0x48 main.o
                0x0805d230                g_msgDialogFont
                0x0805d214                g_stations
                0x0805d218                g_escalators
                0x0805d24c                g_rightGate
                0x0805d21c                g_lineNum
                0x0805d240                g_leftGate
                0x0805d22c                g_escTypeNum
                0x0805d224                g_escalatorNum
                0x0805d238                g_debugFile
                0x0805d23c                escal_count
                0x0805d228                g_escTypes
                0x0805d210                g_lines
                0x0805d234                g_chanID
                0x0805d220                g_stationNum
 *fill*         0x0805d258        0x8
 .data          0x0805d260      0x200 system.o
                0x0805d260                g_CRCHi
                0x0805d360                g_CRCLo
 .data          0x0805d460        0x4 station.o
                0x0805d460                metro_station::reference
 .data          0x0805d464        0x8 sound.o
                0x0805d464                RiffId
                0x0805d468                WaveId
 .data          0x0805d46c        0x8 router.o
                0x0805d46c                activeHost
                0x0805d470                breakLine
 .data          0x0805d474        0x4 /x86/lib/libc.a(slog.o)
                0x0805d474                _slogfd
 *(.data.*)
 *(.gnu.linkonce.d*)
 .gnu.linkonce.d._vt.10AlertQueue
                0x0805d478       0x18 alert.o
                0x0805d478                AlertQueue virtual table
 .gnu.linkonce.d._vt.t4List1Z11AlertRecord
                0x0805d490       0x18 alert.o
                0x0805d490                List<AlertRecord> virtual table
 .gnu.linkonce.d._vt.9LogFilter
                0x0805d4a8       0x18 filter.o
                0x0805d4a8                LogFilter virtual table
 .gnu.linkonce.d._vt.t3Map1Z9DictEntry
                0x0805d4c0       0x18 main.o
                0x0805d4c0                Map<DictEntry> virtual table
 .gnu.linkonce.d._vt.9Cbuffer_c
                0x0805d4d8       0x18 cbuffer.o
                0x0805d4d8                Cbuffer_c virtual table
 .gnu.linkonce.d._vt.3Log
                0x0805d4f0       0x18 log.o
                0x0805d4f0                Log virtual table
 .gnu.linkonce.d._vt.t4List1Z9LogRecord
                0x0805d508       0x18 log.o
                0x0805d508                List<LogRecord> virtual table
 .gnu.linkonce.d._vt.4Type
                0x0805d520       0x18 esc_types.o
                0x0805d520                Type virtual table
 .gnu.linkonce.d._vt.5Block
                0x0805d538       0x18 esc_types.o
                0x0805d538                Block virtual table
 .gnu.linkonce.d._vt.6Signal
                0x0805d550       0x18 esc_types.o
                0x0805d550                Signal virtual table
 .gnu.linkonce.d._vt.6String
                0x0805d568       0x18 string.o
                0x0805d568                String virtual table
 .gnu.linkonce.d._vt.5Sound
                0x0805d580       0x18 sound.o
                0x0805d580                Sound virtual table
 .gnu.linkonce.d._vt.6Router
                0x0805d598       0x18 router.o
                0x0805d598                Router virtual table
 .gnu.linkonce.d._vt.3Net
                0x0805d5b0       0x18 router.o
                0x0805d5b0                Net virtual table

.data1
 *(.data1)

.eh_frame       0x0805d5c8     0x2138
 *(.eh_frame)
 .eh_frame      0x0805d5c8       0x8c abmain.o
 .eh_frame      0x0805d654      0x244 alert.o
 .eh_frame      0x0805d898       0xdc archive.o
 .eh_frame      0x0805d974       0x9c ctrl_widget.o
 .eh_frame      0x0805da10       0xc0 draw.o
 .eh_frame      0x0805dad0      0x5dc escalator.o
 .eh_frame      0x0805e0ac      0x26c filter.o
 .eh_frame      0x0805e318      0x38c main.o
 .eh_frame      0x0805e6a4       0xd8 cbuffer.o
 .eh_frame      0x0805e77c      0x1d0 system.o
 .eh_frame      0x0805e94c       0x60 line.o
 .eh_frame      0x0805e9ac      0x100 station.o
 .eh_frame      0x0805eaac      0x34c log.o
 .eh_frame      0x0805edf8       0x6c goodies.o
 .eh_frame      0x0805ee64      0x280 esc_types.o
 .eh_frame      0x0805f0e4      0x12c string.o
 .eh_frame      0x0805f210       0xb0 dictionary.o
 .eh_frame      0x0805f2c0      0x10c sound.o
 .eh_frame      0x0805f3cc      0x2fc router.o
 .eh_frame      0x0805f6c8       0x34 /usr/lib/gcc-lib/ntox86/2.95.2/exceptions/libgcc.a(_cmpdi2.o)
 .eh_frame      0x0805f6fc        0x4 /usr/lib/gcc-lib/ntox86/2.95.2/crtendC++.o

.gcc_except_table
                0x0805f700      0x438
 *(.gcc_except_table)
 .gcc_except_table
                0x0805f700       0xe6 alert.o
 *fill*         0x0805f7e6        0x2
 .gcc_except_table
                0x0805f7e8       0x48 escalator.o
 .gcc_except_table
                0x0805f830       0x78 main.o
 .gcc_except_table
                0x0805f8a8       0x20 line.o
 .gcc_except_table
                0x0805f8c8       0x3c station.o
 .gcc_except_table
                0x0805f904       0xca log.o
 *fill*         0x0805f9ce        0x2
 .gcc_except_table
                0x0805f9d0       0xcc esc_types.o
 .gcc_except_table
                0x0805fa9c       0x9c router.o

.ctors          0x0805fb38        0xc
 *crtbegin.o(.ctors)
 EXCLUDE_FILE ( *crtend.o)*(.ctors)
 .ctors         0x0805fb38        0x4 /usr/lib/gcc-lib/ntox86/2.95.2/crtbeginC++.o
 .ctors         0x0805fb3c        0x4 main.o
 .ctors         0x0805fb40        0x4 /usr/lib/gcc-lib/ntox86/2.95.2/crtendC++.o
 *(SORT(.ctors.*))
 *(.ctors)

.dtors          0x0805fb44        0xc
 *crtbegin.o(.dtors)
 EXCLUDE_FILE ( *crtend.o)*(.dtors)
 .dtors         0x0805fb44        0x4 /usr/lib/gcc-lib/ntox86/2.95.2/crtbeginC++.o
 .dtors         0x0805fb48        0x4 main.o
 .dtors         0x0805fb4c        0x4 /usr/lib/gcc-lib/ntox86/2.95.2/crtendC++.o
 *(SORT(.dtors.*))
 *(.dtors)

.got            0x0805fb50      0x250
 *(.got.plt)
 .got.plt       0x0805fb50      0x248 /usr/lib/gcc-lib/ntox86/2.95.2/crtbeginC++.o
                0x0805fb50                _GLOBAL_OFFSET_TABLE_
 *(.got)
 .got           0x0805fd98        0x8 /usr/lib/gcc-lib/ntox86/2.95.2/crtbeginC++.o

.dynamic        0x0805fda0       0xd0
 *(.dynamic)
 .dynamic       0x0805fda0       0xd0 /usr/lib/gcc-lib/ntox86/2.95.2/crtbeginC++.o
                0x0805fda0                _DYNAMIC

.sdata
 *(.sdata)
 *(.sdata.*)
 *(.gnu.linkonce.s.*)
                0x0805fe70                _edata=.
                0x0805fe70                PROVIDE (edata, .)
                0x0805fe70                __bss_start=.

.sbss
 *(.dynsbss)
 *(.sbss)
 *(.sbss.*)
 *(.scommon)

.bss            0x0805fe80     0x1458
 *(.dynbss)
 .dynbss        0x0805fe80       0xa4 /usr/lib/gcc-lib/ntox86/2.95.2/crtbeginC++.o
                0x0805fe80                PtFileSel
                0x0805fe84                errno
                0x0805fe88                PtButton
                0x0805fe8c                _syspage_ptr
                0x0805fe90                PtDivider
                0x0805fe94                PtMenu
                0x0805fe98                PtPolygon
                0x0805fe9c                PtGroup
                0x0805fea0                PtNumericInteger
                0x0805fea4                PtSeparator
                0x0805fea8                PtRect
                0x0805feac                PtToggleButton
                0x0805feb0                PtClock
                0x0805feb4                PtRawList
                0x0805feb8                PtPane
                0x0805febc                PtCalendar
                0x0805fec0                PtList
                0x0805fec4                PtLabel
                0x0805fec8                PtMultiText
                0x0805fecc                PtComboBox
                0x0805fed0                PtOSContainer
                0x0805fed4                PtWindow
                0x0805fed8                _Ap_
                0x0805ff20                PtPanelGroup
 *(.bss)
 .bss           0x0805ff24       0x18 /usr/lib/gcc-lib/ntox86/2.95.2/crtbeginC++.o
 *fill*         0x0805ff3c        0x4
 .bss           0x0805ff40      0x1d8 abmain.o
                0x0805ff40                AbWidgets
 .bss           0x08060118        0x8 escalator.o
                0x0806011c                ledRowCount
                0x08060118                led_count
 .bss           0x08060120     0x10ec main.o
                0x08060e00                escal
                0x08060120                mainLog
                0x08060200                g_sound
                0x08060d60                g_router
                0x08060dc0                g_alertQueue
                0x08061204                pingTID
                0x080601e0                g_msgDictionary
                0x08060180                g_archiveLog
                0x08060da0                g_logFilter
                0x08061208                timerTID
                0x08061200                test_led
                0x08060de4                widget_dbase
                0x08060de8                translate_set
                0x08060dec                cfg_file
 *(.bss.*)
 *(COMMON)
 COMMON         0x0806120c       0x18 abmain.o
                                  0x0 (size before relaxing)
                0x0806120c                List<AlertRecord> type_info node
                0x08061214                Map<DictEntry> type_info node
                0x0806121c                List<LogRecord> type_info node
 COMMON         0x08061224        0x8 alert.o
                                  0x0 (size before relaxing)
                0x08061224                AlertQueue type_info node
 *fill*         0x0806122c       0x14
 COMMON         0x08061240       0x48 escalator.o
                                  0x0 (size before relaxing)
                0x08061240                metro_escalator::images
 COMMON         0x08061288        0x8 filter.o
                                  0x0 (size before relaxing)
                0x08061288                LogFilter type_info node
 COMMON         0x08061290        0x8 cbuffer.o
                                  0x0 (size before relaxing)
                0x08061290                Cbuffer_c type_info node
 COMMON         0x08061298        0x8 log.o
                                  0x0 (size before relaxing)
                0x08061298                Log type_info node
 COMMON         0x080612a0       0x18 esc_types.o
                                  0x0 (size before relaxing)
                0x080612a0                Type type_info node
                0x080612a8                Signal type_info node
                0x080612b0                Block type_info node
 COMMON         0x080612b8        0x8 string.o
                                  0x0 (size before relaxing)
                0x080612b8                String type_info node
 COMMON         0x080612c0        0x8 sound.o
                                  0x0 (size before relaxing)
                0x080612c0                Sound type_info node
 COMMON         0x080612c8       0x10 router.o
                                  0x0 (size before relaxing)
                0x080612c8                Net type_info node
                0x080612d0                Router type_info node
                0x080612d8                .=ALIGN(0x4)
                0x080612d8                .=ALIGN(0x4)
                0x080612d8                _end=.
                0x080612d8                PROVIDE (end, .)

.stab
 *(.stab)

.stabstr
 *(.stabstr)

.stab.excl
 *(.stab.excl)

.stab.exclstr
 *(.stab.exclstr)

.stab.index
 *(.stab.index)

.stab.indexstr
 *(.stab.indexstr)

.comment        0x00000000      0x36a
 *(.comment)
 .comment       0x00000000       0x26 /usr/lib/gcc-lib/ntox86/2.95.2/crtbeginC++.o
 .comment       0x00000026       0x26 abmain.o
 .comment       0x0000004c       0x26 alert.o
 .comment       0x00000072       0x26 archive.o
 .comment       0x00000098       0x26 ctrl_widget.o
 .comment       0x000000be       0x26 draw.o
 .comment       0x000000e4       0x26 escalator.o
 .comment       0x0000010a       0x26 filter.o
 .comment       0x00000130       0x26 main.o
 .comment       0x00000156       0x26 cbuffer.o
 .comment       0x0000017c       0x26 system.o
 .comment       0x000001a2       0x26 line.o
 .comment       0x000001c8       0x26 station.o
 .comment       0x000001ee       0x26 log.o
 .comment       0x00000214       0x26 goodies.o
 .comment       0x0000023a       0x26 esc_types.o
 .comment       0x00000260       0x26 string.o
 .comment       0x00000286       0x26 dictionary.o
 .comment       0x000002ac       0x26 sound.o
 .comment       0x000002d2       0x26 router.o
 .comment       0x000002f8       0x26 /usr/lib/gcc-lib/ntox86/2.95.2/exceptions/libgcc.a(_cmpdi2.o)
 .comment       0x0000031e       0x26 /x86/lib/libc.a(slog.o)
 .comment       0x00000344       0x26 /usr/lib/gcc-lib/ntox86/2.95.2/crtendC++.o

.debug          0x00000000   0x4b50f8
 *(.debug)
 .debug         0x00000000    0x50f34 abmain.o
 .debug         0x00050f34    0x4fcb4 alert.o
 .debug         0x000a0be8    0x4f314 archive.o
 .debug         0x000efefc    0x4f158 ctrl_widget.o
 .debug         0x0013f054    0x4f9c4 draw.o
 .debug         0x0018ea18    0x52264 escalator.o
 .debug         0x001e0c7c    0x50638 filter.o
 .debug         0x002312b4    0x51324 main.o
 .debug         0x002825d8     0x197c cbuffer.o
 .debug         0x00283f54    0x4fbd0 system.o
 .debug         0x002d3b24    0x3ef2c line.o
 .debug         0x00312a50    0x4f498 station.o
 .debug         0x00361ee8    0x50874 log.o
 .debug         0x003b275c     0x1ea0 goodies.o
 .debug         0x003b45fc    0x4fba0 esc_types.o
 .debug         0x0040419c     0x3274 string.o
 .debug         0x00407410    0x4f81c dictionary.o
 .debug         0x00456c2c     0xe3ac sound.o
 .debug         0x00464fd8    0x4ffb8 router.o
 .debug         0x004b4f90      0x168 /usr/lib/gcc-lib/ntox86/2.95.2/exceptions/libgcc.a(_cmpdi2.o)

.line           0x00000000     0x68d0
 *(.line)
 .line          0x00000000       0x76 abmain.o
 .line          0x00000076      0x328 alert.o
 .line          0x0000039e       0xc6 archive.o
 .line          0x00000464       0x6c ctrl_widget.o
 .line          0x000004d0      0x21a draw.o
 .line          0x000006ea     0x1bce escalator.o
 .line          0x000022b8      0xbac filter.o
 .line          0x00002e64      0xde6 main.o
 .line          0x00003c4a      0x274 cbuffer.o
 .line          0x00003ebe      0x45e system.o
 .line          0x0000431c       0xa8 line.o
 .line          0x000043c4      0x198 station.o
 .line          0x0000455c      0x7a6 log.o
 .line          0x00004d02      0x1de goodies.o
 .line          0x00004ee0      0x526 esc_types.o
 .line          0x00005406      0x26a string.o
 .line          0x00005670      0x1e8 dictionary.o
 .line          0x00005858      0x56c sound.o
 .line          0x00005dc4      0xb0c router.o

.debug_srcinfo  0x00000000      0x2c4
 *(.debug_srcinfo)
 .debug_srcinfo
                0x00000000       0x24 abmain.o
 .debug_srcinfo
                0x00000024       0x24 alert.o
 .debug_srcinfo
                0x00000048       0x24 archive.o
 .debug_srcinfo
                0x0000006c       0x24 ctrl_widget.o
 .debug_srcinfo
                0x00000090       0x24 draw.o
 .debug_srcinfo
                0x000000b4       0x24 escalator.o
 .debug_srcinfo
                0x000000d8       0x24 filter.o
 .debug_srcinfo
                0x000000fc       0x2c main.o
 .debug_srcinfo
                0x00000128       0x24 cbuffer.o
 .debug_srcinfo
                0x0000014c       0x24 system.o
 .debug_srcinfo
                0x00000170       0x24 line.o
 .debug_srcinfo
                0x00000194       0x24 station.o
 .debug_srcinfo
                0x000001b8       0x2c log.o
 .debug_srcinfo
                0x000001e4       0x24 goodies.o
 .debug_srcinfo
                0x00000208       0x24 esc_types.o
 .debug_srcinfo
                0x0000022c       0x2c string.o
 .debug_srcinfo
                0x00000258       0x24 dictionary.o
 .debug_srcinfo
                0x0000027c       0x24 sound.o
 .debug_srcinfo
                0x000002a0       0x24 router.o

.debug_sfnames  0x00000000      0x4c2
 *(.debug_sfnames)
 .debug_sfnames
                0x00000000       0x3d abmain.o
 .debug_sfnames
                0x0000003d       0x3d alert.o
 .debug_sfnames
                0x0000007a       0x3f archive.o
 .debug_sfnames
                0x000000b9       0x43 ctrl_widget.o
 .debug_sfnames
                0x000000fc       0x3c draw.o
 .debug_sfnames
                0x00000138       0x41 escalator.o
 .debug_sfnames
                0x00000179       0x3e filter.o
 .debug_sfnames
                0x000001b7       0x48 main.o
 .debug_sfnames
                0x000001ff       0x3f cbuffer.o
 .debug_sfnames
                0x0000023e       0x3e system.o
 .debug_sfnames
                0x0000027c       0x3c line.o
 .debug_sfnames
                0x000002b8       0x3f station.o
 .debug_sfnames
                0x000002f7       0x44 log.o
 .debug_sfnames
                0x0000033b       0x3f goodies.o
 .debug_sfnames
                0x0000037a       0x41 esc_types.o
 .debug_sfnames
                0x000003bb       0x4a string.o
 .debug_sfnames
                0x00000405       0x42 dictionary.o
 .debug_sfnames
                0x00000447       0x3d sound.o
 .debug_sfnames
                0x00000484       0x3e router.o

.debug_aranges  0x00000000      0x53c
 *(.debug_aranges)
 .debug_aranges
                0x00000000       0x4c abmain.o
 .debug_aranges
                0x0000004c       0x4c alert.o
 .debug_aranges
                0x00000098       0x44 archive.o
 .debug_aranges
                0x000000dc       0x44 ctrl_widget.o
 .debug_aranges
                0x00000120       0x44 draw.o
 .debug_aranges
                0x00000164       0x54 escalator.o
 .debug_aranges
                0x000001b8       0x4c filter.o
 .debug_aranges
                0x00000204       0x7c main.o
 .debug_aranges
                0x00000280       0x34 cbuffer.o
 .debug_aranges
                0x000002b4       0x44 system.o
 .debug_aranges
                0x000002f8       0x2c line.o
 .debug_aranges
                0x00000324       0x44 station.o
 .debug_aranges
                0x00000368       0x4c log.o
 .debug_aranges
                0x000003b4       0x2c goodies.o
 .debug_aranges
                0x000003e0       0x5c esc_types.o
 .debug_aranges
                0x0000043c       0x34 string.o
 .debug_aranges
                0x00000470       0x44 dictionary.o
 .debug_aranges
                0x000004b4       0x34 sound.o
 .debug_aranges
                0x000004e8       0x54 router.o

.debug_pubnames
                0x00000000     0x2373
 *(.debug_pubnames)
 .debug_pubnames
                0x00000000      0xb4a abmain.o
 .debug_pubnames
                0x00000b4a      0x17f alert.o
 .debug_pubnames
                0x00000cc9      0x105 archive.o
 .debug_pubnames
                0x00000dce       0xd8 ctrl_widget.o
 .debug_pubnames
                0x00000ea6       0xe0 draw.o
 .debug_pubnames
                0x00000f86      0x40d escalator.o
 .debug_pubnames
                0x00001393      0x229 filter.o
 .debug_pubnames
                0x000015bc      0x377 main.o
 .debug_pubnames
                0x00001933       0x66 cbuffer.o
 .debug_pubnames
                0x00001999      0x182 system.o
 .debug_pubnames
                0x00001b1b       0x27 line.o
 .debug_pubnames
                0x00001b42       0xef station.o
 .debug_pubnames
                0x00001c31      0x1ca log.o
 .debug_pubnames
                0x00001dfb       0x30 goodies.o
 .debug_pubnames
                0x00001e2b      0x1a0 esc_types.o
 .debug_pubnames
                0x00001fcb       0x7a string.o
 .debug_pubnames
                0x00002045       0xcb dictionary.o
 .debug_pubnames
                0x00002110       0x87 sound.o
 .debug_pubnames
                0x00002197      0x1cf router.o
 .debug_pubnames
                0x00002366        0xd /usr/lib/gcc-lib/ntox86/2.95.2/exceptions/libgcc.a(_cmpdi2.o)

.debug_info
 *(.debug_info)

.debug_abbrev
 *(.debug_abbrev)

.debug_line
 *(.debug_line)

.debug_frame
 *(.debug_frame)

.debug_str
 *(.debug_str)

.debug_loc
 *(.debug_loc)

.debug_macinfo
 *(.debug_macinfo)

.debug_weaknames
 *(.debug_weaknames)

.debug_funcnames
 *(.debug_funcnames)

.debug_typenames
 *(.debug_typenames)

.debug_varnames
 *(.debug_varnames)
OUTPUT(spider elf32-i386)

.note           0x00000000      0x1cc
 .note          0x00000000       0x14 /usr/lib/gcc-lib/ntox86/2.95.2/crtbeginC++.o
 .note          0x00000014       0x14 abmain.o
 .note          0x00000028       0x14 alert.o
 .note          0x0000003c       0x14 archive.o
 .note          0x00000050       0x14 ctrl_widget.o
 .note          0x00000064       0x14 draw.o
 .note          0x00000078       0x14 escalator.o
 .note          0x0000008c       0x14 filter.o
 .note          0x000000a0       0x14 main.o
 .note          0x000000b4       0x14 cbuffer.o
 .note          0x000000c8       0x14 system.o
 .note          0x000000dc       0x14 line.o
 .note          0x000000f0       0x14 station.o
 .note          0x00000104       0x14 log.o
 .note          0x00000118       0x14 goodies.o
 .note          0x0000012c       0x14 esc_types.o
 .note          0x00000140       0x14 string.o
 .note          0x00000154       0x14 dictionary.o
 .note          0x00000168       0x14 sound.o
 .note          0x0000017c       0x14 router.o
 .note          0x00000190       0x14 /usr/lib/gcc-lib/ntox86/2.95.2/exceptions/libgcc.a(_cmpdi2.o)
 .note          0x000001a4       0x14 /x86/lib/libc.a(slog.o)
 .note          0x000001b8       0x14 /usr/lib/gcc-lib/ntox86/2.95.2/crtendC++.o
