Archive member included       because of file (symbol)

/usr/lib/gcc-lib/ntox86/2.95.2/exceptions/libgcc.a(_cmpdi2.o)
                              escalator.o (__cmpdi2)
/x86/lib/libc.a(slog.o)       system.o (vslogf)

Allocating common symbols
Common symbol       size              file

String type_info node
                    0x8               string.o
Type type_info node
                    0x8               esc_types.o
LogFilter type_info node
                    0x8               filter.o
Log type_info node  0x8               log.o
Net type_info node  0x8               router.o
metro_escalator::images
                    0x48              escalator.o
List<AlertRecord> type_info node
                    0x8               abmain.o
Sound type_info node
                    0x8               sound.o
Map<DictEntry> type_info node
                    0x8               abmain.o
Signal type_info node
                    0x8               esc_types.o
Block type_info node
                    0x8               esc_types.o
Router type_info node
                    0x8               router.o
AlertQueue type_info node
                    0x8               alert.o
Cbuffer_c type_info node
                    0x8               cbuffer.o
List<LogRecord> type_info node
                    0x8               abmain.o

Memory Configuration

Name             Origin             Length             Attributes
*default*        0x00000000         0xffffffff

Linker script and memory map

TARGET(elf32-i386)
LOAD /x86/lib/crt1.o
LOAD /x86/lib/crti.o
LOAD /usr/lib/gcc-lib/ntox86/2.95.2/crtbeginC++.o
LOAD abmain.o
LOAD alert.o
LOAD archive.o
LOAD ctrl_widget.o
LOAD draw.o
LOAD escalator.o
LOAD filter.o
LOAD main.o
LOAD cbuffer.o
LOAD system.o
LOAD line.o
LOAD station.o
LOAD log.o
LOAD goodies.o
LOAD esc_types.o
LOAD string.o
LOAD dictionary.o
LOAD sound.o
LOAD router.o
LOAD /x86/usr/lib/libphexlib.so
LOAD /x86/lib/libsocket.so
LOAD /x86/lib/libasound.so
LOAD /x86/lib/libsnmp.so
LOAD /x86/usr/lib/libAp.so
LOAD /x86/usr/lib/libph.so
LOAD /x86/usr/lib/libphrender.so
LOAD /x86/lib/libm.so
LOAD /x86/lib/libcpp.so
LOAD /x86/lib/libm.so
LOAD /usr/lib/gcc-lib/ntox86/2.95.2/exceptions/libgcc.a
LOAD /x86/lib/libc.so
LOAD /x86/lib/libc.a
LOAD /usr/lib/gcc-lib/ntox86/2.95.2/exceptions/libgcc.a
LOAD /usr/lib/gcc-lib/ntox86/2.95.2/crtendC++.o
LOAD /x86/lib/crtn.o
                0x080480f4                .=(0x8048000+SIZEOF_HEADERS)

.interp         0x080480f4       0x14
 *(.interp)
 .interp        0x080480f4       0x14 /usr/lib/gcc-lib/ntox86/2.95.2/crtbeginC++.o

.note0          0x08048108        0x0

.hash           0x08048108      0x4d4
 *(.hash)
 .hash          0x08048108      0x4d4 /usr/lib/gcc-lib/ntox86/2.95.2/crtbeginC++.o

.dynsym         0x080485dc      0xb00
 *(.dynsym)
 .dynsym        0x080485dc      0xb00 /usr/lib/gcc-lib/ntox86/2.95.2/crtbeginC++.o

.dynstr         0x080490dc      0x897
 *(.dynstr)
 .dynstr        0x080490dc      0x897 /usr/lib/gcc-lib/ntox86/2.95.2/crtbeginC++.o

.gnu.version    0x08049974        0x0
 *(.gnu.version)

.gnu.version_d  0x08049974        0x0
 *(.gnu.version_d)

.gnu.version_r  0x08049974        0x0
 *(.gnu.version_r)

.rel.init
 *(.rel.init)

.rela.init
 *(.rela.init)

.rel.text
 *(.rel.text)
 *(.rel.text.*)
 *(.rel.gnu.linkonce.t*)

.rela.text
 *(.rela.text)
 *(.rela.text.*)
 *(.rela.gnu.linkonce.t*)

.rel.fini
 *(.rel.fini)

.rela.fini
 *(.rela.fini)

.rel.rodata
 *(.rel.rodata)
 *(.rel.rodata.*)
 *(.rel.gnu.linkonce.r*)

.rela.rodata
 *(.rela.rodata)
 *(.rela.rodata.*)
 *(.rela.gnu.linkonce.r*)

.rel.data
 *(.rel.data)
 *(.rel.data.*)
 *(.rel.gnu.linkonce.d*)

.rela.data
 *(.rela.data)
 *(.rela.data.*)
 *(.rela.gnu.linkonce.d*)

.rel.ctors
 *(.rel.ctors)

.rela.ctors
 *(.rela.ctors)

.rel.dtors
 *(.rel.dtors)

.rela.dtors
 *(.rela.dtors)

.rel.got        0x08049974       0x10
 *(.rel.got)
 .rel.got       0x08049974       0x10 /usr/lib/gcc-lib/ntox86/2.95.2/crtbeginC++.o

.rela.got
 *(.rela.got)

.rel.sdata
 *(.rel.sdata)
 *(.rel.sdata.*)
 *(.rel.gnu.linkonce.s*)

.rela.sdata
 *(.rela.sdata)
 *(.rela.sdata.*)
 *(.rela.gnu.linkonce.s*)

.rel.sbss
 *(.rel.sbss)

.rela.sbss
 *(.rela.sbss)

.rel.bss        0x08049984       0xc0
 *(.rel.bss)
 .rel.bss       0x08049984       0xc0 /usr/lib/gcc-lib/ntox86/2.95.2/crtbeginC++.o

.rela.bss
 *(.rela.bss)

.rel.plt        0x08049a44      0x460
 *(.rel.plt)
 .rel.plt       0x08049a44      0x460 /usr/lib/gcc-lib/ntox86/2.95.2/crtbeginC++.o

.rela.plt
 *(.rela.plt)

.init           0x08049ea4        0xd
 *(.init)
 .init          0x08049ea4        0x5 /usr/lib/gcc-lib/ntox86/2.95.2/crtbeginC++.o
 .init          0x08049ea9        0x5 /usr/lib/gcc-lib/ntox86/2.95.2/crtendC++.o
 .init          0x08049eae        0x3 /x86/lib/crtn.o

.plt            0x08049eb4      0x8d0
 *(.plt)
 .plt           0x08049eb4      0x8d0 /usr/lib/gcc-lib/ntox86/2.95.2/crtbeginC++.o
                0x08049ec4                strcpy
                0x08049ed4                ioctl
                0x08049ee4                printf
                0x08049ef4                recv
                0x08049f04                connect
                0x08049f14                pthread_create
                0x08049f24                snd_pcm_close
                0x08049f34                strerror
                0x08049f44                PtFlush
                0x08049f54                memmove
                0x08049f64                ApLinkWindow
                0x08049f74                timer_create
                0x08049f84                PtSetResources
                0x08049f94                PtGenListRemoveItems
                0x08049fa4                PhChannelAttach
                0x08049fb4                usleep
                0x08049fc4                fscanf
                0x08049fd4                fgets
                0x08049fe4                snd_pcm_plugin_status
                0x08049ff4                memcpy
                0x0804a004                pthread_cancel
                0x0804a014                perror
                0x0804a024                snd_pcm_open_preferred
                0x0804a034                ApCloseDBase
                0x0804a044                ApInitialize
                0x0804a054                malloc
                0x0804a064                sleep
                0x0804a074                vsnprintf
                0x0804a084                strtoul
                0x0804a094                itoa
                0x0804a0a4                socket
                0x0804a0b4                select
                0x0804a0c4                PgSetTextColor
                0x0804a0d4                __rtti_user
                0x0804a0e4                _PtSetResource
                0x0804a0f4                PtGetResources
                0x0804a104                snd_mixer_close
                0x0804a114                send
                0x0804a124                PfExtentText
                0x0804a134                PtGenListGetCurrent
                0x0804a144                MsgSendPulse
                0x0804a154                strrchr
                0x0804a164                snd_pcm_plugin_params
                0x0804a174                __throw
                0x0804a184                write
                0x0804a194                PtExit
                0x0804a1a4                ConnectDetach
                0x0804a1b4                strcat
                0x0804a1c4                PtWindowToFront
                0x0804a1d4                inet_addr
                0x0804a1e4                ntohl
                0x0804a1f4                __deregister_frame_info
                0x0804a204                PtSetParentWidget
                0x0804a214                setsockopt
                0x0804a224                fseek
                0x0804a234                PtGenListLastItem
                0x0804a244                PxTranslateToUTF
                0x0804a254                PgDrawText
                0x0804a264                __get_errno_ptr
                0x0804a274                snd_pcm_plugin_set_disable
                0x0804a284                PgExtentText
                0x0804a294                ApCreateModule
                0x0804a2a4                read
                0x0804a2b4                snd_pcm_plugin_setup
                0x0804a2c4                strncmp
                0x0804a2d4                ApGetTextRes
                0x0804a2e4                ApCreateWidget
                0x0804a2f4                strtok
                0x0804a304                PtAppAddInput
                0x0804a314                ConnectAttach
                0x0804a324                PtAlert
                0x0804a334                fread
                0x0804a344                snd_mixer_file_descriptor
                0x0804a354                ChannelDestroy
                0x0804a364                std::terminate(void)
                0x0804a374                _init_libc
                0x0804a384                fopen
                0x0804a394                localtime
                0x0804a3a4                memset
                0x0804a3b4                ftell
                0x0804a3c4                fclose
                0x0804a3d4                ntohs
                0x0804a3e4                ChannelCreate
                0x0804a3f4                time
                0x0804a404                MsgSendv
                0x0804a414                strcmp
                0x0804a424                pthread_mutex_unlock
                0x0804a434                ApGetWidgetPtr
                0x0804a444                ApOpenDBase
                0x0804a454                __builtin_vec_new
                0x0804a464                PtNotice
                0x0804a474                sprintf
                0x0804a484                atexit
                0x0804a494                MsgReceive
                0x0804a4a4                ApGetImageRes
                0x0804a4b4                ltoa
                0x0804a4c4                snd_pcm_plugin_write
                0x0804a4d4                PtRealizeWidget
                0x0804a4e4                pthread_self
                0x0804a4f4                getsockopt
                0x0804a504                localtime_r
                0x0804a514                strftime
                0x0804a524                __builtin_vec_delete
                0x0804a534                stat
                0x0804a544                PtGenListDrawBackground
                0x0804a554                PtCreateWidget
                0x0804a564                fwrite
                0x0804a574                htons
                0x0804a584                pthread_mutex_destroy
                0x0804a594                PtMainLoop
                0x0804a5a4                pthread_mutex_lock
                0x0804a5b4                exit
                0x0804a5c4                pthread_mutex_trylock
                0x0804a5d4                atoi
                0x0804a5e4                PtGenListAddItems
                0x0804a5f4                __builtin_delete
                0x0804a604                PtMultiTextModifyText
                0x0804a614                _PtGetResource
                0x0804a624                __builtin_new
                0x0804a634                PgSetFont
                0x0804a644                pthread_mutex_init
                0x0804a654                strlen
                0x0804a664                open
                0x0804a674                snd_mixer_open
                0x0804a684                __assert
                0x0804a694                abs
                0x0804a6a4                snd_pcm_plugin_prepare
                0x0804a6b4                strchr
                0x0804a6c4                PtListReplaceItemPos
                0x0804a6d4                snd_pcm_plugin_info
                0x0804a6e4                fcntl
                0x0804a6f4                snd_mixer_read
                0x0804a704                timer_settime
                0x0804a714                __register_frame_info
                0x0804a724                snd_pcm_plugin_flush
                0x0804a734                snd_pcm_file_descriptor
                0x0804a744                close
                0x0804a754                PfGenerateFontName
                0x0804a764                PtListAddItems
                0x0804a774                free

.text           0x0804a784     0xad68
                0x0804a784                _btext=.
 *(.text)
 .text          0x0804a784       0x5f /x86/lib/crt1.o
                0x0804a78c                _start
 *fill*         0x0804a7e3        0x1 37008
 .text          0x0804a7e4       0xf4 /usr/lib/gcc-lib/ntox86/2.95.2/crtbeginC++.o
 .text          0x0804a8d8       0x5d abmain.o
                0x0804a8d8                main
 *fill*         0x0804a935        0x3 37008
 .text          0x0804a938      0x4aa alert.o
                0x0804ab04                NextAlert(Pt_widget *, ApInfo_t *, Pt_callback_info *)
                0x0804acf8                AlertQueue::AlertQueue(void)
                0x0804a938                AlertQueue::AddAlert(char const *)
                0x0804ad24                AlertQueue::~AlertQueue(void)
                0x0804ad98                ActivateAlertBtn(Pt_widget *, ApInfo_t *, Pt_callback_info *)
 *fill*         0x0804ade2        0x2 37008
 .text          0x0804ade4       0x7a archive.o
                0x0804ae04                UnrealizeArchiveWnd(Pt_widget *, ApInfo_t *, Pt_callback_info *)
                0x0804ae14                LoadArchive(Pt_widget *, ApInfo_t *, Pt_callback_info *)
                0x0804ade4                RealizeArchiveWnd(Pt_widget *, ApInfo_t *, Pt_callback_info *)
 *fill*         0x0804ae5e        0x2 37008
 .text          0x0804ae60       0x23 ctrl_widget.o
                0x0804ae60                realize_log_wnd(Pt_widget *, ApInfo_t *, Pt_callback_info *)
                0x0804ae80                select_escalator(Pt_widget *, ApInfo_t *, Pt_callback_info *)
 *fill*         0x0804ae83        0x1 37008
 .text          0x0804ae84      0x46d draw.o
                0x0804ae84                draw_log_item(Pt_widget *, Pt_genlist_item *, unsigned int, unsigned int, Ph_rect *)
 *fill*         0x0804b2f1        0x3 37008
 .text          0x0804b2f4     0x2e65 escalator.o
                0x0804d734                ConfirmDirection(void)
                0x0804c8b8                metro_escalator::UpdateLeds(void)
                0x0804d7e0                metro_escalator::~metro_escalator(void)
                0x0804d474                SetupPanel(Pt_widget *, ApInfo_t *, Pt_callback_info *)
                0x0804c074                SelectEscalatorDirection(Pt_widget *, ApInfo_t *, Pt_callback_info *)
                0x0804c4b0                ConnectToServer(unsigned int)
                0x0804d1f8                RelizeEscalatorPanel(Pt_widget *, ApInfo_t *, Pt_callback_info *)
                0x0804caa0                MoveUp(Pt_widget *, ApInfo_t *, Pt_callback_info *)
                0x0804e0cc                UnrealizeEscalatorPanel(Pt_widget *, ApInfo_t *, Pt_callback_info *)
                0x0804c6c8                SendBuffer(int, unsigned char *, int, unsigned char *)
                0x0804d924                metro_escalator::SetParam(int, int)
                0x0804d5d4                SetReverseEscalator(Pt_widget *, ApInfo_t *, Pt_callback_info *)
                0x0804db4c                IsConnected(int, fd_set *, fd_set *, fd_set *)
                0x0804dfc0                MoveStop(Pt_widget *, ApInfo_t *, Pt_callback_info *)
                0x0804dd68                metro_escalator::GetData(void)
                0x0804bbc8                metro_escalator::SetState(unsigned long)
                0x0804db2c                InflateBalloon(Pt_widget *, Pt_widget *, int, char *, char *, unsigned long, unsigned long)
                0x0804b2f4                metro_escalator::metro_escalator(void)
                0x0804def4                PopupControlMenu(Pt_widget *, ApInfo_t *, Pt_callback_info *)
                0x0804dca8                metro_escalator::CheckStatus(void)
                0x0804bf14                SetDownDirection(Pt_widget *, ApInfo_t *, Pt_callback_info *)
                0x0804deac                metro_escalator::Start(void)
                0x0804de38                metro_escalator::ConnectToChannel(int)
                0x0804b8a0                metro_escalator::SetData(void)
                0x0804dbd4                metro_escalator::SendCommand(unsigned char)
                0x0804e0b0                OnSaveDirections(Pt_widget *, ApInfo_t *, Pt_callback_info *)
                0x0804e140                OnChancelDirections(Pt_widget *, ApInfo_t *, Pt_callback_info *)
                0x0804ce4c                MoveDown(Pt_widget *, ApInfo_t *, Pt_callback_info *)
                0x0804d988                SetIndicator(Pt_widget *, char const *, int)
                0x0804da7c                enable_header(Pt_widget *, int)
                0x0804de90                metro_escalator::DisconnectToChannel(void)
                0x0804b724                metro_escalator::UpdateEscalator(void)
                0x0804bdb4                SetUpDirection(Pt_widget *, ApInfo_t *, Pt_callback_info *)
                0x0804b458                metro_escalator::CreateWnd(AB_DBASE *, Pt_widget *, int, int)
                0x0804c264                Run(void *)
                0x0804e0e4                DiscardBlocking(Pt_widget *, ApInfo_t *, Pt_callback_info *)
                0x0804d884                metro_escalator::UpdatePanel(int)
 *fill*         0x0804e159        0x3 37008
 .text          0x0804e15c     0x13e4 filter.o
                0x0804f3b4                SelectRangeEscalator(Pt_widget *, ApInfo_t *, Pt_callback_info *)
                0x0804f498                ResetFilter(Pt_widget *, ApInfo_t *, Pt_callback_info *)
                0x0804e15c                SetLogFilter(Pt_widget *, ApInfo_t *, Pt_callback_info *)
                0x0804ed30                DisableAllTimeRange(Pt_widget *, ApInfo_t *, Pt_callback_info *)
                0x0804f158                ActivateRangeEscalator(Pt_widget *, ApInfo_t *, Pt_callback_info *)
                0x0804ee4c                SelectFilterStation(Pt_widget *, ApInfo_t *, Pt_callback_info *)
                0x0804f3c0                CreateFilterDlg(Pt_widget *, ApInfo_t *, Pt_callback_info *)
                0x0804f494                ShowFilter(Pt_widget *, ApInfo_t *, Pt_callback_info *)
                0x0804e638                RealizeFilterDlg(Pt_widget *, ApInfo_t *, Pt_callback_info *)
                0x0804f31c                FillStationList(void)
                0x0804ec14                EnableAllTimeRange(Pt_widget *, ApInfo_t *, Pt_callback_info *)
                0x0804f3f4                SelectAllRange(Pt_widget *, ApInfo_t *, Pt_callback_info *)
                0x0804f2f4                LogFilter::~LogFilter(void)
                0x0804f3a8                SelectOneEscalator(Pt_widget *, ApInfo_t *, Pt_callback_info *)
                0x0804efdc                ActivateOneEscalator(Pt_widget *, ApInfo_t *, Pt_callback_info *)
                0x0804f2d4                LogFilter::LogFilter(void)
 .text          0x0804f540     0x1b55 main.o
                0x08050624                Initialize(int, char **)
                0x08050170                CreateScheme(void)
                0x0804f5d0                TimerThread(void *)
                0x08050f28                PulseReceiver(void *, int, void *, unsigned int)
                0x0805100c                CloseMainWnd(Pt_widget *, ApInfo_t *, Pt_callback_info *)
                0x0804f540                PingThread(void *)
                0x0804f718                LoadMap(char const *)
                0x08050b38                Uninitialize(Pt_widget *, ApInfo_t *, Pt_callback_info *)
                0x080503bc                ResizeScheme(Pt_widget *, ApInfo_t *, Pt_callback_info *)
                0x08051034                OpenArchive(Pt_widget *, ApInfo_t *, Pt_callback_info *)
                0x0805105c                ResizeEscConfig(Pt_widget *, ApInfo_t *, Pt_callback_info *)
                0x08050fb0                RealizeMainWnd(Pt_widget *, ApInfo_t *, Pt_callback_info *)
                0x08050c3c                FillEscConfList(Pt_widget *, ApInfo_t *, Pt_callback_info *)
 *fill*         0x08051095        0x3 37008
 .text          0x08051098      0x24a cbuffer.o
                0x08051098                Cbuffer_c::Cbuffer_c(int)
                0x08051148                Cbuffer_c::Create(int)
                0x080510ec                Cbuffer_c::~Cbuffer_c(void)
                0x0805124c                Cbuffer_c::Get(unsigned char *)
                0x080511ac                Cbuffer_c::Add(unsigned char *, int)
 *fill*         0x080512e2        0x2 37008
 .text          0x080512e4      0x47d system.o
                0x080514d0                file_size(_Filet *)
                0x080512e4                SysMessage(int, char const *,...)
                0x0805158c                translate_string(char const *, char *, PxTransCtrl *)
                0x08051624                get_widget_scalar(Pt_widget *, long)
                0x080516b8                SaveDirections(char const *)
                0x08051480                error_msg(char *, int, char const *)
                0x08051660                CRC(unsigned char const *, int)
                0x08051518                extract_string(char const *, char *, char, char)
                0x080513b0                LoadDirections(char const *)
 *fill*         0x08051761        0x3 37008
 .text          0x08051764       0x99 line.o
                0x08051764                metro_line::metro_line(void)
                0x080517c8                metro_line::~metro_line(void)
 *fill*         0x080517fd        0x3 37008
 .text          0x08051800      0x257 station.o
                0x080519c0                metro_station::metro_station(void)
                0x08051800                metro_station::create_wnd(AB_DBASE *, Pt_widget *, int, int, int, int)
                0x08051a1c                metro_station::~metro_station(void)
 *fill*         0x08051a57        0x1 37008
 .text          0x08051a58      0x913 log.o
                0x08051fe4                RealizeLogWnd(Pt_widget *, ApInfo_t *, Pt_callback_info *)
                0x08051abc                Log::~Log(void)
                0x080520f0                CheckFilter(LogRecord const *)
                0x08051f94                Log::ScrollDown(void)
                0x080520a0                Log::Clear(void)
                0x080522d4                Log::AttachWnd(Pt_widget *)
                0x0805235c                Log::DetachWnd(void)
                0x08051d24                Log::Load(char const *)
                0x08051b14                Log::AddMessage(int, int, int, unsigned int *, unsigned long)
                0x08052000                Log::FilterLogWnd(void)
                0x08051c00                Log::Save(char const *)
                0x08051a58                Log::Log(void)
                0x08052214                Log::Rotate(void)
                0x08052350                Log::GetWindow(void)
 *fill*         0x0805236b        0x1 37008
 .text          0x0805236c      0x14e goodies.o
                0x0805236c                ErrorMsg(char const *)
                0x080523bc                StripSpaces(char *)
                0x08052458                CRC16(unsigned char *, int)
 *fill*         0x080524ba        0x2 37008
 .text          0x080524bc      0xbff esc_types.o
                0x08052d6c                Type::~Type(void)
                0x0805300c                Signal::~Signal(void)
                0x08052f1c                Signal::CreateLed(Pt_widget *, int, int)
                0x08052d3c                Type::Type(void)
                0x080524bc                Block::CreatePanel(Pt_widget *)
                0x08052eb0                Signal::Signal(void)
                0x08053064                FreeEscalatorTypes(void)
                0x080525a0                LoadEscalatorLibrary(char const *)
                0x08052e2c                Block::~Block(void)
                0x08052df4                Block::Block(void)
 *fill*         0x080530bb        0x1 37008
 .text          0x080530bc      0x1da string.o
                0x0805312c                String::~String(void)
                0x08053170                String::Set(char const *)
                0x080530e0                String::String(char const *)
                0x08053208                String::Archive(_Filet *)
                0x080530c4                String::String(void)
                0x0805323c                String::Load(_Filet *)
                0x080531d4                String::Get(char *, int)
                0x080530bc                String::Length(void)
 *fill*         0x08053296        0x2 37008
 .text          0x08053298      0x266 dictionary.o
                0x08053298                LoadDictionary(char const *)
 *fill*         0x080534fe        0x2 37008
 .text          0x08053500      0x80f sound.o
                0x08053b5c                Sound::Sound(void)
                0x08053500                Sound::Init(void)
                0x08053b80                Sound::~Sound(void)
                0x08053c7c                CheckHdr(_Filet *)
                0x08053c08                FindTag(_Filet *, char const *)
                0x080536a0                Player(void *)
                0x08053bfc                Sound::Play(char *)
 *fill*         0x08053d0f        0x1 37008
 .text          0x08053d10      0xc26 router.o
                0x08053e80                Router::~Router(void)
                0x08054344                ConnectToServer(unsigned int, int)
                0x0805460c                Router::Loop(void)
                0x08054590                Receive(int, unsigned char *, int)
                0x08054168                Router::LoadRight(char const *)
                0x08053f14                Router::CreateTable(int)
                0x08053d44                Net::~Net(void)
                0x08053e60                Router::AddRightLeafGate(char *)
                0x08053d68                Router::Router(void)
                0x08053d10                Net::Net(void)
                0x0805430c                Routing(void *)
                0x08054010                Router::LoadLeft(char const *)
                0x080542d0                Router::Start(void)
                0x0805482c                ChangeRoute(in_addr *, in_addr *, int, int)
                0x08053e40                Router::AddLeftLeafGate(char *)
 *fill*         0x08054936        0x2 37008
 .text          0x08054938       0x35 /usr/lib/gcc-lib/ntox86/2.95.2/exceptions/libgcc.a(_cmpdi2.o)
                0x08054938                __cmpdi2
 *fill*         0x0805496d        0x3 37008
 .text          0x08054970      0x27a /x86/lib/libc.a(slog.o)
                0x08054b28                vslogf
                0x08054a80                slogi
                0x08054a3c                slogb
                0x08054bd0                slogf
 *fill*         0x08054bea        0x2 37008
 .text          0x08054bec       0x5c /usr/lib/gcc-lib/ntox86/2.95.2/crtendC++.o
 *(.text.*)
 *(.stub)
 *(.gnu.warning)
 *(.gnu.linkonce.t*)
 .gnu.linkonce.t.__tf10AlertQueue
                0x08054c48       0x2a alert.o
                0x08054c48                AlertQueue type_info function
 *fill*         0x08054c72        0x2 37008
 .gnu.linkonce.t.Push__t4List1Z11AlertRecordP11AlertRecord
                0x08054c74       0xdd alert.o
                0x08054c74                List<AlertRecord>::Push(AlertRecord *)
 *fill*         0x08054d51        0x3 37008
 .gnu.linkonce.t.Pop__t4List1Z11AlertRecord
                0x08054d54       0x4c alert.o
                0x08054d54                List<AlertRecord>::Pop(void)
 .gnu.linkonce.t.__t4List1Z11AlertRecord
                0x08054da0       0x6f alert.o
                0x08054da0                List<AlertRecord>::List(void)
 *fill*         0x08054e0f        0x1 37008
 .gnu.linkonce.t._._t4List1Z11AlertRecord
                0x08054e10       0x68 alert.o
                0x08054e10                List<AlertRecord>::~List(void)
 .gnu.linkonce.t.next__t4List1Z11AlertRecord
                0x08054e78       0x1b alert.o
                0x08054e78                List<AlertRecord>::next(void)
 *fill*         0x08054e93        0x1 37008
 .gnu.linkonce.t.__tft4List1Z11AlertRecord
                0x08054e94       0x2a alert.o
                0x08054e94                List<AlertRecord> type_info function
 *fill*         0x08054ebe        0x2 37008
 .gnu.linkonce.t.GetByKey__t3Map1Z9DictEntryUl
                0x08054ec0       0x3c draw.o
                0x08054ec0                Map<DictEntry>::GetByKey(unsigned long)
 .gnu.linkonce.t.__tf9LogFilter
                0x08054efc       0x2a filter.o
                0x08054efc                LogFilter type_info function
 *fill*         0x08054f26        0x2 37008
 .gnu.linkonce.t.__tft3Map1Z9DictEntry
                0x08054f28       0x2a main.o
                0x08054f28                Map<DictEntry> type_info function
 *fill*         0x08054f52        0x2 37008
 .gnu.linkonce.t._._t3Map1Z9DictEntry
                0x08054f54       0x7b main.o
                0x08054f54                Map<DictEntry>::~Map(void)
 *fill*         0x08054fcf        0x1 37008
 .gnu.linkonce.t.__tf9Cbuffer_c
                0x08054fd0       0x2a cbuffer.o
                0x08054fd0                Cbuffer_c type_info function
 *fill*         0x08054ffa        0x2 37008
 .gnu.linkonce.t.__t4List1Z9LogRecord
                0x08054ffc       0x6e log.o
                0x08054ffc                List<LogRecord>::List(void)
 *fill*         0x0805506a        0x2 37008
 .gnu.linkonce.t._._t4List1Z9LogRecord
                0x0805506c       0x65 log.o
                0x0805506c                List<LogRecord>::~List(void)
 *fill*         0x080550d1        0x3 37008
 .gnu.linkonce.t.Pop__t4List1Z9LogRecord
                0x080550d4       0x49 log.o
                0x080550d4                List<LogRecord>::Pop(void)
 *fill*         0x0805511d        0x3 37008
 .gnu.linkonce.t.Push__t4List1Z9LogRecordP9LogRecord
                0x08055120       0xd8 log.o
                0x08055120                List<LogRecord>::Push(LogRecord *)
 .gnu.linkonce.t.next__t4List1Z9LogRecord
                0x080551f8       0x20 log.o
                0x080551f8                List<LogRecord>::next(void)
 .gnu.linkonce.t.__tft4List1Z9LogRecord
                0x08055218       0x28 log.o
                0x08055218                List<LogRecord> type_info function
 .gnu.linkonce.t.__tf3Log
                0x08055240       0x28 log.o
                0x08055240                Log type_info function
 .gnu.linkonce.t.__tf6Signal
                0x08055268       0x2a esc_types.o
                0x08055268                Signal type_info function
 *fill*         0x08055292        0x2 37008
 .gnu.linkonce.t.__tf5Block
                0x08055294       0x2a esc_types.o
                0x08055294                Block type_info function
 *fill*         0x080552be        0x2 37008
 .gnu.linkonce.t.__tf4Type
                0x080552c0       0x2a esc_types.o
                0x080552c0                Type type_info function
 *fill*         0x080552ea        0x2 37008
 .gnu.linkonce.t.__tf6String
                0x080552ec       0x2a string.o
                0x080552ec                String type_info function
 *fill*         0x08055316        0x2 37008
 .gnu.linkonce.t.Push__t3Map1Z9DictEntryP9DictEntryUl
                0x08055318      0x156 dictionary.o
                0x08055318                Map<DictEntry>::Push(DictEntry *, unsigned long)
 *fill*         0x0805546e        0x2 37008
 .gnu.linkonce.t.__tf5Sound
                0x08055470       0x2a sound.o
                0x08055470                Sound type_info function
 *fill*         0x0805549a        0x2 37008
 .gnu.linkonce.t.__tf3Net
                0x0805549c       0x28 router.o
                0x0805549c                Net type_info function
 .gnu.linkonce.t.__tf6Router
                0x080554c4       0x28 router.o
                0x080554c4                Router type_info function
                0x080554ec                _etext=.
                0x080554ec                PROVIDE (etext, .)

.fini           0x080554ec        0x8
 *(.fini)
 .fini          0x080554ec        0x5 /usr/lib/gcc-lib/ntox86/2.95.2/crtbeginC++.o
 .fini          0x080554f1        0x3 /x86/lib/crtn.o

.rodata         0x08055500     0x2c28
 *(.rodata)
 .rodata        0x08055500     0x1488 abmain.o
                0x08055688                ABN_mask_stop
                0x080556a4                ABN_stopMsg
                0x08055618                ABN_Scheme
                0x08055640                ABN_grey_stop
                0x080556e4                ABN_yellow_s_up
                0x0805563c                ABN_green_up
                0x080556c8                ABN_blue_cont_down
                0x08055610                ABN_AlertTime
                0x08055628                ABN_escalator_num
                0x0805572c                ABN_OneEscalatorLabel
                0x08055780                ABN_SignalPanel
                0x080556bc                ABN_block_yellow_led
                0x0805576c                ABN_SetEscDownBtn
                0x080556dc                ABN_red_s_down
                0x080557b4                ABN_ArchiveLogCancelBtn
                0x08055764                ABN_EscDirectionList
                0x08055784                ABN_mode_header
                0x0805567c                ABN_yellow_led
                0x08055624                ABN_Arrow
                0x080556f8                ABN_LedBalloon
                0x0805565c                ABN_led_tu
                0x080557c4                ABN_MoveDown
                0x08055768                ABN_SetEscReverseBtn
                0x08055760                ABN_EscConfig
                0x08055774                ABN_EscConfCancel
                0x08055778                ABN_EscConfDone
                0x08055644                ABN_grey_down
                0x0805570c                ABN_AllTimeRangeBtn1
                0x08055668                ABN_red_down
                0x08055794                ABN_PanelTitle
                0x08055790                ABN_ReadyIndicator
                0x0805566c                ABN_yellow_up
                0x080557b0                ABN_ArchiveLogOpenBtn
                0x08055630                ABN_left_scroll_disable
                0x080556cc                ABN_blue_red_up
                0x0805575c                ABN_LogFilterOK
                0x08055740                ABN_RangeEndNumeric
                0x0805561c                ABN_interface
                0x080555e0                ABN_main_wnd
                0x08055654                ABN_blue_up
                0x080555e4                ABN_os_container
                0x08055748                ABN_SysMsgBtn
                0x08055700                ABN_StartMinNumeric
                0x08055738                ABN_RangeStartNumeric
                0x08055720                ABN_StationList
                0x080556b0                ABN_block_blue_led
                0x080557c0                ABN_MoveStop
                0x08055710                ABN_EndMinNumeric
                0x08055698                ABN_log_ok_image
                0x0805578c                ABN_ready_header
                0x0805562c                ABN_blocking
                0x08055638                ABN_station_wnd
                0x08055744                ABN_AllRangeBtn
                0x080556a8                ABN_warnMsg
                0x08055634                ABN_right_scroll_disable
                0x0805569c                ABN_log_net_image
                0x080556ec                ABN_green_down
                0x08055650                ABN_green_stop
                0x080557a8                ABN_ArchiveLog
                0x080556e8                ABN_yellow_s_down
                0x08055724                ABN_OneEscalatorBtn
                0x08055660                ABN_red_up
                0x08055788                ABN_ModeIndicator
                0x080556fc                ABN_LogFilterDlg
                0x080556c0                ABN_grey_off
                0x080556f4                ABN_green_s_down
                0x08055620                ABN_escalator_wnd
                0x080555ec                ABN_log_wnd
                0x080555f0                ABN_toolBar
                0x08055680                ABN_blue_led
                0x08055708                ABN_CalendarStart
                0x08055664                ABN_red_stop
                0x08055754                ABN_LocalMsgBtn
                0x08055648                ABN_led_b
                0x080555d4                ABI_interface
                0x0805564c                ABN_blue_down
                0x0805574c                ABN_AlertMsgBtn
                0x080556d4                ABN_blue_yellow_up
                0x080557b8                ABN_EscalatorMenu
                0x0805560c                ABN_AlertOK
                0x0805571c                ABN_AllTimeRangeBtn2
                0x080556c4                ABN_blue_cont_up
                0x080557ac                ABN_ArchiveLogWnd
                0x080556d0                ABN_blue_red_down
                0x08055714                ABN_EndHourNumeric
                0x08055704                ABN_StartHourNumeric
                0x08055728                ABN_RangeEscalatorBtn
                0x08055670                ABN_yellow_stop
                0x08055730                ABN_OneEscalatorNumeric
                0x08055674                ABN_yellow_down
                0x08055684                ABN_mask_up
                0x08055658                ABN_green_led
                0x080557bc                ABN_MoveUp
                0x080556d8                ABN_blue_yellow_down
                0x080556ac                ABN_block_green_led
                0x080555fc                ABN_ResetFilter
                0x08055678                ABN_red_led
                0x08055690                ABN_cursor
                0x080555d8                ABI_LogFilterDlg
                0x080555e8                ABN_log_status
                0x08055734                ABN_RangeStartLabel
                0x08055770                ABN_SetEscUpBtn
                0x080556b8                ABN_block_red_led
                0x08055750                ABN_BlockMsgBtn
                0x08055718                ABN_CalendarEnd
                0x0805579c                ABN_ArchiveFiles
                0x08055600                ABN_ArchiveBtn
                0x08055758                ABN_LogFIlterCancel
                0x080556f0                ABN_green_s_up
                0x08055798                ABN_ArchiveDlg
                0x080556a0                ABN_infoMsg
                0x08055694                ABN_log_alert_image
                0x080556b4                ABN_block_grey_led
                0x080557a4                ABN_ArchiveCancelBtn
                0x080556e0                ABN_red_s_up
                0x080555f4                ABN_EscConfigBtn
                0x08055614                ABN_AlertCounter
                0x0805573c                ABN_RangeEndLabel
                0x08055608                ABN_AlertMsg
                0x080557a0                ABN_LoadArchiveBtn
                0x080555f8                ABN_FilterBtn
                0x0805577c                ABN_SignalDlg
                0x0805568c                ABN_mask_down
                0x08055604                ABN_AlertWnd
                0x080555dc                ABI_EscalatorMenu
 .rodata        0x08056988       0x93 alert.o
 .rodata        0x08056a1b       0x3b archive.o
 .rodata        0x08056a56       0x3b ctrl_widget.o
 .rodata        0x08056a91      0x2d4 draw.o
 *fill*         0x08056d65       0x1b
 .rodata        0x08056d80      0x588 escalator.o
 *fill*         0x08057308       0x18
 .rodata        0x08057320       0xf7 filter.o
 *fill*         0x08057417        0x9
 .rodata        0x08057420      0x5f9 main.o
                0x08057420                ApOptions
 .rodata        0x08057a19        0xb cbuffer.o
 .rodata        0x08057a24       0x74 system.o
 .rodata        0x08057a98       0x52 station.o
 *fill*         0x08057aea       0x16
 .rodata        0x08057b00      0x217 log.o
 .rodata        0x08057d17       0x1e goodies.o
 *fill*         0x08057d35        0xb
 .rodata        0x08057d40      0x10c esc_types.o
 .rodata        0x08057e4c        0x8 string.o
 *fill*         0x08057e54        0xc
 .rodata        0x08057e60       0xd0 dictionary.o
 .rodata        0x08057f30       0x33 sound.o
 *fill*         0x08057f63       0x1d
 .rodata        0x08057f80      0x19c router.o
 .rodata        0x0805811c        0xc /x86/lib/libc.a(slog.o)
 *(.rodata.*)
 *(.gnu.linkonce.r*)

.rodata1
 *(.rodata1)
                0x08059128                .=(ALIGN(0x1000)+(.&0xfff))

.data           0x08059140      0x808
 *(.data)
 .data          0x08059140        0x8 /usr/lib/gcc-lib/ntox86/2.95.2/crtbeginC++.o
 *fill*         0x08059148       0x18
 .data          0x08059160      0x280 abmain.o
                0x080592d8                ArchiveLog
                0x08059160                AbInternalLinks
                0x08059380                EscalatorMenu
                0x08059290                EscConfig
                0x08059264                interface
                0x08059278                LogFilterDlg
                0x080592a8                SignalDlg
                0x080593c0                AbContext
                0x08059250                main_wnd
                0x080592c0                ArchiveDlg
 .data          0x080593e0      0x130 draw.o
                0x080593e0                blockingNames
 *fill*         0x08059510       0x10
 .data          0x08059520       0x70 escalator.o
                0x08059584                control
                0x08059530                g_selectDirection
                0x08059580                curEscalator
                0x08059524                sendMutex
                0x08059544                mode_text
                0x08059538                metro_escalator::paneled
                0x0805953c                metro_escalator::reference
                0x08059560                ready_text
                0x08059540                metro_escalator::init_images
                0x0805952c                g_selectedEscalator
                0x08059534                g_paneledEsc
                0x08059520                metro_escalator::panel
 .data          0x08059590       0x48 main.o
                0x080595b0                g_msgDialogFont
                0x08059594                g_stations
                0x08059598                g_escalators
                0x080595cc                g_rightGate
                0x0805959c                g_lineNum
                0x080595c0                g_leftGate
                0x080595ac                g_escTypeNum
                0x080595a4                g_escalatorNum
                0x080595b8                g_debugFile
                0x080595bc                escal_count
                0x080595a8                g_escTypes
                0x08059590                g_lines
                0x080595b4                g_chanID
                0x080595a0                g_stationNum
 *fill*         0x080595d8        0x8
 .data          0x080595e0      0x200 system.o
                0x080595e0                g_CRCHi
                0x080596e0                g_CRCLo
 .data          0x080597e0        0x4 station.o
                0x080597e0                metro_station::reference
 .data          0x080597e4        0x8 sound.o
                0x080597e4                RiffId
                0x080597e8                WaveId
 .data          0x080597ec        0x8 router.o
                0x080597ec                activeHost
                0x080597f0                breakLine
 .data          0x080597f4        0x4 /x86/lib/libc.a(slog.o)
                0x080597f4                _slogfd
 *(.data.*)
 *(.gnu.linkonce.d*)
 .gnu.linkonce.d._vt.10AlertQueue
                0x080597f8       0x18 alert.o
                0x080597f8                AlertQueue virtual table
 .gnu.linkonce.d._vt.t4List1Z11AlertRecord
                0x08059810       0x18 alert.o
                0x08059810                List<AlertRecord> virtual table
 .gnu.linkonce.d._vt.9LogFilter
                0x08059828       0x18 filter.o
                0x08059828                LogFilter virtual table
 .gnu.linkonce.d._vt.t3Map1Z9DictEntry
                0x08059840       0x18 main.o
                0x08059840                Map<DictEntry> virtual table
 .gnu.linkonce.d._vt.9Cbuffer_c
                0x08059858       0x18 cbuffer.o
                0x08059858                Cbuffer_c virtual table
 .gnu.linkonce.d._vt.3Log
                0x08059870       0x18 log.o
                0x08059870                Log virtual table
 .gnu.linkonce.d._vt.t4List1Z9LogRecord
                0x08059888       0x18 log.o
                0x08059888                List<LogRecord> virtual table
 .gnu.linkonce.d._vt.4Type
                0x080598a0       0x18 esc_types.o
                0x080598a0                Type virtual table
 .gnu.linkonce.d._vt.5Block
                0x080598b8       0x18 esc_types.o
                0x080598b8                Block virtual table
 .gnu.linkonce.d._vt.6Signal
                0x080598d0       0x18 esc_types.o
                0x080598d0                Signal virtual table
 .gnu.linkonce.d._vt.6String
                0x080598e8       0x18 string.o
                0x080598e8                String virtual table
 .gnu.linkonce.d._vt.5Sound
                0x08059900       0x18 sound.o
                0x08059900                Sound virtual table
 .gnu.linkonce.d._vt.6Router
                0x08059918       0x18 router.o
                0x08059918                Router virtual table
 .gnu.linkonce.d._vt.3Net
                0x08059930       0x18 router.o
                0x08059930                Net virtual table

.data1
 *(.data1)

.eh_frame       0x08059948     0x67e4
 *(.eh_frame)
 .eh_frame      0x08059948       0x3c abmain.o
 .eh_frame      0x08059984      0x5d8 alert.o
 .eh_frame      0x08059f5c       0x9c archive.o
 .eh_frame      0x08059ff8       0x54 ctrl_widget.o
 .eh_frame      0x0805a04c       0x74 draw.o
 .eh_frame      0x0805a0c0     0x1e54 escalator.o
 .eh_frame      0x0805bf14      0xc50 filter.o
 .eh_frame      0x0805cb64     0x129c main.o
 .eh_frame      0x0805de00      0x1d8 cbuffer.o
 .eh_frame      0x0805dfd8      0x490 system.o
 .eh_frame      0x0805e468       0x84 line.o
 .eh_frame      0x0805e4ec      0x178 station.o
 .eh_frame      0x0805e664      0x308 log.o
 .eh_frame      0x0805e96c       0xec goodies.o
 .eh_frame      0x0805ea58      0x7b8 esc_types.o
 .eh_frame      0x0805f210      0x230 string.o
 .eh_frame      0x0805f440      0x32c dictionary.o
 .eh_frame      0x0805f76c      0x6cc sound.o
 .eh_frame      0x0805fe38      0x2bc router.o
 .eh_frame      0x080600f4       0x34 /usr/lib/gcc-lib/ntox86/2.95.2/exceptions/libgcc.a(_cmpdi2.o)
 .eh_frame      0x08060128        0x4 /usr/lib/gcc-lib/ntox86/2.95.2/crtendC++.o

.gcc_except_table
                0x0806012c      0x1b4
 *(.gcc_except_table)
 .gcc_except_table
                0x0806012c       0x2c escalator.o
 .gcc_except_table
                0x08060158       0x5c main.o
 .gcc_except_table
                0x080601b4       0x20 log.o
 .gcc_except_table
                0x080601d4       0x8c esc_types.o
 .gcc_except_table
                0x08060260       0x80 router.o

.ctors          0x080602e0        0xc
 *crtbegin.o(.ctors)
 EXCLUDE_FILE ( *crtend.o)*(.ctors)
 .ctors         0x080602e0        0x4 /usr/lib/gcc-lib/ntox86/2.95.2/crtbeginC++.o
 .ctors         0x080602e4        0x4 main.o
 .ctors         0x080602e8        0x4 /usr/lib/gcc-lib/ntox86/2.95.2/crtendC++.o
 *(SORT(.ctors.*))
 *(.ctors)

.dtors          0x080602ec        0xc
 *crtbegin.o(.dtors)
 EXCLUDE_FILE ( *crtend.o)*(.dtors)
 .dtors         0x080602ec        0x4 /usr/lib/gcc-lib/ntox86/2.95.2/crtbeginC++.o
 .dtors         0x080602f0        0x4 main.o
 .dtors         0x080602f4        0x4 /usr/lib/gcc-lib/ntox86/2.95.2/crtendC++.o
 *(SORT(.dtors.*))
 *(.dtors)

.got            0x080602f8      0x244
 *(.got.plt)
 .got.plt       0x080602f8      0x23c /usr/lib/gcc-lib/ntox86/2.95.2/crtbeginC++.o
                0x080602f8                _GLOBAL_OFFSET_TABLE_
 *(.got)
 .got           0x08060534        0x8 /usr/lib/gcc-lib/ntox86/2.95.2/crtbeginC++.o

.dynamic        0x0806053c       0xd0
 *(.dynamic)
 .dynamic       0x0806053c       0xd0 /usr/lib/gcc-lib/ntox86/2.95.2/crtbeginC++.o
                0x0806053c                _DYNAMIC

.sdata
 *(.sdata)
 *(.sdata.*)
 *(.gnu.linkonce.s.*)
                0x0806060c                _edata=.
                0x0806060c                PROVIDE (edata, .)
                0x0806060c                __bss_start=.

.sbss
 *(.dynsbss)
 *(.sbss)
 *(.sbss.*)
 *(.scommon)

.bss            0x08060620     0x1458
 *(.dynbss)
 .dynbss        0x08060620       0xa4 /usr/lib/gcc-lib/ntox86/2.95.2/crtbeginC++.o
                0x08060620                PtFileSel
                0x08060624                errno
                0x08060628                PtButton
                0x0806062c                _syspage_ptr
                0x08060630                PtDivider
                0x08060634                PtMenu
                0x08060638                PtPolygon
                0x0806063c                PtGroup
                0x08060640                PtNumericInteger
                0x08060644                PtSeparator
                0x08060648                PtRect
                0x0806064c                PtToggleButton
                0x08060650                PtClock
                0x08060654                PtRawList
                0x08060658                PtPane
                0x0806065c                PtCalendar
                0x08060660                PtList
                0x08060664                PtLabel
                0x08060668                PtMultiText
                0x0806066c                PtComboBox
                0x08060670                PtOSContainer
                0x08060674                PtWindow
                0x08060678                _Ap_
                0x080606c0                PtPanelGroup
 *(.bss)
 .bss           0x080606c4       0x18 /usr/lib/gcc-lib/ntox86/2.95.2/crtbeginC++.o
 *fill*         0x080606dc        0x4
 .bss           0x080606e0      0x1d8 abmain.o
                0x080606e0                AbWidgets
 .bss           0x080608b8        0x8 escalator.o
                0x080608bc                ledRowCount
                0x080608b8                led_count
 .bss           0x080608c0     0x10ec main.o
                0x080615a0                escal
                0x080608c0                mainLog
                0x080609a0                g_sound
                0x08061500                g_router
                0x08061560                g_alertQueue
                0x080619a4                pingTID
                0x08060980                g_msgDictionary
                0x08060920                g_archiveLog
                0x08061540                g_logFilter
                0x080619a8                timerTID
                0x080619a0                test_led
                0x08061584                widget_dbase
                0x08061588                translate_set
                0x0806158c                cfg_file
 *(.bss.*)
 *(COMMON)
 COMMON         0x080619ac       0x18 abmain.o
                                  0x0 (size before relaxing)
                0x080619ac                List<AlertRecord> type_info node
                0x080619b4                Map<DictEntry> type_info node
                0x080619bc                List<LogRecord> type_info node
 COMMON         0x080619c4        0x8 alert.o
                                  0x0 (size before relaxing)
                0x080619c4                AlertQueue type_info node
 *fill*         0x080619cc       0x14
 COMMON         0x080619e0       0x48 escalator.o
                                  0x0 (size before relaxing)
                0x080619e0                metro_escalator::images
 COMMON         0x08061a28        0x8 filter.o
                                  0x0 (size before relaxing)
                0x08061a28                LogFilter type_info node
 COMMON         0x08061a30        0x8 cbuffer.o
                                  0x0 (size before relaxing)
                0x08061a30                Cbuffer_c type_info node
 COMMON         0x08061a38        0x8 log.o
                                  0x0 (size before relaxing)
                0x08061a38                Log type_info node
 COMMON         0x08061a40       0x18 esc_types.o
                                  0x0 (size before relaxing)
                0x08061a40                Type type_info node
                0x08061a48                Signal type_info node
                0x08061a50                Block type_info node
 COMMON         0x08061a58        0x8 string.o
                                  0x0 (size before relaxing)
                0x08061a58                String type_info node
 COMMON         0x08061a60        0x8 sound.o
                                  0x0 (size before relaxing)
                0x08061a60                Sound type_info node
 COMMON         0x08061a68       0x10 router.o
                                  0x0 (size before relaxing)
                0x08061a68                Net type_info node
                0x08061a70                Router type_info node
                0x08061a78                .=ALIGN(0x4)
                0x08061a78                .=ALIGN(0x4)
                0x08061a78                _end=.
                0x08061a78                PROVIDE (end, .)

.stab
 *(.stab)

.stabstr
 *(.stabstr)

.stab.excl
 *(.stab.excl)

.stab.exclstr
 *(.stab.exclstr)

.stab.index
 *(.stab.index)

.stab.indexstr
 *(.stab.indexstr)

.comment        0x00000000      0x36a
 *(.comment)
 .comment       0x00000000       0x26 /usr/lib/gcc-lib/ntox86/2.95.2/crtbeginC++.o
 .comment       0x00000026       0x26 abmain.o
 .comment       0x0000004c       0x26 alert.o
 .comment       0x00000072       0x26 archive.o
 .comment       0x00000098       0x26 ctrl_widget.o
 .comment       0x000000be       0x26 draw.o
 .comment       0x000000e4       0x26 escalator.o
 .comment       0x0000010a       0x26 filter.o
 .comment       0x00000130       0x26 main.o
 .comment       0x00000156       0x26 cbuffer.o
 .comment       0x0000017c       0x26 system.o
 .comment       0x000001a2       0x26 line.o
 .comment       0x000001c8       0x26 station.o
 .comment       0x000001ee       0x26 log.o
 .comment       0x00000214       0x26 goodies.o
 .comment       0x0000023a       0x26 esc_types.o
 .comment       0x00000260       0x26 string.o
 .comment       0x00000286       0x26 dictionary.o
 .comment       0x000002ac       0x26 sound.o
 .comment       0x000002d2       0x26 router.o
 .comment       0x000002f8       0x26 /usr/lib/gcc-lib/ntox86/2.95.2/exceptions/libgcc.a(_cmpdi2.o)
 .comment       0x0000031e       0x26 /x86/lib/libc.a(slog.o)
 .comment       0x00000344       0x26 /usr/lib/gcc-lib/ntox86/2.95.2/crtendC++.o

.debug          0x00000000      0x168
 *(.debug)
 .debug         0x00000000      0x168 /usr/lib/gcc-lib/ntox86/2.95.2/exceptions/libgcc.a(_cmpdi2.o)

.line
 *(.line)

.debug_srcinfo
 *(.debug_srcinfo)

.debug_sfnames
 *(.debug_sfnames)

.debug_aranges  0x00000000       0xb0
 *(.debug_aranges)
 .debug_aranges
                0x00000000       0x20 abmain.o
 .debug_aranges
                0x00000020       0x60 log.o
 .debug_aranges
                0x00000080       0x30 router.o

.debug_pubnames
                0x00000000      0xf0e
 *(.debug_pubnames)
 .debug_pubnames
                0x00000000      0xb00 abmain.o
 .debug_pubnames
                0x00000b00      0x228 log.o
 .debug_pubnames
                0x00000d28      0x1d9 router.o
 .debug_pubnames
                0x00000f01        0xd /usr/lib/gcc-lib/ntox86/2.95.2/exceptions/libgcc.a(_cmpdi2.o)

.debug_info     0x00000000   0x10e92f
 *(.debug_info)
 .debug_info    0x00000000    0x5a855 abmain.o
 .debug_info    0x0005a855    0x5a429 log.o
 .debug_info    0x000b4c7e    0x59cb1 router.o

.debug_abbrev   0x00000000      0xf72
 *(.debug_abbrev)
 .debug_abbrev  0x00000000      0x4bf abmain.o
 .debug_abbrev  0x000004bf      0x55f log.o
 .debug_abbrev  0x00000a1e      0x554 router.o

.debug_line     0x00000000     0x4eef
 *(.debug_line)
 .debug_line    0x00000000     0x15a1 abmain.o
 .debug_line    0x000015a1     0x1cff log.o
 .debug_line    0x000032a0     0x1c4f router.o

.debug_frame
 *(.debug_frame)

.debug_str
 *(.debug_str)

.debug_loc
 *(.debug_loc)

.debug_macinfo
 *(.debug_macinfo)

.debug_weaknames
 *(.debug_weaknames)

.debug_funcnames
 *(.debug_funcnames)

.debug_typenames
 *(.debug_typenames)

.debug_varnames
 *(.debug_varnames)
OUTPUT(spider elf32-i386)

.note           0x00000000      0x1cc
 .note          0x00000000       0x14 /usr/lib/gcc-lib/ntox86/2.95.2/crtbeginC++.o
 .note          0x00000014       0x14 abmain.o
 .note          0x00000028       0x14 alert.o
 .note          0x0000003c       0x14 archive.o
 .note          0x00000050       0x14 ctrl_widget.o
 .note          0x00000064       0x14 draw.o
 .note          0x00000078       0x14 escalator.o
 .note          0x0000008c       0x14 filter.o
 .note          0x000000a0       0x14 main.o
 .note          0x000000b4       0x14 cbuffer.o
 .note          0x000000c8       0x14 system.o
 .note          0x000000dc       0x14 line.o
 .note          0x000000f0       0x14 station.o
 .note          0x00000104       0x14 log.o
 .note          0x00000118       0x14 goodies.o
 .note          0x0000012c       0x14 esc_types.o
 .note          0x00000140       0x14 string.o
 .note          0x00000154       0x14 dictionary.o
 .note          0x00000168       0x14 sound.o
 .note          0x0000017c       0x14 router.o
 .note          0x00000190       0x14 /usr/lib/gcc-lib/ntox86/2.95.2/exceptions/libgcc.a(_cmpdi2.o)
 .note          0x000001a4       0x14 /x86/lib/libc.a(slog.o)
 .note          0x000001b8       0x14 /usr/lib/gcc-lib/ntox86/2.95.2/crtendC++.o
