Archive member included because of file (symbol)

/usr/qnx650/target/qnx6/x86/lib//libc.a(slog.o)
                              program_settings.o (vslogf)

Discarded input sections

 _ZNSt11char_traitsIcE6assignERcRKc
                0x00000000        0x0 program_settings.o
 _ZNSt11char_traitsIcE6lengthEPKc
                0x00000000        0x0 program_settings.o
 _ZNSt11char_traitsIcE4copyEPcPKcj
                0x00000000        0x0 program_settings.o
 _ZNSt11char_traitsIcE4moveEPcPKcj
                0x00000000        0x0 program_settings.o
 _ZNSsC1ERKSs   0x00000000        0x0 program_settings.o
 _ZNSsD1Ev      0x00000000        0x0 program_settings.o
 _ZNKSs5c_strEv
                0x00000000        0x0 program_settings.o
 _ZNSsC1EPKc    0x00000000        0x0 program_settings.o
 _ZNSsC1Ev      0x00000000        0x0 program_settings.o
 _ZNKSs4sizeEv  0x00000000        0x0 program_settings.o
 _ZNSs7reserveEj
                0x00000000        0x0 program_settings.o
 _ZStplIcSt11char_traitsIcESaIcEESbIT_T0_T1_ERKS6_PKS3_
                0x00000000        0x0 program_settings.o
 _ZNSsaSERKSs   0x00000000        0x0 program_settings.o
 _ZNSspLERKSs   0x00000000        0x0 program_settings.o
 _ZNKSt6vectorIhSaIhEE5emptyEv
                0x00000000        0x0 program_settings.o
 _ZNSt6vectorIhSaIhEE5beginEv
                0x00000000        0x0 program_settings.o
 _ZNSt6vectorIhSaIhEE3endEv
                0x00000000        0x0 program_settings.o
 _ZNKSt22_Vector_const_iteratorIhSaIhEEneERKS1_
                0x00000000        0x0 program_settings.o
 _ZNSt16_Vector_iteratorIhSaIhEEppEi
                0x00000000        0x0 program_settings.o
 _ZNKSt16_Vector_iteratorIhSaIhEEdeEv
                0x00000000        0x0 program_settings.o
 _ZNSt15_Allocator_baseIcEC2Ev
                0x00000000        0x0 program_settings.o
 _ZNSaIcEC1ERKS_
                0x00000000        0x0 program_settings.o
 _ZNSt15_Container_baseC2Ev
                0x00000000        0x0 program_settings.o
 _ZNSt12_String_baseC2Ev
                0x00000000        0x0 program_settings.o
 _ZNSt11_String_valIcSaIcEEC2ES0_
                0x00000000        0x0 program_settings.o
 _ZNSs5_TidyEbj
                0x00000000        0x0 program_settings.o
 _ZNSs6assignERKSsjj
                0x00000000        0x0 program_settings.o
 _ZNKSs6_MyptrEv
                0x00000000        0x0 program_settings.o
 _ZNSaIcEC1Ev   0x00000000        0x0 program_settings.o
 _ZNSs6assignEPKc
                0x00000000        0x0 program_settings.o
 _ZNSs5_GrowEjb
                0x00000000        0x0 program_settings.o
 _ZNSs4_EosEj   0x00000000        0x0 program_settings.o
 _ZNSspLEPKc    0x00000000        0x0 program_settings.o
 _ZNSs6assignERKSs
                0x00000000        0x0 program_settings.o
 _ZNSs6appendERKSs
                0x00000000        0x0 program_settings.o
 _ZNKSt6vectorIhSaIhEE4sizeEv
                0x00000000        0x0 program_settings.o
 _ZNSt16_Vector_iteratorIhSaIhEEC1EPh
                0x00000000        0x0 program_settings.o
 _ZNKSt22_Vector_const_iteratorIhSaIhEEeqERKS1_
                0x00000000        0x0 program_settings.o
 _ZNSt16_Vector_iteratorIhSaIhEEppEv
                0x00000000        0x0 program_settings.o
 _ZNKSt22_Vector_const_iteratorIhSaIhEEdeEv
                0x00000000        0x0 program_settings.o
 _ZNSaIcE10deallocateEPcj
                0x00000000        0x0 program_settings.o
 _ZNSs5eraseEjj
                0x00000000        0x0 program_settings.o
 _ZNSs6_MyptrEv
                0x00000000        0x0 program_settings.o
 _ZNSs6assignEPKcj
                0x00000000        0x0 program_settings.o
 _ZNKSs8max_sizeEv
                0x00000000        0x0 program_settings.o
 _ZNSs5_CopyEjj
                0x00000000        0x0 program_settings.o
 _ZNSs6appendEPKc
                0x00000000        0x0 program_settings.o
 _ZNSs6appendERKSsjj
                0x00000000        0x0 program_settings.o
 _ZNSt14_Iterator_baseC2Ev
                0x00000000        0x0 program_settings.o
 _ZNSt8iteratorISt26random_access_iterator_taghiPKhRS1_EC2Ev
                0x00000000        0x0 program_settings.o
 _ZNSt6_RanitIhiPKhRS0_EC2Ev
                0x00000000        0x0 program_settings.o
 _ZNSt22_Vector_const_iteratorIhSaIhEEC2EPh
                0x00000000        0x0 program_settings.o
 _ZNSs7_InsideEPKc
                0x00000000        0x0 program_settings.o
 _ZNKSaIcE8max_sizeEv
                0x00000000        0x0 program_settings.o
 _ZNSaIcE8allocateEj
                0x00000000        0x0 program_settings.o
 _ZNSs6appendEPKcj
                0x00000000        0x0 program_settings.o
 _ZSt9_AllocateIcEPT_jS1_
                0x00000000        0x0 program_settings.o
 _ZNSt9exceptionC2Ev
                0x00000000        0x0 system_settings.o
 _ZnwjPv        0x00000000        0x0 system_settings.o
 _ZNSt11char_traitsIcE6assignERcRKc
                0x00000000        0x0 system_settings.o
[...]
Memory Configuration

Name             Origin             Length             Attributes
*default*        0x00000000         0xffffffff

Linker script and memory map

TARGET(elf32-i386)
LOAD /usr/qnx650/target/qnx6/x86/lib/crt1.o
LOAD /usr/qnx650/target/qnx6/x86/lib/crti.o
LOAD /usr/qnx650/host/qnx6/x86/usr/lib/gcc/i486-pc-nto-qnx6.5.0/4.4.2/crtbegin.o
LOAD program_settings.o
LOAD system_settings.o
LOAD metro_device.o
LOAD main.o
LOAD /usr/qnx650/target/qnx6/x86/lib//libm.so
LOAD /usr/qnx650/target/qnx6/x86/usr/lib/libph.so
LOAD /usr/qnx650/target/qnx6/x86/usr/lib/libphexlib.so
LOAD /usr/qnx650/target/qnx6/x86/lib/gcc/4.4.2/libcpp.so
LOAD /usr/qnx650/target/qnx6/x86/lib/gcc/4.4.2/libcpp.so
LOAD /usr/qnx650/target/qnx6/x86/lib/gcc/4.4.2/libcxa.a
LOAD /usr/qnx650/host/qnx6/x86/usr/lib/gcc/i486-pc-nto-qnx6.5.0/4.4.2//libgcc.a
LOAD /usr/qnx650/target/qnx6/x86/lib/gcc/4.4.2/libcxa.a
LOAD /usr/qnx650/target/qnx6/x86/lib//libc.so
LOAD /usr/qnx650/target/qnx6/x86/lib//libc.a
LOAD /usr/qnx650/host/qnx6/x86/usr/lib/gcc/i486-pc-nto-qnx6.5.0/4.4.2//libgcc.a
LOAD /usr/qnx650/host/qnx6/x86/usr/lib/gcc/i486-pc-nto-qnx6.5.0/4.4.2/crtend.o
LOAD /usr/qnx650/target/qnx6/x86/lib/crtn.o
                0x08048000                PROVIDE (__executable_start, 0x8048000)
                0x080480f4                . = (0x8048000 + SIZEOF_HEADERS)

.interp         0x080480f4       0x14
 *(.interp)
 .interp        0x080480f4       0x14 /usr/qnx650/target/qnx6/x86/lib/crt1.o

.note           0x08048108       0x18
 .note          0x08048108       0x18 /usr/qnx650/target/qnx6/x86/lib/crtn.o

.note.gnu.build-id
 *(.note.gnu.build-id)

.hash           0x08048120      0x99c
 *(.hash)
 .hash          0x08048120      0x99c /usr/qnx650/target/qnx6/x86/lib/crt1.o

.gnu.hash
 *(.gnu.hash)

.dynsym         0x08048abc     0x15e0
 *(.dynsym)
 .dynsym        0x08048abc     0x15e0 /usr/qnx650/target/qnx6/x86/lib/crt1.o

.dynstr         0x0804a09c     0x2b3a
 *(.dynstr)
 .dynstr        0x0804a09c     0x2b3a /usr/qnx650/target/qnx6/x86/lib/crt1.o

.gnu.version    0x0804cbd6        0x0
 *(.gnu.version)
 .gnu.version   0x00000000        0x0 /usr/qnx650/target/qnx6/x86/lib/crt1.o

.gnu.version_d  0x0804cbd8        0x0 load address 0x0804cbd6
 *(.gnu.version_d)
 .gnu.version_d
                0x00000000        0x0 /usr/qnx650/target/qnx6/x86/lib/crt1.o

.gnu.version_r  0x0804cbd8        0x0 load address 0x0804cbd6
 *(.gnu.version_r)
 .gnu.version_r
                0x00000000        0x0 /usr/qnx650/target/qnx6/x86/lib/crt1.o

.rel.dyn        0x0804cbd8       0xb8
 *(.rel.init)
 *(.rel.text .rel.text.* .rel.gnu.linkonce.t.*)
 .rel.text      0x00000000        0x0 /usr/qnx650/target/qnx6/x86/lib/crt1.o
 .rel.text._ZNSt11char_traitsIcE6lengthEPKc
                0x00000000        0x0 /usr/qnx650/target/qnx6/x86/lib/crt1.o
 .rel.text._ZNSt11char_traitsIcE4copyEPcPKcj
                0x00000000        0x0 /usr/qnx650/target/qnx6/x86/lib/crt1.o
 .rel.text._ZNSt11char_traitsIcE4moveEPcPKcj
                0x00000000        0x0 /usr/qnx650/target/qnx6/x86/lib/crt1.o
 .rel.text._ZNSsC1ERKSs
                0x00000000        0x0 /usr/qnx650/target/qnx6/x86/lib/crt1.o
 .rel.text._ZNSsD1Ev
                0x00000000        0x0 /usr/qnx650/target/qnx6/x86/lib/crt1.o
 .rel.text._ZNKSs5c_strEv
                0x00000000        0x0 /usr/qnx650/target/qnx6/x86/lib/crt1.o
 .rel.text._ZNSsC1EPKc
                0x00000000        0x0 /usr/qnx650/target/qnx6/x86/lib/crt1.o
 .rel.text._ZNSsC1Ev
                0x00000000        0x0 /usr/qnx650/target/qnx6/x86/lib/crt1.o
 .rel.text._ZNSs7reserveEj
                0x00000000        0x0 /usr/qnx650/target/qnx6/x86/lib/crt1.o
 .rel.text._ZStplIcSt11char_traitsIcESaIcEESbIT_T0_T1_ERKS6_PKS3_
                0x00000000        0x0 /usr/qnx650/target/qnx6/x86/lib/crt1.o
 .rel.text._ZNSsaSERKSs
                0x00000000        0x0 /usr/qnx650/target/qnx6/x86/lib/crt1.o
 .rel.text._ZNSspLERKSs
                0x00000000        0x0 /usr/qnx650/target/qnx6/x86/lib/crt1.o
 .rel.text._ZNKSt6vectorIhSaIhEE5emptyEv
                0x00000000        0x0 /usr/qnx650/target/qnx6/x86/lib/crt1.o
 .rel.text._ZNSt6vectorIhSaIhEE5beginEv
                0x00000000        0x0 /usr/qnx650/target/qnx6/x86/lib/crt1.o
 .rel.text._ZNSt6vectorIhSaIhEE3endEv
                0x00000000        0x0 /usr/qnx650/target/qnx6/x86/lib/crt1.o
 .rel.text._ZNKSt22_Vector_const_iteratorIhSaIhEEneERKS1_
                0x00000000        0x0 /usr/qnx650/target/qnx6/x86/lib/crt1.o
 .rel.text._ZNSt16_Vector_iteratorIhSaIhEEppEi
                0x00000000        0x0 /usr/qnx650/target/qnx6/x86/lib/crt1.o
 .rel.text._ZNKSt16_Vector_iteratorIhSaIhEEdeEv
                0x00000000        0x0 /usr/qnx650/target/qnx6/x86/lib/crt1.o
 .rel.text._ZNSaIcEC1ERKS_
                0x00000000        0x0 /usr/qnx650/target/qnx6/x86/lib/crt1.o
 .rel.text._ZNSt12_String_baseC2Ev
                0x00000000        0x0 /usr/qnx650/target/qnx6/x86/lib/crt1.o
 .rel.text._ZNSt11_String_valIcSaIcEEC2ES0_
                0x00000000        0x0 /usr/qnx650/target/qnx6/x86/lib/crt1.o
 .rel.text._ZNSs5_TidyEbj
                0x00000000        0x0 /usr/qnx650/target/qnx6/x86/lib/crt1.o
 .rel.text._ZNSs6assignERKSsjj
                0x00000000        0x0 /usr/qnx650/target/qnx6/x86/lib/crt1.o
 .rel.text._ZNSaIcEC1Ev
                0x00000000        0x0 /usr/qnx650/target/qnx6/x86/lib/crt1.o
 .rel.text._ZNSs6assignEPKc
                0x00000000        0x0 /usr/qnx650/target/qnx6/x86/lib/crt1.o
 .rel.text._ZNSs5_GrowEjb
                0x00000000        0x0 /usr/qnx650/target/qnx6/x86/lib/crt1.o
 .rel.text._ZNSs4_EosEj
                0x00000000        0x0 /usr/qnx650/target/qnx6/x86/lib/crt1.o
 .rel.text._ZNSspLEPKc
                0x00000000        0x0 /usr/qnx650/target/qnx6/x86/lib/crt1.o
 .rel.text._ZNSs6assignERKSs
                0x00000000        0x0 /usr/qnx650/target/qnx6/x86/lib/crt1.o
 .rel.text._ZNSs6appendERKSs
                0x00000000        0x0 /usr/qnx650/target/qnx6/x86/lib/crt1.o
 .rel.text._ZNSt16_Vector_iteratorIhSaIhEEC1EPh
                0x00000000        0x0 /usr/qnx650/target/qnx6/x86/lib/crt1.o
 .rel.text._ZNSaIcE10deallocateEPcj
                0x00000000        0x0 /usr/qnx650/target/qnx6/x86/lib/crt1.o
 .rel.text._ZNSs5eraseEjj
                0x00000000        0x0 /usr/qnx650/target/qnx6/x86/lib/crt1.o
 .rel.text._ZNSs6assignEPKcj
                0x00000000        0x0 /usr/qnx650/target/qnx6/x86/lib/crt1.o
 .rel.text._ZNKSs8max_sizeEv
                0x00000000        0x0 /usr/qnx650/target/qnx6/x86/lib/crt1.o
 .rel.text._ZNSs5_CopyEjj
                0x00000000        0x0 /usr/qnx650/target/qnx6/x86/lib/crt1.o
 .rel.text._ZNSs6appendEPKc
                0x00000000        0x0 /usr/qnx650/target/qnx6/x86/lib/crt1.o
 .rel.text._ZNSs6appendERKSsjj
                0x00000000        0x0 /usr/qnx650/target/qnx6/x86/lib/crt1.o
 .rel.text._ZNSt8iteratorISt26random_access_iterator_taghiPKhRS1_EC2Ev
                0x00000000        0x0 /usr/qnx650/target/qnx6/x86/lib/crt1.o
 .rel.text._ZNSt6_RanitIhiPKhRS0_EC2Ev
                0x00000000        0x0 /usr/qnx650/target/qnx6/x86/lib/crt1.o
 .rel.text._ZNSt22_Vector_const_iteratorIhSaIhEEC2EPh
                0x00000000        0x0 /usr/qnx650/target/qnx6/x86/lib/crt1.o
 .rel.text._ZNSs7_InsideEPKc
                0x00000000        0x0 /usr/qnx650/target/qnx6/x86/lib/crt1.o
 .rel.text._ZNSaIcE8allocateEj
                0x00000000        0x0 /usr/qnx650/target/qnx6/x86/lib/crt1.o
 .rel.text._ZNSs6appendEPKcj
                0x00000000        0x0 /usr/qnx650/target/qnx6/x86/lib/crt1.o
 .rel.text._ZSt9_AllocateIcEPT_jS1_
                0x00000000        0x0 /usr/qnx650/target/qnx6/x86/lib/crt1.o
 .rel.text._ZNSt9exceptionC2Ev
                0x00000000        0x0 /usr/qnx650/target/qnx6/x86/lib/crt1.o
 .rel.text._ZNSt11logic_errorC2ERKSs
                0x00000000        0x0 /usr/qnx650/target/qnx6/x86/lib/crt1.o
 .rel.text._ZNSt11logic_errorD2Ev
                0x00000000        0x0 /usr/qnx650/target/qnx6/x86/lib/crt1.o
 .rel.text._ZNSt11logic_errorD1Ev
                0x00000000        0x0 /usr/qnx650/target/qnx6/x86/lib/crt1.o
 .rel.text._ZNSt11logic_errorD0Ev
                0x00000000        0x0 /usr/qnx650/target/qnx6/x86/lib/crt1.o
 .rel.text._ZNKSt11logic_error4whatEv
                0x00000000        0x0 /usr/qnx650/target/qnx6/x86/lib/crt1.o
 .rel.text._ZNSt12length_errorC1ERKSs
                0x00000000        0x0 /usr/qnx650/target/qnx6/x86/lib/crt1.o
 .rel.text._ZNSt12length_errorD1Ev
                0x00000000        0x0 /usr/qnx650/target/qnx6/x86/lib/crt1.o
 .rel.text._ZNSt12length_errorD0Ev
                0x00000000        0x0 /usr/qnx650/target/qnx6/x86/lib/crt1.o
 .rel.text._ZN16spider_exceptionC1ESs
                0x00000000        0x0 /usr/qnx650/target/qnx6/x86/lib/crt1.o
 .rel.text._ZN15system_settingsD1Ev
                0x00000000        0x0 /usr/qnx650/target/qnx6/x86/lib/crt1.o
 .rel.text._ZN15system_settingsD0Ev
                0x00000000        0x0 /usr/qnx650/target/qnx6/x86/lib/crt1.o
 .rel.text._ZN16spider_exceptionD1Ev
                0x00000000        0x0 /usr/qnx650/target/qnx6/x86/lib/crt1.o
 .rel.text._ZNSt6vectorISsSaISsEED1Ev
                0x00000000        0x0 /usr/qnx650/target/qnx6/x86/lib/crt1.o
 .rel.text._ZNSt6vectorISsSaISsEEixEj
                0x00000000        0x0 /usr/qnx650/target/qnx6/x86/lib/crt1.o
 .rel.text._ZNSt6vectorISsSaISsEEC1Ej
                0x00000000        0x0 /usr/qnx650/target/qnx6/x86/lib/crt1.o
 .rel.text._ZNSsaSEPKc
                0x00000000        0x0 /usr/qnx650/target/qnx6/x86/lib/crt1.o
 .rel.text._ZNSt6vectorISsSaISsEE5_TidyEv
                0x00000000        0x0 /usr/qnx650/target/qnx6/x86/lib/crt1.o
 .rel.text._ZNSaISsEC1ERKS_
                0x00000000        0x0 /usr/qnx650/target/qnx6/x86/lib/crt1.o
 .rel.text._ZNSt11_Vector_valISsSaISsEEC2ES0_
                0x00000000        0x0 /usr/qnx650/target/qnx6/x86/lib/crt1.o
 .rel.text._ZNSt6vectorISsSaISsEE4_BuyEj
                0x00000000        0x0 /usr/qnx650/target/qnx6/x86/lib/crt1.o
 .rel.text._ZNSt6vectorISsSaISsEE5beginEv
                0x00000000        0x0 /usr/qnx650/target/qnx6/x86/lib/crt1.o
 .rel.text._ZNKSt16_Vector_iteratorISsSaISsEEplEi
                0x00000000        0x0 /usr/qnx650/target/qnx6/x86/lib/crt1.o
 .rel.text._ZNKSt16_Vector_iteratorISsSaISsEEdeEv
                0x00000000        0x0 /usr/qnx650/target/qnx6/x86/lib/crt1.o
 .rel.text._ZNSaISsEC1Ev
                0x00000000        0x0 /usr/qnx650/target/qnx6/x86/lib/crt1.o
 .rel.text._ZNSt6vectorISsSaISsEE12_Construct_nEjRKSs
                0x00000000        0x0 /usr/qnx650/target/qnx6/x86/lib/crt1.o
 .rel.text._ZNSt6vectorISsSaISsEE8_DestroyEPSsS2_
                0x00000000        0x0 /usr/qnx650/target/qnx6/x86/lib/crt1.o
 .rel.text._ZNSaISsE10deallocateEPSsj
                0x00000000        0x0 /usr/qnx650/target/qnx6/x86/lib/crt1.o
 .rel.text._ZNKSt6vectorISsSaISsEE8max_sizeEv
                0x00000000        0x0 /usr/qnx650/target/qnx6/x86/lib/crt1.o
 .rel.text._ZNKSt6vectorISsSaISsEE5_XlenEv
                0x00000000        0x0 /usr/qnx650/target/qnx6/x86/lib/crt1.o
 .rel.text._ZNSaISsE8allocateEj
                0x00000000        0x0 /usr/qnx650/target/qnx6/x86/lib/crt1.o
 .rel.text._ZNSt8iteratorISt26random_access_iterator_tagSsiPKSsRS1_EC2Ev
                0x00000000        0x0 /usr/qnx650/target/qnx6/x86/lib/crt1.o
 .rel.text._ZNSt6_RanitISsiPKSsRS0_EC2Ev
                0x00000000        0x0 /usr/qnx650/target/qnx6/x86/lib/crt1.o
 .rel.text._ZNSt22_Vector_const_iteratorISsSaISsEEC2EPSs
                0x00000000        0x0 /usr/qnx650/target/qnx6/x86/lib/crt1.o
 .rel.text._ZNSt16_Vector_iteratorISsSaISsEEC1EPSs
                0x00000000        0x0 /usr/qnx650/target/qnx6/x86/lib/crt1.o
 .rel.text._ZNSt6vectorISsSaISsEE6_UfillEPSsjRKSs
                0x00000000        0x0 /usr/qnx650/target/qnx6/x86/lib/crt1.o
 .rel.text._ZSt14_Destroy_rangeISsSaISsEEvPT_S2_RT0_
                0x00000000        0x0 /usr/qnx650/target/qnx6/x86/lib/crt1.o
 .rel.text._ZSt9_AllocateISsEPT_jS1_
                0x00000000        0x0 /usr/qnx650/target/qnx6/x86/lib/crt1.o
 .rel.text._ZSt21_Uninitialized_fill_nIPSsjSsSaISsEEvT_T0_RKT1_RT2_
                0x00000000        0x0 /usr/qnx650/target/qnx6/x86/lib/crt1.o
 .rel.text._ZSt14_Destroy_rangeISsSaISsEEvPT_S2_RT0_St27_Nonscalar_ptr_iterator_tag
                0x00000000        0x0 /usr/qnx650/target/qnx6/x86/lib/crt1.o
 .rel.text._ZNSaISsE9constructEPSsRKSs
                0x00000000        0x0 /usr/qnx650/target/qnx6/x86/lib/crt1.o
 .rel.text._ZNSaISsE7destroyEPSs
                0x00000000        0x0 /usr/qnx650/target/qnx6/x86/lib/crt1.o
 .rel.text._ZSt14_Uninit_fill_nIPSsjSsSaISsEEvT_T0_RKT1_RT2_St27_Nonscalar_ptr_iterator_tag
                0x00000000        0x0 /usr/qnx650/target/qnx6/x86/lib/crt1.o
 .rel.text._ZSt10_ConstructISsSsEvPT_RKT0_
                0x00000000        0x0 /usr/qnx650/target/qnx6/x86/lib/crt1.o
 .rel.text._ZSt8_DestroyISsEvPT_
                0x00000000        0x0 /usr/qnx650/target/qnx6/x86/lib/crt1.o
 .rel.text._ZNSt7_LockitC1Ei
                0x00000000        0x0 /usr/qnx650/target/qnx6/x86/lib/crt1.o
 .rel.text._ZNSt7_LockitD1Ev
                0x00000000        0x0 /usr/qnx650/target/qnx6/x86/lib/crt1.o
 .rel.text._ZNSt11char_traitsIcE7not_eofERKi
                0x00000000        0x0 /usr/qnx650/target/qnx6/x86/lib/crt1.o
 .rel.text._ZNSt8bad_castC1Ev
                0x00000000        0x0 /usr/qnx650/target/qnx6/x86/lib/crt1.o
 .rel.text.tolower
                0x00000000        0x0 /usr/qnx650/target/qnx6/x86/lib/crt1.o
 .rel.text.toupper
                0x00000000        0x0 /usr/qnx650/target/qnx6/x86/lib/crt1.o
 .rel.text._ZNKSt8_Locinfo9_GetctypeEv
                0x00000000        0x0 /usr/qnx650/target/qnx6/x86/lib/crt1.o
 .rel.text._ZSt8_ToloweriPKSt9_Ctypevec
                0x00000000        0x0 /usr/qnx650/target/qnx6/x86/lib/crt1.o
 .rel.text._ZSt8_ToupperiPKSt9_Ctypevec
                0x00000000        0x0 /usr/qnx650/target/qnx6/x86/lib/crt1.o
 .rel.text._ZNSt6locale2idcvjEv
                0x00000000        0x0 /usr/qnx650/target/qnx6/x86/lib/crt1.o
 .rel.text._ZNSt6locale5facet7_IncrefEv
                0x00000000        0x0 /usr/qnx650/target/qnx6/x86/lib/crt1.o
 .rel.text._ZNSt6locale5facet7_DecrefEv
                0x00000000        0x0 /usr/qnx650/target/qnx6/x86/lib/crt1.o
 .rel.text._ZNSt6locale5facetD2Ev
                0x00000000        0x0 /usr/qnx650/target/qnx6/x86/lib/crt1.o
 .rel.text._ZNSt6locale5facetD1Ev
                0x00000000        0x0 /usr/qnx650/target/qnx6/x86/lib/crt1.o
 .rel.text._ZNSt6locale5facetD0Ev
                0x00000000        0x0 /usr/qnx650/target/qnx6/x86/lib/crt1.o
 .rel.text._ZNSt6locale5facetC2Ej
                0x00000000        0x0 /usr/qnx650/target/qnx6/x86/lib/crt1.o
 .rel.text._ZNSt6localeC1ERKS_
                0x00000000        0x0 /usr/qnx650/target/qnx6/x86/lib/crt1.o
 .rel.text._ZNSt6localeD1Ev
                0x00000000        0x0 /usr/qnx650/target/qnx6/x86/lib/crt1.o
 .rel.text._ZNSt10ctype_baseC2Ej
                0x00000000        0x0 /usr/qnx650/target/qnx6/x86/lib/crt1.o
 .rel.text._ZNSt10ctype_baseD2Ev
                0x00000000        0x0 /usr/qnx650/target/qnx6/x86/lib/crt1.o
 .rel.text._ZNSt10ctype_baseD1Ev
                0x00000000        0x0 /usr/qnx650/target/qnx6/x86/lib/crt1.o
 .rel.text._ZNSt10ctype_baseD0Ev
                0x00000000        0x0 /usr/qnx650/target/qnx6/x86/lib/crt1.o
 .rel.text._ZNSt5ctypeIcEC1EPKsbj
                0x00000000        0x0 /usr/qnx650/target/qnx6/x86/lib/crt1.o
 .rel.text._ZNSt5ctypeIcE7_GetcatEPPKNSt6locale5facetE
                0x00000000        0x0 /usr/qnx650/target/qnx6/x86/lib/crt1.o
 .rel.text._ZNSt5ctypeIcED1Ev
                0x00000000        0x0 /usr/qnx650/target/qnx6/x86/lib/crt1.o
 .rel.text._ZNSt5ctypeIcED0Ev
                0x00000000        0x0 /usr/qnx650/target/qnx6/x86/lib/crt1.o
 .rel.text._ZNSt5ctypeIcE5_InitERKSt8_Locinfo
                0x00000000        0x0 /usr/qnx650/target/qnx6/x86/lib/crt1.o
 .rel.text._ZNSt5ctypeIcE5_TidyEv
                0x00000000        0x0 /usr/qnx650/target/qnx6/x86/lib/crt1.o
 .rel.text._ZNKSt5ctypeIcE10do_tolowerEc
                0x00000000        0x0 /usr/qnx650/target/qnx6/x86/lib/crt1.o
 .rel.text._ZNKSt5ctypeIcE10do_tolowerEPcPKc
                0x00000000        0x0 /usr/qnx650/target/qnx6/x86/lib/crt1.o
 .rel.text._ZNKSt5ctypeIcE10do_toupperEc
                0x00000000        0x0 /usr/qnx650/target/qnx6/x86/lib/crt1.o
 .rel.text._ZNKSt5ctypeIcE10do_toupperEPcPKc
                0x00000000        0x0 /usr/qnx650/target/qnx6/x86/lib/crt1.o
 .rel.text._ZNKSt5ctypeIcE8do_widenEPKcS2_Pc
                0x00000000        0x0 /usr/qnx650/target/qnx6/x86/lib/crt1.o
 .rel.text._ZNKSt5ctypeIcE9do_narrowEPKcS2_cPc
                0x00000000        0x0 /usr/qnx650/target/qnx6/x86/lib/crt1.o
 .rel.text._ZNKSt8ios_base4goodEv
                0x00000000        0x0 /usr/qnx650/target/qnx6/x86/lib/crt1.o
 .rel.text._ZNKSt8ios_base4failEv
                0x00000000        0x0 /usr/qnx650/target/qnx6/x86/lib/crt1.o
 .rel.text._ZNKSt8ios_base6getlocEv
                0x00000000        0x0 /usr/qnx650/target/qnx6/x86/lib/crt1.o
 .rel.text._ZNSt8ios_baseC2Ev
                0x00000000        0x0 /usr/qnx650/target/qnx6/x86/lib/crt1.o
 .rel.text._ZN12metro_device22metro_device_exceptionC1ESs
                0x00000000        0x0 /usr/qnx650/target/qnx6/x86/lib/crt1.o
 .rel.text._ZN12metro_device22metro_device_exceptionD1Ev
                0x00000000        0x0 /usr/qnx650/target/qnx6/x86/lib/crt1.o
 .rel.text._ZNSt8bad_castD1Ev
                0x00000000        0x0 /usr/qnx650/target/qnx6/x86/lib/crt1.o
 .rel.text._ZNSt8bad_castD0Ev
                0x00000000        0x0 /usr/qnx650/target/qnx6/x86/lib/crt1.o
 .rel.text._ZSt9use_facetISt5ctypeIcEERKT_RKSt6locale
                0x00000000        0x0 /usr/qnx650/target/qnx6/x86/lib/crt1.o
 .rel.text._ZNSt6vectorIhSaIhEEC1ERKS1_
                0x00000000        0x0 /usr/qnx650/target/qnx6/x86/lib/crt1.o
 .rel.text._ZNSt6vectorIhSaIhEED1Ev
                0x00000000        0x0 /usr/qnx650/target/qnx6/x86/lib/crt1.o
 .rel.text._ZNSt6vectorIS_IhSaIhEESaIS1_EED1Ev
                0x00000000        0x0 /usr/qnx650/target/qnx6/x86/lib/crt1.o
 .rel.text._ZNSt6vectorIhSaIhEEC1Ej
                0x00000000        0x0 /usr/qnx650/target/qnx6/x86/lib/crt1.o
 .rel.text._ZNSt6vectorIhSaIhEEC1Ev
                0x00000000        0x0 /usr/qnx650/target/qnx6/x86/lib/crt1.o
 .rel.text._ZNSt6vectorIS_IhSaIhEESaIS1_EEC1Ev
                0x00000000        0x0 /usr/qnx650/target/qnx6/x86/lib/crt1.o
 .rel.text._ZNSt19basic_ostringstreamIcSt11char_traitsIcESaIcEEC1ENSt5_IosbIiE9_OpenmodeE
                0x00000000        0x0 /usr/qnx650/target/qnx6/x86/lib/crt1.o
 .rel.text._ZNSt19basic_ostringstreamIcSt11char_traitsIcESaIcEED1Ev
                0x00000000        0x0 /usr/qnx650/target/qnx6/x86/lib/crt1.o
 .rel.text._ZNSt19basic_ostringstreamIcSt11char_traitsIcESaIcEED0Ev
                0x00000000        0x0 /usr/qnx650/target/qnx6/x86/lib/crt1.o
 .rel.text._ZStlsISt11char_traitsIcEERSt13basic_ostreamIcT_ES5_PKc
                0x00000000        0x0 /usr/qnx650/target/qnx6/x86/lib/crt1.o
 .rel.text._ZNKSt19basic_ostringstreamIcSt11char_traitsIcESaIcEE3strEv
                0x00000000        0x0 /usr/qnx650/target/qnx6/x86/lib/crt1.o
 .rel.text._ZNSt6vectorIhSaIhEE6insertISt16_Vector_iteratorIhS0_EEEvS4_T_S5_
                0x00000000        0x0 /usr/qnx650/target/qnx6/x86/lib/crt1.o
 .rel.text._ZSt7advanceISt16_Vector_iteratorIhSaIhEEjEvRT_T0_
                0x00000000        0x0 /usr/qnx650/target/qnx6/x86/lib/crt1.o
 .rel.text._ZNSt6vectorIhSaIhEE5eraseESt16_Vector_iteratorIhS0_ES3_
                0x00000000        0x0 /usr/qnx650/target/qnx6/x86/lib/crt1.o
 .rel.text._ZNSt6vectorIhSaIhEE9push_backERKh
                0x00000000        0x0 /usr/qnx650/target/qnx6/x86/lib/crt1.o
 .rel.text._ZN16program_settings13bytes_of_typeItEESt6vectorIhSaIhEET_b
                0x00000000        0x0 /usr/qnx650/target/qnx6/x86/lib/crt1.o
 .rel.text._ZNSt6vectorIS_IhSaIhEESaIS1_EE8_DestroyEPS1_S4_
                0x00000000        0x0 /usr/qnx650/target/qnx6/x86/lib/crt1.o
 .rel.text._ZNSaISt6vectorIhSaIhEEE10deallocateEPS1_j
                0x00000000        0x0 /usr/qnx650/target/qnx6/x86/lib/crt1.o
 .rel.text._ZNSt6vectorIS_IhSaIhEESaIS1_EE4_BuyEj
                0x00000000        0x0 /usr/qnx650/target/qnx6/x86/lib/crt1.o
 .rel.text._ZSt4copyIPhS0_ET0_T_S2_S1_
                0x00000000        0x0 /usr/qnx650/target/qnx6/x86/lib/crt1.o
 .rel.text._ZNSt6vectorIhSaIhEE8_DestroyEPhS2_
                0x00000000        0x0 /usr/qnx650/target/qnx6/x86/lib/crt1.o
 .rel.text._ZNSt6vectorIhSaIhEE6_UcopyIPhEES3_T_S4_S3_
                0x00000000        0x0 /usr/qnx650/target/qnx6/x86/lib/crt1.o
 .rel.text._ZNSaIhE10deallocateEPhj
                0x00000000        0x0 /usr/qnx650/target/qnx6/x86/lib/crt1.o
 .rel.text._ZNSt6vectorIhSaIhEE4_BuyEj
                0x00000000        0x0 /usr/qnx650/target/qnx6/x86/lib/crt1.o
 .rel.text._ZNSaIhEC1ERKS_
                0x00000000        0x0 /usr/qnx650/target/qnx6/x86/lib/crt1.o
 .rel.text._ZNSt11_Vector_valIhSaIhEEC2ES0_
                0x00000000        0x0 /usr/qnx650/target/qnx6/x86/lib/crt1.o
 .rel.text._ZNKSt6vectorIhSaIhEE5beginEv
                0x00000000        0x0 /usr/qnx650/target/qnx6/x86/lib/crt1.o
 .rel.text._ZNKSt6vectorIhSaIhEE3endEv
                0x00000000        0x0 /usr/qnx650/target/qnx6/x86/lib/crt1.o
 .rel.text._ZNSt6vectorIhSaIhEE6_UcopyISt22_Vector_const_iteratorIhS0_EEEPhT_S6_S5_
                0x00000000        0x0 /usr/qnx650/target/qnx6/x86/lib/crt1.o
 .rel.text._ZNSt6vectorIhSaIhEE5_TidyEv
                0x00000000        0x0 /usr/qnx650/target/qnx6/x86/lib/crt1.o
 .rel.text._ZNSaISt6vectorIhSaIhEEEC1ERKS2_
                0x00000000        0x0 /usr/qnx650/target/qnx6/x86/lib/crt1.o
 .rel.text._ZNSt11_Vector_valISt6vectorIhSaIhEESaIS2_EEC2ES3_
                0x00000000        0x0 /usr/qnx650/target/qnx6/x86/lib/crt1.o
 .rel.text._ZNSt6vectorIS_IhSaIhEESaIS1_EE5_TidyEv
                0x00000000        0x0 /usr/qnx650/target/qnx6/x86/lib/crt1.o
 .rel.text._ZNSaIhEC1Ev
                0x00000000        0x0 /usr/qnx650/target/qnx6/x86/lib/crt1.o
 .rel.text._ZNSt6vectorIhSaIhEE12_Construct_nEjRKh
                0x00000000        0x0 /usr/qnx650/target/qnx6/x86/lib/crt1.o
 .rel.text._ZNSaISt6vectorIhSaIhEEEC1Ev
                0x00000000        0x0 /usr/qnx650/target/qnx6/x86/lib/crt1.o
 .rel.text._ZNSt9basic_iosIcSt11char_traitsIcEEC2Ev
                0x00000000        0x0 /usr/qnx650/target/qnx6/x86/lib/crt1.o
 .rel.text._ZNSt9basic_iosIcSt11char_traitsIcEED2Ev
                0x00000000        0x0 /usr/qnx650/target/qnx6/x86/lib/crt1.o
 .rel.text._ZNSt9basic_iosIcSt11char_traitsIcEED1Ev
                0x00000000        0x0 /usr/qnx650/target/qnx6/x86/lib/crt1.o
 .rel.text._ZNSt9basic_iosIcSt11char_traitsIcEED0Ev
                0x00000000        0x0 /usr/qnx650/target/qnx6/x86/lib/crt1.o
 .rel.text._ZNSoC2EPSt15basic_streambufIcSt11char_traitsIcEEb
                0x00000000        0x0 /usr/qnx650/target/qnx6/x86/lib/crt1.o
 .rel.text._ZNSoD2Ev
                0x00000000        0x0 /usr/qnx650/target/qnx6/x86/lib/crt1.o
 .rel.text._ZNSoD1Ev
                0x00000000        0x0 /usr/qnx650/target/qnx6/x86/lib/crt1.o
 .rel.text._ZNSoD0Ev
                0x00000000        0x0 /usr/qnx650/target/qnx6/x86/lib/crt1.o
 .rel.text._ZNSt15basic_stringbufIcSt11char_traitsIcESaIcEEC1ENSt5_IosbIiE9_OpenmodeE
                0x00000000        0x0 /usr/qnx650/target/qnx6/x86/lib/crt1.o
 .rel.text._ZNSt15basic_stringbufIcSt11char_traitsIcESaIcEED1Ev
                0x00000000        0x0 /usr/qnx650/target/qnx6/x86/lib/crt1.o
 .rel.text._ZNSt15basic_stringbufIcSt11char_traitsIcESaIcEED0Ev
                0x00000000        0x0 /usr/qnx650/target/qnx6/x86/lib/crt1.o
 .rel.text._ZNSo6sentryC1ERSo
                0x00000000        0x0 /usr/qnx650/target/qnx6/x86/lib/crt1.o
 .rel.text._ZNSo6sentryD1Ev
                0x00000000        0x0 /usr/qnx650/target/qnx6/x86/lib/crt1.o
 .rel.text._ZNSt15basic_streambufIcSt11char_traitsIcEE5sputcEc
                0x00000000        0x0 /usr/qnx650/target/qnx6/x86/lib/crt1.o
 .rel.text._ZNSt9basic_iosIcSt11char_traitsIcEE8setstateENSt5_IosbIiE8_IostateEb
                0x00000000        0x0 /usr/qnx650/target/qnx6/x86/lib/crt1.o
 .rel.text._ZNKSt15basic_stringbufIcSt11char_traitsIcESaIcEE3strEv
                0x00000000        0x0 /usr/qnx650/target/qnx6/x86/lib/crt1.o
 .rel.text._ZNSt6vectorIhSaIhEE7_InsertISt16_Vector_iteratorIhS0_EEEvS4_T_S5_St20forward_iterator_tag
                0x00000000        0x0 /usr/qnx650/target/qnx6/x86/lib/crt1.o
 .rel.text._ZSt8_AdvanceISt16_Vector_iteratorIhSaIhEEjEvRT_T0_St26random_access_iterator_tag
                0x00000000        0x0 /usr/qnx650/target/qnx6/x86/lib/crt1.o
 .rel.text._ZNSt6vectorIhSaIhEE6_UfillEPhjRKh
                0x00000000        0x0 /usr/qnx650/target/qnx6/x86/lib/crt1.o
 .rel.text._ZNSt6vectorIhSaIhEE6insertESt16_Vector_iteratorIhS0_ERKh
                0x00000000        0x0 /usr/qnx650/target/qnx6/x86/lib/crt1.o
 .rel.text._ZNSt6vectorIhSaIhEEixEj
                0x00000000        0x0 /usr/qnx650/target/qnx6/x86/lib/crt1.o
 .rel.text._ZSt14_Destroy_rangeISt6vectorIhSaIhEESaIS2_EEvPT_S5_RT0_
                0x00000000        0x0 /usr/qnx650/target/qnx6/x86/lib/crt1.o
 .rel.text._ZNKSt6vectorIS_IhSaIhEESaIS1_EE8max_sizeEv
                0x00000000        0x0 /usr/qnx650/target/qnx6/x86/lib/crt1.o
 .rel.text._ZNKSt6vectorIS_IhSaIhEESaIS1_EE5_XlenEv
                0x00000000        0x0 /usr/qnx650/target/qnx6/x86/lib/crt1.o
 .rel.text._ZNSaISt6vectorIhSaIhEEE8allocateEj
                0x00000000        0x0 /usr/qnx650/target/qnx6/x86/lib/crt1.o
 .rel.text._ZSt9_Copy_optIPhS0_ET0_T_S2_S1_St24_Scalar_ptr_iterator_tag
                0x00000000        0x0 /usr/qnx650/target/qnx6/x86/lib/crt1.o
 .rel.text._ZSt14_Destroy_rangeIhSaIhEEvPT_S2_RT0_
                0x00000000        0x0 /usr/qnx650/target/qnx6/x86/lib/crt1.o
 .rel.text._ZSt19_Uninitialized_copyIPhS0_SaIhEET0_T_S3_S2_RT1_
                0x00000000        0x0 /usr/qnx650/target/qnx6/x86/lib/crt1.o
 .rel.text._ZNKSt6vectorIhSaIhEE8max_sizeEv
                0x00000000        0x0 /usr/qnx650/target/qnx6/x86/lib/crt1.o
 .rel.text._ZNKSt6vectorIhSaIhEE5_XlenEv
                0x00000000        0x0 /usr/qnx650/target/qnx6/x86/lib/crt1.o
 .rel.text._ZNSaIhE8allocateEj
                0x00000000        0x0 /usr/qnx650/target/qnx6/x86/lib/crt1.o
 .rel.text._ZNSt22_Vector_const_iteratorIhSaIhEEC1EPh
                0x00000000        0x0 /usr/qnx650/target/qnx6/x86/lib/crt1.o
 .rel.text._ZSt19_Uninitialized_copyISt22_Vector_const_iteratorIhSaIhEEPhS1_ET0_T_S5_S4_RT1_
                0x00000000        0x0 /usr/qnx650/target/qnx6/x86/lib/crt1.o
 .rel.text._ZNSt9basic_iosIcSt11char_traitsIcEE4initEPSt15basic_streambufIcS1_Eb
                0x00000000        0x0 /usr/qnx650/target/qnx6/x86/lib/crt1.o
 .rel.text._ZNSt15basic_streambufIcSt11char_traitsIcEEC2Ev
                0x00000000        0x0 /usr/qnx650/target/qnx6/x86/lib/crt1.o
 .rel.text._ZNSt15basic_streambufIcSt11char_traitsIcEED2Ev
                0x00000000        0x0 /usr/qnx650/target/qnx6/x86/lib/crt1.o
 .rel.text._ZNSt15basic_streambufIcSt11char_traitsIcEED1Ev
                0x00000000        0x0 /usr/qnx650/target/qnx6/x86/lib/crt1.o
 .rel.text._ZNSt15basic_streambufIcSt11char_traitsIcEED0Ev
                0x00000000        0x0 /usr/qnx650/target/qnx6/x86/lib/crt1.o
 .rel.text._ZNSt15basic_stringbufIcSt11char_traitsIcESaIcEE5_InitEPKcji
                0x00000000        0x0 /usr/qnx650/target/qnx6/x86/lib/crt1.o
 .rel.text._ZNSt15basic_stringbufIcSt11char_traitsIcESaIcEE9_GetstateENSt5_IosbIiE9_OpenmodeE
                0x00000000        0x0 /usr/qnx650/target/qnx6/x86/lib/crt1.o
 .rel.text._ZNSt15basic_stringbufIcSt11char_traitsIcESaIcEE5_TidyEv
                0x00000000        0x0 /usr/qnx650/target/qnx6/x86/lib/crt1.o
 .rel.text._ZNSo12_Sentry_baseC2ERSo
                0x00000000        0x0 /usr/qnx650/target/qnx6/x86/lib/crt1.o
 .rel.text._ZNSo12_Sentry_baseD2Ev
                0x00000000        0x0 /usr/qnx650/target/qnx6/x86/lib/crt1.o
 .rel.text._ZNSo5flushEv
                0x00000000        0x0 /usr/qnx650/target/qnx6/x86/lib/crt1.o
 .rel.text._ZNSo5_OsfxEv
                0x00000000        0x0 /usr/qnx650/target/qnx6/x86/lib/crt1.o
 .rel.text._ZNSt15basic_streambufIcSt11char_traitsIcEE8overflowEi
                0x00000000        0x0 /usr/qnx650/target/qnx6/x86/lib/crt1.o
 .rel.text._ZNSt15basic_streambufIcSt11char_traitsIcEE6xsputnEPKci
                0x00000000        0x0 /usr/qnx650/target/qnx6/x86/lib/crt1.o
 .rel.text._ZNSt9basic_iosIcSt11char_traitsIcEE5clearENSt5_IosbIiE8_IostateEb
                0x00000000        0x0 /usr/qnx650/target/qnx6/x86/lib/crt1.o
 .rel.text._ZNSsC1EPKcj
                0x00000000        0x0 /usr/qnx650/target/qnx6/x86/lib/crt1.o
 .rel.text._ZSt9_DistanceISt16_Vector_iteratorIhSaIhEEjEvT_S3_RT0_
                0x00000000        0x0 /usr/qnx650/target/qnx6/x86/lib/crt1.o
 .rel.text._ZNSt6vectorIhSaIhEE6_UcopyISt16_Vector_iteratorIhS0_EEEPhT_S6_S5_
                0x00000000        0x0 /usr/qnx650/target/qnx6/x86/lib/crt1.o
 .rel.text._ZNKSt16_Vector_iteratorIhSaIhEEmiERKSt22_Vector_const_iteratorIhS0_E
                0x00000000        0x0 /usr/qnx650/target/qnx6/x86/lib/crt1.o
 .rel.text._ZSt7advanceISt16_Vector_iteratorIhSaIhEEiEvRT_T0_
                0x00000000        0x0 /usr/qnx650/target/qnx6/x86/lib/crt1.o
 .rel.text._ZSt4copyISt16_Vector_iteratorIhSaIhEEPhET0_T_S5_S4_
                0x00000000        0x0 /usr/qnx650/target/qnx6/x86/lib/crt1.o
 .rel.text._ZSt13copy_backwardIPhS0_ET0_T_S2_S1_
                0x00000000        0x0 /usr/qnx650/target/qnx6/x86/lib/crt1.o
 .rel.text._ZSt21_Uninitialized_fill_nIPhjhSaIhEEvT_T0_RKT1_RT2_
                0x00000000        0x0 /usr/qnx650/target/qnx6/x86/lib/crt1.o
 .rel.text._ZNSt6vectorIhSaIhEE9_Insert_nESt16_Vector_iteratorIhS0_EjRKh
                0x00000000        0x0 /usr/qnx650/target/qnx6/x86/lib/crt1.o
 .rel.text._ZNKSt16_Vector_iteratorIhSaIhEEplEi
                0x00000000        0x0 /usr/qnx650/target/qnx6/x86/lib/crt1.o
 .rel.text._ZSt14_Destroy_rangeISt6vectorIhSaIhEESaIS2_EEvPT_S5_RT0_St27_Nonscalar_ptr_iterator_tag
                0x00000000        0x0 /usr/qnx650/target/qnx6/x86/lib/crt1.o
 .rel.text._ZSt9_AllocateISt6vectorIhSaIhEEEPT_jS4_
                0x00000000        0x0 /usr/qnx650/target/qnx6/x86/lib/crt1.o
 .rel.text._ZSt12_Uninit_copyIhhEPT0_PT_S3_S1_RSaIS0_ESt24_Scalar_ptr_iterator_tag
                0x00000000        0x0 /usr/qnx650/target/qnx6/x86/lib/crt1.o
 .rel.text._ZSt9_AllocateIhEPT_jS1_
                0x00000000        0x0 /usr/qnx650/target/qnx6/x86/lib/crt1.o
 .rel.text._ZSt12_Uninit_copyISt22_Vector_const_iteratorIhSaIhEEPhS1_ET0_T_S5_S4_RT1_St27_Nonscalar_ptr_iterator_tag
                0x00000000        0x0 /usr/qnx650/target/qnx6/x86/lib/crt1.o
 .rel.text._ZNKSt9basic_iosIcSt11char_traitsIcEE5widenEc
                0x00000000        0x0 /usr/qnx650/target/qnx6/x86/lib/crt1.o
 .rel.text._ZNSt15basic_streambufIcSt11char_traitsIcEE5_InitEv
                0x00000000        0x0 /usr/qnx650/target/qnx6/x86/lib/crt1.o
 .rel.text._ZNSt15basic_streambufIcSt11char_traitsIcEE5_LockEv
                0x00000000        0x0 /usr/qnx650/target/qnx6/x86/lib/crt1.o
 .rel.text._ZNSt15basic_streambufIcSt11char_traitsIcEE7_UnlockEv
                0x00000000        0x0 /usr/qnx650/target/qnx6/x86/lib/crt1.o
 .rel.text._ZSt10_Distance2ISt16_Vector_iteratorIhSaIhEEjEvT_S3_RT0_St26random_access_iterator_tag
                0x00000000        0x0 /usr/qnx650/target/qnx6/x86/lib/crt1.o
 .rel.text._ZSt19_Uninitialized_copyISt16_Vector_iteratorIhSaIhEEPhS1_ET0_T_S5_S4_RT1_
                0x00000000        0x0 /usr/qnx650/target/qnx6/x86/lib/crt1.o
 .rel.text._ZSt8_AdvanceISt16_Vector_iteratorIhSaIhEEiEvRT_T0_St26random_access_iterator_tag
                0x00000000        0x0 /usr/qnx650/target/qnx6/x86/lib/crt1.o
 .rel.text._ZSt9_Copy_optISt16_Vector_iteratorIhSaIhEEPhET0_T_S5_S4_St27_Nonscalar_ptr_iterator_tag
                0x00000000        0x0 /usr/qnx650/target/qnx6/x86/lib/crt1.o
 .rel.text._ZSt18_Copy_backward_optIPhS0_ET0_T_S2_S1_St24_Scalar_ptr_iterator_tag
                0x00000000        0x0 /usr/qnx650/target/qnx6/x86/lib/crt1.o
 .rel.text._ZSt14_Uninit_fill_nIhjhEvPT_T0_RKT1_RSaIS0_ESt24_Scalar_ptr_iterator_tag
                0x00000000        0x0 /usr/qnx650/target/qnx6/x86/lib/crt1.o
 .rel.text._ZNSaISt6vectorIhSaIhEEE7destroyEPS1_
                0x00000000        0x0 /usr/qnx650/target/qnx6/x86/lib/crt1.o
 .rel.text._ZNSaIhE9constructEPhRKh
                0x00000000        0x0 /usr/qnx650/target/qnx6/x86/lib/crt1.o
 .rel.text._ZNSaIhE7destroyEPh
                0x00000000        0x0 /usr/qnx650/target/qnx6/x86/lib/crt1.o
 .rel.text._ZSt12_Uninit_copyISt16_Vector_iteratorIhSaIhEEPhS1_ET0_T_S5_S4_RT1_St27_Nonscalar_ptr_iterator_tag
                0x00000000        0x0 /usr/qnx650/target/qnx6/x86/lib/crt1.o
 .rel.text._ZSt8_DestroyISt6vectorIhSaIhEEEvPT_
                0x00000000        0x0 /usr/qnx650/target/qnx6/x86/lib/crt1.o
 .rel.text._ZSt10_ConstructIhhEvPT_RKT0_
                0x00000000        0x0 /usr/qnx650/target/qnx6/x86/lib/crt1.o
 .rel.text._ZNSt15basic_stringbufIcSt11char_traitsIcESaIcEE8overflowEi
                0x00000000        0x0 /usr/qnx650/target/qnx6/x86/lib/crt1.o
 .rel.text._ZNSt15basic_stringbufIcSt11char_traitsIcESaIcEE9pbackfailEi
                0x00000000        0x0 /usr/qnx650/target/qnx6/x86/lib/crt1.o
 .rel.text._ZNSt15basic_stringbufIcSt11char_traitsIcESaIcEE9underflowEv
                0x00000000        0x0 /usr/qnx650/target/qnx6/x86/lib/crt1.o
 .rel.text._ZNSt15basic_streambufIcSt11char_traitsIcEE5uflowEv
                0x00000000        0x0 /usr/qnx650/target/qnx6/x86/lib/crt1.o
 .rel.text._ZNSt15basic_streambufIcSt11char_traitsIcEE6xsgetnEPci
                0x00000000        0x0 /usr/qnx650/target/qnx6/x86/lib/crt1.o
 .rel.text._ZNSt15basic_stringbufIcSt11char_traitsIcESaIcEE7seekoffElNSt5_IosbIiE8_SeekdirENS5_9_OpenmodeE
                0x00000000        0x0 /usr/qnx650/target/qnx6/x86/lib/crt1.o
 .rel.text._ZNSt15basic_stringbufIcSt11char_traitsIcESaIcEE7seekposESt4fposI9_MbstatetENSt5_IosbIiE9_OpenmodeE
                0x00000000        0x0 /usr/qnx650/target/qnx6/x86/lib/crt1.o
 .rel.text._ZNSt15basic_streambufIcSt11char_traitsIcEE9pbackfailEi
                0x00000000        0x0 /usr/qnx650/target/qnx6/x86/lib/crt1.o
 .rel.text._ZNSt15basic_streambufIcSt11char_traitsIcEE9underflowEv
                0x00000000        0x0 /usr/qnx650/target/qnx6/x86/lib/crt1.o
 .rel.text._ZNSt15basic_streambufIcSt11char_traitsIcEE7seekoffElNSt5_IosbIiE8_SeekdirENS4_9_OpenmodeE
                0x00000000        0x0 /usr/qnx650/target/qnx6/x86/lib/crt1.o
 .rel.text._ZNSt15basic_streambufIcSt11char_traitsIcEE7seekposESt4fposI9_MbstatetENSt5_IosbIiE9_OpenmodeE
                0x00000000        0x0 /usr/qnx650/target/qnx6/x86/lib/crt1.o
 .rel.text._ZNSt4fposI9_MbstatetEC1El
                0x00000000        0x0 /usr/qnx650/target/qnx6/x86/lib/crt1.o
 .rel.text._ZNSt11char_traitsIcE7compareEPKcS2_j
                0x00000000        0x0 /usr/qnx650/target/qnx6/x86/lib/crt1.o
 .rel.text._ZNSt11char_traitsIcE4findEPKcjRS1_
                0x00000000        0x0 /usr/qnx650/target/qnx6/x86/lib/crt1.o
 .rel.text._ZNSt11char_traitsIcE6assignEPcjc
                0x00000000        0x0 /usr/qnx650/target/qnx6/x86/lib/crt1.o
 .rel.text.localeconv
                0x00000000        0x0 /usr/qnx650/target/qnx6/x86/lib/crt1.o
 .rel.text._ZNKSt8_Locinfo9_GetlconvEv
                0x00000000        0x0 /usr/qnx650/target/qnx6/x86/lib/crt1.o
 .rel.text._ZNSt12codecvt_baseC2Ej
                0x00000000        0x0 /usr/qnx650/target/qnx6/x86/lib/crt1.o
 .rel.text._ZNKSt12codecvt_base13always_noconvEv
                0x00000000        0x0 /usr/qnx650/target/qnx6/x86/lib/crt1.o
 .rel.text._ZNSt12codecvt_baseD2Ev
                0x00000000        0x0 /usr/qnx650/target/qnx6/x86/lib/crt1.o
 .rel.text._ZNSt12codecvt_baseD1Ev
                0x00000000        0x0 /usr/qnx650/target/qnx6/x86/lib/crt1.o
 .rel.text._ZNSt12codecvt_baseD0Ev
                0x00000000        0x0 /usr/qnx650/target/qnx6/x86/lib/crt1.o
 .rel.text._ZNKSt8ios_basecvPvEv
                0x00000000        0x0 /usr/qnx650/target/qnx6/x86/lib/crt1.o
 .rel.text._ZSt3hexRSt8ios_base
                0x00000000        0x0 /usr/qnx650/target/qnx6/x86/lib/crt1.o
 .rel.text._ZSt6_FgetcIcEbRT_P6_Filet
                0x00000000        0x0 /usr/qnx650/target/qnx6/x86/lib/crt1.o
 .rel.text._ZSt6_FputcIcEbT_P6_Filet
                0x00000000        0x0 /usr/qnx650/target/qnx6/x86/lib/crt1.o
 .rel.text._ZSt7_UngetcIcEbRKT_P6_Filet
                0x00000000        0x0 /usr/qnx650/target/qnx6/x86/lib/crt1.o
 .rel.text._ZN17comport_exceptionC1ESs
                0x00000000        0x0 /usr/qnx650/target/qnx6/x86/lib/crt1.o
 .rel.text._ZN17comport_exception15get_descriptionEv
                0x00000000        0x0 /usr/qnx650/target/qnx6/x86/lib/crt1.o
 .rel.text._ZN17comport_exceptionD1Ev
                0x00000000        0x0 /usr/qnx650/target/qnx6/x86/lib/crt1.o
 .rel.text._ZN17comport_exceptionC1ERKS_
                0x00000000        0x0 /usr/qnx650/target/qnx6/x86/lib/crt1.o
 .rel.text._ZNSt6vectorIhSaIhEEaSERKS1_
                0x00000000        0x0 /usr/qnx650/target/qnx6/x86/lib/crt1.o
 .rel.text._ZNSt6vectorIcSaIcEEC1Ej
                0x00000000        0x0 /usr/qnx650/target/qnx6/x86/lib/crt1.o
 .rel.text._ZNSt6vectorIcSaIcEED1Ev
                0x00000000        0x0 /usr/qnx650/target/qnx6/x86/lib/crt1.o
 .rel.text._ZNSt6vectorIcSaIcEEixEj
                0x00000000        0x0 /usr/qnx650/target/qnx6/x86/lib/crt1.o
 .rel.text._ZNSt14basic_ifstreamIcSt11char_traitsIcEEC1EPKcNSt5_IosbIiE9_OpenmodeEi
                0x00000000        0x0 /usr/qnx650/target/qnx6/x86/lib/crt1.o
 .rel.text._ZNSt14basic_ifstreamIcSt11char_traitsIcEED1Ev
                0x00000000        0x0 /usr/qnx650/target/qnx6/x86/lib/crt1.o
 .rel.text._ZNSt14basic_ifstreamIcSt11char_traitsIcEED0Ev
                0x00000000        0x0 /usr/qnx650/target/qnx6/x86/lib/crt1.o
 .rel.text._ZNKSt14basic_ifstreamIcSt11char_traitsIcEE7is_openEv
                0x00000000        0x0 /usr/qnx650/target/qnx6/x86/lib/crt1.o
 .rel.text._ZSt7getlineIcSt11char_traitsIcESaIcEERSt13basic_istreamIT_T0_ES7_RSbIS4_S5_T1_E
                0x00000000        0x0 /usr/qnx650/target/qnx6/x86/lib/crt1.o
 .rel.text._ZNKSs17find_first_not_ofEPKcj
                0x00000000        0x0 /usr/qnx650/target/qnx6/x86/lib/crt1.o
 .rel.text._ZNKSs16find_last_not_ofEPKcj
                0x00000000        0x0 /usr/qnx650/target/qnx6/x86/lib/crt1.o
 .rel.text._ZNKSs6substrEjj
                0x00000000        0x0 /usr/qnx650/target/qnx6/x86/lib/crt1.o
 .rel.text._ZNSsixEj
                0x00000000        0x0 /usr/qnx650/target/qnx6/x86/lib/crt1.o
 .rel.text._ZSteqIcSt11char_traitsIcESaIcEEbRKSbIT_T0_T1_EPKS3_
                0x00000000        0x0 /usr/qnx650/target/qnx6/x86/lib/crt1.o
 .rel.text._ZNSt19basic_istringstreamIcSt11char_traitsIcESaIcEEC1ERKSsNSt5_IosbIiE9_OpenmodeE
                0x00000000        0x0 /usr/qnx650/target/qnx6/x86/lib/crt1.o
 .rel.text._ZNSt19basic_istringstreamIcSt11char_traitsIcESaIcEED1Ev
                0x00000000        0x0 /usr/qnx650/target/qnx6/x86/lib/crt1.o
 .rel.text._ZNSt19basic_istringstreamIcSt11char_traitsIcESaIcEED0Ev
                0x00000000        0x0 /usr/qnx650/target/qnx6/x86/lib/crt1.o
 .rel.text._ZNSi6sentryD1Ev
                0x00000000        0x0 /usr/qnx650/target/qnx6/x86/lib/crt1.o
 .rel.text._ZNSirsERj
                0x00000000        0x0 /usr/qnx650/target/qnx6/x86/lib/crt1.o
 .rel.text._ZNSt14basic_ifstreamIcSt11char_traitsIcEE5closeEv
                0x00000000        0x0 /usr/qnx650/target/qnx6/x86/lib/crt1.o
 .rel.text._ZNSt6vectorIhSaIhEE5clearEv
                0x00000000        0x0 /usr/qnx650/target/qnx6/x86/lib/crt1.o
 .rel.text._ZNSolsEi
                0x00000000        0x0 /usr/qnx650/target/qnx6/x86/lib/crt1.o
 .rel.text._ZNSt6vectorIhSaIhEE6resizeEj
                0x00000000        0x0 /usr/qnx650/target/qnx6/x86/lib/crt1.o
 .rel.text._ZStplIcSt11char_traitsIcESaIcEESbIT_T0_T1_ERKS6_S8_
                0x00000000        0x0 /usr/qnx650/target/qnx6/x86/lib/crt1.o
 .rel.text._ZNSt16_Vector_iteratorIhSaIhEEC1Ev
                0x00000000        0x0 /usr/qnx650/target/qnx6/x86/lib/crt1.o
 .rel.text._ZNSt6vectorIhSaIhEEC1ISt16_Vector_iteratorIhS0_EEET_S5_
                0x00000000        0x0 /usr/qnx650/target/qnx6/x86/lib/crt1.o
 .rel.text._ZSt4endlIcSt11char_traitsIcEERSt13basic_ostreamIT_T0_ES6_
                0x00000000        0x0 /usr/qnx650/target/qnx6/x86/lib/crt1.o
 .rel.text._ZNSt11_Vector_valIcSaIcEEC2ES0_
                0x00000000        0x0 /usr/qnx650/target/qnx6/x86/lib/crt1.o
 .rel.text._ZNSt6vectorIcSaIcEE12_Construct_nEjRKc
                0x00000000        0x0 /usr/qnx650/target/qnx6/x86/lib/crt1.o
 .rel.text._ZNSt6vectorIcSaIcEE5_TidyEv
                0x00000000        0x0 /usr/qnx650/target/qnx6/x86/lib/crt1.o
 .rel.text._ZNSt6vectorIcSaIcEE5beginEv
                0x00000000        0x0 /usr/qnx650/target/qnx6/x86/lib/crt1.o
 .rel.text._ZNKSt16_Vector_iteratorIcSaIcEEplEi
                0x00000000        0x0 /usr/qnx650/target/qnx6/x86/lib/crt1.o
 .rel.text._ZNKSt16_Vector_iteratorIcSaIcEEdeEv
                0x00000000        0x0 /usr/qnx650/target/qnx6/x86/lib/crt1.o
 .rel.text._ZNSiC2EPSt15basic_streambufIcSt11char_traitsIcEEbb
                0x00000000        0x0 /usr/qnx650/target/qnx6/x86/lib/crt1.o
 .rel.text._ZNSiD2Ev
                0x00000000        0x0 /usr/qnx650/target/qnx6/x86/lib/crt1.o
 .rel.text._ZNSiD1Ev
                0x00000000        0x0 /usr/qnx650/target/qnx6/x86/lib/crt1.o
 .rel.text._ZNSiD0Ev
                0x00000000        0x0 /usr/qnx650/target/qnx6/x86/lib/crt1.o
 .rel.text._ZNSt13basic_filebufIcSt11char_traitsIcEEC1EP6_Filet
                0x00000000        0x0 /usr/qnx650/target/qnx6/x86/lib/crt1.o
 .rel.text._ZNSt13basic_filebufIcSt11char_traitsIcEED1Ev
                0x00000000        0x0 /usr/qnx650/target/qnx6/x86/lib/crt1.o
 .rel.text._ZNSt13basic_filebufIcSt11char_traitsIcEED0Ev
                0x00000000        0x0 /usr/qnx650/target/qnx6/x86/lib/crt1.o
 .rel.text._ZNSt13basic_filebufIcSt11char_traitsIcEE4openEPKcNSt5_IosbIiE9_OpenmodeEi
                0x00000000        0x0 /usr/qnx650/target/qnx6/x86/lib/crt1.o
 .rel.text._ZSt7getlineIcSt11char_traitsIcESaIcEERSt13basic_istreamIT_T0_ES7_RSbIS4_S5_T1_ES4_
                0x00000000        0x0 /usr/qnx650/target/qnx6/x86/lib/crt1.o
 .rel.text._ZNKSs17find_first_not_ofEPKcjj
                0x00000000        0x0 /usr/qnx650/target/qnx6/x86/lib/crt1.o
 .rel.text._ZNKSs16find_last_not_ofEPKcjj
                0x00000000        0x0 /usr/qnx650/target/qnx6/x86/lib/crt1.o
 .rel.text._ZNSsC1ERKSsjj
                0x00000000        0x0 /usr/qnx650/target/qnx6/x86/lib/crt1.o
 .rel.text._ZNKSs7compareEPKc
                0x00000000        0x0 /usr/qnx650/target/qnx6/x86/lib/crt1.o
 .rel.text._ZNSt15basic_stringbufIcSt11char_traitsIcESaIcEEC1ERKSsNSt5_IosbIiE9_OpenmodeE
                0x00000000        0x0 /usr/qnx650/target/qnx6/x86/lib/crt1.o
 .rel.text._ZNSi6sentryC1ERSib
                0x00000000        0x0 /usr/qnx650/target/qnx6/x86/lib/crt1.o
 .rel.text._ZNSi12_Sentry_baseD2Ev
                0x00000000        0x0 /usr/qnx650/target/qnx6/x86/lib/crt1.o
 .rel.text._ZSt9use_facetISt7num_getIcSt19istreambuf_iteratorIcSt11char_traitsIcEEEERKT_RKSt6locale
                0x00000000        0x0 /usr/qnx650/target/qnx6/x86/lib/crt1.o
 .rel.text._ZNSt8iteratorISt18input_iterator_tagclPcRcEC2Ev
                0x00000000        0x0 /usr/qnx650/target/qnx6/x86/lib/crt1.o
 .rel.text._ZNSt19istreambuf_iteratorIcSt11char_traitsIcEEC1EPSt15basic_streambufIcS1_E
                0x00000000        0x0 /usr/qnx650/target/qnx6/x86/lib/crt1.o
 .rel.text._ZNSt13basic_filebufIcSt11char_traitsIcEE5closeEv
                0x00000000        0x0 /usr/qnx650/target/qnx6/x86/lib/crt1.o
 .rel.text._ZSt9use_facetISt7num_putIcSt19ostreambuf_iteratorIcSt11char_traitsIcEEEERKT_RKSt6locale
                0x00000000        0x0 /usr/qnx650/target/qnx6/x86/lib/crt1.o
 .rel.text._ZNSt8iteratorISt19output_iterator_tagvvvvEC2Ev
                0x00000000        0x0 /usr/qnx650/target/qnx6/x86/lib/crt1.o
 .rel.text._ZNSt6_OutitC2Ev
                0x00000000        0x0 /usr/qnx650/target/qnx6/x86/lib/crt1.o
 .rel.text._ZNSt19ostreambuf_iteratorIcSt11char_traitsIcEEC1EPSt15basic_streambufIcS1_E
                0x00000000        0x0 /usr/qnx650/target/qnx6/x86/lib/crt1.o
 .rel.text._ZNSt6vectorIhSaIhEE6resizeEjh
                0x00000000        0x0 /usr/qnx650/target/qnx6/x86/lib/crt1.o
 .rel.text._ZNSt22_Vector_const_iteratorIhSaIhEEC2Ev
                0x00000000        0x0 /usr/qnx650/target/qnx6/x86/lib/crt1.o
 .rel.text._ZNSt6vectorIhSaIhEE10_ConstructISt16_Vector_iteratorIhS0_EEEvT_S5_St18input_iterator_tag
                0x00000000        0x0 /usr/qnx650/target/qnx6/x86/lib/crt1.o
 .rel.text._ZNSo3putEc
                0x00000000        0x0 /usr/qnx650/target/qnx6/x86/lib/crt1.o
 .rel.text._ZNSt6vectorIcSaIcEE4_BuyEj
                0x00000000        0x0 /usr/qnx650/target/qnx6/x86/lib/crt1.o
 .rel.text._ZNSt6vectorIcSaIcEE6_UfillEPcjRKc
                0x00000000        0x0 /usr/qnx650/target/qnx6/x86/lib/crt1.o
 .rel.text._ZNSt6vectorIcSaIcEE8_DestroyEPcS2_
                0x00000000        0x0 /usr/qnx650/target/qnx6/x86/lib/crt1.o
 .rel.text._ZNSt16_Vector_iteratorIcSaIcEEC1EPc
                0x00000000        0x0 /usr/qnx650/target/qnx6/x86/lib/crt1.o
 .rel.text._ZNSt13basic_filebufIcSt11char_traitsIcEE5_InitEP6_FiletNS2_7_InitflE
                0x00000000        0x0 /usr/qnx650/target/qnx6/x86/lib/crt1.o
 .rel.text._ZNSt13basic_filebufIcSt11char_traitsIcEE8_InitcvtEPSt7codecvtIcc9_MbstatetE
                0x00000000        0x0 /usr/qnx650/target/qnx6/x86/lib/crt1.o
 .rel.text._ZNKSt15basic_streambufIcSt11char_traitsIcEE6getlocEv
                0x00000000        0x0 /usr/qnx650/target/qnx6/x86/lib/crt1.o
 .rel.text._ZSt9use_facetISt7codecvtIcc9_MbstatetEERKT_RKSt6locale
                0x00000000        0x0 /usr/qnx650/target/qnx6/x86/lib/crt1.o
 .rel.text._ZNSt15basic_streambufIcSt11char_traitsIcEE5sgetcEv
                0x00000000        0x0 /usr/qnx650/target/qnx6/x86/lib/crt1.o
 .rel.text._ZNSt15basic_streambufIcSt11char_traitsIcEE6snextcEv
                0x00000000        0x0 /usr/qnx650/target/qnx6/x86/lib/crt1.o
 .rel.text._ZNSt15basic_streambufIcSt11char_traitsIcEE6sbumpcEv
                0x00000000        0x0 /usr/qnx650/target/qnx6/x86/lib/crt1.o
 .rel.text._ZNSspLEc
                0x00000000        0x0 /usr/qnx650/target/qnx6/x86/lib/crt1.o
 .rel.text._ZNKSs7compareEjjPKcj
                0x00000000        0x0 /usr/qnx650/target/qnx6/x86/lib/crt1.o
 .rel.text._ZNSi12_Sentry_baseC2ERSi
                0x00000000        0x0 /usr/qnx650/target/qnx6/x86/lib/crt1.o
 .rel.text._ZNSi5_IpfxEb
                0x00000000        0x0 /usr/qnx650/target/qnx6/x86/lib/crt1.o
 .rel.text._ZNSt7num_getIcSt19istreambuf_iteratorIcSt11char_traitsIcEEE7_GetcatEPPKNSt6locale5facetE
                0x00000000        0x0 /usr/qnx650/target/qnx6/x86/lib/crt1.o
 .rel.text._ZNKSt7num_getIcSt19istreambuf_iteratorIcSt11char_traitsIcEEE6do_getES3_S3_RSt8ios_baseRNSt5_IosbIiE8_IostateERj
                0x00000000        0x0 /usr/qnx650/target/qnx6/x86/lib/crt1.o
 .rel.text._ZNSt13basic_filebufIcSt11char_traitsIcEE9_EndwriteEv
                0x00000000        0x0 /usr/qnx650/target/qnx6/x86/lib/crt1.o
 .rel.text._ZNSt7num_putIcSt19ostreambuf_iteratorIcSt11char_traitsIcEEE7_GetcatEPPKNSt6locale5facetE
                0x00000000        0x0 /usr/qnx650/target/qnx6/x86/lib/crt1.o
 .rel.text._ZNKSt7num_putIcSt19ostreambuf_iteratorIcSt11char_traitsIcEEE6do_putES3_RSt8ios_basecl
                0x00000000        0x0 /usr/qnx650/target/qnx6/x86/lib/crt1.o
 .rel.text._ZNKSt6vectorIcSaIcEE8max_sizeEv
                0x00000000        0x0 /usr/qnx650/target/qnx6/x86/lib/crt1.o
 .rel.text._ZNKSt6vectorIcSaIcEE5_XlenEv
                0x00000000        0x0 /usr/qnx650/target/qnx6/x86/lib/crt1.o
 .rel.text._ZSt21_Uninitialized_fill_nIPcjcSaIcEEvT_T0_RKT1_RT2_
                0x00000000        0x0 /usr/qnx650/target/qnx6/x86/lib/crt1.o
 .rel.text._ZSt14_Destroy_rangeIcSaIcEEvPT_S2_RT0_
                0x00000000        0x0 /usr/qnx650/target/qnx6/x86/lib/crt1.o
 .rel.text._ZNSt8iteratorISt26random_access_iterator_tagciPKcRS1_EC2Ev
                0x00000000        0x0 /usr/qnx650/target/qnx6/x86/lib/crt1.o
 .rel.text._ZNSt6_RanitIciPKcRS0_EC2Ev
                0x00000000        0x0 /usr/qnx650/target/qnx6/x86/lib/crt1.o
 .rel.text._ZNSt22_Vector_const_iteratorIcSaIcEEC2EPc
                0x00000000        0x0 /usr/qnx650/target/qnx6/x86/lib/crt1.o
 .rel.text._ZNSt7codecvtIcc9_MbstatetE7_GetcatEPPKNSt6locale5facetE
                0x00000000        0x0 /usr/qnx650/target/qnx6/x86/lib/crt1.o
 .rel.text._ZNSs6appendEjc
                0x00000000        0x0 /usr/qnx650/target/qnx6/x86/lib/crt1.o
 .rel.text._ZNSt7num_getIcSt19istreambuf_iteratorIcSt11char_traitsIcEEEC1Ej
                0x00000000        0x0 /usr/qnx650/target/qnx6/x86/lib/crt1.o
 .rel.text._ZNKSt7num_getIcSt19istreambuf_iteratorIcSt11char_traitsIcEEE8_GetifldEPcRS3_S6_NSt5_IosbIiE9_FmtflagsERKSt6locale
                0x00000000        0x0 /usr/qnx650/target/qnx6/x86/lib/crt1.o
 .rel.text._ZSteqIcSt11char_traitsIcEEbRKSt19istreambuf_iteratorIT_T0_ES7_
                0x00000000        0x0 /usr/qnx650/target/qnx6/x86/lib/crt1.o
 .rel.text._ZNSt13basic_filebufIcSt11char_traitsIcEE8overflowEi
                0x00000000        0x0 /usr/qnx650/target/qnx6/x86/lib/crt1.o
 .rel.text._ZNSsC1Ejc
                0x00000000        0x0 /usr/qnx650/target/qnx6/x86/lib/crt1.o
 .rel.text._ZNSs5beginEv
                0x00000000        0x0 /usr/qnx650/target/qnx6/x86/lib/crt1.o
 .rel.text._ZNKSt16_String_iteratorIcSt11char_traitsIcESaIcEEdeEv
                0x00000000        0x0 /usr/qnx650/target/qnx6/x86/lib/crt1.o
 .rel.text._ZNSt7num_putIcSt19ostreambuf_iteratorIcSt11char_traitsIcEEEC1Ej
                0x00000000        0x0 /usr/qnx650/target/qnx6/x86/lib/crt1.o
 .rel.text._ZNKSt7num_putIcSt19ostreambuf_iteratorIcSt11char_traitsIcEEE5_IputES3_RSt8ios_basecPcj
                0x00000000        0x0 /usr/qnx650/target/qnx6/x86/lib/crt1.o
 .rel.text._ZNKSt7num_putIcSt19ostreambuf_iteratorIcSt11char_traitsIcEEE5_IfmtEPcPKcNSt5_IosbIiE9_FmtflagsE
                0x00000000        0x0 /usr/qnx650/target/qnx6/x86/lib/crt1.o
 .rel.text._ZSt14_Uninit_fill_nIcjcEvPT_T0_RKT1_RSaIS0_ESt24_Scalar_ptr_iterator_tag
                0x00000000        0x0 /usr/qnx650/target/qnx6/x86/lib/crt1.o
 .rel.text._ZNSt7codecvtIcc9_MbstatetEC1Ej
                0x00000000        0x0 /usr/qnx650/target/qnx6/x86/lib/crt1.o
 .rel.text._ZNSs9_ChassignEjjc
                0x00000000        0x0 /usr/qnx650/target/qnx6/x86/lib/crt1.o
 .rel.text._ZNSt7num_getIcSt19istreambuf_iteratorIcSt11char_traitsIcEEE5_InitERKSt8_Locinfo
                0x00000000        0x0 /usr/qnx650/target/qnx6/x86/lib/crt1.o
 .rel.text._ZSt9use_facetISt8numpunctIcEERKT_RKSt6locale
                0x00000000        0x0 /usr/qnx650/target/qnx6/x86/lib/crt1.o
 .rel.text._ZNKSt19istreambuf_iteratorIcSt11char_traitsIcEEdeEv
                0x00000000        0x0 /usr/qnx650/target/qnx6/x86/lib/crt1.o
 .rel.text._ZNSt19istreambuf_iteratorIcSt11char_traitsIcEEppEv
                0x00000000        0x0 /usr/qnx650/target/qnx6/x86/lib/crt1.o
 .rel.text._ZStneIcSt11char_traitsIcEEbRKSt19istreambuf_iteratorIT_T0_ES7_
                0x00000000        0x0 /usr/qnx650/target/qnx6/x86/lib/crt1.o
 .rel.text._ZNKSt19istreambuf_iteratorIcSt11char_traitsIcEE5equalERKS2_
                0x00000000        0x0 /usr/qnx650/target/qnx6/x86/lib/crt1.o
 .rel.text._ZNSs6assignEjc
                0x00000000        0x0 /usr/qnx650/target/qnx6/x86/lib/crt1.o
 .rel.text._ZNSt16_String_iteratorIcSt11char_traitsIcESaIcEEC1EPc
                0x00000000        0x0 /usr/qnx650/target/qnx6/x86/lib/crt1.o
 .rel.text._ZNSt7num_putIcSt19ostreambuf_iteratorIcSt11char_traitsIcEEE5_InitERKSt8_Locinfo
                0x00000000        0x0 /usr/qnx650/target/qnx6/x86/lib/crt1.o
 .rel.text._ZNKSt7num_putIcSt19ostreambuf_iteratorIcSt11char_traitsIcEEE4_RepES3_cj
                0x00000000        0x0 /usr/qnx650/target/qnx6/x86/lib/crt1.o
 .rel.text._ZNKSt7num_putIcSt19ostreambuf_iteratorIcSt11char_traitsIcEEE5_PutcES3_PKcj
                0x00000000        0x0 /usr/qnx650/target/qnx6/x86/lib/crt1.o
 .rel.text._ZNKSt7num_putIcSt19ostreambuf_iteratorIcSt11char_traitsIcEEE11_PutgroupedES3_PKcjc
                0x00000000        0x0 /usr/qnx650/target/qnx6/x86/lib/crt1.o
 .rel.text._ZNSt8numpunctIcE7_GetcatEPPKNSt6locale5facetE
                0x00000000        0x0 /usr/qnx650/target/qnx6/x86/lib/crt1.o
 .rel.text._ZNKSt8numpunctIcE11do_groupingEv
                0x00000000        0x0 /usr/qnx650/target/qnx6/x86/lib/crt1.o
 .rel.text._ZNSt19istreambuf_iteratorIcSt11char_traitsIcEE5_PeekEv
                0x00000000        0x0 /usr/qnx650/target/qnx6/x86/lib/crt1.o
 .rel.text._ZNSt19istreambuf_iteratorIcSt11char_traitsIcEE4_IncEv
                0x00000000        0x0 /usr/qnx650/target/qnx6/x86/lib/crt1.o
 .rel.text._ZNSt22_String_const_iteratorIcSt11char_traitsIcESaIcEEC2EPKc
                0x00000000        0x0 /usr/qnx650/target/qnx6/x86/lib/crt1.o
 .rel.text._ZNSt19ostreambuf_iteratorIcSt11char_traitsIcEEaSEc
                0x00000000        0x0 /usr/qnx650/target/qnx6/x86/lib/crt1.o
 .rel.text._ZNSt8numpunctIcEC1Ej
                0x00000000        0x0 /usr/qnx650/target/qnx6/x86/lib/crt1.o
 .rel.text._ZNSt8numpunctIcE5_InitERKSt8_Locinfo
                0x00000000        0x0 /usr/qnx650/target/qnx6/x86/lib/crt1.o
 .rel.text._ZSt10_MaklocstrIcEPT_PKcS1_RKSt7_Cvtvec
                0x00000000        0x0 /usr/qnx650/target/qnx6/x86/lib/crt1.o
 .rel.text._ZNSt8numpunctIcE5_TidyEv
                0x00000000        0x0 /usr/qnx650/target/qnx6/x86/lib/crt1.o
 .rel.text._ZNSt8numpunctIcED1Ev
                0x00000000        0x0 /usr/qnx650/target/qnx6/x86/lib/crt1.o
 .rel.text._ZNSt8numpunctIcED0Ev
                0x00000000        0x0 /usr/qnx650/target/qnx6/x86/lib/crt1.o
 .rel.text._ZNKSt8numpunctIcE12do_falsenameEv
                0x00000000        0x0 /usr/qnx650/target/qnx6/x86/lib/crt1.o
 .rel.text._ZNKSt8numpunctIcE11do_truenameEv
                0x00000000        0x0 /usr/qnx650/target/qnx6/x86/lib/crt1.o
 .rel.text._ZNSt7codecvtIcc9_MbstatetED1Ev
                0x00000000        0x0 /usr/qnx650/target/qnx6/x86/lib/crt1.o
 .rel.text._ZNSt7codecvtIcc9_MbstatetED0Ev
                0x00000000        0x0 /usr/qnx650/target/qnx6/x86/lib/crt1.o
 .rel.text._ZNSt7num_putIcSt19ostreambuf_iteratorIcSt11char_traitsIcEEED1Ev
                0x00000000        0x0 /usr/qnx650/target/qnx6/x86/lib/crt1.o
 .rel.text._ZNSt7num_putIcSt19ostreambuf_iteratorIcSt11char_traitsIcEEED0Ev
                0x00000000        0x0 /usr/qnx650/target/qnx6/x86/lib/crt1.o
 .rel.text._ZNKSt7num_putIcSt19ostreambuf_iteratorIcSt11char_traitsIcEEE6do_putES3_RSt8ios_basecb
                0x00000000        0x0 /usr/qnx650/target/qnx6/x86/lib/crt1.o
 .rel.text._ZNKSt7num_putIcSt19ostreambuf_iteratorIcSt11char_traitsIcEEE6do_putES3_RSt8ios_basecm
                0x00000000        0x0 /usr/qnx650/target/qnx6/x86/lib/crt1.o
 .rel.text._ZNKSt7num_putIcSt19ostreambuf_iteratorIcSt11char_traitsIcEEE6do_putES3_RSt8ios_basecx
                0x00000000        0x0 /usr/qnx650/target/qnx6/x86/lib/crt1.o
 .rel.text._ZNKSt7num_putIcSt19ostreambuf_iteratorIcSt11char_traitsIcEEE6do_putES3_RSt8ios_basecy
                0x00000000        0x0 /usr/qnx650/target/qnx6/x86/lib/crt1.o
 .rel.text._ZNKSt7num_putIcSt19ostreambuf_iteratorIcSt11char_traitsIcEEE6do_putES3_RSt8ios_basecd
                0x00000000        0x0 /usr/qnx650/target/qnx6/x86/lib/crt1.o
 .rel.text._ZNKSt7num_putIcSt19ostreambuf_iteratorIcSt11char_traitsIcEEE6do_putES3_RSt8ios_basece
                0x00000000        0x0 /usr/qnx650/target/qnx6/x86/lib/crt1.o
 .rel.text._ZNKSt7num_putIcSt19ostreambuf_iteratorIcSt11char_traitsIcEEE6do_putES3_RSt8ios_basecPKv
                0x00000000        0x0 /usr/qnx650/target/qnx6/x86/lib/crt1.o
 .rel.text._ZNSt7num_getIcSt19istreambuf_iteratorIcSt11char_traitsIcEEED1Ev
                0x00000000        0x0 /usr/qnx650/target/qnx6/x86/lib/crt1.o
 .rel.text._ZNSt7num_getIcSt19istreambuf_iteratorIcSt11char_traitsIcEEED0Ev
                0x00000000        0x0 /usr/qnx650/target/qnx6/x86/lib/crt1.o
 .rel.text._ZNKSt7num_getIcSt19istreambuf_iteratorIcSt11char_traitsIcEEE6do_getES3_S3_RSt8ios_baseRNSt5_IosbIiE8_IostateERb
                0x00000000        0x0 /usr/qnx650/target/qnx6/x86/lib/crt1.o
 .rel.text._ZNKSt7num_getIcSt19istreambuf_iteratorIcSt11char_traitsIcEEE6do_getES3_S3_RSt8ios_baseRNSt5_IosbIiE8_IostateERt
                0x00000000        0x0 /usr/qnx650/target/qnx6/x86/lib/crt1.o
 .rel.text._ZNKSt7num_getIcSt19istreambuf_iteratorIcSt11char_traitsIcEEE6do_getES3_S3_RSt8ios_baseRNSt5_IosbIiE8_IostateERl
                0x00000000        0x0 /usr/qnx650/target/qnx6/x86/lib/crt1.o
 .rel.text._ZNKSt7num_getIcSt19istreambuf_iteratorIcSt11char_traitsIcEEE6do_getES3_S3_RSt8ios_baseRNSt5_IosbIiE8_IostateERm
                0x00000000        0x0 /usr/qnx650/target/qnx6/x86/lib/crt1.o
 .rel.text._ZNKSt7num_getIcSt19istreambuf_iteratorIcSt11char_traitsIcEEE6do_getES3_S3_RSt8ios_baseRNSt5_IosbIiE8_IostateERx
                0x00000000        0x0 /usr/qnx650/target/qnx6/x86/lib/crt1.o
 .rel.text._ZNKSt7num_getIcSt19istreambuf_iteratorIcSt11char_traitsIcEEE6do_getES3_S3_RSt8ios_baseRNSt5_IosbIiE8_IostateERy
                0x00000000        0x0 /usr/qnx650/target/qnx6/x86/lib/crt1.o
 .rel.text._ZNKSt7num_getIcSt19istreambuf_iteratorIcSt11char_traitsIcEEE6do_getES3_S3_RSt8ios_baseRNSt5_IosbIiE8_IostateERf
                0x00000000        0x0 /usr/qnx650/target/qnx6/x86/lib/crt1.o
 .rel.text._ZNKSt7num_getIcSt19istreambuf_iteratorIcSt11char_traitsIcEEE6do_getES3_S3_RSt8ios_baseRNSt5_IosbIiE8_IostateERd
                0x00000000        0x0 /usr/qnx650/target/qnx6/x86/lib/crt1.o
 .rel.text._ZNKSt7num_getIcSt19istreambuf_iteratorIcSt11char_traitsIcEEE6do_getES3_S3_RSt8ios_baseRNSt5_IosbIiE8_IostateERe
                0x00000000        0x0 /usr/qnx650/target/qnx6/x86/lib/crt1.o
 .rel.text._ZNKSt7num_getIcSt19istreambuf_iteratorIcSt11char_traitsIcEEE6do_getES3_S3_RSt8ios_baseRNSt5_IosbIiE8_IostateERPv
                0x00000000        0x0 /usr/qnx650/target/qnx6/x86/lib/crt1.o
 .rel.text._ZNSt13basic_filebufIcSt11char_traitsIcEE9pbackfailEi
                0x00000000        0x0 /usr/qnx650/target/qnx6/x86/lib/crt1.o
 .rel.text._ZNSt13basic_filebufIcSt11char_traitsIcEE9underflowEv
                0x00000000        0x0 /usr/qnx650/target/qnx6/x86/lib/crt1.o
 .rel.text._ZNSt13basic_filebufIcSt11char_traitsIcEE5uflowEv
                0x00000000        0x0 /usr/qnx650/target/qnx6/x86/lib/crt1.o
 .rel.text._ZNSt13basic_filebufIcSt11char_traitsIcEE7seekoffElNSt5_IosbIiE8_SeekdirENS4_9_OpenmodeE
                0x00000000        0x0 /usr/qnx650/target/qnx6/x86/lib/crt1.o
 .rel.text._ZNSt13basic_filebufIcSt11char_traitsIcEE7seekposESt4fposI9_MbstatetENSt5_IosbIiE9_OpenmodeE
                0x00000000        0x0 /usr/qnx650/target/qnx6/x86/lib/crt1.o
 .rel.text._ZNSt13basic_filebufIcSt11char_traitsIcEE6setbufEPci
                0x00000000        0x0 /usr/qnx650/target/qnx6/x86/lib/crt1.o
 .rel.text._ZNSt13basic_filebufIcSt11char_traitsIcEE4syncEv
                0x00000000        0x0 /usr/qnx650/target/qnx6/x86/lib/crt1.o
 .rel.text._ZNSt13basic_filebufIcSt11char_traitsIcEE5imbueERKSt6locale
                0x00000000        0x0 /usr/qnx650/target/qnx6/x86/lib/crt1.o
 .rel.text._ZNKSt7num_putIcSt19ostreambuf_iteratorIcSt11char_traitsIcEEE4_PutES3_PKcj
                0x00000000        0x0 /usr/qnx650/target/qnx6/x86/lib/crt1.o
 .rel.text._ZNKSt7num_putIcSt19ostreambuf_iteratorIcSt11char_traitsIcEEE5_FputES3_RSt8ios_basecPKcjjjj
                0x00000000        0x0 /usr/qnx650/target/qnx6/x86/lib/crt1.o
 .rel.text._ZNKSt7num_putIcSt19ostreambuf_iteratorIcSt11char_traitsIcEEE5_FfmtEPccNSt5_IosbIiE9_FmtflagsE
                0x00000000        0x0 /usr/qnx650/target/qnx6/x86/lib/crt1.o
 .rel.text._ZSt10_GetloctxtIcSt19istreambuf_iteratorIcSt11char_traitsIcEEEiRT0_S5_jPKT_
                0x00000000        0x0 /usr/qnx650/target/qnx6/x86/lib/crt1.o
 .rel.text._ZNKSt7num_getIcSt19istreambuf_iteratorIcSt11char_traitsIcEEE8_GetffldEPcRS3_S6_RKSt6locale
                0x00000000        0x0 /usr/qnx650/target/qnx6/x86/lib/crt1.o
 .rel.text._ZNSs6insertEjjc
                0x00000000        0x0 /usr/qnx650/target/qnx6/x86/lib/crt1.o
 *(.rel.fini)
 *(.rel.rodata .rel.rodata.* .rel.gnu.linkonce.r.*)
 .rel.rodata._ZTV15system_settings
                0x00000000        0x0 /usr/qnx650/target/qnx6/x86/lib/crt1.o
 .rel.rodata._ZTVSt12length_error
                0x00000000        0x0 /usr/qnx650/target/qnx6/x86/lib/crt1.o
 .rel.rodata._ZTVSt11logic_error
                0x00000000        0x0 /usr/qnx650/target/qnx6/x86/lib/crt1.o
 .rel.rodata._ZTI16spider_exception
                0x00000000        0x0 /usr/qnx650/target/qnx6/x86/lib/crt1.o
 .rel.rodata._ZTI15system_settings
                0x00000000        0x0 /usr/qnx650/target/qnx6/x86/lib/crt1.o
 .rel.rodata._ZTISt12length_error
                0x00000000        0x0 /usr/qnx650/target/qnx6/x86/lib/crt1.o
 .rel.rodata._ZTISt11logic_error
                0x00000000        0x0 /usr/qnx650/target/qnx6/x86/lib/crt1.o
 .rel.rodata._ZTV12metro_device
                0x00000000        0x0 /usr/qnx650/target/qnx6/x86/lib/crt1.o
 .rel.rodata._ZTVSt19basic_ostringstreamIcSt11char_traitsIcESaIcEE
                0x00000000        0x0 /usr/qnx650/target/qnx6/x86/lib/crt1.o
 .rel.rodata._ZTTSt19basic_ostringstreamIcSt11char_traitsIcESaIcEE
                0x00000000        0x0 /usr/qnx650/target/qnx6/x86/lib/crt1.o
 .rel.rodata._ZTCSt19basic_ostringstreamIcSt11char_traitsIcESaIcEE0_So
                0x00000000        0x0 /usr/qnx650/target/qnx6/x86/lib/crt1.o
 .rel.rodata._ZTVSt15basic_stringbufIcSt11char_traitsIcESaIcEE
                0x00000000        0x0 /usr/qnx650/target/qnx6/x86/lib/crt1.o
 .rel.rodata._ZTVSt15basic_streambufIcSt11char_traitsIcEE
                0x00000000        0x0 /usr/qnx650/target/qnx6/x86/lib/crt1.o
 .rel.rodata._ZTVSo
                0x00000000        0x0 /usr/qnx650/target/qnx6/x86/lib/crt1.o
 .rel.rodata._ZTTSo
                0x00000000        0x0 /usr/qnx650/target/qnx6/x86/lib/crt1.o
 .rel.rodata._ZTVSt9basic_iosIcSt11char_traitsIcEE
                0x00000000        0x0 /usr/qnx650/target/qnx6/x86/lib/crt1.o
 .rel.rodata._ZTVSt5ctypeIcE
                0x00000000        0x0 /usr/qnx650/target/qnx6/x86/lib/crt1.o
 .rel.rodata._ZTVSt10ctype_base
                0x00000000        0x0 /usr/qnx650/target/qnx6/x86/lib/crt1.o
 .rel.rodata._ZTVNSt6locale5facetE
                0x00000000        0x0 /usr/qnx650/target/qnx6/x86/lib/crt1.o
 .rel.rodata._ZTVSt8bad_cast
                0x00000000        0x0 /usr/qnx650/target/qnx6/x86/lib/crt1.o
 .rel.rodata._ZTIN12metro_device22metro_device_exceptionE
                0x00000000        0x0 /usr/qnx650/target/qnx6/x86/lib/crt1.o
 .rel.rodata._ZTISt19basic_ostringstreamIcSt11char_traitsIcESaIcEE
                0x00000000        0x0 /usr/qnx650/target/qnx6/x86/lib/crt1.o
 .rel.rodata._ZTISt15basic_stringbufIcSt11char_traitsIcESaIcEE
                0x00000000        0x0 /usr/qnx650/target/qnx6/x86/lib/crt1.o
 .rel.rodata._ZTISt15basic_streambufIcSt11char_traitsIcEE
                0x00000000        0x0 /usr/qnx650/target/qnx6/x86/lib/crt1.o
 .rel.rodata._ZTISo
                0x00000000        0x0 /usr/qnx650/target/qnx6/x86/lib/crt1.o
 .rel.rodata._ZTISt9basic_iosIcSt11char_traitsIcEE
                0x00000000        0x0 /usr/qnx650/target/qnx6/x86/lib/crt1.o
 .rel.rodata._ZTI12metro_device
                0x00000000        0x0 /usr/qnx650/target/qnx6/x86/lib/crt1.o
 .rel.rodata._ZTISt5ctypeIcE
                0x00000000        0x0 /usr/qnx650/target/qnx6/x86/lib/crt1.o
 .rel.rodata._ZTISt10ctype_base
                0x00000000        0x0 /usr/qnx650/target/qnx6/x86/lib/crt1.o
 .rel.rodata._ZTINSt6locale5facetE
                0x00000000        0x0 /usr/qnx650/target/qnx6/x86/lib/crt1.o
 .rel.rodata._ZTISt8bad_cast
                0x00000000        0x0 /usr/qnx650/target/qnx6/x86/lib/crt1.o
 .rel.rodata._ZTVSt8numpunctIcE
                0x00000000        0x0 /usr/qnx650/target/qnx6/x86/lib/crt1.o
 .rel.rodata._ZTVSt7codecvtIcc9_MbstatetE
                0x00000000        0x0 /usr/qnx650/target/qnx6/x86/lib/crt1.o
 .rel.rodata._ZTVSt7num_putIcSt19ostreambuf_iteratorIcSt11char_traitsIcEEE
                0x00000000        0x0 /usr/qnx650/target/qnx6/x86/lib/crt1.o
 .rel.rodata._ZTVSt7num_getIcSt19istreambuf_iteratorIcSt11char_traitsIcEEE
                0x00000000        0x0 /usr/qnx650/target/qnx6/x86/lib/crt1.o
 .rel.rodata._ZTVSt19basic_istringstreamIcSt11char_traitsIcESaIcEE
                0x00000000        0x0 /usr/qnx650/target/qnx6/x86/lib/crt1.o
 .rel.rodata._ZTTSt19basic_istringstreamIcSt11char_traitsIcESaIcEE
                0x00000000        0x0 /usr/qnx650/target/qnx6/x86/lib/crt1.o
 .rel.rodata._ZTCSt19basic_istringstreamIcSt11char_traitsIcESaIcEE0_Si
                0x00000000        0x0 /usr/qnx650/target/qnx6/x86/lib/crt1.o
 .rel.rodata._ZTVSt14basic_ifstreamIcSt11char_traitsIcEE
                0x00000000        0x0 /usr/qnx650/target/qnx6/x86/lib/crt1.o
 .rel.rodata._ZTTSt14basic_ifstreamIcSt11char_traitsIcEE
                0x00000000        0x0 /usr/qnx650/target/qnx6/x86/lib/crt1.o
 .rel.rodata._ZTCSt14basic_ifstreamIcSt11char_traitsIcEE0_Si
                0x00000000        0x0 /usr/qnx650/target/qnx6/x86/lib/crt1.o
 .rel.rodata._ZTVSt13basic_filebufIcSt11char_traitsIcEE
                0x00000000        0x0 /usr/qnx650/target/qnx6/x86/lib/crt1.o
 .rel.rodata._ZTVSi
                0x00000000        0x0 /usr/qnx650/target/qnx6/x86/lib/crt1.o
 .rel.rodata._ZTTSi
                0x00000000        0x0 /usr/qnx650/target/qnx6/x86/lib/crt1.o
 .rel.rodata._ZTVSt12codecvt_base
                0x00000000        0x0 /usr/qnx650/target/qnx6/x86/lib/crt1.o
 .rel.rodata._ZTISt8numpunctIcE
                0x00000000        0x0 /usr/qnx650/target/qnx6/x86/lib/crt1.o
 .rel.rodata._ZTISt7codecvtIcc9_MbstatetE
                0x00000000        0x0 /usr/qnx650/target/qnx6/x86/lib/crt1.o
 .rel.rodata._ZTISt7num_putIcSt19ostreambuf_iteratorIcSt11char_traitsIcEEE
                0x00000000        0x0 /usr/qnx650/target/qnx6/x86/lib/crt1.o
 .rel.rodata._ZTISt7num_getIcSt19istreambuf_iteratorIcSt11char_traitsIcEEE
                0x00000000        0x0 /usr/qnx650/target/qnx6/x86/lib/crt1.o
 .rel.rodata._ZTI17comport_exception
                0x00000000        0x0 /usr/qnx650/target/qnx6/x86/lib/crt1.o
 .rel.rodata._ZTISt19basic_istringstreamIcSt11char_traitsIcESaIcEE
                0x00000000        0x0 /usr/qnx650/target/qnx6/x86/lib/crt1.o
 .rel.rodata._ZTISt14basic_ifstreamIcSt11char_traitsIcEE
                0x00000000        0x0 /usr/qnx650/target/qnx6/x86/lib/crt1.o
 .rel.rodata._ZTISt13basic_filebufIcSt11char_traitsIcEE
                0x00000000        0x0 /usr/qnx650/target/qnx6/x86/lib/crt1.o
 .rel.rodata._ZTISi
                0x00000000        0x0 /usr/qnx650/target/qnx6/x86/lib/crt1.o
 .rel.rodata._ZTISt12codecvt_base
                0x00000000        0x0 /usr/qnx650/target/qnx6/x86/lib/crt1.o
 *(.rel.data.rel.ro* .rel.gnu.linkonce.d.rel.ro.*)
 *(.rel.data .rel.data.* .rel.gnu.linkonce.d.*)
 *(.rel.tdata .rel.tdata.* .rel.gnu.linkonce.td.*)
 *(.rel.tbss .rel.tbss.* .rel.gnu.linkonce.tb.*)
 *(.rel.ctors)
 *(.rel.dtors)
 *(.rel.got)
 .rel.got       0x0804cbd8       0x20 /usr/qnx650/target/qnx6/x86/lib/crt1.o
 *(.rel.sdata .rel.sdata.* .rel.gnu.linkonce.s.*)
 *(.rel.sbss .rel.sbss.* .rel.gnu.linkonce.sb.*)
 *(.rel.sdata2 .rel.sdata2.* .rel.gnu.linkonce.s2.*)
 *(.rel.sbss2 .rel.sbss2.* .rel.gnu.linkonce.sb2.*)
 *(.rel.bss .rel.bss.* .rel.gnu.linkonce.b.*)
 .rel.bss       0x0804cbf8       0x98 /usr/qnx650/target/qnx6/x86/lib/crt1.o
 .rel.eh_frame  0x00000000        0x0 /usr/qnx650/target/qnx6/x86/lib/crt1.o
 .rel.gcc_except_table
                0x00000000        0x0 /usr/qnx650/target/qnx6/x86/lib/crt1.o

.rela.dyn
 *(.rela.init)
 *(.rela.text .rela.text.* .rela.gnu.linkonce.t.*)
 *(.rela.fini)
 *(.rela.rodata .rela.rodata.* .rela.gnu.linkonce.r.*)
 *(.rela.data .rela.data.* .rela.gnu.linkonce.d.*)
 *(.rela.tdata .rela.tdata.* .rela.gnu.linkonce.td.*)
 *(.rela.tbss .rela.tbss.* .rela.gnu.linkonce.tb.*)
 *(.rela.ctors)
 *(.rela.dtors)
 *(.rela.got)
 *(.rela.sdata .rela.sdata.* .rela.gnu.linkonce.s.*)
 *(.rela.sbss .rela.sbss.* .rela.gnu.linkonce.sb.*)
 *(.rela.sdata2 .rela.sdata2.* .rela.gnu.linkonce.s2.*)
 *(.rela.sbss2 .rela.sbss2.* .rela.gnu.linkonce.sb2.*)
 *(.rela.bss .rela.bss.* .rela.gnu.linkonce.b.*)

.rel.plt        0x0804cc90      0x3c8
 *(.rel.plt)
 .rel.plt       0x0804cc90      0x3c8 /usr/qnx650/target/qnx6/x86/lib/crt1.o

.rela.plt
 *(.rela.plt)

.init           0x0804d058        0xd
 *(.init)
 .init          0x0804d058        0x0 /usr/qnx650/target/qnx6/x86/lib/crti.o
                0x0804d058                _init
 .init          0x0804d058        0x5 /usr/qnx650/host/qnx6/x86/usr/lib/gcc/i486-pc-nto-qnx6.5.0/4.4.2/crtbegin.o
 .init          0x0804d05d        0x5 /usr/qnx650/host/qnx6/x86/usr/lib/gcc/i486-pc-nto-qnx6.5.0/4.4.2/crtend.o
 .init          0x0804d062        0x3 /usr/qnx650/target/qnx6/x86/lib/crtn.o

.plt            0x0804d068      0x7a0
 *(.plt)
 .plt           0x0804d068      0x7a0 /usr/qnx650/target/qnx6/x86/lib/crt1.o
                0x0804d078                iofunc_close_ocb_default
                0x0804d088                iofunc_write_verify
                0x0804d098                __cxa_get_exception_ptr
                0x0804d0a8                itoa
                0x0804d0b8                __register_frame_info
                0x0804d0c8                std::locale::facet::_Register()
                0x0804d0d8                __cxa_free_exception
                0x0804d0e8                operator new[](unsigned int)
                0x0804d0f8                dispatch_context_free
                0x0804d108                __cxa_begin_catch
                0x0804d118                open
                0x0804d128                pthread_attr_setdetachstate
                0x0804d138                fwrite
                0x0804d148                operator delete[](void*)
                0x0804d158                std::_Mutex::~_Mutex()
                0x0804d168                memcpy
                0x0804d178                std::_Fiopen(char const*, std::_Iosb<int>::_Openmode, int)
                0x0804d188                iofunc_open_default
                0x0804d198                pthread_mutex_init
                0x0804d1a8                resmgr_attach
                0x0804d1b8                MsgRead
                0x0804d1c8                iofunc_ocb_calloc
                0x0804d1d8                pthread_attr_init
                0x0804d1e8                __cxa_finalize
                0x0804d1f8                operator delete(void*)
                0x0804d208                _init_array
                0x0804d218                __get_errno_ptr
                0x0804d228                dispatch_block
                0x0804d238                strlen
                0x0804d248                pthread_mutex_lock
                0x0804d258                __cxa_call_unexpected
                0x0804d268                std::locale::locale()
                0x0804d278                __cxa_atexit
                0x0804d288                pthread_once
                0x0804d298                std::uncaught_exception()
                0x0804d2a8                __cxa_pure_virtual
                0x0804d2b8                std::_Locinfo::~_Locinfo()
                0x0804d2c8                atexit
                0x0804d2d8                cfsetispeed
                0x0804d2e8                __cxa_allocate_exception
                0x0804d2f8                std::ios_base::_Addstd()
                0x0804d308                __gxx_personality_v0
                0x0804d318                _Unwind_Resume
                0x0804d328                pthread_mutex_destroy
                0x0804d338                memmove
                0x0804d348                fclose
                0x0804d358                std::_String_base::_Xlen() const
                0x0804d368                std::ios_base::clear(std::_Iosb<int>::_Iostate, bool)
                0x0804d378                cfsetospeed
                0x0804d388                _Stoulx
                0x0804d398                cfgetispeed
                0x0804d3a8                dispatch_create
                0x0804d3b8                fgetc
                0x0804d3c8                __cxa_throw
                0x0804d3d8                _Locksyslock
                0x0804d3e8                pthread_create
                0x0804d3f8                write
                0x0804d408                setvbuf
                0x0804d418                _init_libc
                0x0804d428                _Stofx
                0x0804d438                std::_Mutex::_Unlock()
                0x0804d448                pthread_cond_signal
                0x0804d458                std::_String_base::_Xran() const
                0x0804d468                close
                0x0804d478                fputc
                0x0804d488                std::ios_base::Init::~Init()
                0x0804d498                dispatch_handler
                0x0804d4a8                dispatch_context_alloc
                0x0804d4b8                std::_Mutex::_Mutex()
                0x0804d4c8                iofunc_devctl_default
                0x0804d4d8                pthread_cond_init
                0x0804d4e8                __cxa_end_catch
                0x0804d4f8                dispatch_destroy
                0x0804d508                _Stoldx
                0x0804d518                MsgSendv
                0x0804d528                fsetpos
                0x0804d538                _Stodx
                0x0804d548                _Stollx
                0x0804d558                fflush
                0x0804d568                memset
                0x0804d578                std::ios_base::Init::Init()
                0x0804d588                pthread_atfork
                0x0804d598                std::ios_base::~ios_base()
                0x0804d5a8                iofunc_read_verify
                0x0804d5b8                strcspn
                0x0804d5c8                memcmp
                0x0804d5d8                vsnprintf
                0x0804d5e8                sprintf
                0x0804d5f8                _fini_array
                0x0804d608                iofunc_attr_init
                0x0804d618                iofunc_func_init
                0x0804d628                _preinit_array
                0x0804d638                fseek
                0x0804d648                std::exception::~exception()
                0x0804d658                _Unlocksyslock
                0x0804d668                memchr
                0x0804d678                __stackavail
                0x0804d688                _Stolx
                0x0804d698                exit
                0x0804d6a8                std::locale::_Getfacet(unsigned int) const
                0x0804d6b8                pthread_cond_broadcast
                0x0804d6c8                pthread_mutex_unlock
                0x0804d6d8                fgetpos
                0x0804d6e8                pthread_cond_destroy
                0x0804d6f8                std::ios_base::_Init()
                0x0804d708                ungetc
                0x0804d718                free
                0x0804d728                atoi
                0x0804d738                std::_Locinfo::_Locinfo(char const*)
                0x0804d748                operator delete(void*, void*)
                0x0804d758                strerror
                0x0804d768                __cxa_rethrow
                0x0804d778                pthread_cond_wait
                0x0804d788                operator new(unsigned int)
                0x0804d798                _Getctyptab
                0x0804d7a8                iofunc_ocb_free
                0x0804d7b8                _Stoullx
                0x0804d7c8                std::terminate()
                0x0804d7d8                std::_Mutex::_Lock()
                0x0804d7e8                __deregister_frame_info
                0x0804d7f8                pthread_join

.text           0x0804d810    0x15bf0
                0x0804d810                _btext = .
 *(.text .stub .text.* .gnu.linkonce.t.*)
 .text          0x0804d810       0x91 /usr/qnx650/target/qnx6/x86/lib/crt1.o
                0x0804d818                _start
 *fill*         0x0804d8a1        0x3 9090
 .text          0x0804d8a4        0x0 /usr/qnx650/target/qnx6/x86/lib/crti.o
 *fill*         0x0804d8a4        0xc 9090
 .text          0x0804d8b0      0x10e /usr/qnx650/host/qnx6/x86/usr/lib/gcc/i486-pc-nto-qnx6.5.0/4.4.2/crtbegin.o
 *fill*         0x0804d9be        0x2 9090
 .text          0x0804d9c0      0x4b7 program_settings.o
                0x0804d9c6                program_settings::program_settings()
                0x0804d9c0                program_settings::program_settings()
                0x0804dd1c                program_settings::crc(std::vector<unsigned char, std::allocator<unsigned char> >)
                0x0804d9cc                program_settings::get_instance()
                0x0804da06                program_settings::sys_message(program_settings::msg_type, std::string)
 .text._ZNSt11char_traitsIcE6assignERcRKc
                0x0804de77       0x10 program_settings.o
                0x0804de77                std::char_traits<char>::assign(char&, char const&)
 .text._ZNSt11char_traitsIcE6lengthEPKc
                0x0804de87       0x13 program_settings.o
                0x0804de87                std::char_traits<char>::length(char const*)
 .text._ZNSt11char_traitsIcE4copyEPcPKcj
                0x0804de9a       0x21 program_settings.o
                0x0804de9a                std::char_traits<char>::copy(char*, char const*, unsigned int)
 .text._ZNSt11char_traitsIcE4moveEPcPKcj
                0x0804debb       0x21 program_settings.o
                0x0804debb                std::char_traits<char>::move(char*, char const*, unsigned int)
 .text._ZNSsC1ERKSs
                0x0804dedc       0x69 program_settings.o
                0x0804dedc                std::basic_string<char, std::char_traits<char>, std::allocator<char> >::basic_string(std::string const&)
 *fill*         0x0804df45        0x1 9090
 .text._ZNSsD1Ev
                0x0804df46       0x23 program_settings.o
                0x0804df46                std::basic_string<char, std::char_traits<char>, std::allocator<char> >::~basic_string()
 *fill*         0x0804df69        0x1 9090
 .text._ZNKSs5c_strEv
                0x0804df6a       0x13 program_settings.o
                0x0804df6a                std::string::c_str() const
 *fill*         0x0804df7d        0x1 9090
 .text._ZNSsC1EPKc
                0x0804df7e       0x52 program_settings.o
                0x0804df7e                std::basic_string<char, std::char_traits<char>, std::allocator<char> >::basic_string(char const*)
 .text._ZNSsC1Ev
                0x0804dfd0       0x40 program_settings.o
                0x0804dfd0                std::basic_string<char, std::char_traits<char>, std::allocator<char> >::basic_string()
 .text._ZNKSs4sizeEv
                0x0804e010        0xb program_settings.o
                0x0804e010                std::string::size() const
 *fill*         0x0804e01b        0x1 9090
 .text._ZNSs7reserveEj
                0x0804e01c       0x57 program_settings.o
                0x0804e01c                std::string::reserve(unsigned int)
 .text._ZStplIcSt11char_traitsIcESaIcEESbIT_T0_T1_ERKS6_PKS3_
                0x0804e073       0x70 program_settings.o
                0x0804e073                std::basic_string<char, std::char_traits<char>, std::allocator<char> > std::operator+<char, std::char_traits<char>, std::allocator<char> >(std::basic_string<char, std::char_traits<char>, std::allocator<char> > const&, char const*)
 *fill*         0x0804e0e3        0x1 9090
 .text._ZNSsaSERKSs
                0x0804e0e4       0x1a program_settings.o
                0x0804e0e4                std::string::operator=(std::string const&)
 .text._ZNSspLERKSs
                0x0804e0fe       0x1a program_settings.o
                0x0804e0fe                std::string::operator+=(std::string const&)
 .text._ZNKSt6vectorIhSaIhEE5emptyEv
                0x0804e118       0x18 program_settings.o
                0x0804e118                std::vector<unsigned char, std::allocator<unsigned char> >::empty() const
 .text._ZNSt6vectorIhSaIhEE5beginEv
                0x0804e130       0x26 program_settings.o
                0x0804e130                std::vector<unsigned char, std::allocator<unsigned char> >::begin()
 .text._ZNSt6vectorIhSaIhEE3endEv
                0x0804e156       0x26 program_settings.o
                0x0804e156                std::vector<unsigned char, std::allocator<unsigned char> >::end()
 .text._ZNKSt22_Vector_const_iteratorIhSaIhEEneERKS1_
                0x0804e17c       0x1d program_settings.o
                0x0804e17c                std::_Vector_const_iterator<unsigned char, std::allocator<unsigned char> >::operator!=(std::_Vector_const_iterator<unsigned char, std::allocator<unsigned char> > const&) const
 *fill*         0x0804e199        0x1 9090
 .text._ZNSt16_Vector_iteratorIhSaIhEEppEi
                0x0804e19a       0x36 program_settings.o
                0x0804e19a                std::_Vector_iterator<unsigned char, std::allocator<unsigned char> >::operator++(int)
 .text._ZNKSt16_Vector_iteratorIhSaIhEEdeEv
                0x0804e1d0       0x13 program_settings.o
                0x0804e1d0                std::_Vector_iterator<unsigned char, std::allocator<unsigned char> >::operator*() const
 *fill*         0x0804e1e3        0x1 9090
 .text._ZNSt15_Allocator_baseIcEC2Ev
                0x0804e1e4        0x5 program_settings.o
                0x0804e1e4                std::_Allocator_base<char>::_Allocator_base()
 *fill*         0x0804e1e9        0x1 9090
 .text._ZNSaIcEC1ERKS_
                0x0804e1ea       0x13 program_settings.o
                0x0804e1ea                std::allocator<char>::allocator(std::allocator<char> const&)
 *fill*         0x0804e1fd        0x1 9090
 .text._ZNSt15_Container_baseC2Ev
                0x0804e1fe        0x5 program_settings.o
                0x0804e1fe                std::_Container_base::_Container_base()
 *fill*         0x0804e203        0x1 9090
 .text._ZNSt12_String_baseC2Ev
                0x0804e204       0x13 program_settings.o
                0x0804e204                std::_String_base::_String_base()
 *fill*         0x0804e217        0x1 9090
 .text._ZNSt11_String_valIcSaIcEEC2ES0_
                0x0804e218       0x25 program_settings.o
                0x0804e218                std::_String_val<char, std::allocator<char> >::_String_val(std::allocator<char>)
 *fill*         0x0804e23d        0x1 9090
 .text._ZNSs5_TidyEbj
                0x0804e23e       0x8a program_settings.o
                0x0804e23e                std::string::_Tidy(bool, unsigned int)
 .text._ZNSs6assignERKSsjj
                0x0804e2c8       0xf1 program_settings.o
                0x0804e2c8                std::string::assign(std::string const&, unsigned int, unsigned int)
 *fill*         0x0804e3b9        0x1 9090
 .text._ZNKSs6_MyptrEv
                0x0804e3ba       0x1e program_settings.o
                0x0804e3ba                std::string::_Myptr() const
 .text._ZNSaIcEC1Ev
                0x0804e3d8       0x13 program_settings.o
                0x0804e3d8                std::allocator<char>::allocator()
 *fill*         0x0804e3eb        0x1 9090
 .text._ZNSs6assignEPKc
                0x0804e3ec       0x29 program_settings.o
                0x0804e3ec                std::string::assign(char const*)
 *fill*         0x0804e415        0x1 9090
 .text._ZNSs5_GrowEjb
                0x0804e416       0xb2 program_settings.o
                0x0804e416                std::string::_Grow(unsigned int, bool)
 .text._ZNSs4_EosEj
                0x0804e4c8       0x38 program_settings.o
                0x0804e4c8                std::string::_Eos(unsigned int)
 .text._ZNSspLEPKc
                0x0804e500       0x1a program_settings.o
                0x0804e500                std::string::operator+=(char const*)
 .text._ZNSs6assignERKSs
                0x0804e51a       0x2a program_settings.o
                0x0804e51a                std::string::assign(std::string const&)
 .text._ZNSs6appendERKSs
                0x0804e544       0x2a program_settings.o
                0x0804e544                std::string::append(std::string const&)
 .text._ZNKSt6vectorIhSaIhEE4sizeEv
                0x0804e56e       0x2a program_settings.o
                0x0804e56e                std::vector<unsigned char, std::allocator<unsigned char> >::size() const
 .text._ZNSt16_Vector_iteratorIhSaIhEEC1EPh
                0x0804e598       0x1a program_settings.o
                0x0804e598                std::_Vector_iterator<unsigned char, std::allocator<unsigned char> >::_Vector_iterator(unsigned char*)
 .text._ZNKSt22_Vector_const_iteratorIhSaIhEEeqERKS1_
                0x0804e5b2       0x14 program_settings.o
                0x0804e5b2                std::_Vector_const_iterator<unsigned char, std::allocator<unsigned char> >::operator==(std::_Vector_const_iterator<unsigned char, std::allocator<unsigned char> > const&) const
 .text._ZNSt16_Vector_iteratorIhSaIhEEppEv
                0x0804e5c6       0x15 program_settings.o
                0x0804e5c6                std::_Vector_iterator<unsigned char, std::allocator<unsigned char> >::operator++()
 *fill*         0x0804e5db        0x1 9090
 .text._ZNKSt22_Vector_const_iteratorIhSaIhEEdeEv
                0x0804e5dc        0xa program_settings.o
                0x0804e5dc                std::_Vector_const_iterator<unsigned char, std::allocator<unsigned char> >::operator*() const
 .text._ZNSaIcE10deallocateEPcj
                0x0804e5e6       0x13 program_settings.o
                0x0804e5e6                std::allocator<char>::deallocate(char*, unsigned int)
 *fill*         0x0804e5f9        0x1 9090
 .text._ZNSs5eraseEjj
                0x0804e5fa       0xa9 program_settings.o
                0x0804e5fa                std::string::erase(unsigned int, unsigned int)
 *fill*         0x0804e6a3        0x1 9090
 .text._ZNSs6_MyptrEv
                0x0804e6a4       0x1e program_settings.o
                0x0804e6a4                std::string::_Myptr()
 .text._ZNSs6assignEPKcj
                0x0804e6c2       0xaa program_settings.o
                0x0804e6c2                std::string::assign(char const*, unsigned int)
 .text._ZNKSs8max_sizeEv
                0x0804e76c       0x29 program_settings.o
                0x0804e76c                std::string::max_size() const
 *fill*         0x0804e795        0x1 9090
 .text._ZNSs5_CopyEjj
                0x0804e796      0x18d program_settings.o
                0x0804e796                std::string::_Copy(unsigned int, unsigned int)
 *fill*         0x0804e923        0x1 9090
 .text._ZNSs6appendEPKc
                0x0804e924       0x29 program_settings.o
                0x0804e924                std::string::append(char const*)
 *fill*         0x0804e94d        0x1 9090
 .text._ZNSs6appendERKSsjj
                0x0804e94e       0xf0 program_settings.o
                0x0804e94e                std::string::append(std::string const&, unsigned int, unsigned int)
 .text._ZNSt14_Iterator_baseC2Ev
                0x0804ea3e        0x5 program_settings.o
                0x0804ea3e                std::_Iterator_base::_Iterator_base()
 *fill*         0x0804ea43        0x1 9090
 .text._ZNSt8iteratorISt26random_access_iterator_taghiPKhRS1_EC2Ev
                0x0804ea44       0x13 program_settings.o
                0x0804ea44                std::iterator<std::random_access_iterator_tag, unsigned char, int, unsigned char const*, unsigned char const&>::iterator()
 *fill*         0x0804ea57        0x1 9090
 .text._ZNSt6_RanitIhiPKhRS0_EC2Ev
                0x0804ea58       0x13 program_settings.o
                0x0804ea58                std::_Ranit<unsigned char, int, unsigned char const*, unsigned char const&>::_Ranit()
 *fill*         0x0804ea6b        0x1 9090
 .text._ZNSt22_Vector_const_iteratorIhSaIhEEC2EPh
                0x0804ea6c       0x1b program_settings.o
                0x0804ea6c                std::_Vector_const_iterator<unsigned char, std::allocator<unsigned char> >::_Vector_const_iterator(unsigned char*)
 *fill*         0x0804ea87        0x1 9090
 .text._ZNSs7_InsideEPKc
                0x0804ea88       0x4c program_settings.o
                0x0804ea88                std::string::_Inside(char const*)
 .text._ZNKSaIcE8max_sizeEv
                0x0804ead4       0x1f program_settings.o
                0x0804ead4                std::allocator<char>::max_size() const
 *fill*         0x0804eaf3        0x1 9090
 .text._ZNSaIcE8allocateEj
                0x0804eaf4       0x1b program_settings.o
                0x0804eaf4                std::allocator<char>::allocate(unsigned int)
 *fill*         0x0804eb0f        0x1 9090
 .text._ZNSs6appendEPKcj
                0x0804eb10       0xf0 program_settings.o
                0x0804eb10                std::string::append(char const*, unsigned int)
 .text._ZSt9_AllocateIcEPT_jS1_
                0x0804ec00       0x13 program_settings.o
                0x0804ec00                char* std::_Allocate<char>(unsigned int, char*)
 *fill*         0x0804ec13        0x1 9090
 .text          0x0804ec14     0x22ec system_settings.o
                0x08050d80                system_settings::decode_to_binary_decimal_notation(unsigned char)
                0x0804fad8                system_settings::system_settings()
                0x0804ec14                system_settings::system_settings()
                0x0805099c                system_settings::sys_message(int, std::string)
                0x08050cb2                system_settings::crc(std::vector<unsigned char, std::allocator<unsigned char> >)
 .text._ZNSt9exceptionC2Ev
                0x08050f00        0xe system_settings.o
                0x08050f00                std::exception::exception()
 .text._ZnwjPv  0x08050f0e        0x8 system_settings.o
                0x08050f0e                operator new(unsigned int, void*)
 .text._ZNSt11logic_errorC2ERKSs
                0x08050f16       0x55 system_settings.o
                0x08050f16                std::logic_error::logic_error(std::string const&)
 *fill*         0x08050f6b        0x1 9090
 .text._ZNSt11logic_errorD2Ev
                0x08050f6c       0x62 system_settings.o
                0x08050f6c                std::logic_error::~logic_error()
 .text._ZNSt11logic_errorD1Ev
                0x08050fce       0x62 system_settings.o
                0x08050fce                std::logic_error::~logic_error()
 .text._ZNSt11logic_errorD0Ev
                0x08051030       0x62 system_settings.o
                0x08051030                std::logic_error::~logic_error()
 .text._ZNKSt11logic_error4whatEv
                0x08051092       0x2b system_settings.o
                0x08051092                std::logic_error::what() const
 *fill*         0x080510bd        0x1 9090
 .text._ZNSt12length_errorC1ERKSs
                0x080510be       0x23 system_settings.o
                0x080510be                std::length_error::length_error(std::string const&)
 *fill*         0x080510e1        0x1 9090
 .text._ZNSt12length_errorD1Ev
                0x080510e2       0x30 system_settings.o
                0x080510e2                std::length_error::~length_error()
 .text._ZNSt12length_errorD0Ev
                0x08051112       0x30 system_settings.o
                0x08051112                std::length_error::~length_error()
 .text._ZN16spider_exceptionC1ESs
                0x08051142       0x1a system_settings.o
                0x08051142                spider_exception::spider_exception(std::string)
 .text._ZN15system_settingsD1Ev
                0x0805115c      0x30e system_settings.o
                0x0805115c                system_settings::~system_settings()
 .text._ZN15system_settingsD0Ev
                0x0805146a      0x30e system_settings.o
                0x0805146a                system_settings::~system_settings()
 .text._ZN16spider_exceptionD1Ev
                0x08051778       0x13 system_settings.o
                0x08051778                spider_exception::~spider_exception()
 *fill*         0x0805178b        0x1 9090
 .text._ZNSt6vectorISsSaISsEED1Ev
                0x0805178c       0x13 system_settings.o
                0x0805178c                std::vector<std::string, std::allocator<std::string> >::~vector()
 *fill*         0x0805179f        0x1 9090
 .text._ZNSt6vectorISsSaISsEEixEj
                0x080517a0       0x48 system_settings.o
                0x080517a0                std::vector<std::string, std::allocator<std::string> >::operator[](unsigned int)
 .text._ZNSt6vectorISsSaISsEEC1Ej
                0x080517e8       0x76 system_settings.o
                0x080517e8                std::vector<std::string, std::allocator<std::string> >::vector(unsigned int)
 .text._ZNSsaSEPKc
                0x0805185e       0x1a system_settings.o
                0x0805185e                std::string::operator=(char const*)
 .text._ZNSt6vectorISsSaISsEE5_TidyEv
                0x08051878       0x87 system_settings.o
                0x08051878                std::vector<std::string, std::allocator<std::string> >::_Tidy()
 *fill*         0x080518ff        0x1 9090
 .text._ZNSt15_Allocator_baseISsEC2Ev